[0.000000] (-) TimerEvent: {}
[0.001423] (-) JobUnselected: {'identifier': 'ican_example_navigation'}
[0.001489] (-) JobUnselected: {'identifier': 'ican_example_ring_aim'}
[0.001503] (-) JobUnselected: {'identifier': 'ican_referee_system'}
[0.001849] (-) JobUnselected: {'identifier': 'nav2_bringup'}
[0.001896] (-) JobUnselected: {'identifier': 'navigation2'}
[0.001924] (ican_example_mission) JobQueued: {'identifier': 'ican_example_mission', 'dependencies': OrderedDict([('ican_example_ring_aim', '/home/yjy/ican_shoot/ican_shoot/install/ican_example_ring_aim'), ('ican_referee_system', '/home/yjy/ican_shoot/ican_shoot/install/ican_referee_system'), ('navigation2', '/home/yjy/ican_shoot/ican_shoot/install/navigation2'), ('nav2_bringup', '/home/yjy/ican_shoot/ican_shoot/install/nav2_bringup'), ('ican_example_navigation', '/home/yjy/ican_shoot/ican_shoot/install/ican_example_navigation')])}
[0.001980] (ican_example_mission) JobStarted: {'identifier': 'ican_example_mission'}
[0.098052] (-) TimerEvent: {}
[0.198660] (-) TimerEvent: {}
[0.299886] (-) TimerEvent: {}
[0.400549] (-) TimerEvent: {}
[0.501232] (-) TimerEvent: {}
[0.601971] (-) TimerEvent: {}
[0.703080] (-) TimerEvent: {}
[0.803688] (-) TimerEvent: {}
[0.840340] (ican_example_mission) Command: {'cmd': ['/usr/bin/python3', '-W', 'ignore:setup.py install is deprecated', '-W', 'ignore:easy_install command is deprecated', 'setup.py', 'develop', '--editable', '--build-directory', '/home/yjy/ican_shoot/ican_shoot/build/ican_example_mission/build', '--no-deps', 'symlink_data'], 'cwd': '/home/yjy/ican_shoot/ican_shoot/build/ican_example_mission', 'env': OrderedDict([('PYTHONIOENCODING', 'utf-8'), ('ZAI_OAUTH_CLIENT_ID', 'client_P8X5CMWmlaRO9gyO-KSqtg'), ('ZCODE_DESKTOP_CONTEXT_PROMPT_ENABLED', '1'), ('USER', 'yjy'), ('SSH_CLIENT', '192.168.107.1 58729 22'), ('GIT_EDITOR', 'true'), ('XDG_SESSION_TYPE', 'tty'), ('SHLVL', '0'), ('LD_LIBRARY_PATH', '/opt/ican_shoot_sim/lib:/usr/lib/x86_64-linux-gnu/gazebo-11/plugins:/opt/ros/humble/opt/rviz_ogre_vendor/lib:/opt/ros/humble/lib/x86_64-linux-gnu:/opt/ros/humble/lib'), ('MOTD_SHOWN', 'pam'), ('HOME', '/home/yjy'), ('ZCODE_SERVICE_AUTHORITY_MODE', 'desktop-attached-remote'), ('OLDPWD', '/home/yjy/ican_shoot/ican_shoot'), ('ZAI_OAUTH_ORIGIN', 'https://chat.z.ai'), ('ZCODE_APP_VERSION', '3.14.3'), ('ROS_PYTHON_VERSION', '3'), ('ZCODE_SERVER_RUNTIME_ROOT', '/home/yjy/.zcode/server'), ('LC_CTYPE', 'en_US.UTF-8'), ('DBUS_SESSION_BUS_ADDRESS', 'unix:path=/run/user/1000/bus'), ('COLCON_PREFIX_PATH', '/opt/ican_shoot_sim'), ('ROS_DISTRO', 'humble'), ('LOGNAME', 'yjy'), ('ZCODE_RUNTIME_ENV', 'production'), ('ZCODE_PERSONAL_PROVIDER_CONFIG_FILE', '/home/yjy/.zcode/v2/provider_config.json'), ('_', '/usr/bin/colcon'), ('ROS_VERSION', '2'), ('XDG_SESSION_CLASS', 'user'), ('ZCODE_BUILTIN_PROVIDER_CONFIG_FILE', '/home/yjy/.zcode/v2/runtime/provider/linux-x86_64/3.14.3/endpoint-78d7c3bef4024722642626fe3669a799/zcode-builtin.json'), ('ZAI_BUSINESS_BASE_URL', 'https://api.z.ai'), ('TERM', 'dumb'), ('XDG_SESSION_ID', '5'), ('ROS_LOCALHOST_ONLY', '0'), ('PATH', '/opt/ros/humble/bin:/usr/local/sbin:/usr/local/bin:/usr/sbin:/usr/bin:/sbin:/bin:/usr/games:/usr/local/games:/snap/bin:/home/yjy/.zcode/server/tools/bfs:/home/yjy/.zcode/server/tools/ripgrep:/home/yjy/.zcode/server/tools/ugrep'), ('XDG_RUNTIME_DIR', '/run/user/1000'), ('ZCODE_BFS_BINARY', '/home/yjy/.zcode/server/tools/bfs/bfs'), ('LANG', 'en_US.UTF-8'), ('AMENT_PREFIX_PATH', '/home/yjy/ican_shoot/ican_shoot/install/ican_example_navigation:/home/yjy/ican_shoot/ican_shoot/install/nav2_bringup:/home/yjy/ican_shoot/ican_shoot/install/navigation2:/home/yjy/ican_shoot/ican_shoot/install/ican_referee_system:/home/yjy/ican_shoot/ican_shoot/install/ican_example_ring_aim:/opt/ican_shoot_sim:/opt/ros/humble'), ('SHELL', '/bin/bash'), ('PYTHONUTF8', '1'), ('ZCODE_WORKSPACE_IDENTITY', 'remote:ssh:192.168.107.148:22:yjy:/home/yjy/ican_shoot'), ('PWD', '/home/yjy/ican_shoot/ican_shoot/build/ican_example_mission'), ('LC_ALL', 'en_US.UTF-8'), ('ZCODE_BASE_URL', 'https://zcode.z.ai'), ('SSH_CONNECTION', '192.168.107.1 58729 192.168.107.148 22'), ('ZCODE_RG_BINARY', '/home/yjy/.zcode/server/tools/ripgrep/rg'), ('PYTHONPATH', '/home/yjy/ican_shoot/ican_shoot/build/ican_example_mission/prefix_override:/usr/lib/python3/dist-packages/colcon_core/task/python/colcon_distutils_commands:/home/yjy/ican_shoot/ican_shoot/install/ican_example_mission/lib/python3.10/site-packages:/home/yjy/ican_shoot/ican_shoot/build/ican_example_navigation:/home/yjy/ican_shoot/ican_shoot/install/ican_example_navigation/lib/python3.10/site-packages:/home/yjy/ican_shoot/ican_shoot/build/ican_referee_system:/home/yjy/ican_shoot/ican_shoot/install/ican_referee_system/lib/python3.10/site-packages:/home/yjy/ican_shoot/ican_shoot/build/ican_example_ring_aim:/home/yjy/ican_shoot/ican_shoot/install/ican_example_ring_aim/lib/python3.10/site-packages:/opt/ican_shoot_sim/lib/python3.10/site-packages:/opt/ros/humble/lib/python3.10/site-packages:/opt/ros/humble/local/lib/python3.10/dist-packages'), ('ZCODE_UGREP_BINARY', '/home/yjy/.zcode/server/tools/ugrep/ugrep'), ('ZCODE_ENV', 'production'), ('COLCON', '1'), ('CMAKE_PREFIX_PATH', '/home/yjy/ican_shoot/ican_shoot/install/nav2_bringup:/home/yjy/ican_shoot/ican_shoot/install/navigation2:/opt/ican_shoot_sim')]), 'shell': False}
[0.903978] (-) TimerEvent: {}
[1.004582] (-) TimerEvent: {}
[1.084707] (ican_example_mission) StdoutLine: {'line': b'running develop\n'}
[1.104961] (-) TimerEvent: {}
[1.205832] (-) TimerEvent: {}
[1.207029] (ican_example_mission) StdoutLine: {'line': b'running egg_info\n'}
[1.207664] (ican_example_mission) StdoutLine: {'line': b'writing ican_example_mission.egg-info/PKG-INFO\n'}
[1.208031] (ican_example_mission) StdoutLine: {'line': b'writing dependency_links to ican_example_mission.egg-info/dependency_links.txt\n'}
[1.208452] (ican_example_mission) StdoutLine: {'line': b'writing entry points to ican_example_mission.egg-info/entry_points.txt\n'}
[1.208507] (ican_example_mission) StdoutLine: {'line': b'writing requirements to ican_example_mission.egg-info/requires.txt\n'}
[1.208540] (ican_example_mission) StdoutLine: {'line': b'writing top-level names to ican_example_mission.egg-info/top_level.txt\n'}
[1.210275] (ican_example_mission) StdoutLine: {'line': b"reading manifest file 'ican_example_mission.egg-info/SOURCES.txt'\n"}
[1.211316] (ican_example_mission) StdoutLine: {'line': b"writing manifest file 'ican_example_mission.egg-info/SOURCES.txt'\n"}
[1.212931] (ican_example_mission) StdoutLine: {'line': b'running build_ext\n'}
[1.213031] (ican_example_mission) StdoutLine: {'line': b'Creating /home/yjy/ican_shoot/ican_shoot/install/ican_example_mission/lib/python3.10/site-packages/ican-example-mission.egg-link (link to .)\n'}
[1.213381] (ican_example_mission) StdoutLine: {'line': b'Installing full_mission_node script to /home/yjy/ican_shoot/ican_shoot/install/ican_example_mission/lib/ican_example_mission\n'}
[1.213600] (ican_example_mission) StdoutLine: {'line': b'Installing one_target_mission_node script to /home/yjy/ican_shoot/ican_shoot/install/ican_example_mission/lib/ican_example_mission\n'}
[1.213942] (ican_example_mission) StdoutLine: {'line': b'\n'}
[1.214149] (ican_example_mission) StdoutLine: {'line': b'Installed /home/yjy/ican_shoot/ican_shoot/build/ican_example_mission\n'}
[1.214221] (ican_example_mission) StdoutLine: {'line': b'running symlink_data\n'}
[1.261808] (ican_example_mission) CommandEnded: {'returncode': 0}
[1.275864] (ican_example_mission) JobEnded: {'identifier': 'ican_example_mission', 'rc': 0}
[1.276604] (-) EventReactorShutdown: {}
