[0.249s] DEBUG:colcon:Command line arguments: ['/usr/bin/colcon', 'build', '--symlink-install', '--packages-select', 'ican_example_navigation', 'ican_example_ring_aim', 'ican_referee_system', 'ican_example_mission']
[0.249s] DEBUG:colcon:Parsed command line arguments: Namespace(log_base=None, log_level=None, verb_name='build', build_base='build', install_base='install', merge_install=False, symlink_install=True, test_result_base=None, continue_on_error=False, executor='parallel', parallel_workers=2, event_handlers=None, ignore_user_meta=False, metas=['./colcon.meta'], base_paths=['.'], packages_ignore=None, packages_ignore_regex=None, paths=None, packages_up_to=None, packages_up_to_regex=None, packages_above=None, packages_above_and_dependencies=None, packages_above_depth=None, packages_select_by_dep=None, packages_skip_by_dep=None, packages_skip_up_to=None, packages_select_build_failed=False, packages_skip_build_finished=False, packages_select_test_failures=False, packages_skip_test_passed=False, packages_select=['ican_example_navigation', 'ican_example_ring_aim', 'ican_referee_system', 'ican_example_mission'], packages_skip=None, packages_select_regex=None, packages_skip_regex=None, packages_start=None, packages_end=None, cmake_args=None, cmake_target=None, cmake_target_skip_unavailable=False, cmake_clean_cache=False, cmake_clean_first=False, cmake_force_configure=False, ament_cmake_args=None, catkin_cmake_args=None, catkin_skip_building_tests=False, mixin_files=None, mixin=None, verb_parser=<colcon_mixin.mixin.mixin_argument.MixinArgumentDecorator object at 0x798f1892d930>, verb_extension=<colcon_core.verb.build.BuildVerb object at 0x798f18a16bc0>, main=<bound method BuildVerb.main of <colcon_core.verb.build.BuildVerb object at 0x798f18a16bc0>>, mixin_verb=('build',))
[0.602s] Level 1:colcon.colcon_core.package_discovery:discover_packages(colcon_meta) check parameters
[0.602s] Level 1:colcon.colcon_core.package_discovery:discover_packages(recursive) check parameters
[0.602s] Level 1:colcon.colcon_core.package_discovery:discover_packages(ignore) check parameters
[0.602s] Level 1:colcon.colcon_core.package_discovery:discover_packages(path) check parameters
[0.602s] Level 1:colcon.colcon_core.package_discovery:discover_packages(colcon_meta) discover
[0.602s] Level 1:colcon.colcon_core.package_discovery:discover_packages(recursive) discover
[0.602s] INFO:colcon.colcon_core.package_discovery:Crawling recursively for packages in '/home/houshengao/ican_shoot'
[0.602s] Level 1:colcon.colcon_core.package_identification:_identify(.) by extensions ['ignore', 'ignore_ament_install']
[0.603s] Level 1:colcon.colcon_core.package_identification:_identify(.) by extension 'ignore'
[0.603s] Level 1:colcon.colcon_core.package_identification:_identify(.) by extension 'ignore_ament_install'
[0.603s] Level 1:colcon.colcon_core.package_identification:_identify(.) by extensions ['colcon_pkg']
[0.603s] Level 1:colcon.colcon_core.package_identification:_identify(.) by extension 'colcon_pkg'
[0.603s] Level 1:colcon.colcon_core.package_identification:_identify(.) by extensions ['colcon_meta']
[0.603s] Level 1:colcon.colcon_core.package_identification:_identify(.) by extension 'colcon_meta'
[0.603s] Level 1:colcon.colcon_core.package_identification:_identify(.) by extensions ['ros']
[0.603s] Level 1:colcon.colcon_core.package_identification:_identify(.) by extension 'ros'
[0.620s] Level 1:colcon.colcon_core.package_identification:_identify(.) by extensions ['cmake', 'python']
[0.620s] Level 1:colcon.colcon_core.package_identification:_identify(.) by extension 'cmake'
[0.620s] Level 1:colcon.colcon_core.package_identification:_identify(.) by extension 'python'
[0.620s] Level 1:colcon.colcon_core.package_identification:_identify(.) by extensions ['python_setup_py']
[0.620s] Level 1:colcon.colcon_core.package_identification:_identify(.) by extension 'python_setup_py'
[0.620s] Level 1:colcon.colcon_core.package_identification:_identify(build) by extensions ['ignore', 'ignore_ament_install']
[0.620s] Level 1:colcon.colcon_core.package_identification:_identify(build) by extension 'ignore'
[0.620s] Level 1:colcon.colcon_core.package_identification:_identify(build) ignored
[0.621s] Level 1:colcon.colcon_core.package_identification:_identify(docs) by extensions ['ignore', 'ignore_ament_install']
[0.621s] Level 1:colcon.colcon_core.package_identification:_identify(docs) by extension 'ignore'
[0.621s] Level 1:colcon.colcon_core.package_identification:_identify(docs) by extension 'ignore_ament_install'
[0.621s] Level 1:colcon.colcon_core.package_identification:_identify(docs) by extensions ['colcon_pkg']
[0.621s] Level 1:colcon.colcon_core.package_identification:_identify(docs) by extension 'colcon_pkg'
[0.621s] Level 1:colcon.colcon_core.package_identification:_identify(docs) by extensions ['colcon_meta']
[0.621s] Level 1:colcon.colcon_core.package_identification:_identify(docs) by extension 'colcon_meta'
[0.621s] Level 1:colcon.colcon_core.package_identification:_identify(docs) by extensions ['ros']
[0.621s] Level 1:colcon.colcon_core.package_identification:_identify(docs) by extension 'ros'
[0.621s] Level 1:colcon.colcon_core.package_identification:_identify(docs) by extensions ['cmake', 'python']
[0.621s] Level 1:colcon.colcon_core.package_identification:_identify(docs) by extension 'cmake'
[0.621s] Level 1:colcon.colcon_core.package_identification:_identify(docs) by extension 'python'
[0.621s] Level 1:colcon.colcon_core.package_identification:_identify(docs) by extensions ['python_setup_py']
[0.621s] Level 1:colcon.colcon_core.package_identification:_identify(docs) by extension 'python_setup_py'
[0.622s] Level 1:colcon.colcon_core.package_identification:_identify(install) by extensions ['ignore', 'ignore_ament_install']
[0.622s] Level 1:colcon.colcon_core.package_identification:_identify(install) by extension 'ignore'
[0.622s] Level 1:colcon.colcon_core.package_identification:_identify(install) ignored
[0.622s] Level 1:colcon.colcon_core.package_identification:_identify(log) by extensions ['ignore', 'ignore_ament_install']
[0.622s] Level 1:colcon.colcon_core.package_identification:_identify(log) by extension 'ignore'
[0.622s] Level 1:colcon.colcon_core.package_identification:_identify(log) ignored
[0.622s] Level 1:colcon.colcon_core.package_identification:_identify(packages) by extensions ['ignore', 'ignore_ament_install']
[0.622s] Level 1:colcon.colcon_core.package_identification:_identify(packages) by extension 'ignore'
[0.622s] Level 1:colcon.colcon_core.package_identification:_identify(packages) by extension 'ignore_ament_install'
[0.622s] Level 1:colcon.colcon_core.package_identification:_identify(packages) by extensions ['colcon_pkg']
[0.622s] Level 1:colcon.colcon_core.package_identification:_identify(packages) by extension 'colcon_pkg'
[0.622s] Level 1:colcon.colcon_core.package_identification:_identify(packages) by extensions ['colcon_meta']
[0.622s] Level 1:colcon.colcon_core.package_identification:_identify(packages) by extension 'colcon_meta'
[0.622s] Level 1:colcon.colcon_core.package_identification:_identify(packages) by extensions ['ros']
[0.622s] Level 1:colcon.colcon_core.package_identification:_identify(packages) by extension 'ros'
[0.623s] Level 1:colcon.colcon_core.package_identification:_identify(packages) by extensions ['cmake', 'python']
[0.623s] Level 1:colcon.colcon_core.package_identification:_identify(packages) by extension 'cmake'
[0.623s] Level 1:colcon.colcon_core.package_identification:_identify(packages) by extension 'python'
[0.623s] Level 1:colcon.colcon_core.package_identification:_identify(packages) by extensions ['python_setup_py']
[0.623s] Level 1:colcon.colcon_core.package_identification:_identify(packages) by extension 'python_setup_py'
[0.623s] Level 1:colcon.colcon_core.package_identification:_identify(scripts) by extensions ['ignore', 'ignore_ament_install']
[0.623s] Level 1:colcon.colcon_core.package_identification:_identify(scripts) by extension 'ignore'
[0.623s] Level 1:colcon.colcon_core.package_identification:_identify(scripts) by extension 'ignore_ament_install'
[0.623s] Level 1:colcon.colcon_core.package_identification:_identify(scripts) by extensions ['colcon_pkg']
[0.623s] Level 1:colcon.colcon_core.package_identification:_identify(scripts) by extension 'colcon_pkg'
[0.623s] Level 1:colcon.colcon_core.package_identification:_identify(scripts) by extensions ['colcon_meta']
[0.623s] Level 1:colcon.colcon_core.package_identification:_identify(scripts) by extension 'colcon_meta'
[0.623s] Level 1:colcon.colcon_core.package_identification:_identify(scripts) by extensions ['ros']
[0.624s] Level 1:colcon.colcon_core.package_identification:_identify(scripts) by extension 'ros'
[0.624s] Level 1:colcon.colcon_core.package_identification:_identify(scripts) by extensions ['cmake', 'python']
[0.624s] Level 1:colcon.colcon_core.package_identification:_identify(scripts) by extension 'cmake'
[0.624s] Level 1:colcon.colcon_core.package_identification:_identify(scripts) by extension 'python'
[0.624s] Level 1:colcon.colcon_core.package_identification:_identify(scripts) by extensions ['python_setup_py']
[0.624s] Level 1:colcon.colcon_core.package_identification:_identify(scripts) by extension 'python_setup_py'
[0.624s] Level 1:colcon.colcon_core.package_identification:_identify(src) by extensions ['ignore', 'ignore_ament_install']
[0.624s] Level 1:colcon.colcon_core.package_identification:_identify(src) by extension 'ignore'
[0.624s] Level 1:colcon.colcon_core.package_identification:_identify(src) by extension 'ignore_ament_install'
[0.624s] Level 1:colcon.colcon_core.package_identification:_identify(src) by extensions ['colcon_pkg']
[0.624s] Level 1:colcon.colcon_core.package_identification:_identify(src) by extension 'colcon_pkg'
[0.624s] Level 1:colcon.colcon_core.package_identification:_identify(src) by extensions ['colcon_meta']
[0.624s] Level 1:colcon.colcon_core.package_identification:_identify(src) by extension 'colcon_meta'
[0.624s] Level 1:colcon.colcon_core.package_identification:_identify(src) by extensions ['ros']
[0.624s] Level 1:colcon.colcon_core.package_identification:_identify(src) by extension 'ros'
[0.625s] Level 1:colcon.colcon_core.package_identification:_identify(src) by extensions ['cmake', 'python']
[0.625s] Level 1:colcon.colcon_core.package_identification:_identify(src) by extension 'cmake'
[0.625s] Level 1:colcon.colcon_core.package_identification:_identify(src) by extension 'python'
[0.625s] Level 1:colcon.colcon_core.package_identification:_identify(src) by extensions ['python_setup_py']
[0.625s] Level 1:colcon.colcon_core.package_identification:_identify(src) by extension 'python_setup_py'
[0.625s] Level 1:colcon.colcon_core.package_identification:_identify(src/ican_example_mission) by extensions ['ignore', 'ignore_ament_install']
[0.625s] Level 1:colcon.colcon_core.package_identification:_identify(src/ican_example_mission) by extension 'ignore'
[0.625s] Level 1:colcon.colcon_core.package_identification:_identify(src/ican_example_mission) by extension 'ignore_ament_install'
[0.625s] Level 1:colcon.colcon_core.package_identification:_identify(src/ican_example_mission) by extensions ['colcon_pkg']
[0.625s] Level 1:colcon.colcon_core.package_identification:_identify(src/ican_example_mission) by extension 'colcon_pkg'
[0.625s] Level 1:colcon.colcon_core.package_identification:_identify(src/ican_example_mission) by extensions ['colcon_meta']
[0.625s] Level 1:colcon.colcon_core.package_identification:_identify(src/ican_example_mission) by extension 'colcon_meta'
[0.625s] Level 1:colcon.colcon_core.package_identification:_identify(src/ican_example_mission) by extensions ['ros']
[0.625s] Level 1:colcon.colcon_core.package_identification:_identify(src/ican_example_mission) by extension 'ros'
[0.631s] DEBUG:colcon.colcon_core.package_identification:Package 'src/ican_example_mission' with type 'ros.ament_python' and name 'ican_example_mission'
[0.632s] Level 1:colcon.colcon_core.package_identification:_identify(src/ican_example_navigation) by extensions ['ignore', 'ignore_ament_install']
[0.632s] Level 1:colcon.colcon_core.package_identification:_identify(src/ican_example_navigation) by extension 'ignore'
[0.632s] Level 1:colcon.colcon_core.package_identification:_identify(src/ican_example_navigation) by extension 'ignore_ament_install'
[0.633s] Level 1:colcon.colcon_core.package_identification:_identify(src/ican_example_navigation) by extensions ['colcon_pkg']
[0.633s] Level 1:colcon.colcon_core.package_identification:_identify(src/ican_example_navigation) by extension 'colcon_pkg'
[0.633s] Level 1:colcon.colcon_core.package_identification:_identify(src/ican_example_navigation) by extensions ['colcon_meta']
[0.633s] Level 1:colcon.colcon_core.package_identification:_identify(src/ican_example_navigation) by extension 'colcon_meta'
[0.633s] Level 1:colcon.colcon_core.package_identification:_identify(src/ican_example_navigation) by extensions ['ros']
[0.633s] Level 1:colcon.colcon_core.package_identification:_identify(src/ican_example_navigation) by extension 'ros'
[0.634s] DEBUG:colcon.colcon_core.package_identification:Package 'src/ican_example_navigation' with type 'ros.ament_python' and name 'ican_example_navigation'
[0.634s] Level 1:colcon.colcon_core.package_identification:_identify(src/ican_example_ring_aim) by extensions ['ignore', 'ignore_ament_install']
[0.634s] Level 1:colcon.colcon_core.package_identification:_identify(src/ican_example_ring_aim) by extension 'ignore'
[0.634s] Level 1:colcon.colcon_core.package_identification:_identify(src/ican_example_ring_aim) by extension 'ignore_ament_install'
[0.634s] Level 1:colcon.colcon_core.package_identification:_identify(src/ican_example_ring_aim) by extensions ['colcon_pkg']
[0.634s] Level 1:colcon.colcon_core.package_identification:_identify(src/ican_example_ring_aim) by extension 'colcon_pkg'
[0.634s] Level 1:colcon.colcon_core.package_identification:_identify(src/ican_example_ring_aim) by extensions ['colcon_meta']
[0.634s] Level 1:colcon.colcon_core.package_identification:_identify(src/ican_example_ring_aim) by extension 'colcon_meta'
[0.634s] Level 1:colcon.colcon_core.package_identification:_identify(src/ican_example_ring_aim) by extensions ['ros']
[0.634s] Level 1:colcon.colcon_core.package_identification:_identify(src/ican_example_ring_aim) by extension 'ros'
[0.635s] DEBUG:colcon.colcon_core.package_identification:Package 'src/ican_example_ring_aim' with type 'ros.ament_python' and name 'ican_example_ring_aim'
[0.635s] Level 1:colcon.colcon_core.package_discovery:discover_packages(recursive) using defaults
[0.635s] Level 1:colcon.colcon_core.package_discovery:discover_packages(ignore) discover
[0.635s] Level 1:colcon.colcon_core.package_discovery:discover_packages(ignore) using defaults
[0.635s] Level 1:colcon.colcon_core.package_discovery:discover_packages(path) discover
[0.635s] Level 1:colcon.colcon_core.package_discovery:discover_packages(path) using defaults
[0.636s] WARNING:colcon.colcon_core.package_selection:ignoring unknown package 'ican_referee_system' in --packages-select
[0.733s] Level 5:colcon.colcon_core.verb:set package 'ican_example_navigation' build argument 'cmake_args' from command line to 'None'
[0.733s] Level 5:colcon.colcon_core.verb:set package 'ican_example_navigation' build argument 'cmake_target' from command line to 'None'
[0.733s] Level 5:colcon.colcon_core.verb:set package 'ican_example_navigation' build argument 'cmake_target_skip_unavailable' from command line to 'False'
[0.733s] Level 5:colcon.colcon_core.verb:set package 'ican_example_navigation' build argument 'cmake_clean_cache' from command line to 'False'
[0.733s] Level 5:colcon.colcon_core.verb:set package 'ican_example_navigation' build argument 'cmake_clean_first' from command line to 'False'
[0.733s] Level 5:colcon.colcon_core.verb:set package 'ican_example_navigation' build argument 'cmake_force_configure' from command line to 'False'
[0.733s] Level 5:colcon.colcon_core.verb:set package 'ican_example_navigation' build argument 'ament_cmake_args' from command line to 'None'
[0.733s] Level 5:colcon.colcon_core.verb:set package 'ican_example_navigation' build argument 'catkin_cmake_args' from command line to 'None'
[0.733s] Level 5:colcon.colcon_core.verb:set package 'ican_example_navigation' build argument 'catkin_skip_building_tests' from command line to 'False'
[0.734s] DEBUG:colcon.colcon_core.verb:Building package 'ican_example_navigation' with the following arguments: {'ament_cmake_args': None, 'build_base': '/home/houshengao/ican_shoot/build/ican_example_navigation', 'catkin_cmake_args': None, 'catkin_skip_building_tests': False, 'cmake_args': None, 'cmake_clean_cache': False, 'cmake_clean_first': False, 'cmake_force_configure': False, 'cmake_target': None, 'cmake_target_skip_unavailable': False, 'install_base': '/home/houshengao/ican_shoot/install/ican_example_navigation', 'merge_install': False, 'path': '/home/houshengao/ican_shoot/src/ican_example_navigation', 'symlink_install': True, 'test_result_base': None}
[0.734s] Level 5:colcon.colcon_core.verb:set package 'ican_example_ring_aim' build argument 'cmake_args' from command line to 'None'
[0.734s] Level 5:colcon.colcon_core.verb:set package 'ican_example_ring_aim' build argument 'cmake_target' from command line to 'None'
[0.734s] Level 5:colcon.colcon_core.verb:set package 'ican_example_ring_aim' build argument 'cmake_target_skip_unavailable' from command line to 'False'
[0.734s] Level 5:colcon.colcon_core.verb:set package 'ican_example_ring_aim' build argument 'cmake_clean_cache' from command line to 'False'
[0.734s] Level 5:colcon.colcon_core.verb:set package 'ican_example_ring_aim' build argument 'cmake_clean_first' from command line to 'False'
[0.734s] Level 5:colcon.colcon_core.verb:set package 'ican_example_ring_aim' build argument 'cmake_force_configure' from command line to 'False'
[0.734s] Level 5:colcon.colcon_core.verb:set package 'ican_example_ring_aim' build argument 'ament_cmake_args' from command line to 'None'
[0.734s] Level 5:colcon.colcon_core.verb:set package 'ican_example_ring_aim' build argument 'catkin_cmake_args' from command line to 'None'
[0.734s] Level 5:colcon.colcon_core.verb:set package 'ican_example_ring_aim' build argument 'catkin_skip_building_tests' from command line to 'False'
[0.734s] DEBUG:colcon.colcon_core.verb:Building package 'ican_example_ring_aim' with the following arguments: {'ament_cmake_args': None, 'build_base': '/home/houshengao/ican_shoot/build/ican_example_ring_aim', 'catkin_cmake_args': None, 'catkin_skip_building_tests': False, 'cmake_args': None, 'cmake_clean_cache': False, 'cmake_clean_first': False, 'cmake_force_configure': False, 'cmake_target': None, 'cmake_target_skip_unavailable': False, 'install_base': '/home/houshengao/ican_shoot/install/ican_example_ring_aim', 'merge_install': False, 'path': '/home/houshengao/ican_shoot/src/ican_example_ring_aim', 'symlink_install': True, 'test_result_base': None}
[0.735s] Level 5:colcon.colcon_core.verb:set package 'ican_example_mission' build argument 'cmake_args' from command line to 'None'
[0.735s] Level 5:colcon.colcon_core.verb:set package 'ican_example_mission' build argument 'cmake_target' from command line to 'None'
[0.735s] Level 5:colcon.colcon_core.verb:set package 'ican_example_mission' build argument 'cmake_target_skip_unavailable' from command line to 'False'
[0.735s] Level 5:colcon.colcon_core.verb:set package 'ican_example_mission' build argument 'cmake_clean_cache' from command line to 'False'
[0.735s] Level 5:colcon.colcon_core.verb:set package 'ican_example_mission' build argument 'cmake_clean_first' from command line to 'False'
[0.735s] Level 5:colcon.colcon_core.verb:set package 'ican_example_mission' build argument 'cmake_force_configure' from command line to 'False'
[0.735s] Level 5:colcon.colcon_core.verb:set package 'ican_example_mission' build argument 'ament_cmake_args' from command line to 'None'
[0.735s] Level 5:colcon.colcon_core.verb:set package 'ican_example_mission' build argument 'catkin_cmake_args' from command line to 'None'
[0.735s] Level 5:colcon.colcon_core.verb:set package 'ican_example_mission' build argument 'catkin_skip_building_tests' from command line to 'False'
[0.735s] DEBUG:colcon.colcon_core.verb:Building package 'ican_example_mission' with the following arguments: {'ament_cmake_args': None, 'build_base': '/home/houshengao/ican_shoot/build/ican_example_mission', 'catkin_cmake_args': None, 'catkin_skip_building_tests': False, 'cmake_args': None, 'cmake_clean_cache': False, 'cmake_clean_first': False, 'cmake_force_configure': False, 'cmake_target': None, 'cmake_target_skip_unavailable': False, 'install_base': '/home/houshengao/ican_shoot/install/ican_example_mission', 'merge_install': False, 'path': '/home/houshengao/ican_shoot/src/ican_example_mission', 'symlink_install': True, 'test_result_base': None}
[0.735s] INFO:colcon.colcon_core.executor:Executing jobs using 'parallel' executor
[0.737s] DEBUG:colcon.colcon_parallel_executor.executor.parallel:run_until_complete
[0.738s] INFO:colcon.colcon_ros.task.ament_python.build:Building ROS package in '/home/houshengao/ican_shoot/src/ican_example_navigation' with build type 'ament_python'
[0.738s] Level 1:colcon.colcon_core.shell:create_environment_hook('ican_example_navigation', 'ament_prefix_path')
[0.762s] INFO:colcon.colcon_core.plugin_system:Skipping extension 'colcon_core.shell.bat': Not used on non-Windows systems
[0.762s] INFO:colcon.colcon_core.shell:Creating environment hook '/home/houshengao/ican_shoot/install/ican_example_navigation/share/ican_example_navigation/hook/ament_prefix_path.ps1'
[0.764s] INFO:colcon.colcon_core.shell:Creating environment descriptor '/home/houshengao/ican_shoot/install/ican_example_navigation/share/ican_example_navigation/hook/ament_prefix_path.dsv'
[0.765s] INFO:colcon.colcon_core.shell:Creating environment hook '/home/houshengao/ican_shoot/install/ican_example_navigation/share/ican_example_navigation/hook/ament_prefix_path.sh'
[0.767s] INFO:colcon.colcon_core.shell:Skip shell extension 'powershell' for command environment: Not usable outside of PowerShell
[0.768s] DEBUG:colcon.colcon_core.shell:Skip shell extension 'dsv' for command environment
[0.780s] INFO:colcon.colcon_ros.task.ament_python.build:Building ROS package in '/home/houshengao/ican_shoot/src/ican_example_ring_aim' with build type 'ament_python'
[0.780s] Level 1:colcon.colcon_core.shell:create_environment_hook('ican_example_ring_aim', 'ament_prefix_path')
[0.781s] INFO:colcon.colcon_core.shell:Creating environment hook '/home/houshengao/ican_shoot/install/ican_example_ring_aim/share/ican_example_ring_aim/hook/ament_prefix_path.ps1'
[0.783s] INFO:colcon.colcon_core.shell:Creating environment descriptor '/home/houshengao/ican_shoot/install/ican_example_ring_aim/share/ican_example_ring_aim/hook/ament_prefix_path.dsv'
[0.785s] INFO:colcon.colcon_core.shell:Creating environment hook '/home/houshengao/ican_shoot/install/ican_example_ring_aim/share/ican_example_ring_aim/hook/ament_prefix_path.sh'
[0.787s] INFO:colcon.colcon_core.shell:Skip shell extension 'powershell' for command environment: Not usable outside of PowerShell
[0.787s] DEBUG:colcon.colcon_core.shell:Skip shell extension 'dsv' for command environment
[1.158s] INFO:colcon.colcon_core.task.python.build:Building Python package in '/home/houshengao/ican_shoot/src/ican_example_navigation'
[1.158s] INFO:colcon.colcon_core.shell:Skip shell extension 'powershell' for command environment: Not usable outside of PowerShell
[1.158s] DEBUG:colcon.colcon_core.shell:Skip shell extension 'dsv' for command environment
[1.483s] INFO:colcon.colcon_core.task.python.build:Building Python package in '/home/houshengao/ican_shoot/src/ican_example_ring_aim'
[1.484s] INFO:colcon.colcon_core.shell:Skip shell extension 'powershell' for command environment: Not usable outside of PowerShell
[1.484s] DEBUG:colcon.colcon_core.shell:Skip shell extension 'dsv' for command environment
[2.318s] DEBUG:colcon.colcon_core.task.python.build:Available setuptools commands: bdist_egg, setopt, symlink_data, test, sdist, build_py, install_headers, build, dist_info, register, clean, install_data, easy_install, bdist, install_scripts, build_scripts, install_lib, bdist_rpm, upload_docs, alias, bdist_wheel, build_ext, build_clib, rotate, saveopts, bdist_dumb, develop, upload, install_egg_info, check, egg_info, install
[2.324s] DEBUG:colcon.colcon_core.task.python.build:Available setuptools commands: bdist_egg, setopt, symlink_data, test, sdist, build_py, install_headers, build, dist_info, register, clean, install_data, easy_install, bdist, install_scripts, build_scripts, install_lib, bdist_rpm, upload_docs, alias, bdist_wheel, build_ext, build_clib, rotate, saveopts, bdist_dumb, develop, upload, install_egg_info, check, egg_info, install
[3.187s] DEBUG:colcon.colcon_core.task.python.build:Available setuptools 'develop' options: --install-dir, --index-url, --script-dir, --uninstall, --quiet, --site-dirs, --record, --no-find-links, --exclude-scripts, --egg-path, --install-layout, --optimize, --always-unzip, --multi-version, --zip-ok, --user, --force-installation-into-system-dir, --allow-hosts, --dry-run, --help, --no-user-cfg, --build-directory, --always-copy, --version, --find-links, --prefix, --no-deps, --local-snapshots-ok, --verbose, --upgrade, --editable
[3.202s] DEBUG:colcon.colcon_core.event_handler.log_command:Invoking command in '/home/houshengao/ican_shoot/build/ican_example_ring_aim': PYTHONPATH=/home/houshengao/ican_shoot/build/ican_example_ring_aim/prefix_override:/usr/lib/python3/dist-packages/colcon_core/task/python/colcon_distutils_commands:/home/houshengao/ican_shoot/install/ican_example_ring_aim/lib/python3.10/site-packages:${PYTHONPATH} /usr/bin/python3 -W ignore:setup.py install is deprecated -W ignore:easy_install command is deprecated setup.py develop --editable --build-directory /home/houshengao/ican_shoot/build/ican_example_ring_aim/build --no-deps symlink_data
[3.562s] DEBUG:colcon.colcon_core.task.python.build:Available setuptools 'develop' options: --install-dir, --index-url, --script-dir, --uninstall, --quiet, --site-dirs, --record, --no-find-links, --exclude-scripts, --egg-path, --install-layout, --optimize, --always-unzip, --multi-version, --zip-ok, --user, --force-installation-into-system-dir, --allow-hosts, --dry-run, --help, --no-user-cfg, --build-directory, --always-copy, --version, --find-links, --prefix, --no-deps, --local-snapshots-ok, --verbose, --upgrade, --editable
[3.570s] DEBUG:colcon.colcon_core.event_handler.log_command:Invoking command in '/home/houshengao/ican_shoot/build/ican_example_navigation': PYTHONPATH=/home/houshengao/ican_shoot/build/ican_example_navigation/prefix_override:/usr/lib/python3/dist-packages/colcon_core/task/python/colcon_distutils_commands:/home/houshengao/ican_shoot/install/ican_example_navigation/lib/python3.10/site-packages:${PYTHONPATH} /usr/bin/python3 -W ignore:setup.py install is deprecated -W ignore:easy_install command is deprecated setup.py develop --editable --build-directory /home/houshengao/ican_shoot/build/ican_example_navigation/build --no-deps symlink_data
[3.923s] Level 1:colcon.colcon_core.shell:create_environment_hook('ican_example_ring_aim', 'pythonpath_develop')
[3.924s] DEBUG:colcon.colcon_core.event_handler.log_command:Invoked command in '/home/houshengao/ican_shoot/build/ican_example_ring_aim' returned '0': PYTHONPATH=/home/houshengao/ican_shoot/build/ican_example_ring_aim/prefix_override:/usr/lib/python3/dist-packages/colcon_core/task/python/colcon_distutils_commands:/home/houshengao/ican_shoot/install/ican_example_ring_aim/lib/python3.10/site-packages:${PYTHONPATH} /usr/bin/python3 -W ignore:setup.py install is deprecated -W ignore:easy_install command is deprecated setup.py develop --editable --build-directory /home/houshengao/ican_shoot/build/ican_example_ring_aim/build --no-deps symlink_data
[3.924s] INFO:colcon.colcon_core.shell:Creating environment hook '/home/houshengao/ican_shoot/build/ican_example_ring_aim/share/ican_example_ring_aim/hook/pythonpath_develop.ps1'
[3.926s] INFO:colcon.colcon_core.shell:Creating environment descriptor '/home/houshengao/ican_shoot/build/ican_example_ring_aim/share/ican_example_ring_aim/hook/pythonpath_develop.dsv'
[3.927s] INFO:colcon.colcon_core.shell:Creating environment hook '/home/houshengao/ican_shoot/build/ican_example_ring_aim/share/ican_example_ring_aim/hook/pythonpath_develop.sh'
[3.938s] Level 1:colcon.colcon_core.environment:checking '/home/houshengao/ican_shoot/install/ican_example_ring_aim' for CMake module files
[3.939s] Level 1:colcon.colcon_core.environment:checking '/home/houshengao/ican_shoot/install/ican_example_ring_aim' for CMake config files
[3.940s] Level 1:colcon.colcon_core.environment:checking '/home/houshengao/ican_shoot/install/ican_example_ring_aim/lib'
[3.941s] Level 1:colcon.colcon_core.environment:checking '/home/houshengao/ican_shoot/install/ican_example_ring_aim/bin'
[3.941s] Level 1:colcon.colcon_core.environment:checking '/home/houshengao/ican_shoot/install/ican_example_ring_aim/lib/pkgconfig/ican_example_ring_aim.pc'
[3.941s] Level 1:colcon.colcon_core.environment:checking '/home/houshengao/ican_shoot/install/ican_example_ring_aim/lib/python3.10/site-packages'
[3.942s] Level 1:colcon.colcon_core.shell:create_environment_hook('ican_example_ring_aim', 'pythonpath')
[3.942s] INFO:colcon.colcon_core.shell:Creating environment hook '/home/houshengao/ican_shoot/install/ican_example_ring_aim/share/ican_example_ring_aim/hook/pythonpath.ps1'
[3.943s] INFO:colcon.colcon_core.shell:Creating environment descriptor '/home/houshengao/ican_shoot/install/ican_example_ring_aim/share/ican_example_ring_aim/hook/pythonpath.dsv'
[3.944s] INFO:colcon.colcon_core.shell:Creating environment hook '/home/houshengao/ican_shoot/install/ican_example_ring_aim/share/ican_example_ring_aim/hook/pythonpath.sh'
[3.945s] Level 1:colcon.colcon_core.environment:checking '/home/houshengao/ican_shoot/install/ican_example_ring_aim/bin'
[3.945s] Level 1:colcon.colcon_core.environment:create_environment_scripts_only(ican_example_ring_aim)
[3.945s] INFO:colcon.colcon_core.shell:Creating package script '/home/houshengao/ican_shoot/install/ican_example_ring_aim/share/ican_example_ring_aim/package.ps1'
[3.954s] INFO:colcon.colcon_core.shell:Creating package descriptor '/home/houshengao/ican_shoot/install/ican_example_ring_aim/share/ican_example_ring_aim/package.dsv'
[3.954s] INFO:colcon.colcon_core.shell:Creating package script '/home/houshengao/ican_shoot/install/ican_example_ring_aim/share/ican_example_ring_aim/package.sh'
[3.955s] INFO:colcon.colcon_core.shell:Creating package script '/home/houshengao/ican_shoot/install/ican_example_ring_aim/share/ican_example_ring_aim/package.bash'
[3.956s] INFO:colcon.colcon_core.shell:Creating package script '/home/houshengao/ican_shoot/install/ican_example_ring_aim/share/ican_example_ring_aim/package.zsh'
[3.957s] Level 1:colcon.colcon_core.environment:create_file_with_runtime_dependencies(/home/houshengao/ican_shoot/install/ican_example_ring_aim/share/colcon-core/packages/ican_example_ring_aim)
[4.068s] Level 1:colcon.colcon_core.shell:create_environment_hook('ican_example_navigation', 'pythonpath_develop')
[4.068s] INFO:colcon.colcon_core.shell:Creating environment hook '/home/houshengao/ican_shoot/build/ican_example_navigation/share/ican_example_navigation/hook/pythonpath_develop.ps1'
[4.069s] DEBUG:colcon.colcon_core.event_handler.log_command:Invoked command in '/home/houshengao/ican_shoot/build/ican_example_navigation' returned '0': PYTHONPATH=/home/houshengao/ican_shoot/build/ican_example_navigation/prefix_override:/usr/lib/python3/dist-packages/colcon_core/task/python/colcon_distutils_commands:/home/houshengao/ican_shoot/install/ican_example_navigation/lib/python3.10/site-packages:${PYTHONPATH} /usr/bin/python3 -W ignore:setup.py install is deprecated -W ignore:easy_install command is deprecated setup.py develop --editable --build-directory /home/houshengao/ican_shoot/build/ican_example_navigation/build --no-deps symlink_data
[4.070s] INFO:colcon.colcon_core.shell:Creating environment descriptor '/home/houshengao/ican_shoot/build/ican_example_navigation/share/ican_example_navigation/hook/pythonpath_develop.dsv'
[4.070s] INFO:colcon.colcon_core.shell:Creating environment hook '/home/houshengao/ican_shoot/build/ican_example_navigation/share/ican_example_navigation/hook/pythonpath_develop.sh'
[4.071s] Level 1:colcon.colcon_core.environment:checking '/home/houshengao/ican_shoot/install/ican_example_navigation' for CMake module files
[4.071s] Level 1:colcon.colcon_core.environment:checking '/home/houshengao/ican_shoot/install/ican_example_navigation' for CMake config files
[4.071s] Level 1:colcon.colcon_core.environment:checking '/home/houshengao/ican_shoot/install/ican_example_navigation/lib'
[4.072s] Level 1:colcon.colcon_core.environment:checking '/home/houshengao/ican_shoot/install/ican_example_navigation/bin'
[4.072s] Level 1:colcon.colcon_core.environment:checking '/home/houshengao/ican_shoot/install/ican_example_navigation/lib/pkgconfig/ican_example_navigation.pc'
[4.072s] Level 1:colcon.colcon_core.environment:checking '/home/houshengao/ican_shoot/install/ican_example_navigation/lib/python3.10/site-packages'
[4.072s] Level 1:colcon.colcon_core.shell:create_environment_hook('ican_example_navigation', 'pythonpath')
[4.072s] INFO:colcon.colcon_core.shell:Creating environment hook '/home/houshengao/ican_shoot/install/ican_example_navigation/share/ican_example_navigation/hook/pythonpath.ps1'
[4.072s] INFO:colcon.colcon_core.shell:Creating environment descriptor '/home/houshengao/ican_shoot/install/ican_example_navigation/share/ican_example_navigation/hook/pythonpath.dsv'
[4.073s] INFO:colcon.colcon_core.shell:Creating environment hook '/home/houshengao/ican_shoot/install/ican_example_navigation/share/ican_example_navigation/hook/pythonpath.sh'
[4.074s] Level 1:colcon.colcon_core.environment:checking '/home/houshengao/ican_shoot/install/ican_example_navigation/bin'
[4.074s] Level 1:colcon.colcon_core.environment:create_environment_scripts_only(ican_example_navigation)
[4.074s] INFO:colcon.colcon_core.shell:Creating package script '/home/houshengao/ican_shoot/install/ican_example_navigation/share/ican_example_navigation/package.ps1'
[4.075s] INFO:colcon.colcon_core.shell:Creating package descriptor '/home/houshengao/ican_shoot/install/ican_example_navigation/share/ican_example_navigation/package.dsv'
[4.076s] INFO:colcon.colcon_core.shell:Creating package script '/home/houshengao/ican_shoot/install/ican_example_navigation/share/ican_example_navigation/package.sh'
[4.076s] INFO:colcon.colcon_core.shell:Creating package script '/home/houshengao/ican_shoot/install/ican_example_navigation/share/ican_example_navigation/package.bash'
[4.076s] INFO:colcon.colcon_core.shell:Creating package script '/home/houshengao/ican_shoot/install/ican_example_navigation/share/ican_example_navigation/package.zsh'
[4.076s] Level 1:colcon.colcon_core.environment:create_file_with_runtime_dependencies(/home/houshengao/ican_shoot/install/ican_example_navigation/share/colcon-core/packages/ican_example_navigation)
[4.077s] INFO:colcon.colcon_ros.task.ament_python.build:Building ROS package in '/home/houshengao/ican_shoot/src/ican_example_mission' with build type 'ament_python'
[4.077s] Level 1:colcon.colcon_core.shell:create_environment_hook('ican_example_mission', 'ament_prefix_path')
[4.077s] INFO:colcon.colcon_core.shell:Creating environment hook '/home/houshengao/ican_shoot/install/ican_example_mission/share/ican_example_mission/hook/ament_prefix_path.ps1'
[4.077s] INFO:colcon.colcon_core.shell:Creating environment descriptor '/home/houshengao/ican_shoot/install/ican_example_mission/share/ican_example_mission/hook/ament_prefix_path.dsv'
[4.078s] INFO:colcon.colcon_core.shell:Creating environment hook '/home/houshengao/ican_shoot/install/ican_example_mission/share/ican_example_mission/hook/ament_prefix_path.sh'
[4.079s] INFO:colcon.colcon_core.shell:Skip shell extension 'powershell' for command environment: Not usable outside of PowerShell
[4.079s] DEBUG:colcon.colcon_core.shell:Skip shell extension 'dsv' for command environment
[4.303s] INFO:colcon.colcon_core.task.python.build:Building Python package in '/home/houshengao/ican_shoot/src/ican_example_mission'
[4.303s] INFO:colcon.colcon_core.shell:Skip shell extension 'powershell' for command environment: Not usable outside of PowerShell
[4.303s] DEBUG:colcon.colcon_core.shell:Skip shell extension 'dsv' for command environment
[34.107s] DEBUG:colcon.colcon_core.task.python.build:Available setuptools commands: bdist_egg, setopt, symlink_data, test, sdist, build_py, install_headers, build, dist_info, register, clean, install_data, easy_install, bdist, install_scripts, build_scripts, install_lib, bdist_rpm, upload_docs, alias, bdist_wheel, build_ext, build_clib, rotate, saveopts, bdist_dumb, develop, upload, install_egg_info, check, egg_info, install
[64.138s] DEBUG:colcon.colcon_core.task.python.build:Available setuptools 'develop' options: --install-dir, --index-url, --script-dir, --uninstall, --quiet, --site-dirs, --record, --no-find-links, --exclude-scripts, --egg-path, --install-layout, --optimize, --always-unzip, --multi-version, --zip-ok, --user, --force-installation-into-system-dir, --allow-hosts, --dry-run, --help, --no-user-cfg, --build-directory, --always-copy, --version, --find-links, --prefix, --no-deps, --local-snapshots-ok, --verbose, --upgrade, --editable
[64.143s] DEBUG:colcon.colcon_core.event_handler.log_command:Invoking command in '/home/houshengao/ican_shoot/build/ican_example_mission': AMENT_PREFIX_PATH=/home/houshengao/ican_shoot/install/ican_example_ring_aim:/home/houshengao/ican_shoot/install/ican_example_navigation:${AMENT_PREFIX_PATH} PYTHONPATH=/home/houshengao/ican_shoot/build/ican_example_mission/prefix_override:/usr/lib/python3/dist-packages/colcon_core/task/python/colcon_distutils_commands:/home/houshengao/ican_shoot/install/ican_example_mission/lib/python3.10/site-packages:/home/houshengao/ican_shoot/build/ican_example_ring_aim:/home/houshengao/ican_shoot/install/ican_example_ring_aim/lib/python3.10/site-packages:/home/houshengao/ican_shoot/build/ican_example_navigation:/home/houshengao/ican_shoot/install/ican_example_navigation/lib/python3.10/site-packages:${PYTHONPATH} /usr/bin/python3 -W ignore:setup.py install is deprecated -W ignore:easy_install command is deprecated setup.py develop --editable --build-directory /home/houshengao/ican_shoot/build/ican_example_mission/build --no-deps symlink_data
[64.488s] Level 1:colcon.colcon_core.shell:create_environment_hook('ican_example_mission', 'pythonpath_develop')
[64.488s] DEBUG:colcon.colcon_core.event_handler.log_command:Invoked command in '/home/houshengao/ican_shoot/build/ican_example_mission' returned '0': AMENT_PREFIX_PATH=/home/houshengao/ican_shoot/install/ican_example_ring_aim:/home/houshengao/ican_shoot/install/ican_example_navigation:${AMENT_PREFIX_PATH} PYTHONPATH=/home/houshengao/ican_shoot/build/ican_example_mission/prefix_override:/usr/lib/python3/dist-packages/colcon_core/task/python/colcon_distutils_commands:/home/houshengao/ican_shoot/install/ican_example_mission/lib/python3.10/site-packages:/home/houshengao/ican_shoot/build/ican_example_ring_aim:/home/houshengao/ican_shoot/install/ican_example_ring_aim/lib/python3.10/site-packages:/home/houshengao/ican_shoot/build/ican_example_navigation:/home/houshengao/ican_shoot/install/ican_example_navigation/lib/python3.10/site-packages:${PYTHONPATH} /usr/bin/python3 -W ignore:setup.py install is deprecated -W ignore:easy_install command is deprecated setup.py develop --editable --build-directory /home/houshengao/ican_shoot/build/ican_example_mission/build --no-deps symlink_data
[64.488s] INFO:colcon.colcon_core.shell:Creating environment hook '/home/houshengao/ican_shoot/build/ican_example_mission/share/ican_example_mission/hook/pythonpath_develop.ps1'
[64.490s] INFO:colcon.colcon_core.shell:Creating environment descriptor '/home/houshengao/ican_shoot/build/ican_example_mission/share/ican_example_mission/hook/pythonpath_develop.dsv'
[64.490s] INFO:colcon.colcon_core.shell:Creating environment hook '/home/houshengao/ican_shoot/build/ican_example_mission/share/ican_example_mission/hook/pythonpath_develop.sh'
[64.491s] Level 1:colcon.colcon_core.environment:checking '/home/houshengao/ican_shoot/install/ican_example_mission' for CMake module files
[64.491s] Level 1:colcon.colcon_core.environment:checking '/home/houshengao/ican_shoot/install/ican_example_mission' for CMake config files
[64.492s] Level 1:colcon.colcon_core.environment:checking '/home/houshengao/ican_shoot/install/ican_example_mission/lib'
[64.492s] Level 1:colcon.colcon_core.environment:checking '/home/houshengao/ican_shoot/install/ican_example_mission/bin'
[64.492s] Level 1:colcon.colcon_core.environment:checking '/home/houshengao/ican_shoot/install/ican_example_mission/lib/pkgconfig/ican_example_mission.pc'
[64.492s] Level 1:colcon.colcon_core.environment:checking '/home/houshengao/ican_shoot/install/ican_example_mission/lib/python3.10/site-packages'
[64.492s] Level 1:colcon.colcon_core.shell:create_environment_hook('ican_example_mission', 'pythonpath')
[64.492s] INFO:colcon.colcon_core.shell:Creating environment hook '/home/houshengao/ican_shoot/install/ican_example_mission/share/ican_example_mission/hook/pythonpath.ps1'
[64.492s] INFO:colcon.colcon_core.shell:Creating environment descriptor '/home/houshengao/ican_shoot/install/ican_example_mission/share/ican_example_mission/hook/pythonpath.dsv'
[64.493s] INFO:colcon.colcon_core.shell:Creating environment hook '/home/houshengao/ican_shoot/install/ican_example_mission/share/ican_example_mission/hook/pythonpath.sh'
[64.493s] Level 1:colcon.colcon_core.environment:checking '/home/houshengao/ican_shoot/install/ican_example_mission/bin'
[64.493s] Level 1:colcon.colcon_core.environment:create_environment_scripts_only(ican_example_mission)
[64.494s] INFO:colcon.colcon_core.shell:Creating package script '/home/houshengao/ican_shoot/install/ican_example_mission/share/ican_example_mission/package.ps1'
[64.494s] INFO:colcon.colcon_core.shell:Creating package descriptor '/home/houshengao/ican_shoot/install/ican_example_mission/share/ican_example_mission/package.dsv'
[64.496s] INFO:colcon.colcon_core.shell:Creating package script '/home/houshengao/ican_shoot/install/ican_example_mission/share/ican_example_mission/package.sh'
[64.496s] INFO:colcon.colcon_core.shell:Creating package script '/home/houshengao/ican_shoot/install/ican_example_mission/share/ican_example_mission/package.bash'
[64.497s] INFO:colcon.colcon_core.shell:Creating package script '/home/houshengao/ican_shoot/install/ican_example_mission/share/ican_example_mission/package.zsh'
[64.497s] Level 1:colcon.colcon_core.environment:create_file_with_runtime_dependencies(/home/houshengao/ican_shoot/install/ican_example_mission/share/colcon-core/packages/ican_example_mission)
[64.498s] DEBUG:colcon.colcon_parallel_executor.executor.parallel:closing loop
[64.498s] DEBUG:colcon.colcon_parallel_executor.executor.parallel:loop closed
[64.498s] DEBUG:colcon.colcon_parallel_executor.executor.parallel:run_until_complete finished with '0'
[64.498s] DEBUG:colcon.colcon_core.event_reactor:joining thread
[64.511s] INFO:colcon.colcon_core.plugin_system:Skipping extension 'colcon_notification.desktop_notification.terminal_notifier': Not used on non-Darwin systems
[64.511s] INFO:colcon.colcon_core.plugin_system:Skipping extension 'colcon_notification.desktop_notification.win32': Not used on non-Windows systems
[64.511s] INFO:colcon.colcon_notification.desktop_notification:Sending desktop notification using 'notify2'
[64.511s] DEBUG:colcon.colcon_notification.desktop_notification.notify2:Failed to initialize notify2: org.freedesktop.DBus.Error.AccessDenied: Failed to connect to socket /run/user/1000/bus: Operation not permitted
[64.511s] DEBUG:colcon.colcon_core.event_reactor:joined thread
[64.511s] INFO:colcon.colcon_core.shell:Creating prefix script '/home/houshengao/ican_shoot/install/local_setup.ps1'
[64.512s] INFO:colcon.colcon_core.shell:Creating prefix util module '/home/houshengao/ican_shoot/install/_local_setup_util_ps1.py'
[64.513s] INFO:colcon.colcon_core.shell:Creating prefix chain script '/home/houshengao/ican_shoot/install/setup.ps1'
[64.514s] INFO:colcon.colcon_core.shell:Creating prefix script '/home/houshengao/ican_shoot/install/local_setup.sh'
[64.514s] INFO:colcon.colcon_core.shell:Creating prefix util module '/home/houshengao/ican_shoot/install/_local_setup_util_sh.py'
[64.515s] INFO:colcon.colcon_core.shell:Creating prefix chain script '/home/houshengao/ican_shoot/install/setup.sh'
[64.515s] INFO:colcon.colcon_core.shell:Creating prefix script '/home/houshengao/ican_shoot/install/local_setup.bash'
[64.516s] INFO:colcon.colcon_core.shell:Creating prefix chain script '/home/houshengao/ican_shoot/install/setup.bash'
[64.517s] INFO:colcon.colcon_core.shell:Creating prefix script '/home/houshengao/ican_shoot/install/local_setup.zsh'
[64.517s] INFO:colcon.colcon_core.shell:Creating prefix chain script '/home/houshengao/ican_shoot/install/setup.zsh'
