[0.000000] (-) TimerEvent: {}
[0.000104] (-) JobUnselected: {'identifier': 'ican_example_navigation'}
[0.000134] (-) JobUnselected: {'identifier': 'ican_example_ring_aim'}
[0.000159] (ican_referee_system) JobQueued: {'identifier': 'ican_referee_system', 'dependencies': OrderedDict()}
[0.000180] (ican_example_mission) JobQueued: {'identifier': 'ican_example_mission', 'dependencies': OrderedDict([('ican_example_navigation', '/home/yjy/ican_shoot/ican_shoot/install/ican_example_navigation'), ('ican_example_ring_aim', '/home/yjy/ican_shoot/ican_shoot/install/ican_example_ring_aim'), ('ican_referee_system', '/home/yjy/ican_shoot/ican_shoot/install/ican_referee_system')])}
[0.000211] (ican_referee_system) JobStarted: {'identifier': 'ican_referee_system'}
[0.097659] (-) TimerEvent: {}
[0.198072] (-) TimerEvent: {}
[0.299077] (-) TimerEvent: {}
[0.399940] (-) TimerEvent: {}
[0.500612] (-) TimerEvent: {}
[0.601546] (-) TimerEvent: {}
[0.702002] (-) TimerEvent: {}
[0.802997] (-) TimerEvent: {}
[0.903782] (-) TimerEvent: {}
[1.006879] (-) TimerEvent: {}
[1.107154] (-) TimerEvent: {}
[1.207919] (-) TimerEvent: {}
[1.308300] (-) TimerEvent: {}
[1.409252] (-) TimerEvent: {}
[1.439388] (ican_referee_system) Command: {'cmd': ['/usr/bin/python3', '-W', 'ignore:setup.py install is deprecated', '-W', 'ignore:easy_install command is deprecated', 'setup.py', 'develop', '--uninstall', '--editable', '--build-directory', '/home/yjy/ican_shoot/ican_shoot/build/ican_referee_system/build'], 'cwd': '/home/yjy/ican_shoot/ican_shoot/build/ican_referee_system', 'env': {'GJS_DEBUG_TOPICS': 'JS ERROR;JS LOG', 'PYTHONIOENCODING': 'utf-8', 'ZAI_OAUTH_CLIENT_ID': 'client_P8X5CMWmlaRO9gyO-KSqtg', 'ZCODE_DESKTOP_CONTEXT_PROMPT_ENABLED': '1', 'USER': 'yjy', 'GIT_EDITOR': 'true', 'XDG_SESSION_TYPE': 'wayland', 'SHLVL': '0', 'LD_LIBRARY_PATH': '/usr/lib/x86_64-linux-gnu/gazebo-11/plugins:/opt/ros/humble/opt/rviz_ogre_vendor/lib:/opt/ros/humble/lib/x86_64-linux-gnu:/opt/ros/humble/lib', 'HOME': '/home/yjy', 'CHROME_DESKTOP': 'zcode.desktop', 'OLDPWD': '/home/yjy/ican_shoot/ican_shoot', 'DESKTOP_SESSION': 'ubuntu', 'ZAI_OAUTH_ORIGIN': 'https://chat.z.ai', 'GIO_LAUNCHED_DESKTOP_FILE': '/usr/share/applications/zcode.desktop', 'ZCODE_APP_VERSION': '3.11.2', 'ROS_PYTHON_VERSION': '3', 'GNOME_SHELL_SESSION_MODE': 'ubuntu', 'GTK_MODULES': 'gail:atk-bridge', 'MANAGERPID': '1542', 'LC_CTYPE': 'en_US.UTF-8', 'SYSTEMD_EXEC_PID': '1714', 'DBUS_SESSION_BUS_ADDRESS': 'unix:path=/run/user/1000/bus', 'ZCODE_PROCESS_LABEL': 'local-1', 'GIO_LAUNCHED_DESKTOP_FILE_PID': '3130', 'NVM_DIR': '/home/yjy/.nvm', 'IM_CONFIG_PHASE': '1', 'WAYLAND_DISPLAY': 'wayland-0', 'ROS_DISTRO': 'humble', 'LOGNAME': 'yjy', 'ZCODE_RUNTIME_ENV': 'production', 'JOURNAL_STREAM': '8:23703', '_': '/usr/bin/colcon', 'ROS_VERSION': '2', 'XDG_SESSION_CLASS': 'user', 'USERNAME': 'yjy', 'ZAI_BUSINESS_BASE_URL': 'https://api.z.ai', 'TERM': 'dumb', 'GNOME_DESKTOP_SESSION_ID': 'this-is-deprecated', 'FC_FONTATIONS': '1', 'ROS_LOCALHOST_ONLY': '0', 'PATH': '/home/yjy/.local/bin:/home/yjy/.nvm/versions/node/v20.20.2/bin:/opt/ros/humble/bin:/usr/local/sbin:/usr/local/bin:/usr/sbin:/usr/bin:/sbin:/bin:/usr/games:/usr/local/games:/snap/bin:/opt/ZCode/resources/tools/bfs:/opt/ZCode/resources/tools/ripgrep:/opt/ZCode/resources/tools/ugrep', 'SESSION_MANAGER': 'local/yjy-virtual-machine:@/tmp/.ICE-unix/1679,unix/yjy-virtual-machine:/tmp/.ICE-unix/1679', 'INVOCATION_ID': '596fa7d9982c4f65bb8d0b3540000003', 'XDG_MENU_PREFIX': 'gnome-', 'ZCODE_BUILD_COMMIT_ID': '89817f5b', 'GNOME_SETUP_DISPLAY': ':1', 'XDG_RUNTIME_DIR': '/run/user/1000', 'GDK_BACKEND': 'wayland', 'DISPLAY': ':0', 'ZCODE_BFS_BINARY': '/opt/ZCode/resources/tools/bfs/bfs', 'LANG': 'en_US.UTF-8', 'XDG_CURRENT_DESKTOP': 'ubuntu:GNOME', 'XMODIFIERS': '@im=ibus', 'XDG_SESSION_DESKTOP': 'ubuntu', 'XAUTHORITY': '/run/user/1000/.mutter-Xwaylandauth.96RUV3', 'SSH_AGENT_LAUNCHER': 'gnome-keyring', 'SSH_AUTH_SOCK': '/run/user/1000/keyring/ssh', 'AMENT_PREFIX_PATH': '/opt/ros/humble', 'SHELL': '/bin/bash', 'QT_ACCESSIBILITY': '1', 'GDMSESSION': 'ubuntu', 'PYTHONUTF8': '1', 'GJS_DEBUG_OUTPUT': 'stderr', 'ZCODE_CUA_GRAY_ENABLED': '0', 'QT_IM_MODULE': 'ibus', 'PWD': '/home/yjy/ican_shoot/ican_shoot/build/ican_referee_system', 'LC_ALL': 'en_US.UTF-8', 'ZCODE_BASE_URL': 'https://zcode.z.ai', 'XDG_CONFIG_DIRS': '/etc/xdg/xdg-ubuntu:/etc/xdg', 'NVM_CD_FLAGS': '', 'XDG_DATA_DIRS': '/usr/share/ubuntu:/usr/local/share/:/usr/share/:/var/lib/snapd/desktop', 'ZCODE_RG_BINARY': '/opt/ZCode/resources/tools/ripgrep/rg', 'PYTHONPATH': '/home/yjy/ican_shoot/ican_shoot/build/ican_referee_system/prefix_override:/usr/lib/python3/dist-packages/colcon_core/task/python/colcon_distutils_commands:/home/yjy/ican_shoot/ican_shoot/install/ican_referee_system/lib/python3.10/site-packages:/opt/ros/humble/lib/python3.10/site-packages:/opt/ros/humble/local/lib/python3.10/dist-packages', 'ZCODE_UGREP_BINARY': '/opt/ZCode/resources/tools/ugrep/ugrep', 'ZCODE_ENV': 'production', 'COLCON': '1'}, 'shell': False}
[1.511878] (-) TimerEvent: {}
[1.612422] (-) TimerEvent: {}
[1.712750] (-) TimerEvent: {}
[1.813314] (-) TimerEvent: {}
[1.914069] (-) TimerEvent: {}
[2.011175] (ican_referee_system) StdoutLine: {'line': b'running develop\n'}
[2.014317] (-) TimerEvent: {}
[2.115280] (-) TimerEvent: {}
[2.216325] (-) TimerEvent: {}
[2.318313] (ican_referee_system) StdoutLine: {'line': b'Removing /home/yjy/ican_shoot/ican_shoot/install/ican_referee_system/lib/python3.10/site-packages/ican-referee-system.egg-link (link to .)\n'}
[2.318553] (-) TimerEvent: {}
[2.403306] (ican_referee_system) CommandEnded: {'returncode': 0}
[2.410906] (ican_referee_system) Command: {'cmd': ['/usr/bin/python3', '-W', 'ignore:setup.py install is deprecated', '-W', 'ignore:easy_install command is deprecated', 'setup.py', 'egg_info', '--egg-base', '../../build/ican_referee_system', 'build', '--build-base', '/home/yjy/ican_shoot/ican_shoot/build/ican_referee_system/build', 'install', '--record', '/home/yjy/ican_shoot/ican_shoot/build/ican_referee_system/install.log', '--install-scripts', '$base/lib/ican_referee_system', '--single-version-externally-managed', 'install_data', '--force'], 'cwd': '/home/yjy/ican_shoot/ican_shoot/src/ican_referee_system', 'env': {'GJS_DEBUG_TOPICS': 'JS ERROR;JS LOG', 'PYTHONIOENCODING': 'utf-8', 'ZAI_OAUTH_CLIENT_ID': 'client_P8X5CMWmlaRO9gyO-KSqtg', 'ZCODE_DESKTOP_CONTEXT_PROMPT_ENABLED': '1', 'USER': 'yjy', 'GIT_EDITOR': 'true', 'XDG_SESSION_TYPE': 'wayland', 'SHLVL': '0', 'LD_LIBRARY_PATH': '/usr/lib/x86_64-linux-gnu/gazebo-11/plugins:/opt/ros/humble/opt/rviz_ogre_vendor/lib:/opt/ros/humble/lib/x86_64-linux-gnu:/opt/ros/humble/lib', 'HOME': '/home/yjy', 'CHROME_DESKTOP': 'zcode.desktop', 'OLDPWD': '/home/yjy/ican_shoot/ican_shoot', 'DESKTOP_SESSION': 'ubuntu', 'ZAI_OAUTH_ORIGIN': 'https://chat.z.ai', 'GIO_LAUNCHED_DESKTOP_FILE': '/usr/share/applications/zcode.desktop', 'ZCODE_APP_VERSION': '3.11.2', 'ROS_PYTHON_VERSION': '3', 'GNOME_SHELL_SESSION_MODE': 'ubuntu', 'GTK_MODULES': 'gail:atk-bridge', 'MANAGERPID': '1542', 'LC_CTYPE': 'en_US.UTF-8', 'SYSTEMD_EXEC_PID': '1714', 'DBUS_SESSION_BUS_ADDRESS': 'unix:path=/run/user/1000/bus', 'ZCODE_PROCESS_LABEL': 'local-1', 'GIO_LAUNCHED_DESKTOP_FILE_PID': '3130', 'NVM_DIR': '/home/yjy/.nvm', 'IM_CONFIG_PHASE': '1', 'WAYLAND_DISPLAY': 'wayland-0', 'ROS_DISTRO': 'humble', 'LOGNAME': 'yjy', 'ZCODE_RUNTIME_ENV': 'production', 'JOURNAL_STREAM': '8:23703', '_': '/usr/bin/colcon', 'ROS_VERSION': '2', 'XDG_SESSION_CLASS': 'user', 'USERNAME': 'yjy', 'ZAI_BUSINESS_BASE_URL': 'https://api.z.ai', 'TERM': 'dumb', 'GNOME_DESKTOP_SESSION_ID': 'this-is-deprecated', 'FC_FONTATIONS': '1', 'ROS_LOCALHOST_ONLY': '0', 'PATH': '/home/yjy/.local/bin:/home/yjy/.nvm/versions/node/v20.20.2/bin:/opt/ros/humble/bin:/usr/local/sbin:/usr/local/bin:/usr/sbin:/usr/bin:/sbin:/bin:/usr/games:/usr/local/games:/snap/bin:/opt/ZCode/resources/tools/bfs:/opt/ZCode/resources/tools/ripgrep:/opt/ZCode/resources/tools/ugrep', 'SESSION_MANAGER': 'local/yjy-virtual-machine:@/tmp/.ICE-unix/1679,unix/yjy-virtual-machine:/tmp/.ICE-unix/1679', 'INVOCATION_ID': '596fa7d9982c4f65bb8d0b3540000003', 'XDG_MENU_PREFIX': 'gnome-', 'ZCODE_BUILD_COMMIT_ID': '89817f5b', 'GNOME_SETUP_DISPLAY': ':1', 'XDG_RUNTIME_DIR': '/run/user/1000', 'GDK_BACKEND': 'wayland', 'DISPLAY': ':0', 'ZCODE_BFS_BINARY': '/opt/ZCode/resources/tools/bfs/bfs', 'LANG': 'en_US.UTF-8', 'XDG_CURRENT_DESKTOP': 'ubuntu:GNOME', 'XMODIFIERS': '@im=ibus', 'XDG_SESSION_DESKTOP': 'ubuntu', 'XAUTHORITY': '/run/user/1000/.mutter-Xwaylandauth.96RUV3', 'SSH_AGENT_LAUNCHER': 'gnome-keyring', 'SSH_AUTH_SOCK': '/run/user/1000/keyring/ssh', 'AMENT_PREFIX_PATH': '/opt/ros/humble', 'SHELL': '/bin/bash', 'QT_ACCESSIBILITY': '1', 'GDMSESSION': 'ubuntu', 'PYTHONUTF8': '1', 'GJS_DEBUG_OUTPUT': 'stderr', 'ZCODE_CUA_GRAY_ENABLED': '0', 'QT_IM_MODULE': 'ibus', 'PWD': '/home/yjy/ican_shoot/ican_shoot/build/ican_referee_system', 'LC_ALL': 'en_US.UTF-8', 'ZCODE_BASE_URL': 'https://zcode.z.ai', 'XDG_CONFIG_DIRS': '/etc/xdg/xdg-ubuntu:/etc/xdg', 'NVM_CD_FLAGS': '', 'XDG_DATA_DIRS': '/usr/share/ubuntu:/usr/local/share/:/usr/share/:/var/lib/snapd/desktop', 'ZCODE_RG_BINARY': '/opt/ZCode/resources/tools/ripgrep/rg', 'PYTHONPATH': '/home/yjy/ican_shoot/ican_shoot/build/ican_referee_system/prefix_override:/usr/lib/python3/dist-packages/colcon_core/task/python/colcon_distutils_commands:/home/yjy/ican_shoot/ican_shoot/install/ican_referee_system/lib/python3.10/site-packages:/opt/ros/humble/lib/python3.10/site-packages:/opt/ros/humble/local/lib/python3.10/dist-packages', 'ZCODE_UGREP_BINARY': '/opt/ZCode/resources/tools/ugrep/ugrep', 'ZCODE_ENV': 'production', 'COLCON': '1'}, 'shell': False}
[2.418935] (-) TimerEvent: {}
[2.520260] (-) TimerEvent: {}
[2.620975] (-) TimerEvent: {}
[2.721743] (-) TimerEvent: {}
[2.823172] (-) TimerEvent: {}
[2.881300] (ican_referee_system) StdoutLine: {'line': b'running egg_info\n'}
[2.881520] (ican_referee_system) StdoutLine: {'line': b'writing ../../build/ican_referee_system/ican_referee_system.egg-info/PKG-INFO\n'}
[2.881614] (ican_referee_system) StdoutLine: {'line': b'writing dependency_links to ../../build/ican_referee_system/ican_referee_system.egg-info/dependency_links.txt\n'}
[2.881693] (ican_referee_system) StdoutLine: {'line': b'writing entry points to ../../build/ican_referee_system/ican_referee_system.egg-info/entry_points.txt\n'}
[2.881763] (ican_referee_system) StdoutLine: {'line': b'writing requirements to ../../build/ican_referee_system/ican_referee_system.egg-info/requires.txt\n'}
[2.881832] (ican_referee_system) StdoutLine: {'line': b'writing top-level names to ../../build/ican_referee_system/ican_referee_system.egg-info/top_level.txt\n'}
[2.885222] (ican_referee_system) StdoutLine: {'line': b"reading manifest file '../../build/ican_referee_system/ican_referee_system.egg-info/SOURCES.txt'\n"}
[2.887150] (ican_referee_system) StdoutLine: {'line': b"writing manifest file '../../build/ican_referee_system/ican_referee_system.egg-info/SOURCES.txt'\n"}
[2.888298] (ican_referee_system) StdoutLine: {'line': b'running build\n'}
[2.888420] (ican_referee_system) StdoutLine: {'line': b'running build_py\n'}
[2.891406] (ican_referee_system) StdoutLine: {'line': b'copying ican_referee_system/referee_node.py -> /home/yjy/ican_shoot/ican_shoot/build/ican_referee_system/build/lib/ican_referee_system\n'}
[2.893221] (ican_referee_system) StdoutLine: {'line': b'running install\n'}
[2.894241] (ican_referee_system) StdoutLine: {'line': b'running install_lib\n'}
[2.897910] (ican_referee_system) StdoutLine: {'line': b'creating /home/yjy/ican_shoot/ican_shoot/install/ican_referee_system/lib/python3.10/site-packages/ican_referee_system\n'}
[2.898407] (ican_referee_system) StdoutLine: {'line': b'copying /home/yjy/ican_shoot/ican_shoot/build/ican_referee_system/build/lib/ican_referee_system/__init__.py -> /home/yjy/ican_shoot/ican_shoot/install/ican_referee_system/lib/python3.10/site-packages/ican_referee_system\n'}
[2.900158] (ican_referee_system) StdoutLine: {'line': b'copying /home/yjy/ican_shoot/ican_shoot/build/ican_referee_system/build/lib/ican_referee_system/referee_node.py -> /home/yjy/ican_shoot/ican_shoot/install/ican_referee_system/lib/python3.10/site-packages/ican_referee_system\n'}
[2.901860] (ican_referee_system) StdoutLine: {'line': b'byte-compiling /home/yjy/ican_shoot/ican_shoot/install/ican_referee_system/lib/python3.10/site-packages/ican_referee_system/__init__.py to __init__.cpython-310.pyc\n'}
[2.902096] (ican_referee_system) StdoutLine: {'line': b'byte-compiling /home/yjy/ican_shoot/ican_shoot/install/ican_referee_system/lib/python3.10/site-packages/ican_referee_system/referee_node.py to referee_node.cpython-310.pyc\n'}
[2.912368] (ican_referee_system) StdoutLine: {'line': b'running install_data\n'}
[2.912853] (ican_referee_system) StdoutLine: {'line': b'copying resource/ican_referee_system -> /home/yjy/ican_shoot/ican_shoot/install/ican_referee_system/share/ament_index/resource_index/packages\n'}
[2.912963] (ican_referee_system) StdoutLine: {'line': b'copying package.xml -> /home/yjy/ican_shoot/ican_shoot/install/ican_referee_system/share/ican_referee_system\n'}
[2.913041] (ican_referee_system) StdoutLine: {'line': b'copying launch/referee.launch.py -> /home/yjy/ican_shoot/ican_shoot/install/ican_referee_system/share/ican_referee_system/launch\n'}
[2.915347] (ican_referee_system) StdoutLine: {'line': b'running install_egg_info\n'}
[2.918444] (ican_referee_system) StdoutLine: {'line': b'Copying ../../build/ican_referee_system/ican_referee_system.egg-info to /home/yjy/ican_shoot/ican_shoot/install/ican_referee_system/lib/python3.10/site-packages/ican_referee_system-0.2.0-py3.10.egg-info\n'}
[2.922443] (ican_referee_system) StdoutLine: {'line': b'running install_scripts\n'}
[2.925109] (-) TimerEvent: {}
[2.978005] (ican_referee_system) StdoutLine: {'line': b'Installing referee_node script to /home/yjy/ican_shoot/ican_shoot/install/ican_referee_system/lib/ican_referee_system\n'}
[2.981138] (ican_referee_system) StdoutLine: {'line': b"writing list of installed files to '/home/yjy/ican_shoot/ican_shoot/build/ican_referee_system/install.log'\n"}
[3.025874] (-) TimerEvent: {}
[3.063321] (ican_referee_system) CommandEnded: {'returncode': 0}
[3.094935] (ican_referee_system) JobEnded: {'identifier': 'ican_referee_system', 'rc': 0}
[3.097364] (ican_example_mission) JobStarted: {'identifier': 'ican_example_mission'}
[3.126422] (-) TimerEvent: {}
[3.228531] (-) TimerEvent: {}
[3.329002] (-) TimerEvent: {}
[3.429883] (-) TimerEvent: {}
[3.532043] (-) TimerEvent: {}
[3.632874] (-) TimerEvent: {}
[3.734290] (-) TimerEvent: {}
[3.836843] (-) TimerEvent: {}
[3.939581] (-) TimerEvent: {}
[4.040626] (-) TimerEvent: {}
[4.141905] (-) TimerEvent: {}
[4.242836] (-) TimerEvent: {}
[4.345158] (-) TimerEvent: {}
[4.444147] (ican_example_mission) Command: {'cmd': ['/usr/bin/python3', '-W', 'ignore:setup.py install is deprecated', '-W', 'ignore:easy_install command is deprecated', 'setup.py', 'develop', '--uninstall', '--editable', '--build-directory', '/home/yjy/ican_shoot/ican_shoot/build/ican_example_mission/build'], 'cwd': '/home/yjy/ican_shoot/ican_shoot/build/ican_example_mission', 'env': {'GJS_DEBUG_TOPICS': 'JS ERROR;JS LOG', 'PYTHONIOENCODING': 'utf-8', 'ZAI_OAUTH_CLIENT_ID': 'client_P8X5CMWmlaRO9gyO-KSqtg', 'ZCODE_DESKTOP_CONTEXT_PROMPT_ENABLED': '1', 'USER': 'yjy', 'GIT_EDITOR': 'true', 'XDG_SESSION_TYPE': 'wayland', 'SHLVL': '0', 'LD_LIBRARY_PATH': '/usr/lib/x86_64-linux-gnu/gazebo-11/plugins:/opt/ros/humble/opt/rviz_ogre_vendor/lib:/opt/ros/humble/lib/x86_64-linux-gnu:/opt/ros/humble/lib', 'HOME': '/home/yjy', 'CHROME_DESKTOP': 'zcode.desktop', 'OLDPWD': '/home/yjy/ican_shoot/ican_shoot', 'DESKTOP_SESSION': 'ubuntu', 'ZAI_OAUTH_ORIGIN': 'https://chat.z.ai', 'GIO_LAUNCHED_DESKTOP_FILE': '/usr/share/applications/zcode.desktop', 'ZCODE_APP_VERSION': '3.11.2', 'ROS_PYTHON_VERSION': '3', 'GNOME_SHELL_SESSION_MODE': 'ubuntu', 'GTK_MODULES': 'gail:atk-bridge', 'MANAGERPID': '1542', 'LC_CTYPE': 'en_US.UTF-8', 'SYSTEMD_EXEC_PID': '1714', 'DBUS_SESSION_BUS_ADDRESS': 'unix:path=/run/user/1000/bus', 'ZCODE_PROCESS_LABEL': 'local-1', 'GIO_LAUNCHED_DESKTOP_FILE_PID': '3130', 'NVM_DIR': '/home/yjy/.nvm', 'IM_CONFIG_PHASE': '1', 'WAYLAND_DISPLAY': 'wayland-0', 'ROS_DISTRO': 'humble', 'LOGNAME': 'yjy', 'ZCODE_RUNTIME_ENV': 'production', 'JOURNAL_STREAM': '8:23703', '_': '/usr/bin/colcon', 'ROS_VERSION': '2', 'XDG_SESSION_CLASS': 'user', 'USERNAME': 'yjy', 'ZAI_BUSINESS_BASE_URL': 'https://api.z.ai', 'TERM': 'dumb', 'GNOME_DESKTOP_SESSION_ID': 'this-is-deprecated', 'FC_FONTATIONS': '1', 'ROS_LOCALHOST_ONLY': '0', 'PATH': '/home/yjy/.local/bin:/home/yjy/.nvm/versions/node/v20.20.2/bin:/opt/ros/humble/bin:/usr/local/sbin:/usr/local/bin:/usr/sbin:/usr/bin:/sbin:/bin:/usr/games:/usr/local/games:/snap/bin:/opt/ZCode/resources/tools/bfs:/opt/ZCode/resources/tools/ripgrep:/opt/ZCode/resources/tools/ugrep', 'SESSION_MANAGER': 'local/yjy-virtual-machine:@/tmp/.ICE-unix/1679,unix/yjy-virtual-machine:/tmp/.ICE-unix/1679', 'INVOCATION_ID': '596fa7d9982c4f65bb8d0b3540000003', 'XDG_MENU_PREFIX': 'gnome-', 'ZCODE_BUILD_COMMIT_ID': '89817f5b', 'GNOME_SETUP_DISPLAY': ':1', 'XDG_RUNTIME_DIR': '/run/user/1000', 'GDK_BACKEND': 'wayland', 'DISPLAY': ':0', 'ZCODE_BFS_BINARY': '/opt/ZCode/resources/tools/bfs/bfs', 'LANG': 'en_US.UTF-8', 'XDG_CURRENT_DESKTOP': 'ubuntu:GNOME', 'XMODIFIERS': '@im=ibus', 'XDG_SESSION_DESKTOP': 'ubuntu', 'XAUTHORITY': '/run/user/1000/.mutter-Xwaylandauth.96RUV3', 'SSH_AGENT_LAUNCHER': 'gnome-keyring', 'SSH_AUTH_SOCK': '/run/user/1000/keyring/ssh', 'AMENT_PREFIX_PATH': '/home/yjy/ican_shoot/ican_shoot/install/ican_referee_system:/home/yjy/ican_shoot/ican_shoot/install/ican_example_ring_aim:/home/yjy/ican_shoot/ican_shoot/install/ican_example_navigation:/opt/ros/humble', 'SHELL': '/bin/bash', 'QT_ACCESSIBILITY': '1', 'GDMSESSION': 'ubuntu', 'PYTHONUTF8': '1', 'GJS_DEBUG_OUTPUT': 'stderr', 'ZCODE_CUA_GRAY_ENABLED': '0', 'QT_IM_MODULE': 'ibus', 'PWD': '/home/yjy/ican_shoot/ican_shoot/build/ican_example_mission', 'LC_ALL': 'en_US.UTF-8', 'ZCODE_BASE_URL': 'https://zcode.z.ai', 'XDG_CONFIG_DIRS': '/etc/xdg/xdg-ubuntu:/etc/xdg', 'NVM_CD_FLAGS': '', 'XDG_DATA_DIRS': '/usr/share/ubuntu:/usr/local/share/:/usr/share/:/var/lib/snapd/desktop', 'ZCODE_RG_BINARY': '/opt/ZCode/resources/tools/ripgrep/rg', 'PYTHONPATH': '/home/yjy/ican_shoot/ican_shoot/build/ican_example_mission/prefix_override:/usr/lib/python3/dist-packages/colcon_core/task/python/colcon_distutils_commands:/home/yjy/ican_shoot/ican_shoot/install/ican_example_mission/lib/python3.10/site-packages:/home/yjy/ican_shoot/ican_shoot/install/ican_referee_system/lib/python3.10/site-packages:/home/yjy/ican_shoot/ican_shoot/install/ican_example_ring_aim/lib/python3.10/site-packages:/home/yjy/ican_shoot/ican_shoot/install/ican_example_navigation/lib/python3.10/site-packages:/opt/ros/humble/lib/python3.10/site-packages:/opt/ros/humble/local/lib/python3.10/dist-packages', 'ZCODE_UGREP_BINARY': '/opt/ZCode/resources/tools/ugrep/ugrep', 'ZCODE_ENV': 'production', 'COLCON': '1'}, 'shell': False}
[4.445004] (-) TimerEvent: {}
[4.546081] (-) TimerEvent: {}
[4.646931] (-) TimerEvent: {}
[4.749161] (-) TimerEvent: {}
[4.849762] (-) TimerEvent: {}
[4.950436] (-) TimerEvent: {}
[5.022158] (ican_example_mission) StdoutLine: {'line': b'running develop\n'}
[5.050814] (-) TimerEvent: {}
[5.151367] (-) TimerEvent: {}
[5.252025] (-) TimerEvent: {}
[5.352953] (-) TimerEvent: {}
[5.353628] (ican_example_mission) StdoutLine: {'line': b'Removing /home/yjy/ican_shoot/ican_shoot/install/ican_example_mission/lib/python3.10/site-packages/ican-example-mission.egg-link (link to .)\n'}
[5.444048] (ican_example_mission) CommandEnded: {'returncode': 0}
[5.445017] (ican_example_mission) Command: {'cmd': ['/usr/bin/python3', '-W', 'ignore:setup.py install is deprecated', '-W', 'ignore:easy_install command is deprecated', 'setup.py', 'egg_info', '--egg-base', '../../build/ican_example_mission', 'build', '--build-base', '/home/yjy/ican_shoot/ican_shoot/build/ican_example_mission/build', 'install', '--record', '/home/yjy/ican_shoot/ican_shoot/build/ican_example_mission/install.log', '--install-scripts', '$base/lib/ican_example_mission', '--single-version-externally-managed', 'install_data', '--force'], 'cwd': '/home/yjy/ican_shoot/ican_shoot/src/ican_example_mission', 'env': {'GJS_DEBUG_TOPICS': 'JS ERROR;JS LOG', 'PYTHONIOENCODING': 'utf-8', 'ZAI_OAUTH_CLIENT_ID': 'client_P8X5CMWmlaRO9gyO-KSqtg', 'ZCODE_DESKTOP_CONTEXT_PROMPT_ENABLED': '1', 'USER': 'yjy', 'GIT_EDITOR': 'true', 'XDG_SESSION_TYPE': 'wayland', 'SHLVL': '0', 'LD_LIBRARY_PATH': '/usr/lib/x86_64-linux-gnu/gazebo-11/plugins:/opt/ros/humble/opt/rviz_ogre_vendor/lib:/opt/ros/humble/lib/x86_64-linux-gnu:/opt/ros/humble/lib', 'HOME': '/home/yjy', 'CHROME_DESKTOP': 'zcode.desktop', 'OLDPWD': '/home/yjy/ican_shoot/ican_shoot', 'DESKTOP_SESSION': 'ubuntu', 'ZAI_OAUTH_ORIGIN': 'https://chat.z.ai', 'GIO_LAUNCHED_DESKTOP_FILE': '/usr/share/applications/zcode.desktop', 'ZCODE_APP_VERSION': '3.11.2', 'ROS_PYTHON_VERSION': '3', 'GNOME_SHELL_SESSION_MODE': 'ubuntu', 'GTK_MODULES': 'gail:atk-bridge', 'MANAGERPID': '1542', 'LC_CTYPE': 'en_US.UTF-8', 'SYSTEMD_EXEC_PID': '1714', 'DBUS_SESSION_BUS_ADDRESS': 'unix:path=/run/user/1000/bus', 'ZCODE_PROCESS_LABEL': 'local-1', 'GIO_LAUNCHED_DESKTOP_FILE_PID': '3130', 'NVM_DIR': '/home/yjy/.nvm', 'IM_CONFIG_PHASE': '1', 'WAYLAND_DISPLAY': 'wayland-0', 'ROS_DISTRO': 'humble', 'LOGNAME': 'yjy', 'ZCODE_RUNTIME_ENV': 'production', 'JOURNAL_STREAM': '8:23703', '_': '/usr/bin/colcon', 'ROS_VERSION': '2', 'XDG_SESSION_CLASS': 'user', 'USERNAME': 'yjy', 'ZAI_BUSINESS_BASE_URL': 'https://api.z.ai', 'TERM': 'dumb', 'GNOME_DESKTOP_SESSION_ID': 'this-is-deprecated', 'FC_FONTATIONS': '1', 'ROS_LOCALHOST_ONLY': '0', 'PATH': '/home/yjy/.local/bin:/home/yjy/.nvm/versions/node/v20.20.2/bin:/opt/ros/humble/bin:/usr/local/sbin:/usr/local/bin:/usr/sbin:/usr/bin:/sbin:/bin:/usr/games:/usr/local/games:/snap/bin:/opt/ZCode/resources/tools/bfs:/opt/ZCode/resources/tools/ripgrep:/opt/ZCode/resources/tools/ugrep', 'SESSION_MANAGER': 'local/yjy-virtual-machine:@/tmp/.ICE-unix/1679,unix/yjy-virtual-machine:/tmp/.ICE-unix/1679', 'INVOCATION_ID': '596fa7d9982c4f65bb8d0b3540000003', 'XDG_MENU_PREFIX': 'gnome-', 'ZCODE_BUILD_COMMIT_ID': '89817f5b', 'GNOME_SETUP_DISPLAY': ':1', 'XDG_RUNTIME_DIR': '/run/user/1000', 'GDK_BACKEND': 'wayland', 'DISPLAY': ':0', 'ZCODE_BFS_BINARY': '/opt/ZCode/resources/tools/bfs/bfs', 'LANG': 'en_US.UTF-8', 'XDG_CURRENT_DESKTOP': 'ubuntu:GNOME', 'XMODIFIERS': '@im=ibus', 'XDG_SESSION_DESKTOP': 'ubuntu', 'XAUTHORITY': '/run/user/1000/.mutter-Xwaylandauth.96RUV3', 'SSH_AGENT_LAUNCHER': 'gnome-keyring', 'SSH_AUTH_SOCK': '/run/user/1000/keyring/ssh', 'AMENT_PREFIX_PATH': '/home/yjy/ican_shoot/ican_shoot/install/ican_referee_system:/home/yjy/ican_shoot/ican_shoot/install/ican_example_ring_aim:/home/yjy/ican_shoot/ican_shoot/install/ican_example_navigation:/opt/ros/humble', 'SHELL': '/bin/bash', 'QT_ACCESSIBILITY': '1', 'GDMSESSION': 'ubuntu', 'PYTHONUTF8': '1', 'GJS_DEBUG_OUTPUT': 'stderr', 'ZCODE_CUA_GRAY_ENABLED': '0', 'QT_IM_MODULE': 'ibus', 'PWD': '/home/yjy/ican_shoot/ican_shoot/build/ican_example_mission', 'LC_ALL': 'en_US.UTF-8', 'ZCODE_BASE_URL': 'https://zcode.z.ai', 'XDG_CONFIG_DIRS': '/etc/xdg/xdg-ubuntu:/etc/xdg', 'NVM_CD_FLAGS': '', 'XDG_DATA_DIRS': '/usr/share/ubuntu:/usr/local/share/:/usr/share/:/var/lib/snapd/desktop', 'ZCODE_RG_BINARY': '/opt/ZCode/resources/tools/ripgrep/rg', 'PYTHONPATH': '/home/yjy/ican_shoot/ican_shoot/build/ican_example_mission/prefix_override:/usr/lib/python3/dist-packages/colcon_core/task/python/colcon_distutils_commands:/home/yjy/ican_shoot/ican_shoot/install/ican_example_mission/lib/python3.10/site-packages:/home/yjy/ican_shoot/ican_shoot/install/ican_referee_system/lib/python3.10/site-packages:/home/yjy/ican_shoot/ican_shoot/install/ican_example_ring_aim/lib/python3.10/site-packages:/home/yjy/ican_shoot/ican_shoot/install/ican_example_navigation/lib/python3.10/site-packages:/opt/ros/humble/lib/python3.10/site-packages:/opt/ros/humble/local/lib/python3.10/dist-packages', 'ZCODE_UGREP_BINARY': '/opt/ZCode/resources/tools/ugrep/ugrep', 'ZCODE_ENV': 'production', 'COLCON': '1'}, 'shell': False}
[5.453125] (-) TimerEvent: {}
[5.554015] (-) TimerEvent: {}
[5.660278] (-) TimerEvent: {}
[5.823537] (-) TimerEvent: {}
[5.929898] (-) TimerEvent: {}
[6.030622] (-) TimerEvent: {}
[6.131125] (-) TimerEvent: {}
[6.160491] (ican_example_mission) StdoutLine: {'line': b'running egg_info\n'}
[6.161854] (ican_example_mission) StdoutLine: {'line': b'writing ../../build/ican_example_mission/ican_example_mission.egg-info/PKG-INFO\n'}
[6.163329] (ican_example_mission) StdoutLine: {'line': b'writing dependency_links to ../../build/ican_example_mission/ican_example_mission.egg-info/dependency_links.txt\n'}
[6.163994] (ican_example_mission) StdoutLine: {'line': b'writing entry points to ../../build/ican_example_mission/ican_example_mission.egg-info/entry_points.txt\n'}
[6.166225] (ican_example_mission) StdoutLine: {'line': b'writing requirements to ../../build/ican_example_mission/ican_example_mission.egg-info/requires.txt\n'}
[6.166574] (ican_example_mission) StdoutLine: {'line': b'writing top-level names to ../../build/ican_example_mission/ican_example_mission.egg-info/top_level.txt\n'}
[6.169387] (ican_example_mission) StdoutLine: {'line': b"reading manifest file '../../build/ican_example_mission/ican_example_mission.egg-info/SOURCES.txt'\n"}
[6.171177] (ican_example_mission) StdoutLine: {'line': b"writing manifest file '../../build/ican_example_mission/ican_example_mission.egg-info/SOURCES.txt'\n"}
[6.173358] (ican_example_mission) StdoutLine: {'line': b'running build\n'}
[6.173541] (ican_example_mission) StdoutLine: {'line': b'running build_py\n'}
[6.176827] (ican_example_mission) StdoutLine: {'line': b'copying ican_example_mission/full_mission_node.py -> /home/yjy/ican_shoot/ican_shoot/build/ican_example_mission/build/lib/ican_example_mission\n'}
[6.177453] (ican_example_mission) StdoutLine: {'line': b'running install\n'}
[6.177554] (ican_example_mission) StdoutLine: {'line': b'running install_lib\n'}
[6.177615] (ican_example_mission) StdoutLine: {'line': b'creating /home/yjy/ican_shoot/ican_shoot/install/ican_example_mission/lib/python3.10/site-packages/ican_example_mission\n'}
[6.178021] (ican_example_mission) StdoutLine: {'line': b'copying /home/yjy/ican_shoot/ican_shoot/build/ican_example_mission/build/lib/ican_example_mission/__init__.py -> /home/yjy/ican_shoot/ican_shoot/install/ican_example_mission/lib/python3.10/site-packages/ican_example_mission\n'}
[6.178639] (ican_example_mission) StdoutLine: {'line': b'copying /home/yjy/ican_shoot/ican_shoot/build/ican_example_mission/build/lib/ican_example_mission/full_mission_node.py -> /home/yjy/ican_shoot/ican_shoot/install/ican_example_mission/lib/python3.10/site-packages/ican_example_mission\n'}
[6.179211] (ican_example_mission) StdoutLine: {'line': b'copying /home/yjy/ican_shoot/ican_shoot/build/ican_example_mission/build/lib/ican_example_mission/one_target_mission_node.py -> /home/yjy/ican_shoot/ican_shoot/install/ican_example_mission/lib/python3.10/site-packages/ican_example_mission\n'}
[6.182390] (ican_example_mission) StdoutLine: {'line': b'byte-compiling /home/yjy/ican_shoot/ican_shoot/install/ican_example_mission/lib/python3.10/site-packages/ican_example_mission/__init__.py to __init__.cpython-310.pyc\n'}
[6.182613] (ican_example_mission) StdoutLine: {'line': b'byte-compiling /home/yjy/ican_shoot/ican_shoot/install/ican_example_mission/lib/python3.10/site-packages/ican_example_mission/full_mission_node.py to full_mission_node.cpython-310.pyc\n'}
[6.192336] (ican_example_mission) StdoutLine: {'line': b'byte-compiling /home/yjy/ican_shoot/ican_shoot/install/ican_example_mission/lib/python3.10/site-packages/ican_example_mission/one_target_mission_node.py to one_target_mission_node.cpython-310.pyc\n'}
[6.195959] (ican_example_mission) StdoutLine: {'line': b'running install_data\n'}
[6.197919] (ican_example_mission) StdoutLine: {'line': b'copying resource/ican_example_mission -> /home/yjy/ican_shoot/ican_shoot/install/ican_example_mission/share/ament_index/resource_index/packages\n'}
[6.198034] (ican_example_mission) StdoutLine: {'line': b'copying package.xml -> /home/yjy/ican_shoot/ican_shoot/install/ican_example_mission/share/ican_example_mission\n'}
[6.198097] (ican_example_mission) StdoutLine: {'line': b'copying launch/one_target_demo.launch.py -> /home/yjy/ican_shoot/ican_shoot/install/ican_example_mission/share/ican_example_mission/launch\n'}
[6.198172] (ican_example_mission) StdoutLine: {'line': b'copying launch/full_mission.launch.py -> /home/yjy/ican_shoot/ican_shoot/install/ican_example_mission/share/ican_example_mission/launch\n'}
[6.199349] (ican_example_mission) StdoutLine: {'line': b'running install_egg_info\n'}
[6.203069] (ican_example_mission) StdoutLine: {'line': b'Copying ../../build/ican_example_mission/ican_example_mission.egg-info to /home/yjy/ican_shoot/ican_shoot/install/ican_example_mission/lib/python3.10/site-packages/ican_example_mission-0.1.0-py3.10.egg-info\n'}
[6.205463] (ican_example_mission) StdoutLine: {'line': b'running install_scripts\n'}
[6.231688] (-) TimerEvent: {}
[6.244874] (ican_example_mission) StdoutLine: {'line': b'Installing full_mission_node script to /home/yjy/ican_shoot/ican_shoot/install/ican_example_mission/lib/ican_example_mission\n'}
[6.245517] (ican_example_mission) StdoutLine: {'line': b'Installing one_target_mission_node script to /home/yjy/ican_shoot/ican_shoot/install/ican_example_mission/lib/ican_example_mission\n'}
[6.247700] (ican_example_mission) StdoutLine: {'line': b"writing list of installed files to '/home/yjy/ican_shoot/ican_shoot/build/ican_example_mission/install.log'\n"}
[6.313670] (ican_example_mission) CommandEnded: {'returncode': 0}
[6.332207] (-) TimerEvent: {}
[6.334808] (ican_example_mission) JobEnded: {'identifier': 'ican_example_mission', 'rc': 0}
[6.337079] (-) EventReactorShutdown: {}
