[1.991s] Invoking command in '/home/yjy/ican_shoot/ican_shoot/src/ican_example_navigation': PYTHONPATH=/home/yjy/ican_shoot/ican_shoot/build/ican_example_navigation/prefix_override:/usr/lib/python3/dist-packages/colcon_core/task/python/colcon_distutils_commands:/home/yjy/ican_shoot/ican_shoot/install/ican_example_navigation/lib/python3.10/site-packages:${PYTHONPATH} /usr/bin/python3 -W ignore:setup.py install is deprecated -W ignore:easy_install command is deprecated setup.py egg_info --egg-base ../../build/ican_example_navigation build --build-base /home/yjy/ican_shoot/ican_shoot/build/ican_example_navigation/build install --record /home/yjy/ican_shoot/ican_shoot/build/ican_example_navigation/install.log --install-scripts $base/lib/ican_example_navigation --single-version-externally-managed install_data
[2.379s] running egg_info
[2.380s] writing ../../build/ican_example_navigation/ican_example_navigation.egg-info/PKG-INFO
[2.405s] writing dependency_links to ../../build/ican_example_navigation/ican_example_navigation.egg-info/dependency_links.txt
[2.406s] writing entry points to ../../build/ican_example_navigation/ican_example_navigation.egg-info/entry_points.txt
[2.406s] writing requirements to ../../build/ican_example_navigation/ican_example_navigation.egg-info/requires.txt
[2.407s] writing top-level names to ../../build/ican_example_navigation/ican_example_navigation.egg-info/top_level.txt
[2.413s] reading manifest file '../../build/ican_example_navigation/ican_example_navigation.egg-info/SOURCES.txt'
[2.416s] writing manifest file '../../build/ican_example_navigation/ican_example_navigation.egg-info/SOURCES.txt'
[2.417s] running build
[2.417s] running build_py
[2.420s] running install
[2.421s] running install_lib
[2.424s] running install_data
[2.426s] running install_egg_info
[2.429s] removing '/home/yjy/ican_shoot/ican_shoot/install/ican_example_navigation/lib/python3.10/site-packages/ican_example_navigation-0.1.0-py3.10.egg-info' (and everything under it)
[2.431s] Copying ../../build/ican_example_navigation/ican_example_navigation.egg-info to /home/yjy/ican_shoot/ican_shoot/install/ican_example_navigation/lib/python3.10/site-packages/ican_example_navigation-0.1.0-py3.10.egg-info
[2.434s] running install_scripts
[2.476s] Installing initial_pose_publisher script to /home/yjy/ican_shoot/ican_shoot/install/ican_example_navigation/lib/ican_example_navigation
[2.477s] writing list of installed files to '/home/yjy/ican_shoot/ican_shoot/build/ican_example_navigation/install.log'
[2.557s] Invoked command in '/home/yjy/ican_shoot/ican_shoot/src/ican_example_navigation' returned '0': PYTHONPATH=/home/yjy/ican_shoot/ican_shoot/build/ican_example_navigation/prefix_override:/usr/lib/python3/dist-packages/colcon_core/task/python/colcon_distutils_commands:/home/yjy/ican_shoot/ican_shoot/install/ican_example_navigation/lib/python3.10/site-packages:${PYTHONPATH} /usr/bin/python3 -W ignore:setup.py install is deprecated -W ignore:easy_install command is deprecated setup.py egg_info --egg-base ../../build/ican_example_navigation build --build-base /home/yjy/ican_shoot/ican_shoot/build/ican_example_navigation/build install --record /home/yjy/ican_shoot/ican_shoot/build/ican_example_navigation/install.log --install-scripts $base/lib/ican_example_navigation --single-version-externally-managed install_data
