-- Found ament_cmake: 1.3.14 (/opt/ros/humble/share/ament_cmake/cmake)
-- Override CMake install command with custom implementation using symlinks instead of copying resources
-- Configuring done
-- Generating done
-- Build files have been written to: /home/yjy/ican_shoot/ican_shoot/build/navigation2
-- Install configuration: ""
-- Execute custom install script
-- Symlinking: /home/yjy/ican_shoot/ican_shoot/install/navigation2/share/ament_index/resource_index/package_run_dependencies/navigation2
-- Symlinking: /home/yjy/ican_shoot/ican_shoot/install/navigation2/share/ament_index/resource_index/parent_prefix_path/navigation2
-- Symlinking: /home/yjy/ican_shoot/ican_shoot/install/navigation2/share/navigation2/environment/ament_prefix_path.sh
-- Symlinking: /home/yjy/ican_shoot/ican_shoot/install/navigation2/share/navigation2/environment/ament_prefix_path.dsv
-- Symlinking: /home/yjy/ican_shoot/ican_shoot/install/navigation2/share/navigation2/environment/path.sh
-- Symlinking: /home/yjy/ican_shoot/ican_shoot/install/navigation2/share/navigation2/environment/path.dsv
-- Symlinking: /home/yjy/ican_shoot/ican_shoot/install/navigation2/share/navigation2/local_setup.bash
-- Symlinking: /home/yjy/ican_shoot/ican_shoot/install/navigation2/share/navigation2/local_setup.sh
-- Symlinking: /home/yjy/ican_shoot/ican_shoot/install/navigation2/share/navigation2/local_setup.zsh
-- Symlinking: /home/yjy/ican_shoot/ican_shoot/install/navigation2/share/navigation2/local_setup.dsv
-- Symlinking: /home/yjy/ican_shoot/ican_shoot/install/navigation2/share/navigation2/package.dsv
-- Symlinking: /home/yjy/ican_shoot/ican_shoot/install/navigation2/share/ament_index/resource_index/packages/navigation2
-- Symlinking: /home/yjy/ican_shoot/ican_shoot/install/navigation2/share/navigation2/cmake/navigation2Config.cmake
-- Symlinking: /home/yjy/ican_shoot/ican_shoot/install/navigation2/share/navigation2/cmake/navigation2Config-version.cmake
-- Symlinking: /home/yjy/ican_shoot/ican_shoot/install/navigation2/share/navigation2/package.xml
