[0.077s] Invoking command in '/home/yjy/ican_shoot/ican_shoot/build/navigation2': CMAKE_PREFIX_PATH=${CMAKE_PREFIX_PATH}:/opt/ros/humble /usr/bin/cmake /home/yjy/ican_shoot/ican_shoot/src/navigation2 -DAMENT_CMAKE_SYMLINK_INSTALL=1 -DCMAKE_INSTALL_PREFIX=/home/yjy/ican_shoot/ican_shoot/install/navigation2
[0.338s] -- Found ament_cmake: 1.3.14 (/opt/ros/humble/share/ament_cmake/cmake)
[0.609s] -- Override CMake install command with custom implementation using symlinks instead of copying resources
[0.609s] -- Configuring done
[0.609s] -- Generating done
[0.609s] -- Build files have been written to: /home/yjy/ican_shoot/ican_shoot/build/navigation2
[0.609s] Invoked command in '/home/yjy/ican_shoot/ican_shoot/build/navigation2' returned '0': CMAKE_PREFIX_PATH=${CMAKE_PREFIX_PATH}:/opt/ros/humble /usr/bin/cmake /home/yjy/ican_shoot/ican_shoot/src/navigation2 -DAMENT_CMAKE_SYMLINK_INSTALL=1 -DCMAKE_INSTALL_PREFIX=/home/yjy/ican_shoot/ican_shoot/install/navigation2
[0.609s] Invoking command in '/home/yjy/ican_shoot/ican_shoot/build/navigation2': CMAKE_PREFIX_PATH=${CMAKE_PREFIX_PATH}:/opt/ros/humble /usr/bin/cmake --build /home/yjy/ican_shoot/ican_shoot/build/navigation2 -- -j4 -l4
[0.669s] Invoked command in '/home/yjy/ican_shoot/ican_shoot/build/navigation2' returned '0': CMAKE_PREFIX_PATH=${CMAKE_PREFIX_PATH}:/opt/ros/humble /usr/bin/cmake --build /home/yjy/ican_shoot/ican_shoot/build/navigation2 -- -j4 -l4
[0.688s] Invoking command in '/home/yjy/ican_shoot/ican_shoot/build/navigation2': CMAKE_PREFIX_PATH=${CMAKE_PREFIX_PATH}:/opt/ros/humble /usr/bin/cmake --install /home/yjy/ican_shoot/ican_shoot/build/navigation2
[0.701s] -- Install configuration: ""
[0.701s] -- Execute custom install script
[0.703s] -- Symlinking: /home/yjy/ican_shoot/ican_shoot/install/navigation2/share/ament_index/resource_index/package_run_dependencies/navigation2
[0.721s] -- Symlinking: /home/yjy/ican_shoot/ican_shoot/install/navigation2/share/ament_index/resource_index/parent_prefix_path/navigation2
[0.733s] -- Symlinking: /home/yjy/ican_shoot/ican_shoot/install/navigation2/share/navigation2/environment/ament_prefix_path.sh
[0.748s] -- Symlinking: /home/yjy/ican_shoot/ican_shoot/install/navigation2/share/navigation2/environment/ament_prefix_path.dsv
[0.762s] -- Symlinking: /home/yjy/ican_shoot/ican_shoot/install/navigation2/share/navigation2/environment/path.sh
[0.782s] -- Symlinking: /home/yjy/ican_shoot/ican_shoot/install/navigation2/share/navigation2/environment/path.dsv
[0.794s] -- Symlinking: /home/yjy/ican_shoot/ican_shoot/install/navigation2/share/navigation2/local_setup.bash
[0.808s] -- Symlinking: /home/yjy/ican_shoot/ican_shoot/install/navigation2/share/navigation2/local_setup.sh
[0.824s] -- Symlinking: /home/yjy/ican_shoot/ican_shoot/install/navigation2/share/navigation2/local_setup.zsh
[0.836s] -- Symlinking: /home/yjy/ican_shoot/ican_shoot/install/navigation2/share/navigation2/local_setup.dsv
[0.849s] -- Symlinking: /home/yjy/ican_shoot/ican_shoot/install/navigation2/share/navigation2/package.dsv
[0.862s] -- Symlinking: /home/yjy/ican_shoot/ican_shoot/install/navigation2/share/ament_index/resource_index/packages/navigation2
[0.881s] -- Symlinking: /home/yjy/ican_shoot/ican_shoot/install/navigation2/share/navigation2/cmake/navigation2Config.cmake
[0.898s] -- Symlinking: /home/yjy/ican_shoot/ican_shoot/install/navigation2/share/navigation2/cmake/navigation2Config-version.cmake
[0.917s] -- Symlinking: /home/yjy/ican_shoot/ican_shoot/install/navigation2/share/navigation2/package.xml
[0.938s] Invoked command in '/home/yjy/ican_shoot/ican_shoot/build/navigation2' returned '0': CMAKE_PREFIX_PATH=${CMAKE_PREFIX_PATH}:/opt/ros/humble /usr/bin/cmake --install /home/yjy/ican_shoot/ican_shoot/build/navigation2
