[2.911s] Invoking command in '/home/yjy/ican_shoot/ican_shoot/src/ican_example_ring_aim': PYTHONPATH=/home/yjy/ican_shoot/ican_shoot/build/ican_example_ring_aim/prefix_override:/usr/lib/python3/dist-packages/colcon_core/task/python/colcon_distutils_commands:/home/yjy/ican_shoot/ican_shoot/install/ican_example_ring_aim/lib/python3.10/site-packages:${PYTHONPATH} /usr/bin/python3 -W ignore:setup.py install is deprecated -W ignore:easy_install command is deprecated setup.py egg_info --egg-base ../../build/ican_example_ring_aim build --build-base /home/yjy/ican_shoot/ican_shoot/build/ican_example_ring_aim/build install --record /home/yjy/ican_shoot/ican_shoot/build/ican_example_ring_aim/install.log --install-scripts $base/lib/ican_example_ring_aim --single-version-externally-managed install_data
[3.370s] running egg_info
[3.370s] writing ../../build/ican_example_ring_aim/ican_example_ring_aim.egg-info/PKG-INFO
[3.370s] writing dependency_links to ../../build/ican_example_ring_aim/ican_example_ring_aim.egg-info/dependency_links.txt
[3.371s] writing entry points to ../../build/ican_example_ring_aim/ican_example_ring_aim.egg-info/entry_points.txt
[3.372s] writing requirements to ../../build/ican_example_ring_aim/ican_example_ring_aim.egg-info/requires.txt
[3.373s] writing top-level names to ../../build/ican_example_ring_aim/ican_example_ring_aim.egg-info/top_level.txt
[3.380s] reading manifest file '../../build/ican_example_ring_aim/ican_example_ring_aim.egg-info/SOURCES.txt'
[3.386s] writing manifest file '../../build/ican_example_ring_aim/ican_example_ring_aim.egg-info/SOURCES.txt'
[3.387s] running build
[3.387s] running build_py
[3.395s] running install
[3.395s] running install_lib
[3.399s] running install_data
[3.404s] running install_egg_info
[3.408s] removing '/home/yjy/ican_shoot/ican_shoot/install/ican_example_ring_aim/lib/python3.10/site-packages/ican_example_ring_aim-0.1.0-py3.10.egg-info' (and everything under it)
[3.408s] Copying ../../build/ican_example_ring_aim/ican_example_ring_aim.egg-info to /home/yjy/ican_shoot/ican_shoot/install/ican_example_ring_aim/lib/python3.10/site-packages/ican_example_ring_aim-0.1.0-py3.10.egg-info
[3.412s] running install_scripts
[3.476s] Installing ring_aim_node script to /home/yjy/ican_shoot/ican_shoot/install/ican_example_ring_aim/lib/ican_example_ring_aim
[3.481s] writing list of installed files to '/home/yjy/ican_shoot/ican_shoot/build/ican_example_ring_aim/install.log'
[3.605s] Invoked command in '/home/yjy/ican_shoot/ican_shoot/src/ican_example_ring_aim' returned '0': PYTHONPATH=/home/yjy/ican_shoot/ican_shoot/build/ican_example_ring_aim/prefix_override:/usr/lib/python3/dist-packages/colcon_core/task/python/colcon_distutils_commands:/home/yjy/ican_shoot/ican_shoot/install/ican_example_ring_aim/lib/python3.10/site-packages:${PYTHONPATH} /usr/bin/python3 -W ignore:setup.py install is deprecated -W ignore:easy_install command is deprecated setup.py egg_info --egg-base ../../build/ican_example_ring_aim build --build-base /home/yjy/ican_shoot/ican_shoot/build/ican_example_ring_aim/build install --record /home/yjy/ican_shoot/ican_shoot/build/ican_example_ring_aim/install.log --install-scripts $base/lib/ican_example_ring_aim --single-version-externally-managed install_data
