[0.000000] (-) TimerEvent: {}
[0.001668] (ican_example_ring_aim) JobQueued: {'identifier': 'ican_example_ring_aim', 'dependencies': OrderedDict()}
[0.002074] (ican_referee_system) JobQueued: {'identifier': 'ican_referee_system', 'dependencies': OrderedDict()}
[0.002107] (navigation2) JobQueued: {'identifier': 'navigation2', 'dependencies': OrderedDict()}
[0.002121] (nav2_bringup) JobQueued: {'identifier': 'nav2_bringup', 'dependencies': OrderedDict([('navigation2', '/home/yjy/ican_shoot/ican_shoot/install/navigation2')])}
[0.002136] (ican_example_navigation) JobQueued: {'identifier': 'ican_example_navigation', 'dependencies': OrderedDict([('navigation2', '/home/yjy/ican_shoot/ican_shoot/install/navigation2'), ('nav2_bringup', '/home/yjy/ican_shoot/ican_shoot/install/nav2_bringup')])}
[0.002154] (ican_example_mission) JobQueued: {'identifier': 'ican_example_mission', 'dependencies': OrderedDict([('ican_example_ring_aim', '/home/yjy/ican_shoot/ican_shoot/install/ican_example_ring_aim'), ('ican_referee_system', '/home/yjy/ican_shoot/ican_shoot/install/ican_referee_system'), ('navigation2', '/home/yjy/ican_shoot/ican_shoot/install/navigation2'), ('nav2_bringup', '/home/yjy/ican_shoot/ican_shoot/install/nav2_bringup'), ('ican_example_navigation', '/home/yjy/ican_shoot/ican_shoot/install/ican_example_navigation')])}
[0.002173] (navigation2) JobStarted: {'identifier': 'navigation2'}
[0.023377] (ican_example_ring_aim) JobStarted: {'identifier': 'ican_example_ring_aim'}
[0.031948] (ican_referee_system) JobStarted: {'identifier': 'ican_referee_system'}
[0.042742] (navigation2) JobProgress: {'identifier': 'navigation2', 'progress': 'cmake'}
[0.050026] (navigation2) JobProgress: {'identifier': 'navigation2', 'progress': 'build'}
[0.050083] (navigation2) Command: {'cmd': ['/usr/bin/cmake', '--build', '/home/yjy/ican_shoot/ican_shoot/build/navigation2', '--', '-j4', '-l4'], 'cwd': '/home/yjy/ican_shoot/ican_shoot/build/navigation2', 'env': OrderedDict([('PYTHONIOENCODING', 'utf-8'), ('ZAI_OAUTH_CLIENT_ID', 'client_P8X5CMWmlaRO9gyO-KSqtg'), ('ZCODE_DESKTOP_CONTEXT_PROMPT_ENABLED', '1'), ('USER', 'yjy'), ('SSH_CLIENT', '192.168.107.1 50102 22'), ('GIT_EDITOR', 'true'), ('XDG_SESSION_TYPE', 'tty'), ('SHLVL', '0'), ('LD_LIBRARY_PATH', '/opt/ican_shoot_sim/lib:/usr/lib/x86_64-linux-gnu/gazebo-11/plugins:/opt/ros/humble/opt/rviz_ogre_vendor/lib:/opt/ros/humble/lib/x86_64-linux-gnu:/opt/ros/humble/lib'), ('MOTD_SHOWN', 'pam'), ('HOME', '/home/yjy'), ('ZCODE_SERVICE_AUTHORITY_MODE', 'desktop-attached-remote'), ('OLDPWD', '/home/yjy/ican_shoot/ican_shoot'), ('ZAI_OAUTH_ORIGIN', 'https://chat.z.ai'), ('ZCODE_APP_VERSION', '3.14.3'), ('ROS_PYTHON_VERSION', '3'), ('ZCODE_SERVER_RUNTIME_ROOT', '/home/yjy/.zcode/server'), ('LC_CTYPE', 'en_US.UTF-8'), ('DBUS_SESSION_BUS_ADDRESS', 'unix:path=/run/user/1000/bus'), ('COLCON_PREFIX_PATH', '/opt/ican_shoot_sim'), ('ROS_DISTRO', 'humble'), ('LOGNAME', 'yjy'), ('ZCODE_RUNTIME_ENV', 'production'), ('ZCODE_PERSONAL_PROVIDER_CONFIG_FILE', '/home/yjy/.zcode/v2/provider_config.json'), ('_', '/usr/bin/colcon'), ('ROS_VERSION', '2'), ('XDG_SESSION_CLASS', 'user'), ('ZCODE_BUILTIN_PROVIDER_CONFIG_FILE', '/home/yjy/.zcode/v2/runtime/provider/linux-x86_64/3.14.3/endpoint-78d7c3bef4024722642626fe3669a799/zcode-builtin.json'), ('ZAI_BUSINESS_BASE_URL', 'https://api.z.ai'), ('TERM', 'dumb'), ('XDG_SESSION_ID', '4'), ('ROS_LOCALHOST_ONLY', '0'), ('PATH', '/opt/ros/humble/bin:/usr/local/sbin:/usr/local/bin:/usr/sbin:/usr/bin:/sbin:/bin:/usr/games:/usr/local/games:/snap/bin:/home/yjy/.zcode/server/tools/bfs:/home/yjy/.zcode/server/tools/ripgrep:/home/yjy/.zcode/server/tools/ugrep'), ('XDG_RUNTIME_DIR', '/run/user/1000'), ('ZCODE_BFS_BINARY', '/home/yjy/.zcode/server/tools/bfs/bfs'), ('LANG', 'en_US.UTF-8'), ('AMENT_PREFIX_PATH', '/opt/ican_shoot_sim:/opt/ros/humble'), ('SHELL', '/bin/bash'), ('PYTHONUTF8', '1'), ('ZCODE_WORKSPACE_IDENTITY', 'remote:ssh:192.168.107.148:22:yjy:/home/yjy/ican_shoot'), ('PWD', '/home/yjy/ican_shoot/ican_shoot/build/navigation2'), ('LC_ALL', 'en_US.UTF-8'), ('ZCODE_BASE_URL', 'https://zcode.z.ai'), ('SSH_CONNECTION', '192.168.107.1 50102 192.168.107.148 22'), ('ZCODE_RG_BINARY', '/home/yjy/.zcode/server/tools/ripgrep/rg'), ('PYTHONPATH', '/opt/ican_shoot_sim/lib/python3.10/site-packages:/opt/ros/humble/lib/python3.10/site-packages:/opt/ros/humble/local/lib/python3.10/dist-packages'), ('ZCODE_UGREP_BINARY', '/home/yjy/.zcode/server/tools/ugrep/ugrep'), ('ZCODE_ENV', 'production'), ('COLCON', '1'), ('CMAKE_PREFIX_PATH', '/opt/ican_shoot_sim:/opt/ros/humble')]), 'shell': False}
[0.102647] (-) TimerEvent: {}
[0.203492] (-) TimerEvent: {}
[0.303919] (-) TimerEvent: {}
[0.404218] (-) TimerEvent: {}
[0.504990] (-) TimerEvent: {}
[0.605275] (-) TimerEvent: {}
[0.676427] (navigation2) CommandEnded: {'returncode': 0}
[0.701434] (navigation2) JobProgress: {'identifier': 'navigation2', 'progress': 'install'}
[0.706504] (-) TimerEvent: {}
[0.715946] (navigation2) Command: {'cmd': ['/usr/bin/cmake', '--install', '/home/yjy/ican_shoot/ican_shoot/build/navigation2'], 'cwd': '/home/yjy/ican_shoot/ican_shoot/build/navigation2', 'env': OrderedDict([('PYTHONIOENCODING', 'utf-8'), ('ZAI_OAUTH_CLIENT_ID', 'client_P8X5CMWmlaRO9gyO-KSqtg'), ('ZCODE_DESKTOP_CONTEXT_PROMPT_ENABLED', '1'), ('USER', 'yjy'), ('SSH_CLIENT', '192.168.107.1 50102 22'), ('GIT_EDITOR', 'true'), ('XDG_SESSION_TYPE', 'tty'), ('SHLVL', '0'), ('LD_LIBRARY_PATH', '/opt/ican_shoot_sim/lib:/usr/lib/x86_64-linux-gnu/gazebo-11/plugins:/opt/ros/humble/opt/rviz_ogre_vendor/lib:/opt/ros/humble/lib/x86_64-linux-gnu:/opt/ros/humble/lib'), ('MOTD_SHOWN', 'pam'), ('HOME', '/home/yjy'), ('ZCODE_SERVICE_AUTHORITY_MODE', 'desktop-attached-remote'), ('OLDPWD', '/home/yjy/ican_shoot/ican_shoot'), ('ZAI_OAUTH_ORIGIN', 'https://chat.z.ai'), ('ZCODE_APP_VERSION', '3.14.3'), ('ROS_PYTHON_VERSION', '3'), ('ZCODE_SERVER_RUNTIME_ROOT', '/home/yjy/.zcode/server'), ('LC_CTYPE', 'en_US.UTF-8'), ('DBUS_SESSION_BUS_ADDRESS', 'unix:path=/run/user/1000/bus'), ('COLCON_PREFIX_PATH', '/opt/ican_shoot_sim'), ('ROS_DISTRO', 'humble'), ('LOGNAME', 'yjy'), ('ZCODE_RUNTIME_ENV', 'production'), ('ZCODE_PERSONAL_PROVIDER_CONFIG_FILE', '/home/yjy/.zcode/v2/provider_config.json'), ('_', '/usr/bin/colcon'), ('ROS_VERSION', '2'), ('XDG_SESSION_CLASS', 'user'), ('ZCODE_BUILTIN_PROVIDER_CONFIG_FILE', '/home/yjy/.zcode/v2/runtime/provider/linux-x86_64/3.14.3/endpoint-78d7c3bef4024722642626fe3669a799/zcode-builtin.json'), ('ZAI_BUSINESS_BASE_URL', 'https://api.z.ai'), ('TERM', 'dumb'), ('XDG_SESSION_ID', '4'), ('ROS_LOCALHOST_ONLY', '0'), ('PATH', '/opt/ros/humble/bin:/usr/local/sbin:/usr/local/bin:/usr/sbin:/usr/bin:/sbin:/bin:/usr/games:/usr/local/games:/snap/bin:/home/yjy/.zcode/server/tools/bfs:/home/yjy/.zcode/server/tools/ripgrep:/home/yjy/.zcode/server/tools/ugrep'), ('XDG_RUNTIME_DIR', '/run/user/1000'), ('ZCODE_BFS_BINARY', '/home/yjy/.zcode/server/tools/bfs/bfs'), ('LANG', 'en_US.UTF-8'), ('AMENT_PREFIX_PATH', '/opt/ican_shoot_sim:/opt/ros/humble'), ('SHELL', '/bin/bash'), ('PYTHONUTF8', '1'), ('ZCODE_WORKSPACE_IDENTITY', 'remote:ssh:192.168.107.148:22:yjy:/home/yjy/ican_shoot'), ('PWD', '/home/yjy/ican_shoot/ican_shoot/build/navigation2'), ('LC_ALL', 'en_US.UTF-8'), ('ZCODE_BASE_URL', 'https://zcode.z.ai'), ('SSH_CONNECTION', '192.168.107.1 50102 192.168.107.148 22'), ('ZCODE_RG_BINARY', '/home/yjy/.zcode/server/tools/ripgrep/rg'), ('PYTHONPATH', '/opt/ican_shoot_sim/lib/python3.10/site-packages:/opt/ros/humble/lib/python3.10/site-packages:/opt/ros/humble/local/lib/python3.10/dist-packages'), ('ZCODE_UGREP_BINARY', '/home/yjy/.zcode/server/tools/ugrep/ugrep'), ('ZCODE_ENV', 'production'), ('COLCON', '1'), ('CMAKE_PREFIX_PATH', '/opt/ican_shoot_sim:/opt/ros/humble')]), 'shell': False}
[0.728509] (navigation2) StdoutLine: {'line': b'-- Install configuration: ""\n'}
[0.730517] (navigation2) StdoutLine: {'line': b'-- Execute custom install script\n'}
[0.730675] (navigation2) StdoutLine: {'line': b'-- Up-to-date symlink: /home/yjy/ican_shoot/ican_shoot/install/navigation2/share/ament_index/resource_index/package_run_dependencies/navigation2\n'}
[0.730950] (navigation2) StdoutLine: {'line': b'-- Up-to-date symlink: /home/yjy/ican_shoot/ican_shoot/install/navigation2/share/ament_index/resource_index/parent_prefix_path/navigation2\n'}
[0.731731] (navigation2) StdoutLine: {'line': b'-- Up-to-date symlink: /home/yjy/ican_shoot/ican_shoot/install/navigation2/share/navigation2/environment/ament_prefix_path.sh\n'}
[0.732332] (navigation2) StdoutLine: {'line': b'-- Up-to-date symlink: /home/yjy/ican_shoot/ican_shoot/install/navigation2/share/navigation2/environment/ament_prefix_path.dsv\n'}
[0.733751] (navigation2) StdoutLine: {'line': b'-- Up-to-date symlink: /home/yjy/ican_shoot/ican_shoot/install/navigation2/share/navigation2/environment/path.sh\n'}
[0.733816] (navigation2) StdoutLine: {'line': b'-- Up-to-date symlink: /home/yjy/ican_shoot/ican_shoot/install/navigation2/share/navigation2/environment/path.dsv\n'}
[0.734031] (navigation2) StdoutLine: {'line': b'-- Up-to-date symlink: /home/yjy/ican_shoot/ican_shoot/install/navigation2/share/navigation2/local_setup.bash\n'}
[0.734473] (navigation2) StdoutLine: {'line': b'-- Up-to-date symlink: /home/yjy/ican_shoot/ican_shoot/install/navigation2/share/navigation2/local_setup.sh\n'}
[0.734838] (navigation2) StdoutLine: {'line': b'-- Up-to-date symlink: /home/yjy/ican_shoot/ican_shoot/install/navigation2/share/navigation2/local_setup.zsh\n'}
[0.735885] (navigation2) StdoutLine: {'line': b'-- Up-to-date symlink: /home/yjy/ican_shoot/ican_shoot/install/navigation2/share/navigation2/local_setup.dsv\n'}
[0.736037] (navigation2) StdoutLine: {'line': b'-- Symlinking: /home/yjy/ican_shoot/ican_shoot/install/navigation2/share/navigation2/package.dsv\n'}
[0.769928] (navigation2) StdoutLine: {'line': b'-- Up-to-date symlink: /home/yjy/ican_shoot/ican_shoot/install/navigation2/share/ament_index/resource_index/packages/navigation2\n'}
[0.770749] (navigation2) StdoutLine: {'line': b'-- Up-to-date symlink: /home/yjy/ican_shoot/ican_shoot/install/navigation2/share/navigation2/cmake/navigation2Config.cmake\n'}
[0.770896] (navigation2) StdoutLine: {'line': b'-- Up-to-date symlink: /home/yjy/ican_shoot/ican_shoot/install/navigation2/share/navigation2/cmake/navigation2Config-version.cmake\n'}
[0.772442] (navigation2) StdoutLine: {'line': b'-- Up-to-date symlink: /home/yjy/ican_shoot/ican_shoot/install/navigation2/share/navigation2/package.xml\n'}
[0.772497] (navigation2) CommandEnded: {'returncode': 0}
[0.808478] (-) TimerEvent: {}
[0.823632] (navigation2) JobEnded: {'identifier': 'navigation2', 'rc': 0}
[0.824082] (nav2_bringup) JobStarted: {'identifier': 'nav2_bringup'}
[0.840795] (nav2_bringup) JobProgress: {'identifier': 'nav2_bringup', 'progress': 'cmake'}
[0.843958] (nav2_bringup) JobProgress: {'identifier': 'nav2_bringup', 'progress': 'build'}
[0.844037] (nav2_bringup) Command: {'cmd': ['/usr/bin/cmake', '--build', '/home/yjy/ican_shoot/ican_shoot/build/nav2_bringup', '--', '-j4', '-l4'], 'cwd': '/home/yjy/ican_shoot/ican_shoot/build/nav2_bringup', 'env': OrderedDict([('PYTHONIOENCODING', 'utf-8'), ('ZAI_OAUTH_CLIENT_ID', 'client_P8X5CMWmlaRO9gyO-KSqtg'), ('ZCODE_DESKTOP_CONTEXT_PROMPT_ENABLED', '1'), ('USER', 'yjy'), ('SSH_CLIENT', '192.168.107.1 50102 22'), ('GIT_EDITOR', 'true'), ('XDG_SESSION_TYPE', 'tty'), ('SHLVL', '0'), ('LD_LIBRARY_PATH', '/opt/ican_shoot_sim/lib:/usr/lib/x86_64-linux-gnu/gazebo-11/plugins:/opt/ros/humble/opt/rviz_ogre_vendor/lib:/opt/ros/humble/lib/x86_64-linux-gnu:/opt/ros/humble/lib'), ('MOTD_SHOWN', 'pam'), ('HOME', '/home/yjy'), ('ZCODE_SERVICE_AUTHORITY_MODE', 'desktop-attached-remote'), ('OLDPWD', '/home/yjy/ican_shoot/ican_shoot'), ('ZAI_OAUTH_ORIGIN', 'https://chat.z.ai'), ('ZCODE_APP_VERSION', '3.14.3'), ('ROS_PYTHON_VERSION', '3'), ('ZCODE_SERVER_RUNTIME_ROOT', '/home/yjy/.zcode/server'), ('LC_CTYPE', 'en_US.UTF-8'), ('DBUS_SESSION_BUS_ADDRESS', 'unix:path=/run/user/1000/bus'), ('COLCON_PREFIX_PATH', '/opt/ican_shoot_sim'), ('ROS_DISTRO', 'humble'), ('LOGNAME', 'yjy'), ('ZCODE_RUNTIME_ENV', 'production'), ('ZCODE_PERSONAL_PROVIDER_CONFIG_FILE', '/home/yjy/.zcode/v2/provider_config.json'), ('_', '/usr/bin/colcon'), ('ROS_VERSION', '2'), ('XDG_SESSION_CLASS', 'user'), ('ZCODE_BUILTIN_PROVIDER_CONFIG_FILE', '/home/yjy/.zcode/v2/runtime/provider/linux-x86_64/3.14.3/endpoint-78d7c3bef4024722642626fe3669a799/zcode-builtin.json'), ('ZAI_BUSINESS_BASE_URL', 'https://api.z.ai'), ('TERM', 'dumb'), ('XDG_SESSION_ID', '4'), ('ROS_LOCALHOST_ONLY', '0'), ('PATH', '/opt/ros/humble/bin:/usr/local/sbin:/usr/local/bin:/usr/sbin:/usr/bin:/sbin:/bin:/usr/games:/usr/local/games:/snap/bin:/home/yjy/.zcode/server/tools/bfs:/home/yjy/.zcode/server/tools/ripgrep:/home/yjy/.zcode/server/tools/ugrep'), ('XDG_RUNTIME_DIR', '/run/user/1000'), ('ZCODE_BFS_BINARY', '/home/yjy/.zcode/server/tools/bfs/bfs'), ('LANG', 'en_US.UTF-8'), ('AMENT_PREFIX_PATH', '/home/yjy/ican_shoot/ican_shoot/install/navigation2:/opt/ican_shoot_sim:/opt/ros/humble'), ('SHELL', '/bin/bash'), ('PYTHONUTF8', '1'), ('ZCODE_WORKSPACE_IDENTITY', 'remote:ssh:192.168.107.148:22:yjy:/home/yjy/ican_shoot'), ('PWD', '/home/yjy/ican_shoot/ican_shoot/build/nav2_bringup'), ('LC_ALL', 'en_US.UTF-8'), ('ZCODE_BASE_URL', 'https://zcode.z.ai'), ('SSH_CONNECTION', '192.168.107.1 50102 192.168.107.148 22'), ('ZCODE_RG_BINARY', '/home/yjy/.zcode/server/tools/ripgrep/rg'), ('PYTHONPATH', '/opt/ican_shoot_sim/lib/python3.10/site-packages:/opt/ros/humble/lib/python3.10/site-packages:/opt/ros/humble/local/lib/python3.10/dist-packages'), ('ZCODE_UGREP_BINARY', '/home/yjy/.zcode/server/tools/ugrep/ugrep'), ('ZCODE_ENV', 'production'), ('COLCON', '1'), ('CMAKE_PREFIX_PATH', '/home/yjy/ican_shoot/ican_shoot/install/navigation2:/opt/ican_shoot_sim:/opt/ros/humble')]), 'shell': False}
[0.909140] (-) TimerEvent: {}
[0.942626] (nav2_bringup) CommandEnded: {'returncode': 0}
[0.950313] (nav2_bringup) JobProgress: {'identifier': 'nav2_bringup', 'progress': 'install'}
[0.950429] (nav2_bringup) Command: {'cmd': ['/usr/bin/cmake', '--install', '/home/yjy/ican_shoot/ican_shoot/build/nav2_bringup'], 'cwd': '/home/yjy/ican_shoot/ican_shoot/build/nav2_bringup', 'env': OrderedDict([('PYTHONIOENCODING', 'utf-8'), ('ZAI_OAUTH_CLIENT_ID', 'client_P8X5CMWmlaRO9gyO-KSqtg'), ('ZCODE_DESKTOP_CONTEXT_PROMPT_ENABLED', '1'), ('USER', 'yjy'), ('SSH_CLIENT', '192.168.107.1 50102 22'), ('GIT_EDITOR', 'true'), ('XDG_SESSION_TYPE', 'tty'), ('SHLVL', '0'), ('LD_LIBRARY_PATH', '/opt/ican_shoot_sim/lib:/usr/lib/x86_64-linux-gnu/gazebo-11/plugins:/opt/ros/humble/opt/rviz_ogre_vendor/lib:/opt/ros/humble/lib/x86_64-linux-gnu:/opt/ros/humble/lib'), ('MOTD_SHOWN', 'pam'), ('HOME', '/home/yjy'), ('ZCODE_SERVICE_AUTHORITY_MODE', 'desktop-attached-remote'), ('OLDPWD', '/home/yjy/ican_shoot/ican_shoot'), ('ZAI_OAUTH_ORIGIN', 'https://chat.z.ai'), ('ZCODE_APP_VERSION', '3.14.3'), ('ROS_PYTHON_VERSION', '3'), ('ZCODE_SERVER_RUNTIME_ROOT', '/home/yjy/.zcode/server'), ('LC_CTYPE', 'en_US.UTF-8'), ('DBUS_SESSION_BUS_ADDRESS', 'unix:path=/run/user/1000/bus'), ('COLCON_PREFIX_PATH', '/opt/ican_shoot_sim'), ('ROS_DISTRO', 'humble'), ('LOGNAME', 'yjy'), ('ZCODE_RUNTIME_ENV', 'production'), ('ZCODE_PERSONAL_PROVIDER_CONFIG_FILE', '/home/yjy/.zcode/v2/provider_config.json'), ('_', '/usr/bin/colcon'), ('ROS_VERSION', '2'), ('XDG_SESSION_CLASS', 'user'), ('ZCODE_BUILTIN_PROVIDER_CONFIG_FILE', '/home/yjy/.zcode/v2/runtime/provider/linux-x86_64/3.14.3/endpoint-78d7c3bef4024722642626fe3669a799/zcode-builtin.json'), ('ZAI_BUSINESS_BASE_URL', 'https://api.z.ai'), ('TERM', 'dumb'), ('XDG_SESSION_ID', '4'), ('ROS_LOCALHOST_ONLY', '0'), ('PATH', '/opt/ros/humble/bin:/usr/local/sbin:/usr/local/bin:/usr/sbin:/usr/bin:/sbin:/bin:/usr/games:/usr/local/games:/snap/bin:/home/yjy/.zcode/server/tools/bfs:/home/yjy/.zcode/server/tools/ripgrep:/home/yjy/.zcode/server/tools/ugrep'), ('XDG_RUNTIME_DIR', '/run/user/1000'), ('ZCODE_BFS_BINARY', '/home/yjy/.zcode/server/tools/bfs/bfs'), ('LANG', 'en_US.UTF-8'), ('AMENT_PREFIX_PATH', '/home/yjy/ican_shoot/ican_shoot/install/navigation2:/opt/ican_shoot_sim:/opt/ros/humble'), ('SHELL', '/bin/bash'), ('PYTHONUTF8', '1'), ('ZCODE_WORKSPACE_IDENTITY', 'remote:ssh:192.168.107.148:22:yjy:/home/yjy/ican_shoot'), ('PWD', '/home/yjy/ican_shoot/ican_shoot/build/nav2_bringup'), ('LC_ALL', 'en_US.UTF-8'), ('ZCODE_BASE_URL', 'https://zcode.z.ai'), ('SSH_CONNECTION', '192.168.107.1 50102 192.168.107.148 22'), ('ZCODE_RG_BINARY', '/home/yjy/.zcode/server/tools/ripgrep/rg'), ('PYTHONPATH', '/opt/ican_shoot_sim/lib/python3.10/site-packages:/opt/ros/humble/lib/python3.10/site-packages:/opt/ros/humble/local/lib/python3.10/dist-packages'), ('ZCODE_UGREP_BINARY', '/home/yjy/.zcode/server/tools/ugrep/ugrep'), ('ZCODE_ENV', 'production'), ('COLCON', '1'), ('CMAKE_PREFIX_PATH', '/home/yjy/ican_shoot/ican_shoot/install/navigation2:/opt/ican_shoot_sim:/opt/ros/humble')]), 'shell': False}
[0.964949] (nav2_bringup) StdoutLine: {'line': b'-- Install configuration: "Release"\n'}
[0.965443] (nav2_bringup) StdoutLine: {'line': b'-- Execute custom install script\n'}
[0.966797] (nav2_bringup) StdoutLine: {'line': b'-- Up-to-date symlink: /home/yjy/ican_shoot/ican_shoot/install/nav2_bringup/share/nav2_bringup/launch/bringup_launch.py\n'}
[0.968409] (nav2_bringup) StdoutLine: {'line': b'-- Up-to-date symlink: /home/yjy/ican_shoot/ican_shoot/install/nav2_bringup/share/nav2_bringup/launch/cloned_multi_tb3_simulation_launch.py\n'}
[0.971863] (nav2_bringup) StdoutLine: {'line': b'-- Up-to-date symlink: /home/yjy/ican_shoot/ican_shoot/install/nav2_bringup/share/nav2_bringup/launch/localization_launch.py\n'}
[0.972119] (nav2_bringup) StdoutLine: {'line': b'-- Up-to-date symlink: /home/yjy/ican_shoot/ican_shoot/install/nav2_bringup/share/nav2_bringup/launch/navigation_launch.py\n'}
[0.973618] (nav2_bringup) StdoutLine: {'line': b'-- Up-to-date symlink: /home/yjy/ican_shoot/ican_shoot/install/nav2_bringup/share/nav2_bringup/launch/rviz_launch.py\n'}
[0.974289] (nav2_bringup) StdoutLine: {'line': b'-- Up-to-date symlink: /home/yjy/ican_shoot/ican_shoot/install/nav2_bringup/share/nav2_bringup/launch/slam_launch.py\n'}
[0.974326] (nav2_bringup) StdoutLine: {'line': b'-- Up-to-date symlink: /home/yjy/ican_shoot/ican_shoot/install/nav2_bringup/share/nav2_bringup/launch/tb3_simulation_launch.py\n'}
[0.974707] (nav2_bringup) StdoutLine: {'line': b'-- Up-to-date symlink: /home/yjy/ican_shoot/ican_shoot/install/nav2_bringup/share/nav2_bringup/launch/unique_multi_tb3_simulation_launch.py\n'}
[0.975274] (nav2_bringup) StdoutLine: {'line': b'-- Up-to-date symlink: /home/yjy/ican_shoot/ican_shoot/install/nav2_bringup/share/nav2_bringup/maps/turtlebot3_world.pgm\n'}
[0.975803] (nav2_bringup) StdoutLine: {'line': b'-- Up-to-date symlink: /home/yjy/ican_shoot/ican_shoot/install/nav2_bringup/share/nav2_bringup/maps/turtlebot3_world.yaml\n'}
[0.976946] (nav2_bringup) StdoutLine: {'line': b'-- Up-to-date symlink: /home/yjy/ican_shoot/ican_shoot/install/nav2_bringup/share/nav2_bringup/rviz/nav2_default_view.rviz\n'}
[0.978382] (nav2_bringup) StdoutLine: {'line': b'-- Up-to-date symlink: /home/yjy/ican_shoot/ican_shoot/install/nav2_bringup/share/nav2_bringup/rviz/nav2_namespaced_view.rviz\n'}
[0.979247] (nav2_bringup) StdoutLine: {'line': b'-- Up-to-date symlink: /home/yjy/ican_shoot/ican_shoot/install/nav2_bringup/share/nav2_bringup/worlds/waffle.model\n'}
[0.980472] (nav2_bringup) StdoutLine: {'line': b'-- Up-to-date symlink: /home/yjy/ican_shoot/ican_shoot/install/nav2_bringup/share/nav2_bringup/worlds/world_only.model\n'}
[0.984568] (nav2_bringup) StdoutLine: {'line': b'-- Up-to-date symlink: /home/yjy/ican_shoot/ican_shoot/install/nav2_bringup/share/nav2_bringup/params/nav2_multirobot_params_1.yaml\n'}
[0.986659] (nav2_bringup) StdoutLine: {'line': b'-- Up-to-date symlink: /home/yjy/ican_shoot/ican_shoot/install/nav2_bringup/share/nav2_bringup/params/nav2_multirobot_params_2.yaml\n'}
[0.987241] (nav2_bringup) StdoutLine: {'line': b'-- Up-to-date symlink: /home/yjy/ican_shoot/ican_shoot/install/nav2_bringup/share/nav2_bringup/params/nav2_multirobot_params_all.yaml\n'}
[0.987447] (nav2_bringup) StdoutLine: {'line': b'-- Up-to-date symlink: /home/yjy/ican_shoot/ican_shoot/install/nav2_bringup/share/nav2_bringup/params/nav2_params.yaml\n'}
[0.988805] (nav2_bringup) StdoutLine: {'line': b'-- Up-to-date symlink: /home/yjy/ican_shoot/ican_shoot/install/nav2_bringup/share/nav2_bringup/urdf/turtlebot3_waffle.urdf\n'}
[0.989330] (nav2_bringup) StdoutLine: {'line': b'-- Up-to-date symlink: /home/yjy/ican_shoot/ican_shoot/install/nav2_bringup/share/ament_index/resource_index/package_run_dependencies/nav2_bringup\n'}
[0.989885] (nav2_bringup) StdoutLine: {'line': b'-- Up-to-date symlink: /home/yjy/ican_shoot/ican_shoot/install/nav2_bringup/share/ament_index/resource_index/parent_prefix_path/nav2_bringup\n'}
[0.990564] (nav2_bringup) StdoutLine: {'line': b'-- Up-to-date symlink: /home/yjy/ican_shoot/ican_shoot/install/nav2_bringup/share/nav2_bringup/environment/ament_prefix_path.sh\n'}
[0.991025] (nav2_bringup) StdoutLine: {'line': b'-- Up-to-date symlink: /home/yjy/ican_shoot/ican_shoot/install/nav2_bringup/share/nav2_bringup/environment/ament_prefix_path.dsv\n'}
[0.994111] (nav2_bringup) StdoutLine: {'line': b'-- Up-to-date symlink: /home/yjy/ican_shoot/ican_shoot/install/nav2_bringup/share/nav2_bringup/environment/path.sh\n'}
[0.994240] (nav2_bringup) StdoutLine: {'line': b'-- Up-to-date symlink: /home/yjy/ican_shoot/ican_shoot/install/nav2_bringup/share/nav2_bringup/environment/path.dsv\n'}
[0.994279] (nav2_bringup) StdoutLine: {'line': b'-- Up-to-date symlink: /home/yjy/ican_shoot/ican_shoot/install/nav2_bringup/share/nav2_bringup/local_setup.bash\n'}
[0.994309] (nav2_bringup) StdoutLine: {'line': b'-- Up-to-date symlink: /home/yjy/ican_shoot/ican_shoot/install/nav2_bringup/share/nav2_bringup/local_setup.sh\n'}
[0.995371] (nav2_bringup) StdoutLine: {'line': b'-- Up-to-date symlink: /home/yjy/ican_shoot/ican_shoot/install/nav2_bringup/share/nav2_bringup/local_setup.zsh\n'}
[0.995459] (nav2_bringup) StdoutLine: {'line': b'-- Up-to-date symlink: /home/yjy/ican_shoot/ican_shoot/install/nav2_bringup/share/nav2_bringup/local_setup.dsv\n'}
[0.995495] (nav2_bringup) StdoutLine: {'line': b'-- Symlinking: /home/yjy/ican_shoot/ican_shoot/install/nav2_bringup/share/nav2_bringup/package.dsv\n'}
[1.009412] (-) TimerEvent: {}
[1.027051] (nav2_bringup) StdoutLine: {'line': b'-- Up-to-date symlink: /home/yjy/ican_shoot/ican_shoot/install/nav2_bringup/share/ament_index/resource_index/packages/nav2_bringup\n'}
[1.027211] (nav2_bringup) StdoutLine: {'line': b'-- Up-to-date symlink: /home/yjy/ican_shoot/ican_shoot/install/nav2_bringup/share/nav2_bringup/cmake/nav2_bringupConfig.cmake\n'}
[1.027246] (nav2_bringup) StdoutLine: {'line': b'-- Up-to-date symlink: /home/yjy/ican_shoot/ican_shoot/install/nav2_bringup/share/nav2_bringup/cmake/nav2_bringupConfig-version.cmake\n'}
[1.030120] (nav2_bringup) StdoutLine: {'line': b'-- Up-to-date symlink: /home/yjy/ican_shoot/ican_shoot/install/nav2_bringup/share/nav2_bringup/package.xml\n'}
[1.030305] (nav2_bringup) CommandEnded: {'returncode': 0}
[1.057533] (nav2_bringup) JobEnded: {'identifier': 'nav2_bringup', 'rc': 0}
[1.060089] (ican_example_navigation) JobStarted: {'identifier': 'ican_example_navigation'}
[1.111092] (-) TimerEvent: {}
[1.211467] (-) TimerEvent: {}
[1.312082] (-) TimerEvent: {}
[1.413250] (-) TimerEvent: {}
[1.514317] (-) TimerEvent: {}
[1.615596] (-) TimerEvent: {}
[1.717025] (-) TimerEvent: {}
[1.810264] (ican_example_ring_aim) Command: {'cmd': ['/usr/bin/python3', '-W', 'ignore:setup.py install is deprecated', '-W', 'ignore:easy_install command is deprecated', 'setup.py', 'develop', '--editable', '--build-directory', '/home/yjy/ican_shoot/ican_shoot/build/ican_example_ring_aim/build', '--no-deps', 'symlink_data'], 'cwd': '/home/yjy/ican_shoot/ican_shoot/build/ican_example_ring_aim', 'env': OrderedDict([('PYTHONIOENCODING', 'utf-8'), ('ZAI_OAUTH_CLIENT_ID', 'client_P8X5CMWmlaRO9gyO-KSqtg'), ('ZCODE_DESKTOP_CONTEXT_PROMPT_ENABLED', '1'), ('USER', 'yjy'), ('SSH_CLIENT', '192.168.107.1 50102 22'), ('GIT_EDITOR', 'true'), ('XDG_SESSION_TYPE', 'tty'), ('SHLVL', '0'), ('LD_LIBRARY_PATH', '/opt/ican_shoot_sim/lib:/usr/lib/x86_64-linux-gnu/gazebo-11/plugins:/opt/ros/humble/opt/rviz_ogre_vendor/lib:/opt/ros/humble/lib/x86_64-linux-gnu:/opt/ros/humble/lib'), ('MOTD_SHOWN', 'pam'), ('HOME', '/home/yjy'), ('ZCODE_SERVICE_AUTHORITY_MODE', 'desktop-attached-remote'), ('OLDPWD', '/home/yjy/ican_shoot/ican_shoot'), ('ZAI_OAUTH_ORIGIN', 'https://chat.z.ai'), ('ZCODE_APP_VERSION', '3.14.3'), ('ROS_PYTHON_VERSION', '3'), ('ZCODE_SERVER_RUNTIME_ROOT', '/home/yjy/.zcode/server'), ('LC_CTYPE', 'en_US.UTF-8'), ('DBUS_SESSION_BUS_ADDRESS', 'unix:path=/run/user/1000/bus'), ('COLCON_PREFIX_PATH', '/opt/ican_shoot_sim'), ('ROS_DISTRO', 'humble'), ('LOGNAME', 'yjy'), ('ZCODE_RUNTIME_ENV', 'production'), ('ZCODE_PERSONAL_PROVIDER_CONFIG_FILE', '/home/yjy/.zcode/v2/provider_config.json'), ('_', '/usr/bin/colcon'), ('ROS_VERSION', '2'), ('XDG_SESSION_CLASS', 'user'), ('ZCODE_BUILTIN_PROVIDER_CONFIG_FILE', '/home/yjy/.zcode/v2/runtime/provider/linux-x86_64/3.14.3/endpoint-78d7c3bef4024722642626fe3669a799/zcode-builtin.json'), ('ZAI_BUSINESS_BASE_URL', 'https://api.z.ai'), ('TERM', 'dumb'), ('XDG_SESSION_ID', '4'), ('ROS_LOCALHOST_ONLY', '0'), ('PATH', '/opt/ros/humble/bin:/usr/local/sbin:/usr/local/bin:/usr/sbin:/usr/bin:/sbin:/bin:/usr/games:/usr/local/games:/snap/bin:/home/yjy/.zcode/server/tools/bfs:/home/yjy/.zcode/server/tools/ripgrep:/home/yjy/.zcode/server/tools/ugrep'), ('XDG_RUNTIME_DIR', '/run/user/1000'), ('ZCODE_BFS_BINARY', '/home/yjy/.zcode/server/tools/bfs/bfs'), ('LANG', 'en_US.UTF-8'), ('AMENT_PREFIX_PATH', '/opt/ican_shoot_sim:/opt/ros/humble'), ('SHELL', '/bin/bash'), ('PYTHONUTF8', '1'), ('ZCODE_WORKSPACE_IDENTITY', 'remote:ssh:192.168.107.148:22:yjy:/home/yjy/ican_shoot'), ('PWD', '/home/yjy/ican_shoot/ican_shoot/build/ican_example_ring_aim'), ('LC_ALL', 'en_US.UTF-8'), ('ZCODE_BASE_URL', 'https://zcode.z.ai'), ('SSH_CONNECTION', '192.168.107.1 50102 192.168.107.148 22'), ('ZCODE_RG_BINARY', '/home/yjy/.zcode/server/tools/ripgrep/rg'), ('PYTHONPATH', '/home/yjy/ican_shoot/ican_shoot/build/ican_example_ring_aim/prefix_override:/usr/lib/python3/dist-packages/colcon_core/task/python/colcon_distutils_commands:/home/yjy/ican_shoot/ican_shoot/install/ican_example_ring_aim/lib/python3.10/site-packages:/opt/ican_shoot_sim/lib/python3.10/site-packages:/opt/ros/humble/lib/python3.10/site-packages:/opt/ros/humble/local/lib/python3.10/dist-packages'), ('ZCODE_UGREP_BINARY', '/home/yjy/.zcode/server/tools/ugrep/ugrep'), ('ZCODE_ENV', 'production'), ('COLCON', '1'), ('CMAKE_PREFIX_PATH', '/opt/ican_shoot_sim')]), 'shell': False}
[1.817707] (-) TimerEvent: {}
[1.848630] (ican_referee_system) Command: {'cmd': ['/usr/bin/python3', '-W', 'ignore:setup.py install is deprecated', '-W', 'ignore:easy_install command is deprecated', 'setup.py', 'develop', '--editable', '--build-directory', '/home/yjy/ican_shoot/ican_shoot/build/ican_referee_system/build', '--no-deps', 'symlink_data'], 'cwd': '/home/yjy/ican_shoot/ican_shoot/build/ican_referee_system', 'env': OrderedDict([('PYTHONIOENCODING', 'utf-8'), ('ZAI_OAUTH_CLIENT_ID', 'client_P8X5CMWmlaRO9gyO-KSqtg'), ('ZCODE_DESKTOP_CONTEXT_PROMPT_ENABLED', '1'), ('USER', 'yjy'), ('SSH_CLIENT', '192.168.107.1 50102 22'), ('GIT_EDITOR', 'true'), ('XDG_SESSION_TYPE', 'tty'), ('SHLVL', '0'), ('LD_LIBRARY_PATH', '/opt/ican_shoot_sim/lib:/usr/lib/x86_64-linux-gnu/gazebo-11/plugins:/opt/ros/humble/opt/rviz_ogre_vendor/lib:/opt/ros/humble/lib/x86_64-linux-gnu:/opt/ros/humble/lib'), ('MOTD_SHOWN', 'pam'), ('HOME', '/home/yjy'), ('ZCODE_SERVICE_AUTHORITY_MODE', 'desktop-attached-remote'), ('OLDPWD', '/home/yjy/ican_shoot/ican_shoot'), ('ZAI_OAUTH_ORIGIN', 'https://chat.z.ai'), ('ZCODE_APP_VERSION', '3.14.3'), ('ROS_PYTHON_VERSION', '3'), ('ZCODE_SERVER_RUNTIME_ROOT', '/home/yjy/.zcode/server'), ('LC_CTYPE', 'en_US.UTF-8'), ('DBUS_SESSION_BUS_ADDRESS', 'unix:path=/run/user/1000/bus'), ('COLCON_PREFIX_PATH', '/opt/ican_shoot_sim'), ('ROS_DISTRO', 'humble'), ('LOGNAME', 'yjy'), ('ZCODE_RUNTIME_ENV', 'production'), ('ZCODE_PERSONAL_PROVIDER_CONFIG_FILE', '/home/yjy/.zcode/v2/provider_config.json'), ('_', '/usr/bin/colcon'), ('ROS_VERSION', '2'), ('XDG_SESSION_CLASS', 'user'), ('ZCODE_BUILTIN_PROVIDER_CONFIG_FILE', '/home/yjy/.zcode/v2/runtime/provider/linux-x86_64/3.14.3/endpoint-78d7c3bef4024722642626fe3669a799/zcode-builtin.json'), ('ZAI_BUSINESS_BASE_URL', 'https://api.z.ai'), ('TERM', 'dumb'), ('XDG_SESSION_ID', '4'), ('ROS_LOCALHOST_ONLY', '0'), ('PATH', '/opt/ros/humble/bin:/usr/local/sbin:/usr/local/bin:/usr/sbin:/usr/bin:/sbin:/bin:/usr/games:/usr/local/games:/snap/bin:/home/yjy/.zcode/server/tools/bfs:/home/yjy/.zcode/server/tools/ripgrep:/home/yjy/.zcode/server/tools/ugrep'), ('XDG_RUNTIME_DIR', '/run/user/1000'), ('ZCODE_BFS_BINARY', '/home/yjy/.zcode/server/tools/bfs/bfs'), ('LANG', 'en_US.UTF-8'), ('AMENT_PREFIX_PATH', '/opt/ican_shoot_sim:/opt/ros/humble'), ('SHELL', '/bin/bash'), ('PYTHONUTF8', '1'), ('ZCODE_WORKSPACE_IDENTITY', 'remote:ssh:192.168.107.148:22:yjy:/home/yjy/ican_shoot'), ('PWD', '/home/yjy/ican_shoot/ican_shoot/build/ican_referee_system'), ('LC_ALL', 'en_US.UTF-8'), ('ZCODE_BASE_URL', 'https://zcode.z.ai'), ('SSH_CONNECTION', '192.168.107.1 50102 192.168.107.148 22'), ('ZCODE_RG_BINARY', '/home/yjy/.zcode/server/tools/ripgrep/rg'), ('PYTHONPATH', '/home/yjy/ican_shoot/ican_shoot/build/ican_referee_system/prefix_override:/usr/lib/python3/dist-packages/colcon_core/task/python/colcon_distutils_commands:/home/yjy/ican_shoot/ican_shoot/install/ican_referee_system/lib/python3.10/site-packages:/opt/ican_shoot_sim/lib/python3.10/site-packages:/opt/ros/humble/lib/python3.10/site-packages:/opt/ros/humble/local/lib/python3.10/dist-packages'), ('ZCODE_UGREP_BINARY', '/home/yjy/.zcode/server/tools/ugrep/ugrep'), ('ZCODE_ENV', 'production'), ('COLCON', '1'), ('CMAKE_PREFIX_PATH', '/opt/ican_shoot_sim')]), 'shell': False}
[1.918405] (-) TimerEvent: {}
[2.019818] (-) TimerEvent: {}
[2.120051] (-) TimerEvent: {}
[2.210579] (ican_example_ring_aim) StdoutLine: {'line': b'running develop\n'}
[2.220613] (-) TimerEvent: {}
[2.227492] (ican_referee_system) StdoutLine: {'line': b'running develop\n'}
[2.322281] (-) TimerEvent: {}
[2.428006] (ican_example_navigation) Command: {'cmd': ['/usr/bin/python3', '-W', 'ignore:setup.py install is deprecated', '-W', 'ignore:easy_install command is deprecated', 'setup.py', 'develop', '--editable', '--build-directory', '/home/yjy/ican_shoot/ican_shoot/build/ican_example_navigation/build', '--no-deps', 'symlink_data'], 'cwd': '/home/yjy/ican_shoot/ican_shoot/build/ican_example_navigation', 'env': OrderedDict([('PYTHONIOENCODING', 'utf-8'), ('ZAI_OAUTH_CLIENT_ID', 'client_P8X5CMWmlaRO9gyO-KSqtg'), ('ZCODE_DESKTOP_CONTEXT_PROMPT_ENABLED', '1'), ('USER', 'yjy'), ('SSH_CLIENT', '192.168.107.1 50102 22'), ('GIT_EDITOR', 'true'), ('XDG_SESSION_TYPE', 'tty'), ('SHLVL', '0'), ('LD_LIBRARY_PATH', '/opt/ican_shoot_sim/lib:/usr/lib/x86_64-linux-gnu/gazebo-11/plugins:/opt/ros/humble/opt/rviz_ogre_vendor/lib:/opt/ros/humble/lib/x86_64-linux-gnu:/opt/ros/humble/lib'), ('MOTD_SHOWN', 'pam'), ('HOME', '/home/yjy'), ('ZCODE_SERVICE_AUTHORITY_MODE', 'desktop-attached-remote'), ('OLDPWD', '/home/yjy/ican_shoot/ican_shoot'), ('ZAI_OAUTH_ORIGIN', 'https://chat.z.ai'), ('ZCODE_APP_VERSION', '3.14.3'), ('ROS_PYTHON_VERSION', '3'), ('ZCODE_SERVER_RUNTIME_ROOT', '/home/yjy/.zcode/server'), ('LC_CTYPE', 'en_US.UTF-8'), ('DBUS_SESSION_BUS_ADDRESS', 'unix:path=/run/user/1000/bus'), ('COLCON_PREFIX_PATH', '/opt/ican_shoot_sim'), ('ROS_DISTRO', 'humble'), ('LOGNAME', 'yjy'), ('ZCODE_RUNTIME_ENV', 'production'), ('ZCODE_PERSONAL_PROVIDER_CONFIG_FILE', '/home/yjy/.zcode/v2/provider_config.json'), ('_', '/usr/bin/colcon'), ('ROS_VERSION', '2'), ('XDG_SESSION_CLASS', 'user'), ('ZCODE_BUILTIN_PROVIDER_CONFIG_FILE', '/home/yjy/.zcode/v2/runtime/provider/linux-x86_64/3.14.3/endpoint-78d7c3bef4024722642626fe3669a799/zcode-builtin.json'), ('ZAI_BUSINESS_BASE_URL', 'https://api.z.ai'), ('TERM', 'dumb'), ('XDG_SESSION_ID', '4'), ('ROS_LOCALHOST_ONLY', '0'), ('PATH', '/opt/ros/humble/bin:/usr/local/sbin:/usr/local/bin:/usr/sbin:/usr/bin:/sbin:/bin:/usr/games:/usr/local/games:/snap/bin:/home/yjy/.zcode/server/tools/bfs:/home/yjy/.zcode/server/tools/ripgrep:/home/yjy/.zcode/server/tools/ugrep'), ('XDG_RUNTIME_DIR', '/run/user/1000'), ('ZCODE_BFS_BINARY', '/home/yjy/.zcode/server/tools/bfs/bfs'), ('LANG', 'en_US.UTF-8'), ('AMENT_PREFIX_PATH', '/home/yjy/ican_shoot/ican_shoot/install/nav2_bringup:/home/yjy/ican_shoot/ican_shoot/install/navigation2:/opt/ican_shoot_sim:/opt/ros/humble'), ('SHELL', '/bin/bash'), ('PYTHONUTF8', '1'), ('ZCODE_WORKSPACE_IDENTITY', 'remote:ssh:192.168.107.148:22:yjy:/home/yjy/ican_shoot'), ('PWD', '/home/yjy/ican_shoot/ican_shoot/build/ican_example_navigation'), ('LC_ALL', 'en_US.UTF-8'), ('ZCODE_BASE_URL', 'https://zcode.z.ai'), ('SSH_CONNECTION', '192.168.107.1 50102 192.168.107.148 22'), ('ZCODE_RG_BINARY', '/home/yjy/.zcode/server/tools/ripgrep/rg'), ('PYTHONPATH', '/home/yjy/ican_shoot/ican_shoot/build/ican_example_navigation/prefix_override:/usr/lib/python3/dist-packages/colcon_core/task/python/colcon_distutils_commands:/home/yjy/ican_shoot/ican_shoot/install/ican_example_navigation/lib/python3.10/site-packages:/opt/ican_shoot_sim/lib/python3.10/site-packages:/opt/ros/humble/lib/python3.10/site-packages:/opt/ros/humble/local/lib/python3.10/dist-packages'), ('ZCODE_UGREP_BINARY', '/home/yjy/.zcode/server/tools/ugrep/ugrep'), ('ZCODE_ENV', 'production'), ('COLCON', '1'), ('CMAKE_PREFIX_PATH', '/home/yjy/ican_shoot/ican_shoot/install/nav2_bringup:/home/yjy/ican_shoot/ican_shoot/install/navigation2:/opt/ican_shoot_sim')]), 'shell': False}
[2.428680] (-) TimerEvent: {}
[2.436847] (ican_referee_system) StdoutLine: {'line': b'running egg_info\n'}
[2.437079] (ican_referee_system) StdoutLine: {'line': b'writing ican_referee_system.egg-info/PKG-INFO\n'}
[2.437123] (ican_referee_system) StdoutLine: {'line': b'writing dependency_links to ican_referee_system.egg-info/dependency_links.txt\n'}
[2.437154] (ican_referee_system) StdoutLine: {'line': b'writing entry points to ican_referee_system.egg-info/entry_points.txt\n'}
[2.437186] (ican_referee_system) StdoutLine: {'line': b'writing requirements to ican_referee_system.egg-info/requires.txt\n'}
[2.437213] (ican_referee_system) StdoutLine: {'line': b'writing top-level names to ican_referee_system.egg-info/top_level.txt\n'}
[2.439191] (ican_referee_system) StdoutLine: {'line': b"reading manifest file 'ican_referee_system.egg-info/SOURCES.txt'\n"}
[2.442263] (ican_referee_system) StdoutLine: {'line': b"writing manifest file 'ican_referee_system.egg-info/SOURCES.txt'\n"}
[2.443914] (ican_referee_system) StdoutLine: {'line': b'running build_ext\n'}
[2.444043] (ican_referee_system) StdoutLine: {'line': b'Creating /home/yjy/ican_shoot/ican_shoot/install/ican_referee_system/lib/python3.10/site-packages/ican-referee-system.egg-link (link to .)\n'}
[2.444672] (ican_referee_system) StdoutLine: {'line': b'Installing referee_node script to /home/yjy/ican_shoot/ican_shoot/install/ican_referee_system/lib/ican_referee_system\n'}
[2.447512] (ican_referee_system) StdoutLine: {'line': b'\n'}
[2.447668] (ican_referee_system) StdoutLine: {'line': b'Installed /home/yjy/ican_shoot/ican_shoot/build/ican_referee_system\n'}
[2.447706] (ican_referee_system) StdoutLine: {'line': b'running symlink_data\n'}
[2.460243] (ican_example_ring_aim) StdoutLine: {'line': b'running egg_info\n'}
[2.460416] (ican_example_ring_aim) StdoutLine: {'line': b'writing ican_example_ring_aim.egg-info/PKG-INFO\n'}
[2.460481] (ican_example_ring_aim) StdoutLine: {'line': b'writing dependency_links to ican_example_ring_aim.egg-info/dependency_links.txt\n'}
[2.460539] (ican_example_ring_aim) StdoutLine: {'line': b'writing entry points to ican_example_ring_aim.egg-info/entry_points.txt\n'}
[2.460585] (ican_example_ring_aim) StdoutLine: {'line': b'writing requirements to ican_example_ring_aim.egg-info/requires.txt\n'}
[2.460627] (ican_example_ring_aim) StdoutLine: {'line': b'writing top-level names to ican_example_ring_aim.egg-info/top_level.txt\n'}
[2.461730] (ican_example_ring_aim) StdoutLine: {'line': b"reading manifest file 'ican_example_ring_aim.egg-info/SOURCES.txt'\n"}
[2.463623] (ican_example_ring_aim) StdoutLine: {'line': b"writing manifest file 'ican_example_ring_aim.egg-info/SOURCES.txt'\n"}
[2.467267] (ican_example_ring_aim) StdoutLine: {'line': b'running build_ext\n'}
[2.467709] (ican_example_ring_aim) StdoutLine: {'line': b'Creating /home/yjy/ican_shoot/ican_shoot/install/ican_example_ring_aim/lib/python3.10/site-packages/ican-example-ring-aim.egg-link (link to .)\n'}
[2.478635] (ican_example_ring_aim) StdoutLine: {'line': b'Installing ring_aim_node script to /home/yjy/ican_shoot/ican_shoot/install/ican_example_ring_aim/lib/ican_example_ring_aim\n'}
[2.478969] (ican_example_ring_aim) StdoutLine: {'line': b'\n'}
[2.479015] (ican_example_ring_aim) StdoutLine: {'line': b'Installed /home/yjy/ican_shoot/ican_shoot/build/ican_example_ring_aim\n'}
[2.479048] (ican_example_ring_aim) StdoutLine: {'line': b'running symlink_data\n'}
[2.525833] (ican_referee_system) CommandEnded: {'returncode': 0}
[2.529841] (-) TimerEvent: {}
[2.562869] (ican_referee_system) JobEnded: {'identifier': 'ican_referee_system', 'rc': 0}
[2.565566] (ican_example_ring_aim) CommandEnded: {'returncode': 0}
[2.596698] (ican_example_ring_aim) JobEnded: {'identifier': 'ican_example_ring_aim', 'rc': 0}
[2.634386] (-) TimerEvent: {}
[2.734866] (-) TimerEvent: {}
[2.808914] (ican_example_navigation) StdoutLine: {'line': b'running develop\n'}
[2.835046] (-) TimerEvent: {}
[2.936035] (-) TimerEvent: {}
[2.978441] (ican_example_navigation) StdoutLine: {'line': b'running egg_info\n'}
[2.978655] (ican_example_navigation) StdoutLine: {'line': b'writing ican_example_navigation.egg-info/PKG-INFO\n'}
[2.978926] (ican_example_navigation) StdoutLine: {'line': b'writing dependency_links to ican_example_navigation.egg-info/dependency_links.txt\n'}
[2.979190] (ican_example_navigation) StdoutLine: {'line': b'writing entry points to ican_example_navigation.egg-info/entry_points.txt\n'}
[2.980471] (ican_example_navigation) StdoutLine: {'line': b'writing requirements to ican_example_navigation.egg-info/requires.txt\n'}
[2.980532] (ican_example_navigation) StdoutLine: {'line': b'writing top-level names to ican_example_navigation.egg-info/top_level.txt\n'}
[3.004325] (ican_example_navigation) StdoutLine: {'line': b"reading manifest file 'ican_example_navigation.egg-info/SOURCES.txt'\n"}
[3.005420] (ican_example_navigation) StdoutLine: {'line': b"writing manifest file 'ican_example_navigation.egg-info/SOURCES.txt'\n"}
[3.007082] (ican_example_navigation) StdoutLine: {'line': b'running build_ext\n'}
[3.007364] (ican_example_navigation) StdoutLine: {'line': b'Creating /home/yjy/ican_shoot/ican_shoot/install/ican_example_navigation/lib/python3.10/site-packages/ican-example-navigation.egg-link (link to .)\n'}
[3.010802] (ican_example_navigation) StdoutLine: {'line': b'Installing initial_pose_publisher script to /home/yjy/ican_shoot/ican_shoot/install/ican_example_navigation/lib/ican_example_navigation\n'}
[3.010934] (ican_example_navigation) StdoutLine: {'line': b'\n'}
[3.010969] (ican_example_navigation) StdoutLine: {'line': b'Installed /home/yjy/ican_shoot/ican_shoot/build/ican_example_navigation\n'}
[3.011000] (ican_example_navigation) StdoutLine: {'line': b'running symlink_data\n'}
[3.036705] (-) TimerEvent: {}
[3.067889] (ican_example_navigation) CommandEnded: {'returncode': 0}
[3.095598] (ican_example_navigation) JobEnded: {'identifier': 'ican_example_navigation', 'rc': 0}
[3.109528] (ican_example_mission) JobStarted: {'identifier': 'ican_example_mission'}
[3.137430] (-) TimerEvent: {}
[3.238480] (-) TimerEvent: {}
[3.340319] (-) TimerEvent: {}
[3.440939] (-) TimerEvent: {}
[3.541309] (-) TimerEvent: {}
[3.641953] (-) TimerEvent: {}
[3.742722] (-) TimerEvent: {}
[3.844807] (-) TimerEvent: {}
[3.945405] (-) TimerEvent: {}
[4.046122] (-) TimerEvent: {}
[4.104478] (ican_example_mission) Command: {'cmd': ['/usr/bin/python3', '-W', 'ignore:setup.py install is deprecated', '-W', 'ignore:easy_install command is deprecated', 'setup.py', 'develop', '--editable', '--build-directory', '/home/yjy/ican_shoot/ican_shoot/build/ican_example_mission/build', '--no-deps', 'symlink_data'], 'cwd': '/home/yjy/ican_shoot/ican_shoot/build/ican_example_mission', 'env': OrderedDict([('PYTHONIOENCODING', 'utf-8'), ('ZAI_OAUTH_CLIENT_ID', 'client_P8X5CMWmlaRO9gyO-KSqtg'), ('ZCODE_DESKTOP_CONTEXT_PROMPT_ENABLED', '1'), ('USER', 'yjy'), ('SSH_CLIENT', '192.168.107.1 50102 22'), ('GIT_EDITOR', 'true'), ('XDG_SESSION_TYPE', 'tty'), ('SHLVL', '0'), ('LD_LIBRARY_PATH', '/opt/ican_shoot_sim/lib:/usr/lib/x86_64-linux-gnu/gazebo-11/plugins:/opt/ros/humble/opt/rviz_ogre_vendor/lib:/opt/ros/humble/lib/x86_64-linux-gnu:/opt/ros/humble/lib'), ('MOTD_SHOWN', 'pam'), ('HOME', '/home/yjy'), ('ZCODE_SERVICE_AUTHORITY_MODE', 'desktop-attached-remote'), ('OLDPWD', '/home/yjy/ican_shoot/ican_shoot'), ('ZAI_OAUTH_ORIGIN', 'https://chat.z.ai'), ('ZCODE_APP_VERSION', '3.14.3'), ('ROS_PYTHON_VERSION', '3'), ('ZCODE_SERVER_RUNTIME_ROOT', '/home/yjy/.zcode/server'), ('LC_CTYPE', 'en_US.UTF-8'), ('DBUS_SESSION_BUS_ADDRESS', 'unix:path=/run/user/1000/bus'), ('COLCON_PREFIX_PATH', '/opt/ican_shoot_sim'), ('ROS_DISTRO', 'humble'), ('LOGNAME', 'yjy'), ('ZCODE_RUNTIME_ENV', 'production'), ('ZCODE_PERSONAL_PROVIDER_CONFIG_FILE', '/home/yjy/.zcode/v2/provider_config.json'), ('_', '/usr/bin/colcon'), ('ROS_VERSION', '2'), ('XDG_SESSION_CLASS', 'user'), ('ZCODE_BUILTIN_PROVIDER_CONFIG_FILE', '/home/yjy/.zcode/v2/runtime/provider/linux-x86_64/3.14.3/endpoint-78d7c3bef4024722642626fe3669a799/zcode-builtin.json'), ('ZAI_BUSINESS_BASE_URL', 'https://api.z.ai'), ('TERM', 'dumb'), ('XDG_SESSION_ID', '4'), ('ROS_LOCALHOST_ONLY', '0'), ('PATH', '/opt/ros/humble/bin:/usr/local/sbin:/usr/local/bin:/usr/sbin:/usr/bin:/sbin:/bin:/usr/games:/usr/local/games:/snap/bin:/home/yjy/.zcode/server/tools/bfs:/home/yjy/.zcode/server/tools/ripgrep:/home/yjy/.zcode/server/tools/ugrep'), ('XDG_RUNTIME_DIR', '/run/user/1000'), ('ZCODE_BFS_BINARY', '/home/yjy/.zcode/server/tools/bfs/bfs'), ('LANG', 'en_US.UTF-8'), ('AMENT_PREFIX_PATH', '/home/yjy/ican_shoot/ican_shoot/install/ican_example_navigation:/home/yjy/ican_shoot/ican_shoot/install/nav2_bringup:/home/yjy/ican_shoot/ican_shoot/install/navigation2:/home/yjy/ican_shoot/ican_shoot/install/ican_referee_system:/home/yjy/ican_shoot/ican_shoot/install/ican_example_ring_aim:/opt/ican_shoot_sim:/opt/ros/humble'), ('SHELL', '/bin/bash'), ('PYTHONUTF8', '1'), ('ZCODE_WORKSPACE_IDENTITY', 'remote:ssh:192.168.107.148:22:yjy:/home/yjy/ican_shoot'), ('PWD', '/home/yjy/ican_shoot/ican_shoot/build/ican_example_mission'), ('LC_ALL', 'en_US.UTF-8'), ('ZCODE_BASE_URL', 'https://zcode.z.ai'), ('SSH_CONNECTION', '192.168.107.1 50102 192.168.107.148 22'), ('ZCODE_RG_BINARY', '/home/yjy/.zcode/server/tools/ripgrep/rg'), ('PYTHONPATH', '/home/yjy/ican_shoot/ican_shoot/build/ican_example_mission/prefix_override:/usr/lib/python3/dist-packages/colcon_core/task/python/colcon_distutils_commands:/home/yjy/ican_shoot/ican_shoot/install/ican_example_mission/lib/python3.10/site-packages:/home/yjy/ican_shoot/ican_shoot/build/ican_example_navigation:/home/yjy/ican_shoot/ican_shoot/install/ican_example_navigation/lib/python3.10/site-packages:/home/yjy/ican_shoot/ican_shoot/build/ican_referee_system:/home/yjy/ican_shoot/ican_shoot/install/ican_referee_system/lib/python3.10/site-packages:/home/yjy/ican_shoot/ican_shoot/build/ican_example_ring_aim:/home/yjy/ican_shoot/ican_shoot/install/ican_example_ring_aim/lib/python3.10/site-packages:/opt/ican_shoot_sim/lib/python3.10/site-packages:/opt/ros/humble/lib/python3.10/site-packages:/opt/ros/humble/local/lib/python3.10/dist-packages'), ('ZCODE_UGREP_BINARY', '/home/yjy/.zcode/server/tools/ugrep/ugrep'), ('ZCODE_ENV', 'production'), ('COLCON', '1'), ('CMAKE_PREFIX_PATH', '/home/yjy/ican_shoot/ican_shoot/install/nav2_bringup:/home/yjy/ican_shoot/ican_shoot/install/navigation2:/opt/ican_shoot_sim')]), 'shell': False}
[4.148011] (-) TimerEvent: {}
[4.248314] (-) TimerEvent: {}
[4.349710] (-) TimerEvent: {}
[4.364576] (ican_example_mission) StdoutLine: {'line': b'running develop\n'}
[4.451025] (-) TimerEvent: {}
[4.549213] (ican_example_mission) StdoutLine: {'line': b'running egg_info\n'}
[4.549492] (ican_example_mission) StdoutLine: {'line': b'writing ican_example_mission.egg-info/PKG-INFO\n'}
[4.549647] (ican_example_mission) StdoutLine: {'line': b'writing dependency_links to ican_example_mission.egg-info/dependency_links.txt\n'}
[4.552735] (ican_example_mission) StdoutLine: {'line': b'writing entry points to ican_example_mission.egg-info/entry_points.txt\n'}
[4.553038] (-) TimerEvent: {}
[4.553053] (ican_example_mission) StdoutLine: {'line': b'writing requirements to ican_example_mission.egg-info/requires.txt\n'}
[4.553093] (ican_example_mission) StdoutLine: {'line': b'writing top-level names to ican_example_mission.egg-info/top_level.txt\n'}
[4.553344] (ican_example_mission) StdoutLine: {'line': b"reading manifest file 'ican_example_mission.egg-info/SOURCES.txt'\n"}
[4.553498] (ican_example_mission) StdoutLine: {'line': b"writing manifest file 'ican_example_mission.egg-info/SOURCES.txt'\n"}
[4.554685] (ican_example_mission) StdoutLine: {'line': b'running build_ext\n'}
[4.554795] (ican_example_mission) StdoutLine: {'line': b'Creating /home/yjy/ican_shoot/ican_shoot/install/ican_example_mission/lib/python3.10/site-packages/ican-example-mission.egg-link (link to .)\n'}
[4.555788] (ican_example_mission) StdoutLine: {'line': b'Installing full_mission_node script to /home/yjy/ican_shoot/ican_shoot/install/ican_example_mission/lib/ican_example_mission\n'}
[4.556016] (ican_example_mission) StdoutLine: {'line': b'Installing one_target_mission_node script to /home/yjy/ican_shoot/ican_shoot/install/ican_example_mission/lib/ican_example_mission\n'}
[4.557018] (ican_example_mission) StdoutLine: {'line': b'\n'}
[4.557225] (ican_example_mission) StdoutLine: {'line': b'Installed /home/yjy/ican_shoot/ican_shoot/build/ican_example_mission\n'}
[4.557288] (ican_example_mission) StdoutLine: {'line': b'running symlink_data\n'}
[4.619945] (ican_example_mission) CommandEnded: {'returncode': 0}
[4.654073] (-) TimerEvent: {}
[4.656769] (ican_example_mission) JobEnded: {'identifier': 'ican_example_mission', 'rc': 0}
[4.657803] (-) EventReactorShutdown: {}
