[0.000000] (-) TimerEvent: {}
[0.002152] (ican_example_ring_aim) JobQueued: {'identifier': 'ican_example_ring_aim', 'dependencies': OrderedDict()}
[0.002215] (ican_referee_system) JobQueued: {'identifier': 'ican_referee_system', 'dependencies': OrderedDict()}
[0.002229] (navigation2) JobQueued: {'identifier': 'navigation2', 'dependencies': OrderedDict()}
[0.002265] (nav2_bringup) JobQueued: {'identifier': 'nav2_bringup', 'dependencies': OrderedDict([('navigation2', '/home/yjy/ican_shoot/ican_shoot/install/navigation2')])}
[0.002281] (ican_example_navigation) JobQueued: {'identifier': 'ican_example_navigation', 'dependencies': OrderedDict([('navigation2', '/home/yjy/ican_shoot/ican_shoot/install/navigation2'), ('nav2_bringup', '/home/yjy/ican_shoot/ican_shoot/install/nav2_bringup')])}
[0.002320] (ican_example_mission) JobQueued: {'identifier': 'ican_example_mission', 'dependencies': OrderedDict([('ican_example_ring_aim', '/home/yjy/ican_shoot/ican_shoot/install/ican_example_ring_aim'), ('ican_referee_system', '/home/yjy/ican_shoot/ican_shoot/install/ican_referee_system'), ('navigation2', '/home/yjy/ican_shoot/ican_shoot/install/navigation2'), ('nav2_bringup', '/home/yjy/ican_shoot/ican_shoot/install/nav2_bringup'), ('ican_example_navigation', '/home/yjy/ican_shoot/ican_shoot/install/ican_example_navigation')])}
[0.002345] (navigation2) JobStarted: {'identifier': 'navigation2'}
[0.010499] (ican_example_ring_aim) JobStarted: {'identifier': 'ican_example_ring_aim'}
[0.017694] (ican_referee_system) JobStarted: {'identifier': 'ican_referee_system'}
[0.024749] (navigation2) JobProgress: {'identifier': 'navigation2', 'progress': 'cmake'}
[0.032651] (navigation2) JobProgress: {'identifier': 'navigation2', 'progress': 'build'}
[0.032720] (navigation2) Command: {'cmd': ['/usr/bin/cmake', '--build', '/home/yjy/ican_shoot/ican_shoot/build/navigation2', '--', '-j4', '-l4'], 'cwd': '/home/yjy/ican_shoot/ican_shoot/build/navigation2', 'env': OrderedDict([('PYTHONIOENCODING', 'utf-8'), ('ZAI_OAUTH_CLIENT_ID', 'client_P8X5CMWmlaRO9gyO-KSqtg'), ('ZCODE_DESKTOP_CONTEXT_PROMPT_ENABLED', '1'), ('USER', 'yjy'), ('SSH_CLIENT', '192.168.107.1 50102 22'), ('GIT_EDITOR', 'true'), ('XDG_SESSION_TYPE', 'tty'), ('SHLVL', '0'), ('LD_LIBRARY_PATH', '/opt/ican_shoot_sim/lib:/usr/lib/x86_64-linux-gnu/gazebo-11/plugins:/opt/ros/humble/opt/rviz_ogre_vendor/lib:/opt/ros/humble/lib/x86_64-linux-gnu:/opt/ros/humble/lib'), ('MOTD_SHOWN', 'pam'), ('HOME', '/home/yjy'), ('ZCODE_SERVICE_AUTHORITY_MODE', 'desktop-attached-remote'), ('OLDPWD', '/home/yjy/ican_shoot/comp_imgs'), ('ZAI_OAUTH_ORIGIN', 'https://chat.z.ai'), ('ZCODE_APP_VERSION', '3.14.3'), ('ROS_PYTHON_VERSION', '3'), ('ZCODE_SERVER_RUNTIME_ROOT', '/home/yjy/.zcode/server'), ('LC_CTYPE', 'en_US.UTF-8'), ('DBUS_SESSION_BUS_ADDRESS', 'unix:path=/run/user/1000/bus'), ('COLCON_PREFIX_PATH', '/opt/ican_shoot_sim'), ('ROS_DISTRO', 'humble'), ('LOGNAME', 'yjy'), ('ZCODE_RUNTIME_ENV', 'production'), ('ZCODE_PERSONAL_PROVIDER_CONFIG_FILE', '/home/yjy/.zcode/v2/provider_config.json'), ('_', '/usr/bin/colcon'), ('ROS_VERSION', '2'), ('XDG_SESSION_CLASS', 'user'), ('ZCODE_BUILTIN_PROVIDER_CONFIG_FILE', '/home/yjy/.zcode/v2/runtime/provider/linux-x86_64/3.14.3/endpoint-78d7c3bef4024722642626fe3669a799/zcode-builtin.json'), ('ZAI_BUSINESS_BASE_URL', 'https://api.z.ai'), ('TERM', 'dumb'), ('XDG_SESSION_ID', '4'), ('ROS_LOCALHOST_ONLY', '0'), ('PATH', '/opt/ros/humble/bin:/usr/local/sbin:/usr/local/bin:/usr/sbin:/usr/bin:/sbin:/bin:/usr/games:/usr/local/games:/snap/bin:/home/yjy/.zcode/server/tools/bfs:/home/yjy/.zcode/server/tools/ripgrep:/home/yjy/.zcode/server/tools/ugrep'), ('XDG_RUNTIME_DIR', '/run/user/1000'), ('ZCODE_BFS_BINARY', '/home/yjy/.zcode/server/tools/bfs/bfs'), ('LANG', 'en_US.UTF-8'), ('AMENT_PREFIX_PATH', '/opt/ican_shoot_sim:/opt/ros/humble'), ('SHELL', '/bin/bash'), ('PYTHONUTF8', '1'), ('ZCODE_WORKSPACE_IDENTITY', 'remote:ssh:192.168.107.148:22:yjy:/home/yjy/ican_shoot'), ('PWD', '/home/yjy/ican_shoot/ican_shoot/build/navigation2'), ('LC_ALL', 'en_US.UTF-8'), ('ZCODE_BASE_URL', 'https://zcode.z.ai'), ('SSH_CONNECTION', '192.168.107.1 50102 192.168.107.148 22'), ('ZCODE_RG_BINARY', '/home/yjy/.zcode/server/tools/ripgrep/rg'), ('PYTHONPATH', '/opt/ican_shoot_sim/lib/python3.10/site-packages:/opt/ros/humble/lib/python3.10/site-packages:/opt/ros/humble/local/lib/python3.10/dist-packages'), ('ZCODE_UGREP_BINARY', '/home/yjy/.zcode/server/tools/ugrep/ugrep'), ('ZCODE_ENV', 'production'), ('COLCON', '1'), ('CMAKE_PREFIX_PATH', '/opt/ican_shoot_sim:/opt/ros/humble')]), 'shell': False}
[0.100216] (-) TimerEvent: {}
[0.200668] (-) TimerEvent: {}
[0.301374] (-) TimerEvent: {}
[0.402212] (-) TimerEvent: {}
[0.502939] (-) TimerEvent: {}
[0.603661] (-) TimerEvent: {}
[0.649648] (navigation2) CommandEnded: {'returncode': 0}
[0.650674] (navigation2) JobProgress: {'identifier': 'navigation2', 'progress': 'install'}
[0.664429] (navigation2) Command: {'cmd': ['/usr/bin/cmake', '--install', '/home/yjy/ican_shoot/ican_shoot/build/navigation2'], 'cwd': '/home/yjy/ican_shoot/ican_shoot/build/navigation2', 'env': OrderedDict([('PYTHONIOENCODING', 'utf-8'), ('ZAI_OAUTH_CLIENT_ID', 'client_P8X5CMWmlaRO9gyO-KSqtg'), ('ZCODE_DESKTOP_CONTEXT_PROMPT_ENABLED', '1'), ('USER', 'yjy'), ('SSH_CLIENT', '192.168.107.1 50102 22'), ('GIT_EDITOR', 'true'), ('XDG_SESSION_TYPE', 'tty'), ('SHLVL', '0'), ('LD_LIBRARY_PATH', '/opt/ican_shoot_sim/lib:/usr/lib/x86_64-linux-gnu/gazebo-11/plugins:/opt/ros/humble/opt/rviz_ogre_vendor/lib:/opt/ros/humble/lib/x86_64-linux-gnu:/opt/ros/humble/lib'), ('MOTD_SHOWN', 'pam'), ('HOME', '/home/yjy'), ('ZCODE_SERVICE_AUTHORITY_MODE', 'desktop-attached-remote'), ('OLDPWD', '/home/yjy/ican_shoot/comp_imgs'), ('ZAI_OAUTH_ORIGIN', 'https://chat.z.ai'), ('ZCODE_APP_VERSION', '3.14.3'), ('ROS_PYTHON_VERSION', '3'), ('ZCODE_SERVER_RUNTIME_ROOT', '/home/yjy/.zcode/server'), ('LC_CTYPE', 'en_US.UTF-8'), ('DBUS_SESSION_BUS_ADDRESS', 'unix:path=/run/user/1000/bus'), ('COLCON_PREFIX_PATH', '/opt/ican_shoot_sim'), ('ROS_DISTRO', 'humble'), ('LOGNAME', 'yjy'), ('ZCODE_RUNTIME_ENV', 'production'), ('ZCODE_PERSONAL_PROVIDER_CONFIG_FILE', '/home/yjy/.zcode/v2/provider_config.json'), ('_', '/usr/bin/colcon'), ('ROS_VERSION', '2'), ('XDG_SESSION_CLASS', 'user'), ('ZCODE_BUILTIN_PROVIDER_CONFIG_FILE', '/home/yjy/.zcode/v2/runtime/provider/linux-x86_64/3.14.3/endpoint-78d7c3bef4024722642626fe3669a799/zcode-builtin.json'), ('ZAI_BUSINESS_BASE_URL', 'https://api.z.ai'), ('TERM', 'dumb'), ('XDG_SESSION_ID', '4'), ('ROS_LOCALHOST_ONLY', '0'), ('PATH', '/opt/ros/humble/bin:/usr/local/sbin:/usr/local/bin:/usr/sbin:/usr/bin:/sbin:/bin:/usr/games:/usr/local/games:/snap/bin:/home/yjy/.zcode/server/tools/bfs:/home/yjy/.zcode/server/tools/ripgrep:/home/yjy/.zcode/server/tools/ugrep'), ('XDG_RUNTIME_DIR', '/run/user/1000'), ('ZCODE_BFS_BINARY', '/home/yjy/.zcode/server/tools/bfs/bfs'), ('LANG', 'en_US.UTF-8'), ('AMENT_PREFIX_PATH', '/opt/ican_shoot_sim:/opt/ros/humble'), ('SHELL', '/bin/bash'), ('PYTHONUTF8', '1'), ('ZCODE_WORKSPACE_IDENTITY', 'remote:ssh:192.168.107.148:22:yjy:/home/yjy/ican_shoot'), ('PWD', '/home/yjy/ican_shoot/ican_shoot/build/navigation2'), ('LC_ALL', 'en_US.UTF-8'), ('ZCODE_BASE_URL', 'https://zcode.z.ai'), ('SSH_CONNECTION', '192.168.107.1 50102 192.168.107.148 22'), ('ZCODE_RG_BINARY', '/home/yjy/.zcode/server/tools/ripgrep/rg'), ('PYTHONPATH', '/opt/ican_shoot_sim/lib/python3.10/site-packages:/opt/ros/humble/lib/python3.10/site-packages:/opt/ros/humble/local/lib/python3.10/dist-packages'), ('ZCODE_UGREP_BINARY', '/home/yjy/.zcode/server/tools/ugrep/ugrep'), ('ZCODE_ENV', 'production'), ('COLCON', '1'), ('CMAKE_PREFIX_PATH', '/opt/ican_shoot_sim:/opt/ros/humble')]), 'shell': False}
[0.683351] (navigation2) StdoutLine: {'line': b'-- Install configuration: ""\n'}
[0.683533] (navigation2) StdoutLine: {'line': b'-- Execute custom install script\n'}
[0.683573] (navigation2) StdoutLine: {'line': b'-- Up-to-date symlink: /home/yjy/ican_shoot/ican_shoot/install/navigation2/share/ament_index/resource_index/package_run_dependencies/navigation2\n'}
[0.683607] (navigation2) StdoutLine: {'line': b'-- Up-to-date symlink: /home/yjy/ican_shoot/ican_shoot/install/navigation2/share/ament_index/resource_index/parent_prefix_path/navigation2\n'}
[0.683641] (navigation2) StdoutLine: {'line': b'-- Up-to-date symlink: /home/yjy/ican_shoot/ican_shoot/install/navigation2/share/navigation2/environment/ament_prefix_path.sh\n'}
[0.683668] (navigation2) StdoutLine: {'line': b'-- Up-to-date symlink: /home/yjy/ican_shoot/ican_shoot/install/navigation2/share/navigation2/environment/ament_prefix_path.dsv\n'}
[0.683692] (navigation2) StdoutLine: {'line': b'-- Up-to-date symlink: /home/yjy/ican_shoot/ican_shoot/install/navigation2/share/navigation2/environment/path.sh\n'}
[0.683717] (navigation2) StdoutLine: {'line': b'-- Up-to-date symlink: /home/yjy/ican_shoot/ican_shoot/install/navigation2/share/navigation2/environment/path.dsv\n'}
[0.683741] (navigation2) StdoutLine: {'line': b'-- Up-to-date symlink: /home/yjy/ican_shoot/ican_shoot/install/navigation2/share/navigation2/local_setup.bash\n'}
[0.683765] (navigation2) StdoutLine: {'line': b'-- Up-to-date symlink: /home/yjy/ican_shoot/ican_shoot/install/navigation2/share/navigation2/local_setup.sh\n'}
[0.683789] (navigation2) StdoutLine: {'line': b'-- Up-to-date symlink: /home/yjy/ican_shoot/ican_shoot/install/navigation2/share/navigation2/local_setup.zsh\n'}
[0.683812] (navigation2) StdoutLine: {'line': b'-- Up-to-date symlink: /home/yjy/ican_shoot/ican_shoot/install/navigation2/share/navigation2/local_setup.dsv\n'}
[0.683836] (navigation2) StdoutLine: {'line': b'-- Symlinking: /home/yjy/ican_shoot/ican_shoot/install/navigation2/share/navigation2/package.dsv\n'}
[0.698213] (navigation2) StdoutLine: {'line': b'-- Up-to-date symlink: /home/yjy/ican_shoot/ican_shoot/install/navigation2/share/ament_index/resource_index/packages/navigation2\n'}
[0.698531] (navigation2) StdoutLine: {'line': b'-- Up-to-date symlink: /home/yjy/ican_shoot/ican_shoot/install/navigation2/share/navigation2/cmake/navigation2Config.cmake\n'}
[0.698587] (navigation2) StdoutLine: {'line': b'-- Up-to-date symlink: /home/yjy/ican_shoot/ican_shoot/install/navigation2/share/navigation2/cmake/navigation2Config-version.cmake\n'}
[0.698623] (navigation2) StdoutLine: {'line': b'-- Up-to-date symlink: /home/yjy/ican_shoot/ican_shoot/install/navigation2/share/navigation2/package.xml\n'}
[0.701167] (navigation2) CommandEnded: {'returncode': 0}
[0.709174] (-) TimerEvent: {}
[0.730945] (navigation2) JobEnded: {'identifier': 'navigation2', 'rc': 0}
[0.732599] (nav2_bringup) JobStarted: {'identifier': 'nav2_bringup'}
[0.751984] (nav2_bringup) JobProgress: {'identifier': 'nav2_bringup', 'progress': 'cmake'}
[0.753582] (nav2_bringup) JobProgress: {'identifier': 'nav2_bringup', 'progress': 'build'}
[0.753635] (nav2_bringup) Command: {'cmd': ['/usr/bin/cmake', '--build', '/home/yjy/ican_shoot/ican_shoot/build/nav2_bringup', '--', '-j4', '-l4'], 'cwd': '/home/yjy/ican_shoot/ican_shoot/build/nav2_bringup', 'env': OrderedDict([('PYTHONIOENCODING', 'utf-8'), ('ZAI_OAUTH_CLIENT_ID', 'client_P8X5CMWmlaRO9gyO-KSqtg'), ('ZCODE_DESKTOP_CONTEXT_PROMPT_ENABLED', '1'), ('USER', 'yjy'), ('SSH_CLIENT', '192.168.107.1 50102 22'), ('GIT_EDITOR', 'true'), ('XDG_SESSION_TYPE', 'tty'), ('SHLVL', '0'), ('LD_LIBRARY_PATH', '/opt/ican_shoot_sim/lib:/usr/lib/x86_64-linux-gnu/gazebo-11/plugins:/opt/ros/humble/opt/rviz_ogre_vendor/lib:/opt/ros/humble/lib/x86_64-linux-gnu:/opt/ros/humble/lib'), ('MOTD_SHOWN', 'pam'), ('HOME', '/home/yjy'), ('ZCODE_SERVICE_AUTHORITY_MODE', 'desktop-attached-remote'), ('OLDPWD', '/home/yjy/ican_shoot/comp_imgs'), ('ZAI_OAUTH_ORIGIN', 'https://chat.z.ai'), ('ZCODE_APP_VERSION', '3.14.3'), ('ROS_PYTHON_VERSION', '3'), ('ZCODE_SERVER_RUNTIME_ROOT', '/home/yjy/.zcode/server'), ('LC_CTYPE', 'en_US.UTF-8'), ('DBUS_SESSION_BUS_ADDRESS', 'unix:path=/run/user/1000/bus'), ('COLCON_PREFIX_PATH', '/opt/ican_shoot_sim'), ('ROS_DISTRO', 'humble'), ('LOGNAME', 'yjy'), ('ZCODE_RUNTIME_ENV', 'production'), ('ZCODE_PERSONAL_PROVIDER_CONFIG_FILE', '/home/yjy/.zcode/v2/provider_config.json'), ('_', '/usr/bin/colcon'), ('ROS_VERSION', '2'), ('XDG_SESSION_CLASS', 'user'), ('ZCODE_BUILTIN_PROVIDER_CONFIG_FILE', '/home/yjy/.zcode/v2/runtime/provider/linux-x86_64/3.14.3/endpoint-78d7c3bef4024722642626fe3669a799/zcode-builtin.json'), ('ZAI_BUSINESS_BASE_URL', 'https://api.z.ai'), ('TERM', 'dumb'), ('XDG_SESSION_ID', '4'), ('ROS_LOCALHOST_ONLY', '0'), ('PATH', '/opt/ros/humble/bin:/usr/local/sbin:/usr/local/bin:/usr/sbin:/usr/bin:/sbin:/bin:/usr/games:/usr/local/games:/snap/bin:/home/yjy/.zcode/server/tools/bfs:/home/yjy/.zcode/server/tools/ripgrep:/home/yjy/.zcode/server/tools/ugrep'), ('XDG_RUNTIME_DIR', '/run/user/1000'), ('ZCODE_BFS_BINARY', '/home/yjy/.zcode/server/tools/bfs/bfs'), ('LANG', 'en_US.UTF-8'), ('AMENT_PREFIX_PATH', '/home/yjy/ican_shoot/ican_shoot/install/navigation2:/opt/ican_shoot_sim:/opt/ros/humble'), ('SHELL', '/bin/bash'), ('PYTHONUTF8', '1'), ('ZCODE_WORKSPACE_IDENTITY', 'remote:ssh:192.168.107.148:22:yjy:/home/yjy/ican_shoot'), ('PWD', '/home/yjy/ican_shoot/ican_shoot/build/nav2_bringup'), ('LC_ALL', 'en_US.UTF-8'), ('ZCODE_BASE_URL', 'https://zcode.z.ai'), ('SSH_CONNECTION', '192.168.107.1 50102 192.168.107.148 22'), ('ZCODE_RG_BINARY', '/home/yjy/.zcode/server/tools/ripgrep/rg'), ('PYTHONPATH', '/opt/ican_shoot_sim/lib/python3.10/site-packages:/opt/ros/humble/lib/python3.10/site-packages:/opt/ros/humble/local/lib/python3.10/dist-packages'), ('ZCODE_UGREP_BINARY', '/home/yjy/.zcode/server/tools/ugrep/ugrep'), ('ZCODE_ENV', 'production'), ('COLCON', '1'), ('CMAKE_PREFIX_PATH', '/home/yjy/ican_shoot/ican_shoot/install/navigation2:/opt/ican_shoot_sim:/opt/ros/humble')]), 'shell': False}
[0.809510] (-) TimerEvent: {}
[0.836848] (nav2_bringup) CommandEnded: {'returncode': 0}
[0.837300] (nav2_bringup) JobProgress: {'identifier': 'nav2_bringup', 'progress': 'install'}
[0.837336] (nav2_bringup) Command: {'cmd': ['/usr/bin/cmake', '--install', '/home/yjy/ican_shoot/ican_shoot/build/nav2_bringup'], 'cwd': '/home/yjy/ican_shoot/ican_shoot/build/nav2_bringup', 'env': OrderedDict([('PYTHONIOENCODING', 'utf-8'), ('ZAI_OAUTH_CLIENT_ID', 'client_P8X5CMWmlaRO9gyO-KSqtg'), ('ZCODE_DESKTOP_CONTEXT_PROMPT_ENABLED', '1'), ('USER', 'yjy'), ('SSH_CLIENT', '192.168.107.1 50102 22'), ('GIT_EDITOR', 'true'), ('XDG_SESSION_TYPE', 'tty'), ('SHLVL', '0'), ('LD_LIBRARY_PATH', '/opt/ican_shoot_sim/lib:/usr/lib/x86_64-linux-gnu/gazebo-11/plugins:/opt/ros/humble/opt/rviz_ogre_vendor/lib:/opt/ros/humble/lib/x86_64-linux-gnu:/opt/ros/humble/lib'), ('MOTD_SHOWN', 'pam'), ('HOME', '/home/yjy'), ('ZCODE_SERVICE_AUTHORITY_MODE', 'desktop-attached-remote'), ('OLDPWD', '/home/yjy/ican_shoot/comp_imgs'), ('ZAI_OAUTH_ORIGIN', 'https://chat.z.ai'), ('ZCODE_APP_VERSION', '3.14.3'), ('ROS_PYTHON_VERSION', '3'), ('ZCODE_SERVER_RUNTIME_ROOT', '/home/yjy/.zcode/server'), ('LC_CTYPE', 'en_US.UTF-8'), ('DBUS_SESSION_BUS_ADDRESS', 'unix:path=/run/user/1000/bus'), ('COLCON_PREFIX_PATH', '/opt/ican_shoot_sim'), ('ROS_DISTRO', 'humble'), ('LOGNAME', 'yjy'), ('ZCODE_RUNTIME_ENV', 'production'), ('ZCODE_PERSONAL_PROVIDER_CONFIG_FILE', '/home/yjy/.zcode/v2/provider_config.json'), ('_', '/usr/bin/colcon'), ('ROS_VERSION', '2'), ('XDG_SESSION_CLASS', 'user'), ('ZCODE_BUILTIN_PROVIDER_CONFIG_FILE', '/home/yjy/.zcode/v2/runtime/provider/linux-x86_64/3.14.3/endpoint-78d7c3bef4024722642626fe3669a799/zcode-builtin.json'), ('ZAI_BUSINESS_BASE_URL', 'https://api.z.ai'), ('TERM', 'dumb'), ('XDG_SESSION_ID', '4'), ('ROS_LOCALHOST_ONLY', '0'), ('PATH', '/opt/ros/humble/bin:/usr/local/sbin:/usr/local/bin:/usr/sbin:/usr/bin:/sbin:/bin:/usr/games:/usr/local/games:/snap/bin:/home/yjy/.zcode/server/tools/bfs:/home/yjy/.zcode/server/tools/ripgrep:/home/yjy/.zcode/server/tools/ugrep'), ('XDG_RUNTIME_DIR', '/run/user/1000'), ('ZCODE_BFS_BINARY', '/home/yjy/.zcode/server/tools/bfs/bfs'), ('LANG', 'en_US.UTF-8'), ('AMENT_PREFIX_PATH', '/home/yjy/ican_shoot/ican_shoot/install/navigation2:/opt/ican_shoot_sim:/opt/ros/humble'), ('SHELL', '/bin/bash'), ('PYTHONUTF8', '1'), ('ZCODE_WORKSPACE_IDENTITY', 'remote:ssh:192.168.107.148:22:yjy:/home/yjy/ican_shoot'), ('PWD', '/home/yjy/ican_shoot/ican_shoot/build/nav2_bringup'), ('LC_ALL', 'en_US.UTF-8'), ('ZCODE_BASE_URL', 'https://zcode.z.ai'), ('SSH_CONNECTION', '192.168.107.1 50102 192.168.107.148 22'), ('ZCODE_RG_BINARY', '/home/yjy/.zcode/server/tools/ripgrep/rg'), ('PYTHONPATH', '/opt/ican_shoot_sim/lib/python3.10/site-packages:/opt/ros/humble/lib/python3.10/site-packages:/opt/ros/humble/local/lib/python3.10/dist-packages'), ('ZCODE_UGREP_BINARY', '/home/yjy/.zcode/server/tools/ugrep/ugrep'), ('ZCODE_ENV', 'production'), ('COLCON', '1'), ('CMAKE_PREFIX_PATH', '/home/yjy/ican_shoot/ican_shoot/install/navigation2:/opt/ican_shoot_sim:/opt/ros/humble')]), 'shell': False}
[0.851907] (nav2_bringup) StdoutLine: {'line': b'-- Install configuration: "Release"\n'}
[0.853042] (nav2_bringup) StdoutLine: {'line': b'-- Execute custom install script\n'}
[0.853898] (nav2_bringup) StdoutLine: {'line': b'-- Up-to-date symlink: /home/yjy/ican_shoot/ican_shoot/install/nav2_bringup/share/nav2_bringup/launch/bringup_launch.py\n'}
[0.854184] (nav2_bringup) StdoutLine: {'line': b'-- Up-to-date symlink: /home/yjy/ican_shoot/ican_shoot/install/nav2_bringup/share/nav2_bringup/launch/cloned_multi_tb3_simulation_launch.py\n'}
[0.854416] (nav2_bringup) StdoutLine: {'line': b'-- Up-to-date symlink: /home/yjy/ican_shoot/ican_shoot/install/nav2_bringup/share/nav2_bringup/launch/localization_launch.py\n'}
[0.854790] (nav2_bringup) StdoutLine: {'line': b'-- Up-to-date symlink: /home/yjy/ican_shoot/ican_shoot/install/nav2_bringup/share/nav2_bringup/launch/navigation_launch.py\n'}
[0.855085] (nav2_bringup) StdoutLine: {'line': b'-- Up-to-date symlink: /home/yjy/ican_shoot/ican_shoot/install/nav2_bringup/share/nav2_bringup/launch/rviz_launch.py\n'}
[0.855322] (nav2_bringup) StdoutLine: {'line': b'-- Up-to-date symlink: /home/yjy/ican_shoot/ican_shoot/install/nav2_bringup/share/nav2_bringup/launch/slam_launch.py\n'}
[0.855720] (nav2_bringup) StdoutLine: {'line': b'-- Up-to-date symlink: /home/yjy/ican_shoot/ican_shoot/install/nav2_bringup/share/nav2_bringup/launch/tb3_simulation_launch.py\n'}
[0.856170] (nav2_bringup) StdoutLine: {'line': b'-- Up-to-date symlink: /home/yjy/ican_shoot/ican_shoot/install/nav2_bringup/share/nav2_bringup/launch/unique_multi_tb3_simulation_launch.py\n'}
[0.860111] (nav2_bringup) StdoutLine: {'line': b'-- Up-to-date symlink: /home/yjy/ican_shoot/ican_shoot/install/nav2_bringup/share/nav2_bringup/maps/turtlebot3_world.pgm\n'}
[0.861812] (nav2_bringup) StdoutLine: {'line': b'-- Up-to-date symlink: /home/yjy/ican_shoot/ican_shoot/install/nav2_bringup/share/nav2_bringup/maps/turtlebot3_world.yaml\n'}
[0.861935] (nav2_bringup) StdoutLine: {'line': b'-- Up-to-date symlink: /home/yjy/ican_shoot/ican_shoot/install/nav2_bringup/share/nav2_bringup/rviz/nav2_default_view.rviz\n'}
[0.861971] (nav2_bringup) StdoutLine: {'line': b'-- Up-to-date symlink: /home/yjy/ican_shoot/ican_shoot/install/nav2_bringup/share/nav2_bringup/rviz/nav2_namespaced_view.rviz\n'}
[0.862003] (nav2_bringup) StdoutLine: {'line': b'-- Up-to-date symlink: /home/yjy/ican_shoot/ican_shoot/install/nav2_bringup/share/nav2_bringup/worlds/waffle.model\n'}
[0.862031] (nav2_bringup) StdoutLine: {'line': b'-- Up-to-date symlink: /home/yjy/ican_shoot/ican_shoot/install/nav2_bringup/share/nav2_bringup/worlds/world_only.model\n'}
[0.862114] (nav2_bringup) StdoutLine: {'line': b'-- Up-to-date symlink: /home/yjy/ican_shoot/ican_shoot/install/nav2_bringup/share/nav2_bringup/params/nav2_multirobot_params_1.yaml\n'}
[0.862149] (nav2_bringup) StdoutLine: {'line': b'-- Up-to-date symlink: /home/yjy/ican_shoot/ican_shoot/install/nav2_bringup/share/nav2_bringup/params/nav2_multirobot_params_2.yaml\n'}
[0.862368] (nav2_bringup) StdoutLine: {'line': b'-- Up-to-date symlink: /home/yjy/ican_shoot/ican_shoot/install/nav2_bringup/share/nav2_bringup/params/nav2_multirobot_params_all.yaml\n'}
[0.862420] (nav2_bringup) StdoutLine: {'line': b'-- Up-to-date symlink: /home/yjy/ican_shoot/ican_shoot/install/nav2_bringup/share/nav2_bringup/params/nav2_params.yaml\n'}
[0.862736] (nav2_bringup) StdoutLine: {'line': b'-- Up-to-date symlink: /home/yjy/ican_shoot/ican_shoot/install/nav2_bringup/share/nav2_bringup/urdf/turtlebot3_waffle.urdf\n'}
[0.863070] (nav2_bringup) StdoutLine: {'line': b'-- Up-to-date symlink: /home/yjy/ican_shoot/ican_shoot/install/nav2_bringup/share/ament_index/resource_index/package_run_dependencies/nav2_bringup\n'}
[0.864536] (nav2_bringup) StdoutLine: {'line': b'-- Up-to-date symlink: /home/yjy/ican_shoot/ican_shoot/install/nav2_bringup/share/ament_index/resource_index/parent_prefix_path/nav2_bringup\n'}
[0.864642] (nav2_bringup) StdoutLine: {'line': b'-- Up-to-date symlink: /home/yjy/ican_shoot/ican_shoot/install/nav2_bringup/share/nav2_bringup/environment/ament_prefix_path.sh\n'}
[0.864694] (nav2_bringup) StdoutLine: {'line': b'-- Up-to-date symlink: /home/yjy/ican_shoot/ican_shoot/install/nav2_bringup/share/nav2_bringup/environment/ament_prefix_path.dsv\n'}
[0.864725] (nav2_bringup) StdoutLine: {'line': b'-- Up-to-date symlink: /home/yjy/ican_shoot/ican_shoot/install/nav2_bringup/share/nav2_bringup/environment/path.sh\n'}
[0.864758] (nav2_bringup) StdoutLine: {'line': b'-- Up-to-date symlink: /home/yjy/ican_shoot/ican_shoot/install/nav2_bringup/share/nav2_bringup/environment/path.dsv\n'}
[0.864785] (nav2_bringup) StdoutLine: {'line': b'-- Up-to-date symlink: /home/yjy/ican_shoot/ican_shoot/install/nav2_bringup/share/nav2_bringup/local_setup.bash\n'}
[0.864812] (nav2_bringup) StdoutLine: {'line': b'-- Up-to-date symlink: /home/yjy/ican_shoot/ican_shoot/install/nav2_bringup/share/nav2_bringup/local_setup.sh\n'}
[0.864838] (nav2_bringup) StdoutLine: {'line': b'-- Up-to-date symlink: /home/yjy/ican_shoot/ican_shoot/install/nav2_bringup/share/nav2_bringup/local_setup.zsh\n'}
[0.865172] (nav2_bringup) StdoutLine: {'line': b'-- Up-to-date symlink: /home/yjy/ican_shoot/ican_shoot/install/nav2_bringup/share/nav2_bringup/local_setup.dsv\n'}
[0.865519] (nav2_bringup) StdoutLine: {'line': b'-- Symlinking: /home/yjy/ican_shoot/ican_shoot/install/nav2_bringup/share/nav2_bringup/package.dsv\n'}
[0.890754] (nav2_bringup) StdoutLine: {'line': b'-- Up-to-date symlink: /home/yjy/ican_shoot/ican_shoot/install/nav2_bringup/share/ament_index/resource_index/packages/nav2_bringup\n'}
[0.893164] (nav2_bringup) StdoutLine: {'line': b'-- Up-to-date symlink: /home/yjy/ican_shoot/ican_shoot/install/nav2_bringup/share/nav2_bringup/cmake/nav2_bringupConfig.cmake\n'}
[0.893800] (nav2_bringup) StdoutLine: {'line': b'-- Up-to-date symlink: /home/yjy/ican_shoot/ican_shoot/install/nav2_bringup/share/nav2_bringup/cmake/nav2_bringupConfig-version.cmake\n'}
[0.894024] (nav2_bringup) StdoutLine: {'line': b'-- Up-to-date symlink: /home/yjy/ican_shoot/ican_shoot/install/nav2_bringup/share/nav2_bringup/package.xml\n'}
[0.899867] (nav2_bringup) CommandEnded: {'returncode': 0}
[0.909850] (-) TimerEvent: {}
[0.921726] (nav2_bringup) JobEnded: {'identifier': 'nav2_bringup', 'rc': 0}
[0.924511] (ican_example_navigation) JobStarted: {'identifier': 'ican_example_navigation'}
[1.010341] (-) TimerEvent: {}
[1.110952] (-) TimerEvent: {}
[1.211655] (-) TimerEvent: {}
[1.312081] (-) TimerEvent: {}
[1.414035] (-) TimerEvent: {}
[1.514231] (-) TimerEvent: {}
[1.567444] (ican_referee_system) Command: {'cmd': ['/usr/bin/python3', '-W', 'ignore:setup.py install is deprecated', '-W', 'ignore:easy_install command is deprecated', 'setup.py', 'develop', '--editable', '--build-directory', '/home/yjy/ican_shoot/ican_shoot/build/ican_referee_system/build', '--no-deps', 'symlink_data'], 'cwd': '/home/yjy/ican_shoot/ican_shoot/build/ican_referee_system', 'env': OrderedDict([('PYTHONIOENCODING', 'utf-8'), ('ZAI_OAUTH_CLIENT_ID', 'client_P8X5CMWmlaRO9gyO-KSqtg'), ('ZCODE_DESKTOP_CONTEXT_PROMPT_ENABLED', '1'), ('USER', 'yjy'), ('SSH_CLIENT', '192.168.107.1 50102 22'), ('GIT_EDITOR', 'true'), ('XDG_SESSION_TYPE', 'tty'), ('SHLVL', '0'), ('LD_LIBRARY_PATH', '/opt/ican_shoot_sim/lib:/usr/lib/x86_64-linux-gnu/gazebo-11/plugins:/opt/ros/humble/opt/rviz_ogre_vendor/lib:/opt/ros/humble/lib/x86_64-linux-gnu:/opt/ros/humble/lib'), ('MOTD_SHOWN', 'pam'), ('HOME', '/home/yjy'), ('ZCODE_SERVICE_AUTHORITY_MODE', 'desktop-attached-remote'), ('OLDPWD', '/home/yjy/ican_shoot/comp_imgs'), ('ZAI_OAUTH_ORIGIN', 'https://chat.z.ai'), ('ZCODE_APP_VERSION', '3.14.3'), ('ROS_PYTHON_VERSION', '3'), ('ZCODE_SERVER_RUNTIME_ROOT', '/home/yjy/.zcode/server'), ('LC_CTYPE', 'en_US.UTF-8'), ('DBUS_SESSION_BUS_ADDRESS', 'unix:path=/run/user/1000/bus'), ('COLCON_PREFIX_PATH', '/opt/ican_shoot_sim'), ('ROS_DISTRO', 'humble'), ('LOGNAME', 'yjy'), ('ZCODE_RUNTIME_ENV', 'production'), ('ZCODE_PERSONAL_PROVIDER_CONFIG_FILE', '/home/yjy/.zcode/v2/provider_config.json'), ('_', '/usr/bin/colcon'), ('ROS_VERSION', '2'), ('XDG_SESSION_CLASS', 'user'), ('ZCODE_BUILTIN_PROVIDER_CONFIG_FILE', '/home/yjy/.zcode/v2/runtime/provider/linux-x86_64/3.14.3/endpoint-78d7c3bef4024722642626fe3669a799/zcode-builtin.json'), ('ZAI_BUSINESS_BASE_URL', 'https://api.z.ai'), ('TERM', 'dumb'), ('XDG_SESSION_ID', '4'), ('ROS_LOCALHOST_ONLY', '0'), ('PATH', '/opt/ros/humble/bin:/usr/local/sbin:/usr/local/bin:/usr/sbin:/usr/bin:/sbin:/bin:/usr/games:/usr/local/games:/snap/bin:/home/yjy/.zcode/server/tools/bfs:/home/yjy/.zcode/server/tools/ripgrep:/home/yjy/.zcode/server/tools/ugrep'), ('XDG_RUNTIME_DIR', '/run/user/1000'), ('ZCODE_BFS_BINARY', '/home/yjy/.zcode/server/tools/bfs/bfs'), ('LANG', 'en_US.UTF-8'), ('AMENT_PREFIX_PATH', '/opt/ican_shoot_sim:/opt/ros/humble'), ('SHELL', '/bin/bash'), ('PYTHONUTF8', '1'), ('ZCODE_WORKSPACE_IDENTITY', 'remote:ssh:192.168.107.148:22:yjy:/home/yjy/ican_shoot'), ('PWD', '/home/yjy/ican_shoot/ican_shoot/build/ican_referee_system'), ('LC_ALL', 'en_US.UTF-8'), ('ZCODE_BASE_URL', 'https://zcode.z.ai'), ('SSH_CONNECTION', '192.168.107.1 50102 192.168.107.148 22'), ('ZCODE_RG_BINARY', '/home/yjy/.zcode/server/tools/ripgrep/rg'), ('PYTHONPATH', '/home/yjy/ican_shoot/ican_shoot/build/ican_referee_system/prefix_override:/usr/lib/python3/dist-packages/colcon_core/task/python/colcon_distutils_commands:/home/yjy/ican_shoot/ican_shoot/install/ican_referee_system/lib/python3.10/site-packages:/opt/ican_shoot_sim/lib/python3.10/site-packages:/opt/ros/humble/lib/python3.10/site-packages:/opt/ros/humble/local/lib/python3.10/dist-packages'), ('ZCODE_UGREP_BINARY', '/home/yjy/.zcode/server/tools/ugrep/ugrep'), ('ZCODE_ENV', 'production'), ('COLCON', '1'), ('CMAKE_PREFIX_PATH', '/opt/ican_shoot_sim')]), 'shell': False}
[1.582405] (ican_example_ring_aim) Command: {'cmd': ['/usr/bin/python3', '-W', 'ignore:setup.py install is deprecated', '-W', 'ignore:easy_install command is deprecated', 'setup.py', 'develop', '--editable', '--build-directory', '/home/yjy/ican_shoot/ican_shoot/build/ican_example_ring_aim/build', '--no-deps', 'symlink_data'], 'cwd': '/home/yjy/ican_shoot/ican_shoot/build/ican_example_ring_aim', 'env': OrderedDict([('PYTHONIOENCODING', 'utf-8'), ('ZAI_OAUTH_CLIENT_ID', 'client_P8X5CMWmlaRO9gyO-KSqtg'), ('ZCODE_DESKTOP_CONTEXT_PROMPT_ENABLED', '1'), ('USER', 'yjy'), ('SSH_CLIENT', '192.168.107.1 50102 22'), ('GIT_EDITOR', 'true'), ('XDG_SESSION_TYPE', 'tty'), ('SHLVL', '0'), ('LD_LIBRARY_PATH', '/opt/ican_shoot_sim/lib:/usr/lib/x86_64-linux-gnu/gazebo-11/plugins:/opt/ros/humble/opt/rviz_ogre_vendor/lib:/opt/ros/humble/lib/x86_64-linux-gnu:/opt/ros/humble/lib'), ('MOTD_SHOWN', 'pam'), ('HOME', '/home/yjy'), ('ZCODE_SERVICE_AUTHORITY_MODE', 'desktop-attached-remote'), ('OLDPWD', '/home/yjy/ican_shoot/comp_imgs'), ('ZAI_OAUTH_ORIGIN', 'https://chat.z.ai'), ('ZCODE_APP_VERSION', '3.14.3'), ('ROS_PYTHON_VERSION', '3'), ('ZCODE_SERVER_RUNTIME_ROOT', '/home/yjy/.zcode/server'), ('LC_CTYPE', 'en_US.UTF-8'), ('DBUS_SESSION_BUS_ADDRESS', 'unix:path=/run/user/1000/bus'), ('COLCON_PREFIX_PATH', '/opt/ican_shoot_sim'), ('ROS_DISTRO', 'humble'), ('LOGNAME', 'yjy'), ('ZCODE_RUNTIME_ENV', 'production'), ('ZCODE_PERSONAL_PROVIDER_CONFIG_FILE', '/home/yjy/.zcode/v2/provider_config.json'), ('_', '/usr/bin/colcon'), ('ROS_VERSION', '2'), ('XDG_SESSION_CLASS', 'user'), ('ZCODE_BUILTIN_PROVIDER_CONFIG_FILE', '/home/yjy/.zcode/v2/runtime/provider/linux-x86_64/3.14.3/endpoint-78d7c3bef4024722642626fe3669a799/zcode-builtin.json'), ('ZAI_BUSINESS_BASE_URL', 'https://api.z.ai'), ('TERM', 'dumb'), ('XDG_SESSION_ID', '4'), ('ROS_LOCALHOST_ONLY', '0'), ('PATH', '/opt/ros/humble/bin:/usr/local/sbin:/usr/local/bin:/usr/sbin:/usr/bin:/sbin:/bin:/usr/games:/usr/local/games:/snap/bin:/home/yjy/.zcode/server/tools/bfs:/home/yjy/.zcode/server/tools/ripgrep:/home/yjy/.zcode/server/tools/ugrep'), ('XDG_RUNTIME_DIR', '/run/user/1000'), ('ZCODE_BFS_BINARY', '/home/yjy/.zcode/server/tools/bfs/bfs'), ('LANG', 'en_US.UTF-8'), ('AMENT_PREFIX_PATH', '/opt/ican_shoot_sim:/opt/ros/humble'), ('SHELL', '/bin/bash'), ('PYTHONUTF8', '1'), ('ZCODE_WORKSPACE_IDENTITY', 'remote:ssh:192.168.107.148:22:yjy:/home/yjy/ican_shoot'), ('PWD', '/home/yjy/ican_shoot/ican_shoot/build/ican_example_ring_aim'), ('LC_ALL', 'en_US.UTF-8'), ('ZCODE_BASE_URL', 'https://zcode.z.ai'), ('SSH_CONNECTION', '192.168.107.1 50102 192.168.107.148 22'), ('ZCODE_RG_BINARY', '/home/yjy/.zcode/server/tools/ripgrep/rg'), ('PYTHONPATH', '/home/yjy/ican_shoot/ican_shoot/build/ican_example_ring_aim/prefix_override:/usr/lib/python3/dist-packages/colcon_core/task/python/colcon_distutils_commands:/home/yjy/ican_shoot/ican_shoot/install/ican_example_ring_aim/lib/python3.10/site-packages:/opt/ican_shoot_sim/lib/python3.10/site-packages:/opt/ros/humble/lib/python3.10/site-packages:/opt/ros/humble/local/lib/python3.10/dist-packages'), ('ZCODE_UGREP_BINARY', '/home/yjy/.zcode/server/tools/ugrep/ugrep'), ('ZCODE_ENV', 'production'), ('COLCON', '1'), ('CMAKE_PREFIX_PATH', '/opt/ican_shoot_sim')]), 'shell': False}
[1.614878] (-) TimerEvent: {}
[1.715494] (-) TimerEvent: {}
[1.815860] (-) TimerEvent: {}
[1.853011] (ican_referee_system) StdoutLine: {'line': b'running develop\n'}
[1.881522] (ican_example_ring_aim) StdoutLine: {'line': b'running develop\n'}
[1.916348] (-) TimerEvent: {}
[1.996250] (ican_referee_system) StdoutLine: {'line': b'running egg_info\n'}
[1.996855] (ican_referee_system) StdoutLine: {'line': b'writing ican_referee_system.egg-info/PKG-INFO\n'}
[1.997584] (ican_referee_system) StdoutLine: {'line': b'writing dependency_links to ican_referee_system.egg-info/dependency_links.txt\n'}
[1.997994] (ican_referee_system) StdoutLine: {'line': b'writing entry points to ican_referee_system.egg-info/entry_points.txt\n'}
[1.998392] (ican_referee_system) StdoutLine: {'line': b'writing requirements to ican_referee_system.egg-info/requires.txt\n'}
[1.998685] (ican_referee_system) StdoutLine: {'line': b'writing top-level names to ican_referee_system.egg-info/top_level.txt\n'}
[2.002625] (ican_referee_system) StdoutLine: {'line': b"reading manifest file 'ican_referee_system.egg-info/SOURCES.txt'\n"}
[2.005669] (ican_referee_system) StdoutLine: {'line': b"writing manifest file 'ican_referee_system.egg-info/SOURCES.txt'\n"}
[2.005863] (ican_referee_system) StdoutLine: {'line': b'running build_ext\n'}
[2.005952] (ican_referee_system) StdoutLine: {'line': b'Creating /home/yjy/ican_shoot/ican_shoot/install/ican_referee_system/lib/python3.10/site-packages/ican-referee-system.egg-link (link to .)\n'}
[2.007756] (ican_referee_system) StdoutLine: {'line': b'Installing referee_node script to /home/yjy/ican_shoot/ican_shoot/install/ican_referee_system/lib/ican_referee_system\n'}
[2.009911] (ican_referee_system) StdoutLine: {'line': b'\n'}
[2.010082] (ican_referee_system) StdoutLine: {'line': b'Installed /home/yjy/ican_shoot/ican_shoot/build/ican_referee_system\n'}
[2.010466] (ican_referee_system) StdoutLine: {'line': b'running symlink_data\n'}
[2.016828] (-) TimerEvent: {}
[2.017916] (ican_example_navigation) Command: {'cmd': ['/usr/bin/python3', '-W', 'ignore:setup.py install is deprecated', '-W', 'ignore:easy_install command is deprecated', 'setup.py', 'develop', '--editable', '--build-directory', '/home/yjy/ican_shoot/ican_shoot/build/ican_example_navigation/build', '--no-deps', 'symlink_data'], 'cwd': '/home/yjy/ican_shoot/ican_shoot/build/ican_example_navigation', 'env': OrderedDict([('PYTHONIOENCODING', 'utf-8'), ('ZAI_OAUTH_CLIENT_ID', 'client_P8X5CMWmlaRO9gyO-KSqtg'), ('ZCODE_DESKTOP_CONTEXT_PROMPT_ENABLED', '1'), ('USER', 'yjy'), ('SSH_CLIENT', '192.168.107.1 50102 22'), ('GIT_EDITOR', 'true'), ('XDG_SESSION_TYPE', 'tty'), ('SHLVL', '0'), ('LD_LIBRARY_PATH', '/opt/ican_shoot_sim/lib:/usr/lib/x86_64-linux-gnu/gazebo-11/plugins:/opt/ros/humble/opt/rviz_ogre_vendor/lib:/opt/ros/humble/lib/x86_64-linux-gnu:/opt/ros/humble/lib'), ('MOTD_SHOWN', 'pam'), ('HOME', '/home/yjy'), ('ZCODE_SERVICE_AUTHORITY_MODE', 'desktop-attached-remote'), ('OLDPWD', '/home/yjy/ican_shoot/comp_imgs'), ('ZAI_OAUTH_ORIGIN', 'https://chat.z.ai'), ('ZCODE_APP_VERSION', '3.14.3'), ('ROS_PYTHON_VERSION', '3'), ('ZCODE_SERVER_RUNTIME_ROOT', '/home/yjy/.zcode/server'), ('LC_CTYPE', 'en_US.UTF-8'), ('DBUS_SESSION_BUS_ADDRESS', 'unix:path=/run/user/1000/bus'), ('COLCON_PREFIX_PATH', '/opt/ican_shoot_sim'), ('ROS_DISTRO', 'humble'), ('LOGNAME', 'yjy'), ('ZCODE_RUNTIME_ENV', 'production'), ('ZCODE_PERSONAL_PROVIDER_CONFIG_FILE', '/home/yjy/.zcode/v2/provider_config.json'), ('_', '/usr/bin/colcon'), ('ROS_VERSION', '2'), ('XDG_SESSION_CLASS', 'user'), ('ZCODE_BUILTIN_PROVIDER_CONFIG_FILE', '/home/yjy/.zcode/v2/runtime/provider/linux-x86_64/3.14.3/endpoint-78d7c3bef4024722642626fe3669a799/zcode-builtin.json'), ('ZAI_BUSINESS_BASE_URL', 'https://api.z.ai'), ('TERM', 'dumb'), ('XDG_SESSION_ID', '4'), ('ROS_LOCALHOST_ONLY', '0'), ('PATH', '/opt/ros/humble/bin:/usr/local/sbin:/usr/local/bin:/usr/sbin:/usr/bin:/sbin:/bin:/usr/games:/usr/local/games:/snap/bin:/home/yjy/.zcode/server/tools/bfs:/home/yjy/.zcode/server/tools/ripgrep:/home/yjy/.zcode/server/tools/ugrep'), ('XDG_RUNTIME_DIR', '/run/user/1000'), ('ZCODE_BFS_BINARY', '/home/yjy/.zcode/server/tools/bfs/bfs'), ('LANG', 'en_US.UTF-8'), ('AMENT_PREFIX_PATH', '/home/yjy/ican_shoot/ican_shoot/install/nav2_bringup:/home/yjy/ican_shoot/ican_shoot/install/navigation2:/opt/ican_shoot_sim:/opt/ros/humble'), ('SHELL', '/bin/bash'), ('PYTHONUTF8', '1'), ('ZCODE_WORKSPACE_IDENTITY', 'remote:ssh:192.168.107.148:22:yjy:/home/yjy/ican_shoot'), ('PWD', '/home/yjy/ican_shoot/ican_shoot/build/ican_example_navigation'), ('LC_ALL', 'en_US.UTF-8'), ('ZCODE_BASE_URL', 'https://zcode.z.ai'), ('SSH_CONNECTION', '192.168.107.1 50102 192.168.107.148 22'), ('ZCODE_RG_BINARY', '/home/yjy/.zcode/server/tools/ripgrep/rg'), ('PYTHONPATH', '/home/yjy/ican_shoot/ican_shoot/build/ican_example_navigation/prefix_override:/usr/lib/python3/dist-packages/colcon_core/task/python/colcon_distutils_commands:/home/yjy/ican_shoot/ican_shoot/install/ican_example_navigation/lib/python3.10/site-packages:/opt/ican_shoot_sim/lib/python3.10/site-packages:/opt/ros/humble/lib/python3.10/site-packages:/opt/ros/humble/local/lib/python3.10/dist-packages'), ('ZCODE_UGREP_BINARY', '/home/yjy/.zcode/server/tools/ugrep/ugrep'), ('ZCODE_ENV', 'production'), ('COLCON', '1'), ('CMAKE_PREFIX_PATH', '/home/yjy/ican_shoot/ican_shoot/install/nav2_bringup:/home/yjy/ican_shoot/ican_shoot/install/navigation2:/opt/ican_shoot_sim')]), 'shell': False}
[2.040694] (ican_example_ring_aim) StdoutLine: {'line': b'running egg_info\n'}
[2.040881] (ican_example_ring_aim) StdoutLine: {'line': b'writing ican_example_ring_aim.egg-info/PKG-INFO\n'}
[2.040931] (ican_example_ring_aim) StdoutLine: {'line': b'writing dependency_links to ican_example_ring_aim.egg-info/dependency_links.txt\n'}
[2.041609] (ican_example_ring_aim) StdoutLine: {'line': b'writing entry points to ican_example_ring_aim.egg-info/entry_points.txt\n'}
[2.042275] (ican_example_ring_aim) StdoutLine: {'line': b'writing requirements to ican_example_ring_aim.egg-info/requires.txt\n'}
[2.042964] (ican_example_ring_aim) StdoutLine: {'line': b'writing top-level names to ican_example_ring_aim.egg-info/top_level.txt\n'}
[2.047671] (ican_example_ring_aim) StdoutLine: {'line': b"reading manifest file 'ican_example_ring_aim.egg-info/SOURCES.txt'\n"}
[2.047810] (ican_example_ring_aim) StdoutLine: {'line': b"writing manifest file 'ican_example_ring_aim.egg-info/SOURCES.txt'\n"}
[2.048730] (ican_example_ring_aim) StdoutLine: {'line': b'running build_ext\n'}
[2.049077] (ican_example_ring_aim) StdoutLine: {'line': b'Creating /home/yjy/ican_shoot/ican_shoot/install/ican_example_ring_aim/lib/python3.10/site-packages/ican-example-ring-aim.egg-link (link to .)\n'}
[2.050655] (ican_example_ring_aim) StdoutLine: {'line': b'Installing ring_aim_node script to /home/yjy/ican_shoot/ican_shoot/install/ican_example_ring_aim/lib/ican_example_ring_aim\n'}
[2.050944] (ican_example_ring_aim) StdoutLine: {'line': b'\n'}
[2.050991] (ican_example_ring_aim) StdoutLine: {'line': b'Installed /home/yjy/ican_shoot/ican_shoot/build/ican_example_ring_aim\n'}
[2.051158] (ican_example_ring_aim) StdoutLine: {'line': b'running symlink_data\n'}
[2.066342] (ican_referee_system) CommandEnded: {'returncode': 0}
[2.081449] (ican_referee_system) JobEnded: {'identifier': 'ican_referee_system', 'rc': 0}
[2.106358] (ican_example_ring_aim) CommandEnded: {'returncode': 0}
[2.117565] (ican_example_ring_aim) JobEnded: {'identifier': 'ican_example_ring_aim', 'rc': 0}
[2.118253] (-) TimerEvent: {}
[2.218989] (-) TimerEvent: {}
[2.278364] (ican_example_navigation) StdoutLine: {'line': b'running develop\n'}
[2.319607] (-) TimerEvent: {}
[2.410806] (ican_example_navigation) StdoutLine: {'line': b'running egg_info\n'}
[2.411123] (ican_example_navigation) StdoutLine: {'line': b'writing ican_example_navigation.egg-info/PKG-INFO\n'}
[2.411471] (ican_example_navigation) StdoutLine: {'line': b'writing dependency_links to ican_example_navigation.egg-info/dependency_links.txt\n'}
[2.413343] (ican_example_navigation) StdoutLine: {'line': b'writing entry points to ican_example_navigation.egg-info/entry_points.txt\n'}
[2.413479] (ican_example_navigation) StdoutLine: {'line': b'writing requirements to ican_example_navigation.egg-info/requires.txt\n'}
[2.413519] (ican_example_navigation) StdoutLine: {'line': b'writing top-level names to ican_example_navigation.egg-info/top_level.txt\n'}
[2.415056] (ican_example_navigation) StdoutLine: {'line': b"reading manifest file 'ican_example_navigation.egg-info/SOURCES.txt'\n"}
[2.415763] (ican_example_navigation) StdoutLine: {'line': b"writing manifest file 'ican_example_navigation.egg-info/SOURCES.txt'\n"}
[2.418454] (ican_example_navigation) StdoutLine: {'line': b'running build_ext\n'}
[2.418591] (ican_example_navigation) StdoutLine: {'line': b'Creating /home/yjy/ican_shoot/ican_shoot/install/ican_example_navigation/lib/python3.10/site-packages/ican-example-navigation.egg-link (link to .)\n'}
[2.419684] (ican_example_navigation) StdoutLine: {'line': b'Installing initial_pose_publisher script to /home/yjy/ican_shoot/ican_shoot/install/ican_example_navigation/lib/ican_example_navigation\n'}
[2.419774] (-) TimerEvent: {}
[2.419982] (ican_example_navigation) StdoutLine: {'line': b'\n'}
[2.420154] (ican_example_navigation) StdoutLine: {'line': b'Installed /home/yjy/ican_shoot/ican_shoot/build/ican_example_navigation\n'}
[2.420192] (ican_example_navigation) StdoutLine: {'line': b'running symlink_data\n'}
[2.472487] (ican_example_navigation) CommandEnded: {'returncode': 0}
[2.484855] (ican_example_navigation) JobEnded: {'identifier': 'ican_example_navigation', 'rc': 0}
[2.485559] (ican_example_mission) JobStarted: {'identifier': 'ican_example_mission'}
[2.520163] (-) TimerEvent: {}
[2.620758] (-) TimerEvent: {}
[2.721146] (-) TimerEvent: {}
[2.822177] (-) TimerEvent: {}
[2.922890] (-) TimerEvent: {}
[3.023965] (-) TimerEvent: {}
[3.124845] (-) TimerEvent: {}
[3.225491] (-) TimerEvent: {}
[3.325841] (-) TimerEvent: {}
[3.427134] (-) TimerEvent: {}
[3.481148] (ican_example_mission) Command: {'cmd': ['/usr/bin/python3', '-W', 'ignore:setup.py install is deprecated', '-W', 'ignore:easy_install command is deprecated', 'setup.py', 'develop', '--editable', '--build-directory', '/home/yjy/ican_shoot/ican_shoot/build/ican_example_mission/build', '--no-deps', 'symlink_data'], 'cwd': '/home/yjy/ican_shoot/ican_shoot/build/ican_example_mission', 'env': OrderedDict([('PYTHONIOENCODING', 'utf-8'), ('ZAI_OAUTH_CLIENT_ID', 'client_P8X5CMWmlaRO9gyO-KSqtg'), ('ZCODE_DESKTOP_CONTEXT_PROMPT_ENABLED', '1'), ('USER', 'yjy'), ('SSH_CLIENT', '192.168.107.1 50102 22'), ('GIT_EDITOR', 'true'), ('XDG_SESSION_TYPE', 'tty'), ('SHLVL', '0'), ('LD_LIBRARY_PATH', '/opt/ican_shoot_sim/lib:/usr/lib/x86_64-linux-gnu/gazebo-11/plugins:/opt/ros/humble/opt/rviz_ogre_vendor/lib:/opt/ros/humble/lib/x86_64-linux-gnu:/opt/ros/humble/lib'), ('MOTD_SHOWN', 'pam'), ('HOME', '/home/yjy'), ('ZCODE_SERVICE_AUTHORITY_MODE', 'desktop-attached-remote'), ('OLDPWD', '/home/yjy/ican_shoot/comp_imgs'), ('ZAI_OAUTH_ORIGIN', 'https://chat.z.ai'), ('ZCODE_APP_VERSION', '3.14.3'), ('ROS_PYTHON_VERSION', '3'), ('ZCODE_SERVER_RUNTIME_ROOT', '/home/yjy/.zcode/server'), ('LC_CTYPE', 'en_US.UTF-8'), ('DBUS_SESSION_BUS_ADDRESS', 'unix:path=/run/user/1000/bus'), ('COLCON_PREFIX_PATH', '/opt/ican_shoot_sim'), ('ROS_DISTRO', 'humble'), ('LOGNAME', 'yjy'), ('ZCODE_RUNTIME_ENV', 'production'), ('ZCODE_PERSONAL_PROVIDER_CONFIG_FILE', '/home/yjy/.zcode/v2/provider_config.json'), ('_', '/usr/bin/colcon'), ('ROS_VERSION', '2'), ('XDG_SESSION_CLASS', 'user'), ('ZCODE_BUILTIN_PROVIDER_CONFIG_FILE', '/home/yjy/.zcode/v2/runtime/provider/linux-x86_64/3.14.3/endpoint-78d7c3bef4024722642626fe3669a799/zcode-builtin.json'), ('ZAI_BUSINESS_BASE_URL', 'https://api.z.ai'), ('TERM', 'dumb'), ('XDG_SESSION_ID', '4'), ('ROS_LOCALHOST_ONLY', '0'), ('PATH', '/opt/ros/humble/bin:/usr/local/sbin:/usr/local/bin:/usr/sbin:/usr/bin:/sbin:/bin:/usr/games:/usr/local/games:/snap/bin:/home/yjy/.zcode/server/tools/bfs:/home/yjy/.zcode/server/tools/ripgrep:/home/yjy/.zcode/server/tools/ugrep'), ('XDG_RUNTIME_DIR', '/run/user/1000'), ('ZCODE_BFS_BINARY', '/home/yjy/.zcode/server/tools/bfs/bfs'), ('LANG', 'en_US.UTF-8'), ('AMENT_PREFIX_PATH', '/home/yjy/ican_shoot/ican_shoot/install/ican_example_navigation:/home/yjy/ican_shoot/ican_shoot/install/nav2_bringup:/home/yjy/ican_shoot/ican_shoot/install/navigation2:/home/yjy/ican_shoot/ican_shoot/install/ican_referee_system:/home/yjy/ican_shoot/ican_shoot/install/ican_example_ring_aim:/opt/ican_shoot_sim:/opt/ros/humble'), ('SHELL', '/bin/bash'), ('PYTHONUTF8', '1'), ('ZCODE_WORKSPACE_IDENTITY', 'remote:ssh:192.168.107.148:22:yjy:/home/yjy/ican_shoot'), ('PWD', '/home/yjy/ican_shoot/ican_shoot/build/ican_example_mission'), ('LC_ALL', 'en_US.UTF-8'), ('ZCODE_BASE_URL', 'https://zcode.z.ai'), ('SSH_CONNECTION', '192.168.107.1 50102 192.168.107.148 22'), ('ZCODE_RG_BINARY', '/home/yjy/.zcode/server/tools/ripgrep/rg'), ('PYTHONPATH', '/home/yjy/ican_shoot/ican_shoot/build/ican_example_mission/prefix_override:/usr/lib/python3/dist-packages/colcon_core/task/python/colcon_distutils_commands:/home/yjy/ican_shoot/ican_shoot/install/ican_example_mission/lib/python3.10/site-packages:/home/yjy/ican_shoot/ican_shoot/build/ican_example_navigation:/home/yjy/ican_shoot/ican_shoot/install/ican_example_navigation/lib/python3.10/site-packages:/home/yjy/ican_shoot/ican_shoot/build/ican_referee_system:/home/yjy/ican_shoot/ican_shoot/install/ican_referee_system/lib/python3.10/site-packages:/home/yjy/ican_shoot/ican_shoot/build/ican_example_ring_aim:/home/yjy/ican_shoot/ican_shoot/install/ican_example_ring_aim/lib/python3.10/site-packages:/opt/ican_shoot_sim/lib/python3.10/site-packages:/opt/ros/humble/lib/python3.10/site-packages:/opt/ros/humble/local/lib/python3.10/dist-packages'), ('ZCODE_UGREP_BINARY', '/home/yjy/.zcode/server/tools/ugrep/ugrep'), ('ZCODE_ENV', 'production'), ('COLCON', '1'), ('CMAKE_PREFIX_PATH', '/home/yjy/ican_shoot/ican_shoot/install/nav2_bringup:/home/yjy/ican_shoot/ican_shoot/install/navigation2:/opt/ican_shoot_sim')]), 'shell': False}
[3.527313] (-) TimerEvent: {}
[3.627860] (-) TimerEvent: {}
[3.728336] (-) TimerEvent: {}
[3.743100] (ican_example_mission) StdoutLine: {'line': b'running develop\n'}
[3.829219] (-) TimerEvent: {}
[3.893141] (ican_example_mission) StdoutLine: {'line': b'running egg_info\n'}
[3.893474] (ican_example_mission) StdoutLine: {'line': b'writing ican_example_mission.egg-info/PKG-INFO\n'}
[3.894675] (ican_example_mission) StdoutLine: {'line': b'writing dependency_links to ican_example_mission.egg-info/dependency_links.txt\n'}
[3.894820] (ican_example_mission) StdoutLine: {'line': b'writing entry points to ican_example_mission.egg-info/entry_points.txt\n'}
[3.894861] (ican_example_mission) StdoutLine: {'line': b'writing requirements to ican_example_mission.egg-info/requires.txt\n'}
[3.894903] (ican_example_mission) StdoutLine: {'line': b'writing top-level names to ican_example_mission.egg-info/top_level.txt\n'}
[3.897224] (ican_example_mission) StdoutLine: {'line': b"reading manifest file 'ican_example_mission.egg-info/SOURCES.txt'\n"}
[3.898170] (ican_example_mission) StdoutLine: {'line': b"writing manifest file 'ican_example_mission.egg-info/SOURCES.txt'\n"}
[3.900257] (ican_example_mission) StdoutLine: {'line': b'running build_ext\n'}
[3.900573] (ican_example_mission) StdoutLine: {'line': b'Creating /home/yjy/ican_shoot/ican_shoot/install/ican_example_mission/lib/python3.10/site-packages/ican-example-mission.egg-link (link to .)\n'}
[3.902019] (ican_example_mission) StdoutLine: {'line': b'Installing full_mission_node script to /home/yjy/ican_shoot/ican_shoot/install/ican_example_mission/lib/ican_example_mission\n'}
[3.902464] (ican_example_mission) StdoutLine: {'line': b'Installing one_target_mission_node script to /home/yjy/ican_shoot/ican_shoot/install/ican_example_mission/lib/ican_example_mission\n'}
[3.902530] (ican_example_mission) StdoutLine: {'line': b'\n'}
[3.902566] (ican_example_mission) StdoutLine: {'line': b'Installed /home/yjy/ican_shoot/ican_shoot/build/ican_example_mission\n'}
[3.902596] (ican_example_mission) StdoutLine: {'line': b'running symlink_data\n'}
[3.929773] (-) TimerEvent: {}
[3.961467] (ican_example_mission) CommandEnded: {'returncode': 0}
[3.972323] (ican_example_mission) JobEnded: {'identifier': 'ican_example_mission', 'rc': 0}
[3.972939] (-) EventReactorShutdown: {}
