[1.181s] Invoking command in '/home/leea/Ican_sim/ican_shoot/build/ican_example_ring_aim': PYTHONPATH=/home/leea/Ican_sim/ican_shoot/build/ican_example_ring_aim/prefix_override:/usr/lib/python3/dist-packages/colcon_core/task/python/colcon_distutils_commands:/home/leea/Ican_sim/ican_shoot/install/ican_example_ring_aim/lib/python3.10/site-packages:${PYTHONPATH} /usr/bin/python3 -W ignore:setup.py install is deprecated -W ignore:easy_install command is deprecated setup.py develop --editable --build-directory /home/leea/Ican_sim/ican_shoot/build/ican_example_ring_aim/build --no-deps symlink_data
[1.393s] running develop
[1.516s] running egg_info
[1.516s] creating ican_example_ring_aim.egg-info
[1.516s] writing ican_example_ring_aim.egg-info/PKG-INFO
[1.516s] writing dependency_links to ican_example_ring_aim.egg-info/dependency_links.txt
[1.516s] writing entry points to ican_example_ring_aim.egg-info/entry_points.txt
[1.517s] writing requirements to ican_example_ring_aim.egg-info/requires.txt
[1.517s] writing top-level names to ican_example_ring_aim.egg-info/top_level.txt
[1.517s] writing manifest file 'ican_example_ring_aim.egg-info/SOURCES.txt'
[1.518s] reading manifest file 'ican_example_ring_aim.egg-info/SOURCES.txt'
[1.519s] writing manifest file 'ican_example_ring_aim.egg-info/SOURCES.txt'
[1.520s] running build_ext
[1.520s] Creating /home/leea/Ican_sim/ican_shoot/install/ican_example_ring_aim/lib/python3.10/site-packages/ican-example-ring-aim.egg-link (link to .)
[1.521s] Installing ring_aim_node script to /home/leea/Ican_sim/ican_shoot/install/ican_example_ring_aim/lib/ican_example_ring_aim
[1.521s] 
[1.521s] Installed /home/leea/Ican_sim/ican_shoot/build/ican_example_ring_aim
[1.521s] running symlink_data
[1.522s] creating /home/leea/Ican_sim/ican_shoot/install/ican_example_ring_aim/share/ament_index
[1.522s] creating /home/leea/Ican_sim/ican_shoot/install/ican_example_ring_aim/share/ament_index/resource_index
[1.522s] creating /home/leea/Ican_sim/ican_shoot/install/ican_example_ring_aim/share/ament_index/resource_index/packages
[1.522s] symbolically linking /home/leea/Ican_sim/ican_shoot/build/ican_example_ring_aim/resource/ican_example_ring_aim -> /home/leea/Ican_sim/ican_shoot/install/ican_example_ring_aim/share/ament_index/resource_index/packages
[1.522s] symbolically linking /home/leea/Ican_sim/ican_shoot/build/ican_example_ring_aim/package.xml -> /home/leea/Ican_sim/ican_shoot/install/ican_example_ring_aim/share/ican_example_ring_aim
[1.522s] creating /home/leea/Ican_sim/ican_shoot/install/ican_example_ring_aim/share/ican_example_ring_aim/launch
[1.522s] symbolically linking /home/leea/Ican_sim/ican_shoot/build/ican_example_ring_aim/launch/ring_aim.launch.py -> /home/leea/Ican_sim/ican_shoot/install/ican_example_ring_aim/share/ican_example_ring_aim/launch
[1.566s] Invoked command in '/home/leea/Ican_sim/ican_shoot/build/ican_example_ring_aim' returned '0': PYTHONPATH=/home/leea/Ican_sim/ican_shoot/build/ican_example_ring_aim/prefix_override:/usr/lib/python3/dist-packages/colcon_core/task/python/colcon_distutils_commands:/home/leea/Ican_sim/ican_shoot/install/ican_example_ring_aim/lib/python3.10/site-packages:${PYTHONPATH} /usr/bin/python3 -W ignore:setup.py install is deprecated -W ignore:easy_install command is deprecated setup.py develop --editable --build-directory /home/leea/Ican_sim/ican_shoot/build/ican_example_ring_aim/build --no-deps symlink_data
