[2.915s] Invoking command in '/home/yjy/ican_shoot/ican_shoot/src/ican_referee_system': PYTHONPATH=/home/yjy/ican_shoot/ican_shoot/build/ican_referee_system/prefix_override:/usr/lib/python3/dist-packages/colcon_core/task/python/colcon_distutils_commands:/home/yjy/ican_shoot/ican_shoot/install/ican_referee_system/lib/python3.10/site-packages:${PYTHONPATH} /usr/bin/python3 -W ignore:setup.py install is deprecated -W ignore:easy_install command is deprecated setup.py egg_info --egg-base ../../build/ican_referee_system build --build-base /home/yjy/ican_shoot/ican_shoot/build/ican_referee_system/build install --record /home/yjy/ican_shoot/ican_shoot/build/ican_referee_system/install.log --install-scripts $base/lib/ican_referee_system --single-version-externally-managed install_data
[3.360s] running egg_info
[3.362s] writing ../../build/ican_referee_system/ican_referee_system.egg-info/PKG-INFO
[3.365s] writing dependency_links to ../../build/ican_referee_system/ican_referee_system.egg-info/dependency_links.txt
[3.368s] writing entry points to ../../build/ican_referee_system/ican_referee_system.egg-info/entry_points.txt
[3.368s] writing requirements to ../../build/ican_referee_system/ican_referee_system.egg-info/requires.txt
[3.369s] writing top-level names to ../../build/ican_referee_system/ican_referee_system.egg-info/top_level.txt
[3.375s] reading manifest file '../../build/ican_referee_system/ican_referee_system.egg-info/SOURCES.txt'
[3.379s] writing manifest file '../../build/ican_referee_system/ican_referee_system.egg-info/SOURCES.txt'
[3.381s] running build
[3.381s] running build_py
[3.386s] running install
[3.386s] running install_lib
[3.392s] running install_data
[3.396s] running install_egg_info
[3.401s] removing '/home/yjy/ican_shoot/ican_shoot/install/ican_referee_system/lib/python3.10/site-packages/ican_referee_system-0.2.0-py3.10.egg-info' (and everything under it)
[3.401s] Copying ../../build/ican_referee_system/ican_referee_system.egg-info to /home/yjy/ican_shoot/ican_shoot/install/ican_referee_system/lib/python3.10/site-packages/ican_referee_system-0.2.0-py3.10.egg-info
[3.408s] running install_scripts
[3.452s] Installing referee_node script to /home/yjy/ican_shoot/ican_shoot/install/ican_referee_system/lib/ican_referee_system
[3.454s] writing list of installed files to '/home/yjy/ican_shoot/ican_shoot/build/ican_referee_system/install.log'
[3.527s] Invoked command in '/home/yjy/ican_shoot/ican_shoot/src/ican_referee_system' returned '0': PYTHONPATH=/home/yjy/ican_shoot/ican_shoot/build/ican_referee_system/prefix_override:/usr/lib/python3/dist-packages/colcon_core/task/python/colcon_distutils_commands:/home/yjy/ican_shoot/ican_shoot/install/ican_referee_system/lib/python3.10/site-packages:${PYTHONPATH} /usr/bin/python3 -W ignore:setup.py install is deprecated -W ignore:easy_install command is deprecated setup.py egg_info --egg-base ../../build/ican_referee_system build --build-base /home/yjy/ican_shoot/ican_shoot/build/ican_referee_system/build install --record /home/yjy/ican_shoot/ican_shoot/build/ican_referee_system/install.log --install-scripts $base/lib/ican_referee_system --single-version-externally-managed install_data
