[1.104s] Invoking command in '/home/leea/Ican_sim/ican_shoot_user_workspace_example_only/build/ican_example_ring_aim': PYTHONPATH=/home/leea/Ican_sim/ican_shoot_user_workspace_example_only/build/ican_example_ring_aim/prefix_override:/usr/lib/python3/dist-packages/colcon_core/task/python/colcon_distutils_commands:/home/leea/Ican_sim/ican_shoot_user_workspace_example_only/install/ican_example_ring_aim/lib/python3.10/site-packages:${PYTHONPATH} /usr/bin/python3 -W ignore:setup.py install is deprecated -W ignore:easy_install command is deprecated setup.py develop --editable --build-directory /home/leea/Ican_sim/ican_shoot_user_workspace_example_only/build/ican_example_ring_aim/build --no-deps symlink_data
[1.330s] running develop
[1.466s] running egg_info
[1.466s] creating ican_example_ring_aim.egg-info
[1.467s] writing ican_example_ring_aim.egg-info/PKG-INFO
[1.467s] writing dependency_links to ican_example_ring_aim.egg-info/dependency_links.txt
[1.467s] writing entry points to ican_example_ring_aim.egg-info/entry_points.txt
[1.467s] writing requirements to ican_example_ring_aim.egg-info/requires.txt
[1.467s] writing top-level names to ican_example_ring_aim.egg-info/top_level.txt
[1.467s] writing manifest file 'ican_example_ring_aim.egg-info/SOURCES.txt'
[1.469s] reading manifest file 'ican_example_ring_aim.egg-info/SOURCES.txt'
[1.469s] writing manifest file 'ican_example_ring_aim.egg-info/SOURCES.txt'
[1.471s] running build_ext
[1.471s] Creating /home/leea/Ican_sim/ican_shoot_user_workspace_example_only/install/ican_example_ring_aim/lib/python3.10/site-packages/ican-example-ring-aim.egg-link (link to .)
[1.472s] Installing ring_aim_node script to /home/leea/Ican_sim/ican_shoot_user_workspace_example_only/install/ican_example_ring_aim/lib/ican_example_ring_aim
[1.472s] 
[1.473s] Installed /home/leea/Ican_sim/ican_shoot_user_workspace_example_only/build/ican_example_ring_aim
[1.473s] running symlink_data
[1.473s] creating /home/leea/Ican_sim/ican_shoot_user_workspace_example_only/install/ican_example_ring_aim/share/ament_index
[1.473s] creating /home/leea/Ican_sim/ican_shoot_user_workspace_example_only/install/ican_example_ring_aim/share/ament_index/resource_index
[1.473s] creating /home/leea/Ican_sim/ican_shoot_user_workspace_example_only/install/ican_example_ring_aim/share/ament_index/resource_index/packages
[1.473s] symbolically linking /home/leea/Ican_sim/ican_shoot_user_workspace_example_only/build/ican_example_ring_aim/resource/ican_example_ring_aim -> /home/leea/Ican_sim/ican_shoot_user_workspace_example_only/install/ican_example_ring_aim/share/ament_index/resource_index/packages
[1.473s] symbolically linking /home/leea/Ican_sim/ican_shoot_user_workspace_example_only/build/ican_example_ring_aim/package.xml -> /home/leea/Ican_sim/ican_shoot_user_workspace_example_only/install/ican_example_ring_aim/share/ican_example_ring_aim
[1.473s] creating /home/leea/Ican_sim/ican_shoot_user_workspace_example_only/install/ican_example_ring_aim/share/ican_example_ring_aim/launch
[1.474s] symbolically linking /home/leea/Ican_sim/ican_shoot_user_workspace_example_only/build/ican_example_ring_aim/launch/ring_aim.launch.py -> /home/leea/Ican_sim/ican_shoot_user_workspace_example_only/install/ican_example_ring_aim/share/ican_example_ring_aim/launch
[1.515s] Invoked command in '/home/leea/Ican_sim/ican_shoot_user_workspace_example_only/build/ican_example_ring_aim' returned '0': PYTHONPATH=/home/leea/Ican_sim/ican_shoot_user_workspace_example_only/build/ican_example_ring_aim/prefix_override:/usr/lib/python3/dist-packages/colcon_core/task/python/colcon_distutils_commands:/home/leea/Ican_sim/ican_shoot_user_workspace_example_only/install/ican_example_ring_aim/lib/python3.10/site-packages:${PYTHONPATH} /usr/bin/python3 -W ignore:setup.py install is deprecated -W ignore:easy_install command is deprecated setup.py develop --editable --build-directory /home/leea/Ican_sim/ican_shoot_user_workspace_example_only/build/ican_example_ring_aim/build --no-deps symlink_data
