[1.224s] Invoking command in '/home/houshengao/ican_shoot/build/ican_example_ring_aim': PYTHONPATH=/home/houshengao/ican_shoot/build/ican_example_ring_aim/prefix_override:/usr/lib/python3/dist-packages/colcon_core/task/python/colcon_distutils_commands:/home/houshengao/ican_shoot/install/ican_example_ring_aim/lib/python3.10/site-packages:${PYTHONPATH} /usr/bin/python3 -W ignore:setup.py install is deprecated -W ignore:easy_install command is deprecated setup.py develop --editable --build-directory /home/houshengao/ican_shoot/build/ican_example_ring_aim/build --no-deps symlink_data
[1.446s] running develop
[1.555s] running egg_info
[1.555s] creating ican_example_ring_aim.egg-info
[1.555s] writing ican_example_ring_aim.egg-info/PKG-INFO
[1.555s] writing dependency_links to ican_example_ring_aim.egg-info/dependency_links.txt
[1.555s] writing entry points to ican_example_ring_aim.egg-info/entry_points.txt
[1.555s] writing requirements to ican_example_ring_aim.egg-info/requires.txt
[1.555s] writing top-level names to ican_example_ring_aim.egg-info/top_level.txt
[1.555s] writing manifest file 'ican_example_ring_aim.egg-info/SOURCES.txt'
[1.557s] reading manifest file 'ican_example_ring_aim.egg-info/SOURCES.txt'
[1.558s] writing manifest file 'ican_example_ring_aim.egg-info/SOURCES.txt'
[1.559s] running build_ext
[1.559s] Creating /home/houshengao/ican_shoot/install/ican_example_ring_aim/lib/python3.10/site-packages/ican-example-ring-aim.egg-link (link to .)
[1.559s] Installing ring_aim_node script to /home/houshengao/ican_shoot/install/ican_example_ring_aim/lib/ican_example_ring_aim
[1.560s] 
[1.561s] Installed /home/houshengao/ican_shoot/build/ican_example_ring_aim
[1.561s] running symlink_data
[1.561s] creating /home/houshengao/ican_shoot/install/ican_example_ring_aim/share/ament_index
[1.561s] creating /home/houshengao/ican_shoot/install/ican_example_ring_aim/share/ament_index/resource_index
[1.561s] creating /home/houshengao/ican_shoot/install/ican_example_ring_aim/share/ament_index/resource_index/packages
[1.561s] symbolically linking /home/houshengao/ican_shoot/build/ican_example_ring_aim/resource/ican_example_ring_aim -> /home/houshengao/ican_shoot/install/ican_example_ring_aim/share/ament_index/resource_index/packages
[1.561s] symbolically linking /home/houshengao/ican_shoot/build/ican_example_ring_aim/package.xml -> /home/houshengao/ican_shoot/install/ican_example_ring_aim/share/ican_example_ring_aim
[1.561s] creating /home/houshengao/ican_shoot/install/ican_example_ring_aim/share/ican_example_ring_aim/launch
[1.561s] symbolically linking /home/houshengao/ican_shoot/build/ican_example_ring_aim/launch/ring_aim.launch.py -> /home/houshengao/ican_shoot/install/ican_example_ring_aim/share/ican_example_ring_aim/launch
[31.464s] Invoked command in '/home/houshengao/ican_shoot/build/ican_example_ring_aim' returned '0': PYTHONPATH=/home/houshengao/ican_shoot/build/ican_example_ring_aim/prefix_override:/usr/lib/python3/dist-packages/colcon_core/task/python/colcon_distutils_commands:/home/houshengao/ican_shoot/install/ican_example_ring_aim/lib/python3.10/site-packages:${PYTHONPATH} /usr/bin/python3 -W ignore:setup.py install is deprecated -W ignore:easy_install command is deprecated setup.py develop --editable --build-directory /home/houshengao/ican_shoot/build/ican_example_ring_aim/build --no-deps symlink_data
