[0.000000] (-) TimerEvent: {}
[0.000106] (-) JobUnselected: {'identifier': 'ican_example_navigation'}
[0.000126] (-) JobUnselected: {'identifier': 'ican_example_ring_aim'}
[0.000137] (-) JobUnselected: {'identifier': 'ican_referee_system'}
[0.000146] (-) JobUnselected: {'identifier': 'nav2_bringup'}
[0.000155] (-) JobUnselected: {'identifier': 'navigation2'}
[0.000168] (ican_example_mission) JobQueued: {'identifier': 'ican_example_mission', 'dependencies': OrderedDict([('ican_example_ring_aim', '/home/yjy/ican_shoot/ican_shoot/install/ican_example_ring_aim'), ('ican_referee_system', '/home/yjy/ican_shoot/ican_shoot/install/ican_referee_system'), ('navigation2', '/home/yjy/ican_shoot/ican_shoot/install/navigation2'), ('nav2_bringup', '/home/yjy/ican_shoot/ican_shoot/install/nav2_bringup'), ('ican_example_navigation', '/home/yjy/ican_shoot/ican_shoot/install/ican_example_navigation')])}
[0.000189] (ican_example_mission) JobStarted: {'identifier': 'ican_example_mission'}
[0.097617] (-) TimerEvent: {}
[0.198317] (-) TimerEvent: {}
[0.298741] (-) TimerEvent: {}
[0.399098] (-) TimerEvent: {}
[0.499959] (-) TimerEvent: {}
[0.600476] (-) TimerEvent: {}
[0.701451] (-) TimerEvent: {}
[0.802505] (-) TimerEvent: {}
[0.904083] (-) TimerEvent: {}
[0.998392] (ican_example_mission) Command: {'cmd': ['/usr/bin/python3', '-W', 'ignore:setup.py install is deprecated', '-W', 'ignore:easy_install command is deprecated', 'setup.py', 'develop', '--editable', '--build-directory', '/home/yjy/ican_shoot/ican_shoot/build/ican_example_mission/build', '--no-deps', 'symlink_data'], 'cwd': '/home/yjy/ican_shoot/ican_shoot/build/ican_example_mission', 'env': OrderedDict([('PYTHONIOENCODING', 'utf-8'), ('ZAI_OAUTH_CLIENT_ID', 'client_P8X5CMWmlaRO9gyO-KSqtg'), ('ZCODE_DESKTOP_CONTEXT_PROMPT_ENABLED', '1'), ('USER', 'yjy'), ('SSH_CLIENT', '192.168.107.1 58729 22'), ('GIT_EDITOR', 'true'), ('XDG_SESSION_TYPE', 'tty'), ('SHLVL', '0'), ('LD_LIBRARY_PATH', '/opt/ican_shoot_sim/lib:/usr/lib/x86_64-linux-gnu/gazebo-11/plugins:/opt/ros/humble/opt/rviz_ogre_vendor/lib:/opt/ros/humble/lib/x86_64-linux-gnu:/opt/ros/humble/lib'), ('MOTD_SHOWN', 'pam'), ('HOME', '/home/yjy'), ('ZCODE_SERVICE_AUTHORITY_MODE', 'desktop-attached-remote'), ('OLDPWD', '/home/yjy/ican_shoot'), ('ZAI_OAUTH_ORIGIN', 'https://chat.z.ai'), ('ZCODE_APP_VERSION', '3.14.3'), ('ROS_PYTHON_VERSION', '3'), ('ZCODE_SERVER_RUNTIME_ROOT', '/home/yjy/.zcode/server'), ('LC_CTYPE', 'en_US.UTF-8'), ('DBUS_SESSION_BUS_ADDRESS', 'unix:path=/run/user/1000/bus'), ('COLCON_PREFIX_PATH', '/opt/ican_shoot_sim'), ('ROS_DISTRO', 'humble'), ('LOGNAME', 'yjy'), ('ZCODE_RUNTIME_ENV', 'production'), ('ZCODE_PERSONAL_PROVIDER_CONFIG_FILE', '/home/yjy/.zcode/v2/provider_config.json'), ('_', '/usr/bin/colcon'), ('ROS_VERSION', '2'), ('XDG_SESSION_CLASS', 'user'), ('ZCODE_BUILTIN_PROVIDER_CONFIG_FILE', '/home/yjy/.zcode/v2/runtime/provider/linux-x86_64/3.14.3/endpoint-78d7c3bef4024722642626fe3669a799/zcode-builtin.json'), ('ZAI_BUSINESS_BASE_URL', 'https://api.z.ai'), ('TERM', 'dumb'), ('XDG_SESSION_ID', '5'), ('ROS_LOCALHOST_ONLY', '0'), ('PATH', '/opt/ros/humble/bin:/usr/local/sbin:/usr/local/bin:/usr/sbin:/usr/bin:/sbin:/bin:/usr/games:/usr/local/games:/snap/bin:/home/yjy/.zcode/server/tools/bfs:/home/yjy/.zcode/server/tools/ripgrep:/home/yjy/.zcode/server/tools/ugrep'), ('XDG_RUNTIME_DIR', '/run/user/1000'), ('ZCODE_BFS_BINARY', '/home/yjy/.zcode/server/tools/bfs/bfs'), ('LANG', 'en_US.UTF-8'), ('AMENT_PREFIX_PATH', '/home/yjy/ican_shoot/ican_shoot/install/ican_example_navigation:/home/yjy/ican_shoot/ican_shoot/install/nav2_bringup:/home/yjy/ican_shoot/ican_shoot/install/navigation2:/home/yjy/ican_shoot/ican_shoot/install/ican_referee_system:/home/yjy/ican_shoot/ican_shoot/install/ican_example_ring_aim:/opt/ican_shoot_sim:/opt/ros/humble'), ('SHELL', '/bin/bash'), ('PYTHONUTF8', '1'), ('ZCODE_WORKSPACE_IDENTITY', 'remote:ssh:192.168.107.148:22:yjy:/home/yjy/ican_shoot'), ('PWD', '/home/yjy/ican_shoot/ican_shoot/build/ican_example_mission'), ('LC_ALL', 'en_US.UTF-8'), ('ZCODE_BASE_URL', 'https://zcode.z.ai'), ('SSH_CONNECTION', '192.168.107.1 58729 192.168.107.148 22'), ('ZCODE_RG_BINARY', '/home/yjy/.zcode/server/tools/ripgrep/rg'), ('PYTHONPATH', '/home/yjy/ican_shoot/ican_shoot/build/ican_example_mission/prefix_override:/usr/lib/python3/dist-packages/colcon_core/task/python/colcon_distutils_commands:/home/yjy/ican_shoot/ican_shoot/install/ican_example_mission/lib/python3.10/site-packages:/home/yjy/ican_shoot/ican_shoot/build/ican_example_navigation:/home/yjy/ican_shoot/ican_shoot/install/ican_example_navigation/lib/python3.10/site-packages:/home/yjy/ican_shoot/ican_shoot/build/ican_referee_system:/home/yjy/ican_shoot/ican_shoot/install/ican_referee_system/lib/python3.10/site-packages:/home/yjy/ican_shoot/ican_shoot/build/ican_example_ring_aim:/home/yjy/ican_shoot/ican_shoot/install/ican_example_ring_aim/lib/python3.10/site-packages:/opt/ican_shoot_sim/lib/python3.10/site-packages:/opt/ros/humble/lib/python3.10/site-packages:/opt/ros/humble/local/lib/python3.10/dist-packages'), ('ZCODE_UGREP_BINARY', '/home/yjy/.zcode/server/tools/ugrep/ugrep'), ('ZCODE_ENV', 'production'), ('COLCON', '1'), ('CMAKE_PREFIX_PATH', '/home/yjy/ican_shoot/ican_shoot/install/nav2_bringup:/home/yjy/ican_shoot/ican_shoot/install/navigation2:/opt/ican_shoot_sim')]), 'shell': False}
[1.004592] (-) TimerEvent: {}
[1.105375] (-) TimerEvent: {}
[1.205827] (-) TimerEvent: {}
[1.290035] (ican_example_mission) StdoutLine: {'line': b'running develop\n'}
[1.306655] (-) TimerEvent: {}
[1.407361] (-) TimerEvent: {}
[1.422333] (ican_example_mission) StdoutLine: {'line': b'running egg_info\n'}
[1.423184] (ican_example_mission) StdoutLine: {'line': b'writing ican_example_mission.egg-info/PKG-INFO\n'}
[1.423395] (ican_example_mission) StdoutLine: {'line': b'writing dependency_links to ican_example_mission.egg-info/dependency_links.txt\n'}
[1.423450] (ican_example_mission) StdoutLine: {'line': b'writing entry points to ican_example_mission.egg-info/entry_points.txt\n'}
[1.423495] (ican_example_mission) StdoutLine: {'line': b'writing requirements to ican_example_mission.egg-info/requires.txt\n'}
[1.423540] (ican_example_mission) StdoutLine: {'line': b'writing top-level names to ican_example_mission.egg-info/top_level.txt\n'}
[1.426964] (ican_example_mission) StdoutLine: {'line': b"reading manifest file 'ican_example_mission.egg-info/SOURCES.txt'\n"}
[1.427448] (ican_example_mission) StdoutLine: {'line': b"writing manifest file 'ican_example_mission.egg-info/SOURCES.txt'\n"}
[1.429600] (ican_example_mission) StdoutLine: {'line': b'running build_ext\n'}
[1.429761] (ican_example_mission) StdoutLine: {'line': b'Creating /home/yjy/ican_shoot/ican_shoot/install/ican_example_mission/lib/python3.10/site-packages/ican-example-mission.egg-link (link to .)\n'}
[1.430865] (ican_example_mission) StdoutLine: {'line': b'Installing full_mission_node script to /home/yjy/ican_shoot/ican_shoot/install/ican_example_mission/lib/ican_example_mission\n'}
[1.431179] (ican_example_mission) StdoutLine: {'line': b'Installing one_target_mission_node script to /home/yjy/ican_shoot/ican_shoot/install/ican_example_mission/lib/ican_example_mission\n'}
[1.431517] (ican_example_mission) StdoutLine: {'line': b'\n'}
[1.431649] (ican_example_mission) StdoutLine: {'line': b'Installed /home/yjy/ican_shoot/ican_shoot/build/ican_example_mission\n'}
[1.431719] (ican_example_mission) StdoutLine: {'line': b'running symlink_data\n'}
[1.488568] (ican_example_mission) CommandEnded: {'returncode': 0}
[1.505206] (ican_example_mission) JobEnded: {'identifier': 'ican_example_mission', 'rc': 0}
[1.505938] (-) EventReactorShutdown: {}
