[1.188s] Invoking command in '/home/leea/Ican_sim/ican_shoot/build/ican_referee_system': PYTHONPATH=/home/leea/Ican_sim/ican_shoot/build/ican_referee_system/prefix_override:/usr/lib/python3/dist-packages/colcon_core/task/python/colcon_distutils_commands:/home/leea/Ican_sim/ican_shoot/install/ican_referee_system/lib/python3.10/site-packages:${PYTHONPATH} /usr/bin/python3 -W ignore:setup.py install is deprecated -W ignore:easy_install command is deprecated setup.py develop --editable --build-directory /home/leea/Ican_sim/ican_shoot/build/ican_referee_system/build --no-deps symlink_data
[1.393s] running develop
[1.514s] running egg_info
[1.514s] creating ican_referee_system.egg-info
[1.515s] writing ican_referee_system.egg-info/PKG-INFO
[1.515s] writing dependency_links to ican_referee_system.egg-info/dependency_links.txt
[1.515s] writing entry points to ican_referee_system.egg-info/entry_points.txt
[1.515s] writing requirements to ican_referee_system.egg-info/requires.txt
[1.515s] writing top-level names to ican_referee_system.egg-info/top_level.txt
[1.515s] writing manifest file 'ican_referee_system.egg-info/SOURCES.txt'
[1.517s] reading manifest file 'ican_referee_system.egg-info/SOURCES.txt'
[1.517s] writing manifest file 'ican_referee_system.egg-info/SOURCES.txt'
[1.518s] running build_ext
[1.519s] Creating /home/leea/Ican_sim/ican_shoot/install/ican_referee_system/lib/python3.10/site-packages/ican-referee-system.egg-link (link to .)
[1.519s] Installing referee_node script to /home/leea/Ican_sim/ican_shoot/install/ican_referee_system/lib/ican_referee_system
[1.520s] 
[1.520s] Installed /home/leea/Ican_sim/ican_shoot/build/ican_referee_system
[1.520s] running symlink_data
[1.520s] creating /home/leea/Ican_sim/ican_shoot/install/ican_referee_system/share/ament_index
[1.520s] creating /home/leea/Ican_sim/ican_shoot/install/ican_referee_system/share/ament_index/resource_index
[1.520s] creating /home/leea/Ican_sim/ican_shoot/install/ican_referee_system/share/ament_index/resource_index/packages
[1.520s] symbolically linking /home/leea/Ican_sim/ican_shoot/build/ican_referee_system/resource/ican_referee_system -> /home/leea/Ican_sim/ican_shoot/install/ican_referee_system/share/ament_index/resource_index/packages
[1.520s] symbolically linking /home/leea/Ican_sim/ican_shoot/build/ican_referee_system/package.xml -> /home/leea/Ican_sim/ican_shoot/install/ican_referee_system/share/ican_referee_system
[1.520s] creating /home/leea/Ican_sim/ican_shoot/install/ican_referee_system/share/ican_referee_system/launch
[1.520s] symbolically linking /home/leea/Ican_sim/ican_shoot/build/ican_referee_system/launch/referee.launch.py -> /home/leea/Ican_sim/ican_shoot/install/ican_referee_system/share/ican_referee_system/launch
[1.566s] Invoked command in '/home/leea/Ican_sim/ican_shoot/build/ican_referee_system' returned '0': PYTHONPATH=/home/leea/Ican_sim/ican_shoot/build/ican_referee_system/prefix_override:/usr/lib/python3/dist-packages/colcon_core/task/python/colcon_distutils_commands:/home/leea/Ican_sim/ican_shoot/install/ican_referee_system/lib/python3.10/site-packages:${PYTHONPATH} /usr/bin/python3 -W ignore:setup.py install is deprecated -W ignore:easy_install command is deprecated setup.py develop --editable --build-directory /home/leea/Ican_sim/ican_shoot/build/ican_referee_system/build --no-deps symlink_data
