[0.000000] (-) TimerEvent: {}
[0.000414] (-) JobUnselected: {'identifier': 'ican_example_mission'}
[0.000478] (-) JobUnselected: {'identifier': 'ican_example_navigation'}
[0.000501] (-) JobUnselected: {'identifier': 'ican_example_ring_aim'}
[0.000520] (-) JobUnselected: {'identifier': 'ican_referee_system'}
[0.000541] (navigation2) JobQueued: {'identifier': 'navigation2', 'dependencies': OrderedDict()}
[0.000572] (nav2_bringup) JobQueued: {'identifier': 'nav2_bringup', 'dependencies': OrderedDict([('navigation2', '/home/yjy/ican_shoot/ican_shoot/install/navigation2')])}
[0.000588] (navigation2) JobStarted: {'identifier': 'navigation2'}
[0.091414] (navigation2) JobProgress: {'identifier': 'navigation2', 'progress': 'cmake'}
[0.091529] (navigation2) Command: {'cmd': ['/usr/bin/cmake', '/home/yjy/ican_shoot/ican_shoot/src/navigation2', '-DCMAKE_INSTALL_PREFIX=/home/yjy/ican_shoot/ican_shoot/install/navigation2'], 'cwd': '/home/yjy/ican_shoot/ican_shoot/build/navigation2', 'env': OrderedDict([('GJS_DEBUG_TOPICS', 'JS ERROR;JS LOG'), ('PYTHONIOENCODING', 'utf-8'), ('ZAI_OAUTH_CLIENT_ID', 'client_P8X5CMWmlaRO9gyO-KSqtg'), ('ZCODE_DESKTOP_CONTEXT_PROMPT_ENABLED', '0'), ('USER', 'yjy'), ('GIT_EDITOR', 'true'), ('XDG_SESSION_TYPE', 'wayland'), ('SHLVL', '0'), ('LD_LIBRARY_PATH', '/opt/ican_shoot_sim/lib:/usr/lib/x86_64-linux-gnu/gazebo-11/plugins:/opt/ros/humble/opt/rviz_ogre_vendor/lib:/opt/ros/humble/lib/x86_64-linux-gnu:/opt/ros/humble/lib'), ('HOME', '/home/yjy'), ('CHROME_DESKTOP', 'zcode.desktop'), ('OLDPWD', '/home/yjy/ican_shoot/ican_shoot'), ('DESKTOP_SESSION', 'ubuntu'), ('ZAI_OAUTH_ORIGIN', 'https://chat.z.ai'), ('GIO_LAUNCHED_DESKTOP_FILE', '/usr/share/applications/zcode.desktop'), ('ZCODE_APP_VERSION', '3.14.3'), ('ROS_PYTHON_VERSION', '3'), ('GNOME_SHELL_SESSION_MODE', 'ubuntu'), ('GTK_MODULES', 'gail:atk-bridge'), ('MANAGERPID', '1776'), ('LC_CTYPE', 'en_US.UTF-8'), ('SYSTEMD_EXEC_PID', '1952'), ('DBUS_SESSION_BUS_ADDRESS', 'unix:path=/run/user/1000/bus'), ('ZCODE_PROCESS_LABEL', 'local-1'), ('GIO_LAUNCHED_DESKTOP_FILE_PID', '27174'), ('IM_CONFIG_PHASE', '1'), ('WAYLAND_DISPLAY', 'wayland-0'), ('COLCON_PREFIX_PATH', '/opt/ican_shoot_sim:/home/yjy/ican_shoot/ican_shoot/install'), ('ROS_DISTRO', 'humble'), ('LOGNAME', 'yjy'), ('ZCODE_RUNTIME_ENV', 'production'), ('ZCODE_PERSONAL_PROVIDER_CONFIG_FILE', '/home/yjy/.zcode/v2/provider_config.json'), ('JOURNAL_STREAM', '8:23368'), ('_', '/usr/bin/timeout'), ('ROS_VERSION', '2'), ('XDG_SESSION_CLASS', 'user'), ('ZCODE_BUILTIN_PROVIDER_CONFIG_FILE', '/home/yjy/.zcode/v2/runtime/provider/linux-x86_64/3.14.3/endpoint-78d7c3bef4024722642626fe3669a799/zcode-builtin.json'), ('USERNAME', 'yjy'), ('ZAI_BUSINESS_BASE_URL', 'https://api.z.ai'), ('TERM', 'dumb'), ('GNOME_DESKTOP_SESSION_ID', 'this-is-deprecated'), ('FC_FONTATIONS', '1'), ('ROS_LOCALHOST_ONLY', '0'), ('PATH', '/opt/ros/humble/bin:/usr/local/sbin:/usr/local/bin:/usr/sbin:/usr/bin:/sbin:/bin:/usr/games:/usr/local/games:/snap/bin:/opt/ZCode/resources/tools/bfs:/opt/ZCode/resources/tools/ripgrep:/opt/ZCode/resources/tools/ugrep'), ('SESSION_MANAGER', 'local/yjy-virtual-machine:@/tmp/.ICE-unix/1920,unix/yjy-virtual-machine:/tmp/.ICE-unix/1920'), ('INVOCATION_ID', 'f6bcf324dd4849019b26aa253dbf4e69'), ('XDG_MENU_PREFIX', 'gnome-'), ('ZCODE_BUILD_COMMIT_ID', 'ab4d5e6b'), ('GNOME_SETUP_DISPLAY', ':1'), ('XDG_RUNTIME_DIR', '/run/user/1000'), ('GDK_BACKEND', 'wayland'), ('DISPLAY', ':0'), ('ZCODE_BFS_BINARY', '/opt/ZCode/resources/tools/bfs/bfs'), ('LANG', 'en_US.UTF-8'), ('XDG_CURRENT_DESKTOP', 'ubuntu:GNOME'), ('XMODIFIERS', '@im=ibus'), ('XDG_SESSION_DESKTOP', 'ubuntu'), ('XAUTHORITY', '/run/user/1000/.mutter-Xwaylandauth.2021V3'), ('SSH_AGENT_LAUNCHER', 'gnome-keyring'), ('SSH_AUTH_SOCK', '/run/user/1000/keyring/ssh'), ('AMENT_PREFIX_PATH', '/opt/ican_shoot_sim:/home/yjy/ican_shoot/ican_shoot/install/ican_example_mission:/home/yjy/ican_shoot/ican_shoot/install/ican_referee_system:/home/yjy/ican_shoot/ican_shoot/install/ican_example_ring_aim:/home/yjy/ican_shoot/ican_shoot/install/ican_example_navigation:/opt/ros/humble'), ('SHELL', '/bin/bash'), ('QT_ACCESSIBILITY', '1'), ('GDMSESSION', 'ubuntu'), ('PYTHONUTF8', '1'), ('GJS_DEBUG_OUTPUT', 'stderr'), ('QT_IM_MODULE', 'ibus'), ('PWD', '/home/yjy/ican_shoot/ican_shoot/build/navigation2'), ('LC_ALL', 'en_US.UTF-8'), ('ZCODE_BASE_URL', 'https://zcode.z.ai'), ('XDG_CONFIG_DIRS', '/etc/xdg/xdg-ubuntu:/etc/xdg'), ('XDG_DATA_DIRS', '/usr/share/ubuntu:/usr/local/share/:/usr/share/:/var/lib/snapd/desktop'), ('ZCODE_RG_BINARY', '/opt/ZCode/resources/tools/ripgrep/rg'), ('PYTHONPATH', '/opt/ican_shoot_sim/lib/python3.10/site-packages:/home/yjy/ican_shoot/ican_shoot/install/ican_example_mission/lib/python3.10/site-packages:/home/yjy/ican_shoot/ican_shoot/install/ican_referee_system/lib/python3.10/site-packages:/home/yjy/ican_shoot/ican_shoot/install/ican_example_ring_aim/lib/python3.10/site-packages:/home/yjy/ican_shoot/ican_shoot/install/ican_example_navigation/lib/python3.10/site-packages:/opt/ros/humble/lib/python3.10/site-packages:/opt/ros/humble/local/lib/python3.10/dist-packages'), ('ZCODE_UGREP_BINARY', '/opt/ZCode/resources/tools/ugrep/ugrep'), ('ZCODE_ENV', 'production'), ('COLCON', '1'), ('CMAKE_PREFIX_PATH', '/opt/ican_shoot_sim:/home/yjy/ican_shoot/ican_shoot/install/ican_example_mission:/home/yjy/ican_shoot/ican_shoot/install/ican_referee_system:/home/yjy/ican_shoot/ican_shoot/install/ican_example_ring_aim:/home/yjy/ican_shoot/ican_shoot/install/ican_example_navigation:/opt/ros/humble')]), 'shell': False}
[0.093906] (-) TimerEvent: {}
[0.194542] (-) TimerEvent: {}
[0.295966] (-) TimerEvent: {}
[0.396438] (-) TimerEvent: {}
[0.498552] (-) TimerEvent: {}
[0.599274] (-) TimerEvent: {}
[0.673244] (navigation2) StdoutLine: {'line': b'-- The C compiler identification is GNU 11.4.0\n'}
[0.700844] (-) TimerEvent: {}
[0.801277] (-) TimerEvent: {}
[0.903022] (-) TimerEvent: {}
[1.003372] (navigation2) StdoutLine: {'line': b'-- The CXX compiler identification is GNU 11.4.0\n'}
[1.003586] (-) TimerEvent: {}
[1.043493] (navigation2) StdoutLine: {'line': b'-- Detecting C compiler ABI info\n'}
[1.104665] (-) TimerEvent: {}
[1.205153] (-) TimerEvent: {}
[1.272316] (navigation2) StdoutLine: {'line': b'-- Detecting C compiler ABI info - done\n'}
[1.279549] (navigation2) StdoutLine: {'line': b'-- Check for working C compiler: /usr/bin/cc - skipped\n'}
[1.283485] (navigation2) StdoutLine: {'line': b'-- Detecting C compile features\n'}
[1.287248] (navigation2) StdoutLine: {'line': b'-- Detecting C compile features - done\n'}
[1.301626] (navigation2) StdoutLine: {'line': b'-- Detecting CXX compiler ABI info\n'}
[1.305664] (-) TimerEvent: {}
[1.407243] (-) TimerEvent: {}
[1.507508] (-) TimerEvent: {}
[1.527422] (navigation2) StdoutLine: {'line': b'-- Detecting CXX compiler ABI info - done\n'}
[1.536681] (navigation2) StdoutLine: {'line': b'-- Check for working CXX compiler: /usr/bin/c++ - skipped\n'}
[1.537519] (navigation2) StdoutLine: {'line': b'-- Detecting CXX compile features\n'}
[1.539408] (navigation2) StdoutLine: {'line': b'-- Detecting CXX compile features - done\n'}
[1.601482] (navigation2) StdoutLine: {'line': b'-- Found ament_cmake: 1.3.14 (/opt/ros/humble/share/ament_cmake/cmake)\n'}
[1.609822] (-) TimerEvent: {}
[1.710431] (-) TimerEvent: {}
[1.812330] (-) TimerEvent: {}
[1.913089] (-) TimerEvent: {}
[2.002816] (navigation2) StdoutLine: {'line': b'-- Found Python3: /usr/bin/python3 (found version "3.10.12") found components: Interpreter \n'}
[2.013701] (-) TimerEvent: {}
[2.115375] (-) TimerEvent: {}
[2.216341] (-) TimerEvent: {}
[2.318944] (-) TimerEvent: {}
[2.413107] (navigation2) StdoutLine: {'line': b'-- Configuring done\n'}
[2.420454] (navigation2) StdoutLine: {'line': b'-- Generating done\n'}
[2.420720] (-) TimerEvent: {}
[2.421737] (navigation2) StdoutLine: {'line': b'-- Build files have been written to: /home/yjy/ican_shoot/ican_shoot/build/navigation2\n'}
[2.431383] (navigation2) CommandEnded: {'returncode': 0}
[2.439011] (navigation2) JobProgress: {'identifier': 'navigation2', 'progress': 'build'}
[2.439090] (navigation2) Command: {'cmd': ['/usr/bin/cmake', '--build', '/home/yjy/ican_shoot/ican_shoot/build/navigation2', '--', '-j4', '-l4'], 'cwd': '/home/yjy/ican_shoot/ican_shoot/build/navigation2', 'env': OrderedDict([('GJS_DEBUG_TOPICS', 'JS ERROR;JS LOG'), ('PYTHONIOENCODING', 'utf-8'), ('ZAI_OAUTH_CLIENT_ID', 'client_P8X5CMWmlaRO9gyO-KSqtg'), ('ZCODE_DESKTOP_CONTEXT_PROMPT_ENABLED', '0'), ('USER', 'yjy'), ('GIT_EDITOR', 'true'), ('XDG_SESSION_TYPE', 'wayland'), ('SHLVL', '0'), ('LD_LIBRARY_PATH', '/opt/ican_shoot_sim/lib:/usr/lib/x86_64-linux-gnu/gazebo-11/plugins:/opt/ros/humble/opt/rviz_ogre_vendor/lib:/opt/ros/humble/lib/x86_64-linux-gnu:/opt/ros/humble/lib'), ('HOME', '/home/yjy'), ('CHROME_DESKTOP', 'zcode.desktop'), ('OLDPWD', '/home/yjy/ican_shoot/ican_shoot'), ('DESKTOP_SESSION', 'ubuntu'), ('ZAI_OAUTH_ORIGIN', 'https://chat.z.ai'), ('GIO_LAUNCHED_DESKTOP_FILE', '/usr/share/applications/zcode.desktop'), ('ZCODE_APP_VERSION', '3.14.3'), ('ROS_PYTHON_VERSION', '3'), ('GNOME_SHELL_SESSION_MODE', 'ubuntu'), ('GTK_MODULES', 'gail:atk-bridge'), ('MANAGERPID', '1776'), ('LC_CTYPE', 'en_US.UTF-8'), ('SYSTEMD_EXEC_PID', '1952'), ('DBUS_SESSION_BUS_ADDRESS', 'unix:path=/run/user/1000/bus'), ('ZCODE_PROCESS_LABEL', 'local-1'), ('GIO_LAUNCHED_DESKTOP_FILE_PID', '27174'), ('IM_CONFIG_PHASE', '1'), ('WAYLAND_DISPLAY', 'wayland-0'), ('COLCON_PREFIX_PATH', '/opt/ican_shoot_sim:/home/yjy/ican_shoot/ican_shoot/install'), ('ROS_DISTRO', 'humble'), ('LOGNAME', 'yjy'), ('ZCODE_RUNTIME_ENV', 'production'), ('ZCODE_PERSONAL_PROVIDER_CONFIG_FILE', '/home/yjy/.zcode/v2/provider_config.json'), ('JOURNAL_STREAM', '8:23368'), ('_', '/usr/bin/timeout'), ('ROS_VERSION', '2'), ('XDG_SESSION_CLASS', 'user'), ('ZCODE_BUILTIN_PROVIDER_CONFIG_FILE', '/home/yjy/.zcode/v2/runtime/provider/linux-x86_64/3.14.3/endpoint-78d7c3bef4024722642626fe3669a799/zcode-builtin.json'), ('USERNAME', 'yjy'), ('ZAI_BUSINESS_BASE_URL', 'https://api.z.ai'), ('TERM', 'dumb'), ('GNOME_DESKTOP_SESSION_ID', 'this-is-deprecated'), ('FC_FONTATIONS', '1'), ('ROS_LOCALHOST_ONLY', '0'), ('PATH', '/opt/ros/humble/bin:/usr/local/sbin:/usr/local/bin:/usr/sbin:/usr/bin:/sbin:/bin:/usr/games:/usr/local/games:/snap/bin:/opt/ZCode/resources/tools/bfs:/opt/ZCode/resources/tools/ripgrep:/opt/ZCode/resources/tools/ugrep'), ('SESSION_MANAGER', 'local/yjy-virtual-machine:@/tmp/.ICE-unix/1920,unix/yjy-virtual-machine:/tmp/.ICE-unix/1920'), ('INVOCATION_ID', 'f6bcf324dd4849019b26aa253dbf4e69'), ('XDG_MENU_PREFIX', 'gnome-'), ('ZCODE_BUILD_COMMIT_ID', 'ab4d5e6b'), ('GNOME_SETUP_DISPLAY', ':1'), ('XDG_RUNTIME_DIR', '/run/user/1000'), ('GDK_BACKEND', 'wayland'), ('DISPLAY', ':0'), ('ZCODE_BFS_BINARY', '/opt/ZCode/resources/tools/bfs/bfs'), ('LANG', 'en_US.UTF-8'), ('XDG_CURRENT_DESKTOP', 'ubuntu:GNOME'), ('XMODIFIERS', '@im=ibus'), ('XDG_SESSION_DESKTOP', 'ubuntu'), ('XAUTHORITY', '/run/user/1000/.mutter-Xwaylandauth.2021V3'), ('SSH_AGENT_LAUNCHER', 'gnome-keyring'), ('SSH_AUTH_SOCK', '/run/user/1000/keyring/ssh'), ('AMENT_PREFIX_PATH', '/opt/ican_shoot_sim:/home/yjy/ican_shoot/ican_shoot/install/ican_example_mission:/home/yjy/ican_shoot/ican_shoot/install/ican_referee_system:/home/yjy/ican_shoot/ican_shoot/install/ican_example_ring_aim:/home/yjy/ican_shoot/ican_shoot/install/ican_example_navigation:/opt/ros/humble'), ('SHELL', '/bin/bash'), ('QT_ACCESSIBILITY', '1'), ('GDMSESSION', 'ubuntu'), ('PYTHONUTF8', '1'), ('GJS_DEBUG_OUTPUT', 'stderr'), ('QT_IM_MODULE', 'ibus'), ('PWD', '/home/yjy/ican_shoot/ican_shoot/build/navigation2'), ('LC_ALL', 'en_US.UTF-8'), ('ZCODE_BASE_URL', 'https://zcode.z.ai'), ('XDG_CONFIG_DIRS', '/etc/xdg/xdg-ubuntu:/etc/xdg'), ('XDG_DATA_DIRS', '/usr/share/ubuntu:/usr/local/share/:/usr/share/:/var/lib/snapd/desktop'), ('ZCODE_RG_BINARY', '/opt/ZCode/resources/tools/ripgrep/rg'), ('PYTHONPATH', '/opt/ican_shoot_sim/lib/python3.10/site-packages:/home/yjy/ican_shoot/ican_shoot/install/ican_example_mission/lib/python3.10/site-packages:/home/yjy/ican_shoot/ican_shoot/install/ican_referee_system/lib/python3.10/site-packages:/home/yjy/ican_shoot/ican_shoot/install/ican_example_ring_aim/lib/python3.10/site-packages:/home/yjy/ican_shoot/ican_shoot/install/ican_example_navigation/lib/python3.10/site-packages:/opt/ros/humble/lib/python3.10/site-packages:/opt/ros/humble/local/lib/python3.10/dist-packages'), ('ZCODE_UGREP_BINARY', '/opt/ZCode/resources/tools/ugrep/ugrep'), ('ZCODE_ENV', 'production'), ('COLCON', '1'), ('CMAKE_PREFIX_PATH', '/opt/ican_shoot_sim:/home/yjy/ican_shoot/ican_shoot/install/ican_example_mission:/home/yjy/ican_shoot/ican_shoot/install/ican_referee_system:/home/yjy/ican_shoot/ican_shoot/install/ican_example_ring_aim:/home/yjy/ican_shoot/ican_shoot/install/ican_example_navigation:/opt/ros/humble')]), 'shell': False}
[2.514158] (navigation2) CommandEnded: {'returncode': 0}
[2.516639] (navigation2) JobProgress: {'identifier': 'navigation2', 'progress': 'install'}
[2.521394] (-) TimerEvent: {}
[2.534946] (navigation2) Command: {'cmd': ['/usr/bin/cmake', '--install', '/home/yjy/ican_shoot/ican_shoot/build/navigation2'], 'cwd': '/home/yjy/ican_shoot/ican_shoot/build/navigation2', 'env': OrderedDict([('GJS_DEBUG_TOPICS', 'JS ERROR;JS LOG'), ('PYTHONIOENCODING', 'utf-8'), ('ZAI_OAUTH_CLIENT_ID', 'client_P8X5CMWmlaRO9gyO-KSqtg'), ('ZCODE_DESKTOP_CONTEXT_PROMPT_ENABLED', '0'), ('USER', 'yjy'), ('GIT_EDITOR', 'true'), ('XDG_SESSION_TYPE', 'wayland'), ('SHLVL', '0'), ('LD_LIBRARY_PATH', '/opt/ican_shoot_sim/lib:/usr/lib/x86_64-linux-gnu/gazebo-11/plugins:/opt/ros/humble/opt/rviz_ogre_vendor/lib:/opt/ros/humble/lib/x86_64-linux-gnu:/opt/ros/humble/lib'), ('HOME', '/home/yjy'), ('CHROME_DESKTOP', 'zcode.desktop'), ('OLDPWD', '/home/yjy/ican_shoot/ican_shoot'), ('DESKTOP_SESSION', 'ubuntu'), ('ZAI_OAUTH_ORIGIN', 'https://chat.z.ai'), ('GIO_LAUNCHED_DESKTOP_FILE', '/usr/share/applications/zcode.desktop'), ('ZCODE_APP_VERSION', '3.14.3'), ('ROS_PYTHON_VERSION', '3'), ('GNOME_SHELL_SESSION_MODE', 'ubuntu'), ('GTK_MODULES', 'gail:atk-bridge'), ('MANAGERPID', '1776'), ('LC_CTYPE', 'en_US.UTF-8'), ('SYSTEMD_EXEC_PID', '1952'), ('DBUS_SESSION_BUS_ADDRESS', 'unix:path=/run/user/1000/bus'), ('ZCODE_PROCESS_LABEL', 'local-1'), ('GIO_LAUNCHED_DESKTOP_FILE_PID', '27174'), ('IM_CONFIG_PHASE', '1'), ('WAYLAND_DISPLAY', 'wayland-0'), ('COLCON_PREFIX_PATH', '/opt/ican_shoot_sim:/home/yjy/ican_shoot/ican_shoot/install'), ('ROS_DISTRO', 'humble'), ('LOGNAME', 'yjy'), ('ZCODE_RUNTIME_ENV', 'production'), ('ZCODE_PERSONAL_PROVIDER_CONFIG_FILE', '/home/yjy/.zcode/v2/provider_config.json'), ('JOURNAL_STREAM', '8:23368'), ('_', '/usr/bin/timeout'), ('ROS_VERSION', '2'), ('XDG_SESSION_CLASS', 'user'), ('ZCODE_BUILTIN_PROVIDER_CONFIG_FILE', '/home/yjy/.zcode/v2/runtime/provider/linux-x86_64/3.14.3/endpoint-78d7c3bef4024722642626fe3669a799/zcode-builtin.json'), ('USERNAME', 'yjy'), ('ZAI_BUSINESS_BASE_URL', 'https://api.z.ai'), ('TERM', 'dumb'), ('GNOME_DESKTOP_SESSION_ID', 'this-is-deprecated'), ('FC_FONTATIONS', '1'), ('ROS_LOCALHOST_ONLY', '0'), ('PATH', '/opt/ros/humble/bin:/usr/local/sbin:/usr/local/bin:/usr/sbin:/usr/bin:/sbin:/bin:/usr/games:/usr/local/games:/snap/bin:/opt/ZCode/resources/tools/bfs:/opt/ZCode/resources/tools/ripgrep:/opt/ZCode/resources/tools/ugrep'), ('SESSION_MANAGER', 'local/yjy-virtual-machine:@/tmp/.ICE-unix/1920,unix/yjy-virtual-machine:/tmp/.ICE-unix/1920'), ('INVOCATION_ID', 'f6bcf324dd4849019b26aa253dbf4e69'), ('XDG_MENU_PREFIX', 'gnome-'), ('ZCODE_BUILD_COMMIT_ID', 'ab4d5e6b'), ('GNOME_SETUP_DISPLAY', ':1'), ('XDG_RUNTIME_DIR', '/run/user/1000'), ('GDK_BACKEND', 'wayland'), ('DISPLAY', ':0'), ('ZCODE_BFS_BINARY', '/opt/ZCode/resources/tools/bfs/bfs'), ('LANG', 'en_US.UTF-8'), ('XDG_CURRENT_DESKTOP', 'ubuntu:GNOME'), ('XMODIFIERS', '@im=ibus'), ('XDG_SESSION_DESKTOP', 'ubuntu'), ('XAUTHORITY', '/run/user/1000/.mutter-Xwaylandauth.2021V3'), ('SSH_AGENT_LAUNCHER', 'gnome-keyring'), ('SSH_AUTH_SOCK', '/run/user/1000/keyring/ssh'), ('AMENT_PREFIX_PATH', '/opt/ican_shoot_sim:/home/yjy/ican_shoot/ican_shoot/install/ican_example_mission:/home/yjy/ican_shoot/ican_shoot/install/ican_referee_system:/home/yjy/ican_shoot/ican_shoot/install/ican_example_ring_aim:/home/yjy/ican_shoot/ican_shoot/install/ican_example_navigation:/opt/ros/humble'), ('SHELL', '/bin/bash'), ('QT_ACCESSIBILITY', '1'), ('GDMSESSION', 'ubuntu'), ('PYTHONUTF8', '1'), ('GJS_DEBUG_OUTPUT', 'stderr'), ('QT_IM_MODULE', 'ibus'), ('PWD', '/home/yjy/ican_shoot/ican_shoot/build/navigation2'), ('LC_ALL', 'en_US.UTF-8'), ('ZCODE_BASE_URL', 'https://zcode.z.ai'), ('XDG_CONFIG_DIRS', '/etc/xdg/xdg-ubuntu:/etc/xdg'), ('XDG_DATA_DIRS', '/usr/share/ubuntu:/usr/local/share/:/usr/share/:/var/lib/snapd/desktop'), ('ZCODE_RG_BINARY', '/opt/ZCode/resources/tools/ripgrep/rg'), ('PYTHONPATH', '/opt/ican_shoot_sim/lib/python3.10/site-packages:/home/yjy/ican_shoot/ican_shoot/install/ican_example_mission/lib/python3.10/site-packages:/home/yjy/ican_shoot/ican_shoot/install/ican_referee_system/lib/python3.10/site-packages:/home/yjy/ican_shoot/ican_shoot/install/ican_example_ring_aim/lib/python3.10/site-packages:/home/yjy/ican_shoot/ican_shoot/install/ican_example_navigation/lib/python3.10/site-packages:/opt/ros/humble/lib/python3.10/site-packages:/opt/ros/humble/local/lib/python3.10/dist-packages'), ('ZCODE_UGREP_BINARY', '/opt/ZCode/resources/tools/ugrep/ugrep'), ('ZCODE_ENV', 'production'), ('COLCON', '1'), ('CMAKE_PREFIX_PATH', '/opt/ican_shoot_sim:/home/yjy/ican_shoot/ican_shoot/install/ican_example_mission:/home/yjy/ican_shoot/ican_shoot/install/ican_referee_system:/home/yjy/ican_shoot/ican_shoot/install/ican_example_ring_aim:/home/yjy/ican_shoot/ican_shoot/install/ican_example_navigation:/opt/ros/humble')]), 'shell': False}
[2.558537] (navigation2) StdoutLine: {'line': b'-- Install configuration: ""\n'}
[2.558717] (navigation2) StdoutLine: {'line': b'-- Installing: /home/yjy/ican_shoot/ican_shoot/install/navigation2/share/ament_index/resource_index/package_run_dependencies/navigation2\n'}
[2.561611] (navigation2) StdoutLine: {'line': b'-- Installing: /home/yjy/ican_shoot/ican_shoot/install/navigation2/share/ament_index/resource_index/parent_prefix_path/navigation2\n'}
[2.562448] (navigation2) StdoutLine: {'line': b'-- Installing: /home/yjy/ican_shoot/ican_shoot/install/navigation2/share/navigation2/environment/ament_prefix_path.sh\n'}
[2.562872] (navigation2) StdoutLine: {'line': b'-- Installing: /home/yjy/ican_shoot/ican_shoot/install/navigation2/share/navigation2/environment/ament_prefix_path.dsv\n'}
[2.562923] (navigation2) StdoutLine: {'line': b'-- Installing: /home/yjy/ican_shoot/ican_shoot/install/navigation2/share/navigation2/environment/path.sh\n'}
[2.562977] (navigation2) StdoutLine: {'line': b'-- Installing: /home/yjy/ican_shoot/ican_shoot/install/navigation2/share/navigation2/environment/path.dsv\n'}
[2.563054] (navigation2) StdoutLine: {'line': b'-- Installing: /home/yjy/ican_shoot/ican_shoot/install/navigation2/share/navigation2/local_setup.bash\n'}
[2.564207] (navigation2) StdoutLine: {'line': b'-- Installing: /home/yjy/ican_shoot/ican_shoot/install/navigation2/share/navigation2/local_setup.sh\n'}
[2.566206] (navigation2) StdoutLine: {'line': b'-- Installing: /home/yjy/ican_shoot/ican_shoot/install/navigation2/share/navigation2/local_setup.zsh\n'}
[2.566414] (navigation2) StdoutLine: {'line': b'-- Installing: /home/yjy/ican_shoot/ican_shoot/install/navigation2/share/navigation2/local_setup.dsv\n'}
[2.567999] (navigation2) StdoutLine: {'line': b'-- Installing: /home/yjy/ican_shoot/ican_shoot/install/navigation2/share/navigation2/package.dsv\n'}
[2.568158] (navigation2) StdoutLine: {'line': b'-- Installing: /home/yjy/ican_shoot/ican_shoot/install/navigation2/share/ament_index/resource_index/packages/navigation2\n'}
[2.568196] (navigation2) StdoutLine: {'line': b'-- Installing: /home/yjy/ican_shoot/ican_shoot/install/navigation2/share/navigation2/cmake/navigation2Config.cmake\n'}
[2.568228] (navigation2) StdoutLine: {'line': b'-- Installing: /home/yjy/ican_shoot/ican_shoot/install/navigation2/share/navigation2/cmake/navigation2Config-version.cmake\n'}
[2.568267] (navigation2) StdoutLine: {'line': b'-- Installing: /home/yjy/ican_shoot/ican_shoot/install/navigation2/share/navigation2/package.xml\n'}
[2.570988] (navigation2) CommandEnded: {'returncode': 0}
[2.623500] (-) TimerEvent: {}
[2.650152] (navigation2) JobEnded: {'identifier': 'navigation2', 'rc': 0}
[2.654875] (nav2_bringup) JobStarted: {'identifier': 'nav2_bringup'}
[2.676681] (nav2_bringup) JobProgress: {'identifier': 'nav2_bringup', 'progress': 'cmake'}
[2.676769] (nav2_bringup) Command: {'cmd': ['/usr/bin/cmake', '/home/yjy/ican_shoot/ican_shoot/src/nav2_bringup', '-DCMAKE_INSTALL_PREFIX=/home/yjy/ican_shoot/ican_shoot/install/nav2_bringup'], 'cwd': '/home/yjy/ican_shoot/ican_shoot/build/nav2_bringup', 'env': OrderedDict([('GJS_DEBUG_TOPICS', 'JS ERROR;JS LOG'), ('PYTHONIOENCODING', 'utf-8'), ('ZAI_OAUTH_CLIENT_ID', 'client_P8X5CMWmlaRO9gyO-KSqtg'), ('ZCODE_DESKTOP_CONTEXT_PROMPT_ENABLED', '0'), ('USER', 'yjy'), ('GIT_EDITOR', 'true'), ('XDG_SESSION_TYPE', 'wayland'), ('SHLVL', '0'), ('LD_LIBRARY_PATH', '/opt/ican_shoot_sim/lib:/usr/lib/x86_64-linux-gnu/gazebo-11/plugins:/opt/ros/humble/opt/rviz_ogre_vendor/lib:/opt/ros/humble/lib/x86_64-linux-gnu:/opt/ros/humble/lib'), ('HOME', '/home/yjy'), ('CHROME_DESKTOP', 'zcode.desktop'), ('OLDPWD', '/home/yjy/ican_shoot/ican_shoot'), ('DESKTOP_SESSION', 'ubuntu'), ('ZAI_OAUTH_ORIGIN', 'https://chat.z.ai'), ('GIO_LAUNCHED_DESKTOP_FILE', '/usr/share/applications/zcode.desktop'), ('ZCODE_APP_VERSION', '3.14.3'), ('ROS_PYTHON_VERSION', '3'), ('GNOME_SHELL_SESSION_MODE', 'ubuntu'), ('GTK_MODULES', 'gail:atk-bridge'), ('MANAGERPID', '1776'), ('LC_CTYPE', 'en_US.UTF-8'), ('SYSTEMD_EXEC_PID', '1952'), ('DBUS_SESSION_BUS_ADDRESS', 'unix:path=/run/user/1000/bus'), ('ZCODE_PROCESS_LABEL', 'local-1'), ('GIO_LAUNCHED_DESKTOP_FILE_PID', '27174'), ('IM_CONFIG_PHASE', '1'), ('WAYLAND_DISPLAY', 'wayland-0'), ('COLCON_PREFIX_PATH', '/opt/ican_shoot_sim:/home/yjy/ican_shoot/ican_shoot/install'), ('ROS_DISTRO', 'humble'), ('LOGNAME', 'yjy'), ('ZCODE_RUNTIME_ENV', 'production'), ('ZCODE_PERSONAL_PROVIDER_CONFIG_FILE', '/home/yjy/.zcode/v2/provider_config.json'), ('JOURNAL_STREAM', '8:23368'), ('_', '/usr/bin/timeout'), ('ROS_VERSION', '2'), ('XDG_SESSION_CLASS', 'user'), ('ZCODE_BUILTIN_PROVIDER_CONFIG_FILE', '/home/yjy/.zcode/v2/runtime/provider/linux-x86_64/3.14.3/endpoint-78d7c3bef4024722642626fe3669a799/zcode-builtin.json'), ('USERNAME', 'yjy'), ('ZAI_BUSINESS_BASE_URL', 'https://api.z.ai'), ('TERM', 'dumb'), ('GNOME_DESKTOP_SESSION_ID', 'this-is-deprecated'), ('FC_FONTATIONS', '1'), ('ROS_LOCALHOST_ONLY', '0'), ('PATH', '/opt/ros/humble/bin:/usr/local/sbin:/usr/local/bin:/usr/sbin:/usr/bin:/sbin:/bin:/usr/games:/usr/local/games:/snap/bin:/opt/ZCode/resources/tools/bfs:/opt/ZCode/resources/tools/ripgrep:/opt/ZCode/resources/tools/ugrep'), ('SESSION_MANAGER', 'local/yjy-virtual-machine:@/tmp/.ICE-unix/1920,unix/yjy-virtual-machine:/tmp/.ICE-unix/1920'), ('INVOCATION_ID', 'f6bcf324dd4849019b26aa253dbf4e69'), ('XDG_MENU_PREFIX', 'gnome-'), ('ZCODE_BUILD_COMMIT_ID', 'ab4d5e6b'), ('GNOME_SETUP_DISPLAY', ':1'), ('XDG_RUNTIME_DIR', '/run/user/1000'), ('GDK_BACKEND', 'wayland'), ('DISPLAY', ':0'), ('ZCODE_BFS_BINARY', '/opt/ZCode/resources/tools/bfs/bfs'), ('LANG', 'en_US.UTF-8'), ('XDG_CURRENT_DESKTOP', 'ubuntu:GNOME'), ('XMODIFIERS', '@im=ibus'), ('XDG_SESSION_DESKTOP', 'ubuntu'), ('XAUTHORITY', '/run/user/1000/.mutter-Xwaylandauth.2021V3'), ('SSH_AGENT_LAUNCHER', 'gnome-keyring'), ('SSH_AUTH_SOCK', '/run/user/1000/keyring/ssh'), ('AMENT_PREFIX_PATH', '/home/yjy/ican_shoot/ican_shoot/install/navigation2:/opt/ican_shoot_sim:/home/yjy/ican_shoot/ican_shoot/install/ican_example_mission:/home/yjy/ican_shoot/ican_shoot/install/ican_referee_system:/home/yjy/ican_shoot/ican_shoot/install/ican_example_ring_aim:/home/yjy/ican_shoot/ican_shoot/install/ican_example_navigation:/opt/ros/humble'), ('SHELL', '/bin/bash'), ('QT_ACCESSIBILITY', '1'), ('GDMSESSION', 'ubuntu'), ('PYTHONUTF8', '1'), ('GJS_DEBUG_OUTPUT', 'stderr'), ('QT_IM_MODULE', 'ibus'), ('PWD', '/home/yjy/ican_shoot/ican_shoot/build/nav2_bringup'), ('LC_ALL', 'en_US.UTF-8'), ('ZCODE_BASE_URL', 'https://zcode.z.ai'), ('XDG_CONFIG_DIRS', '/etc/xdg/xdg-ubuntu:/etc/xdg'), ('XDG_DATA_DIRS', '/usr/share/ubuntu:/usr/local/share/:/usr/share/:/var/lib/snapd/desktop'), ('ZCODE_RG_BINARY', '/opt/ZCode/resources/tools/ripgrep/rg'), ('PYTHONPATH', '/opt/ican_shoot_sim/lib/python3.10/site-packages:/home/yjy/ican_shoot/ican_shoot/install/ican_example_mission/lib/python3.10/site-packages:/home/yjy/ican_shoot/ican_shoot/install/ican_referee_system/lib/python3.10/site-packages:/home/yjy/ican_shoot/ican_shoot/install/ican_example_ring_aim/lib/python3.10/site-packages:/home/yjy/ican_shoot/ican_shoot/install/ican_example_navigation/lib/python3.10/site-packages:/opt/ros/humble/lib/python3.10/site-packages:/opt/ros/humble/local/lib/python3.10/dist-packages'), ('ZCODE_UGREP_BINARY', '/opt/ZCode/resources/tools/ugrep/ugrep'), ('ZCODE_ENV', 'production'), ('COLCON', '1'), ('CMAKE_PREFIX_PATH', '/home/yjy/ican_shoot/ican_shoot/install/navigation2:/opt/ican_shoot_sim:/home/yjy/ican_shoot/ican_shoot/install/ican_example_mission:/home/yjy/ican_shoot/ican_shoot/install/ican_referee_system:/home/yjy/ican_shoot/ican_shoot/install/ican_example_ring_aim:/home/yjy/ican_shoot/ican_shoot/install/ican_example_navigation:/opt/ros/humble')]), 'shell': False}
[2.726203] (-) TimerEvent: {}
[2.786335] (nav2_bringup) StdoutLine: {'line': b'-- The C compiler identification is GNU 11.4.0\n'}
[2.826698] (-) TimerEvent: {}
[2.900773] (nav2_bringup) StdoutLine: {'line': b'-- The CXX compiler identification is GNU 11.4.0\n'}
[2.911338] (nav2_bringup) StdoutLine: {'line': b'-- Detecting C compiler ABI info\n'}
[2.927012] (-) TimerEvent: {}
[3.027511] (-) TimerEvent: {}
[3.107639] (nav2_bringup) StdoutLine: {'line': b'-- Detecting C compiler ABI info - done\n'}
[3.113091] (nav2_bringup) StdoutLine: {'line': b'-- Check for working C compiler: /usr/bin/cc - skipped\n'}
[3.114907] (nav2_bringup) StdoutLine: {'line': b'-- Detecting C compile features\n'}
[3.117597] (nav2_bringup) StdoutLine: {'line': b'-- Detecting C compile features - done\n'}
[3.120836] (nav2_bringup) StdoutLine: {'line': b'-- Detecting CXX compiler ABI info\n'}
[3.129856] (-) TimerEvent: {}
[3.230405] (-) TimerEvent: {}
[3.330406] (nav2_bringup) StdoutLine: {'line': b'-- Detecting CXX compiler ABI info - done\n'}
[3.330690] (-) TimerEvent: {}
[3.340740] (nav2_bringup) StdoutLine: {'line': b'-- Check for working CXX compiler: /usr/bin/c++ - skipped\n'}
[3.343672] (nav2_bringup) StdoutLine: {'line': b'-- Detecting CXX compile features\n'}
[3.343853] (nav2_bringup) StdoutLine: {'line': b'-- Detecting CXX compile features - done\n'}
[3.348057] (nav2_bringup) StdoutLine: {'line': b'-- Found ament_cmake: 1.3.14 (/opt/ros/humble/share/ament_cmake/cmake)\n'}
[3.434447] (-) TimerEvent: {}
[3.536177] (-) TimerEvent: {}
[3.636806] (-) TimerEvent: {}
[3.711723] (nav2_bringup) StdoutLine: {'line': b'-- Found Python3: /usr/bin/python3 (found version "3.10.12") found components: Interpreter \n'}
[3.742927] (-) TimerEvent: {}
[3.843275] (-) TimerEvent: {}
[3.944814] (-) TimerEvent: {}
[3.963129] (nav2_bringup) StdoutLine: {'line': b'-- Found nav2_common: 1.1.20 (/opt/ros/humble/share/nav2_common/cmake)\n'}
[3.966181] (nav2_bringup) StdoutLine: {'line': b'-- Found navigation2: 1.1.20 (/home/yjy/ican_shoot/ican_shoot/install/navigation2/share/navigation2/cmake)\n'}
[3.966495] (nav2_bringup) StdoutLine: {'line': b'-- Setting build type to Release as none was specified.\n'}
[3.985447] (nav2_bringup) StdoutLine: {'line': b'-- Found ament_lint_auto: 0.12.15 (/opt/ros/humble/share/ament_lint_auto/cmake)\n'}
[4.044915] (-) TimerEvent: {}
[4.145293] (-) TimerEvent: {}
[4.251030] (-) TimerEvent: {}
[4.316796] (nav2_bringup) StdoutLine: {'line': b"-- Added test 'copyright' to check source files copyright and LICENSE\n"}
[4.334162] (nav2_bringup) StdoutLine: {'line': b"-- Added test 'flake8' to check Python code syntax and style conventions\n"}
[4.343151] (nav2_bringup) StdoutLine: {'line': b"-- Added test 'lint_cmake' to check CMake code style\n"}
[4.345377] (nav2_bringup) StdoutLine: {'line': b"-- Added test 'pep257' to check Python code against some of the docstring style conventions in PEP 257\n"}
[4.351274] (-) TimerEvent: {}
[4.359094] (nav2_bringup) StdoutLine: {'line': b"-- Added test 'xmllint' to check XML markup files\n"}
[4.362232] (nav2_bringup) StdoutLine: {'line': b'-- Configuring done\n'}
[4.365493] (nav2_bringup) StdoutLine: {'line': b'-- Generating done\n'}
[4.370503] (nav2_bringup) StdoutLine: {'line': b'-- Build files have been written to: /home/yjy/ican_shoot/ican_shoot/build/nav2_bringup\n'}
[4.384881] (nav2_bringup) CommandEnded: {'returncode': 0}
[4.385917] (nav2_bringup) JobProgress: {'identifier': 'nav2_bringup', 'progress': 'build'}
[4.386384] (nav2_bringup) Command: {'cmd': ['/usr/bin/cmake', '--build', '/home/yjy/ican_shoot/ican_shoot/build/nav2_bringup', '--', '-j4', '-l4'], 'cwd': '/home/yjy/ican_shoot/ican_shoot/build/nav2_bringup', 'env': OrderedDict([('GJS_DEBUG_TOPICS', 'JS ERROR;JS LOG'), ('PYTHONIOENCODING', 'utf-8'), ('ZAI_OAUTH_CLIENT_ID', 'client_P8X5CMWmlaRO9gyO-KSqtg'), ('ZCODE_DESKTOP_CONTEXT_PROMPT_ENABLED', '0'), ('USER', 'yjy'), ('GIT_EDITOR', 'true'), ('XDG_SESSION_TYPE', 'wayland'), ('SHLVL', '0'), ('LD_LIBRARY_PATH', '/opt/ican_shoot_sim/lib:/usr/lib/x86_64-linux-gnu/gazebo-11/plugins:/opt/ros/humble/opt/rviz_ogre_vendor/lib:/opt/ros/humble/lib/x86_64-linux-gnu:/opt/ros/humble/lib'), ('HOME', '/home/yjy'), ('CHROME_DESKTOP', 'zcode.desktop'), ('OLDPWD', '/home/yjy/ican_shoot/ican_shoot'), ('DESKTOP_SESSION', 'ubuntu'), ('ZAI_OAUTH_ORIGIN', 'https://chat.z.ai'), ('GIO_LAUNCHED_DESKTOP_FILE', '/usr/share/applications/zcode.desktop'), ('ZCODE_APP_VERSION', '3.14.3'), ('ROS_PYTHON_VERSION', '3'), ('GNOME_SHELL_SESSION_MODE', 'ubuntu'), ('GTK_MODULES', 'gail:atk-bridge'), ('MANAGERPID', '1776'), ('LC_CTYPE', 'en_US.UTF-8'), ('SYSTEMD_EXEC_PID', '1952'), ('DBUS_SESSION_BUS_ADDRESS', 'unix:path=/run/user/1000/bus'), ('ZCODE_PROCESS_LABEL', 'local-1'), ('GIO_LAUNCHED_DESKTOP_FILE_PID', '27174'), ('IM_CONFIG_PHASE', '1'), ('WAYLAND_DISPLAY', 'wayland-0'), ('COLCON_PREFIX_PATH', '/opt/ican_shoot_sim:/home/yjy/ican_shoot/ican_shoot/install'), ('ROS_DISTRO', 'humble'), ('LOGNAME', 'yjy'), ('ZCODE_RUNTIME_ENV', 'production'), ('ZCODE_PERSONAL_PROVIDER_CONFIG_FILE', '/home/yjy/.zcode/v2/provider_config.json'), ('JOURNAL_STREAM', '8:23368'), ('_', '/usr/bin/timeout'), ('ROS_VERSION', '2'), ('XDG_SESSION_CLASS', 'user'), ('ZCODE_BUILTIN_PROVIDER_CONFIG_FILE', '/home/yjy/.zcode/v2/runtime/provider/linux-x86_64/3.14.3/endpoint-78d7c3bef4024722642626fe3669a799/zcode-builtin.json'), ('USERNAME', 'yjy'), ('ZAI_BUSINESS_BASE_URL', 'https://api.z.ai'), ('TERM', 'dumb'), ('GNOME_DESKTOP_SESSION_ID', 'this-is-deprecated'), ('FC_FONTATIONS', '1'), ('ROS_LOCALHOST_ONLY', '0'), ('PATH', '/opt/ros/humble/bin:/usr/local/sbin:/usr/local/bin:/usr/sbin:/usr/bin:/sbin:/bin:/usr/games:/usr/local/games:/snap/bin:/opt/ZCode/resources/tools/bfs:/opt/ZCode/resources/tools/ripgrep:/opt/ZCode/resources/tools/ugrep'), ('SESSION_MANAGER', 'local/yjy-virtual-machine:@/tmp/.ICE-unix/1920,unix/yjy-virtual-machine:/tmp/.ICE-unix/1920'), ('INVOCATION_ID', 'f6bcf324dd4849019b26aa253dbf4e69'), ('XDG_MENU_PREFIX', 'gnome-'), ('ZCODE_BUILD_COMMIT_ID', 'ab4d5e6b'), ('GNOME_SETUP_DISPLAY', ':1'), ('XDG_RUNTIME_DIR', '/run/user/1000'), ('GDK_BACKEND', 'wayland'), ('DISPLAY', ':0'), ('ZCODE_BFS_BINARY', '/opt/ZCode/resources/tools/bfs/bfs'), ('LANG', 'en_US.UTF-8'), ('XDG_CURRENT_DESKTOP', 'ubuntu:GNOME'), ('XMODIFIERS', '@im=ibus'), ('XDG_SESSION_DESKTOP', 'ubuntu'), ('XAUTHORITY', '/run/user/1000/.mutter-Xwaylandauth.2021V3'), ('SSH_AGENT_LAUNCHER', 'gnome-keyring'), ('SSH_AUTH_SOCK', '/run/user/1000/keyring/ssh'), ('AMENT_PREFIX_PATH', '/home/yjy/ican_shoot/ican_shoot/install/navigation2:/opt/ican_shoot_sim:/home/yjy/ican_shoot/ican_shoot/install/ican_example_mission:/home/yjy/ican_shoot/ican_shoot/install/ican_referee_system:/home/yjy/ican_shoot/ican_shoot/install/ican_example_ring_aim:/home/yjy/ican_shoot/ican_shoot/install/ican_example_navigation:/opt/ros/humble'), ('SHELL', '/bin/bash'), ('QT_ACCESSIBILITY', '1'), ('GDMSESSION', 'ubuntu'), ('PYTHONUTF8', '1'), ('GJS_DEBUG_OUTPUT', 'stderr'), ('QT_IM_MODULE', 'ibus'), ('PWD', '/home/yjy/ican_shoot/ican_shoot/build/nav2_bringup'), ('LC_ALL', 'en_US.UTF-8'), ('ZCODE_BASE_URL', 'https://zcode.z.ai'), ('XDG_CONFIG_DIRS', '/etc/xdg/xdg-ubuntu:/etc/xdg'), ('XDG_DATA_DIRS', '/usr/share/ubuntu:/usr/local/share/:/usr/share/:/var/lib/snapd/desktop'), ('ZCODE_RG_BINARY', '/opt/ZCode/resources/tools/ripgrep/rg'), ('PYTHONPATH', '/opt/ican_shoot_sim/lib/python3.10/site-packages:/home/yjy/ican_shoot/ican_shoot/install/ican_example_mission/lib/python3.10/site-packages:/home/yjy/ican_shoot/ican_shoot/install/ican_referee_system/lib/python3.10/site-packages:/home/yjy/ican_shoot/ican_shoot/install/ican_example_ring_aim/lib/python3.10/site-packages:/home/yjy/ican_shoot/ican_shoot/install/ican_example_navigation/lib/python3.10/site-packages:/opt/ros/humble/lib/python3.10/site-packages:/opt/ros/humble/local/lib/python3.10/dist-packages'), ('ZCODE_UGREP_BINARY', '/opt/ZCode/resources/tools/ugrep/ugrep'), ('ZCODE_ENV', 'production'), ('COLCON', '1'), ('CMAKE_PREFIX_PATH', '/home/yjy/ican_shoot/ican_shoot/install/navigation2:/opt/ican_shoot_sim:/home/yjy/ican_shoot/ican_shoot/install/ican_example_mission:/home/yjy/ican_shoot/ican_shoot/install/ican_referee_system:/home/yjy/ican_shoot/ican_shoot/install/ican_example_ring_aim:/home/yjy/ican_shoot/ican_shoot/install/ican_example_navigation:/opt/ros/humble')]), 'shell': False}
[4.451719] (-) TimerEvent: {}
[4.465198] (nav2_bringup) CommandEnded: {'returncode': 0}
[4.470139] (nav2_bringup) JobProgress: {'identifier': 'nav2_bringup', 'progress': 'install'}
[4.470218] (nav2_bringup) Command: {'cmd': ['/usr/bin/cmake', '--install', '/home/yjy/ican_shoot/ican_shoot/build/nav2_bringup'], 'cwd': '/home/yjy/ican_shoot/ican_shoot/build/nav2_bringup', 'env': OrderedDict([('GJS_DEBUG_TOPICS', 'JS ERROR;JS LOG'), ('PYTHONIOENCODING', 'utf-8'), ('ZAI_OAUTH_CLIENT_ID', 'client_P8X5CMWmlaRO9gyO-KSqtg'), ('ZCODE_DESKTOP_CONTEXT_PROMPT_ENABLED', '0'), ('USER', 'yjy'), ('GIT_EDITOR', 'true'), ('XDG_SESSION_TYPE', 'wayland'), ('SHLVL', '0'), ('LD_LIBRARY_PATH', '/opt/ican_shoot_sim/lib:/usr/lib/x86_64-linux-gnu/gazebo-11/plugins:/opt/ros/humble/opt/rviz_ogre_vendor/lib:/opt/ros/humble/lib/x86_64-linux-gnu:/opt/ros/humble/lib'), ('HOME', '/home/yjy'), ('CHROME_DESKTOP', 'zcode.desktop'), ('OLDPWD', '/home/yjy/ican_shoot/ican_shoot'), ('DESKTOP_SESSION', 'ubuntu'), ('ZAI_OAUTH_ORIGIN', 'https://chat.z.ai'), ('GIO_LAUNCHED_DESKTOP_FILE', '/usr/share/applications/zcode.desktop'), ('ZCODE_APP_VERSION', '3.14.3'), ('ROS_PYTHON_VERSION', '3'), ('GNOME_SHELL_SESSION_MODE', 'ubuntu'), ('GTK_MODULES', 'gail:atk-bridge'), ('MANAGERPID', '1776'), ('LC_CTYPE', 'en_US.UTF-8'), ('SYSTEMD_EXEC_PID', '1952'), ('DBUS_SESSION_BUS_ADDRESS', 'unix:path=/run/user/1000/bus'), ('ZCODE_PROCESS_LABEL', 'local-1'), ('GIO_LAUNCHED_DESKTOP_FILE_PID', '27174'), ('IM_CONFIG_PHASE', '1'), ('WAYLAND_DISPLAY', 'wayland-0'), ('COLCON_PREFIX_PATH', '/opt/ican_shoot_sim:/home/yjy/ican_shoot/ican_shoot/install'), ('ROS_DISTRO', 'humble'), ('LOGNAME', 'yjy'), ('ZCODE_RUNTIME_ENV', 'production'), ('ZCODE_PERSONAL_PROVIDER_CONFIG_FILE', '/home/yjy/.zcode/v2/provider_config.json'), ('JOURNAL_STREAM', '8:23368'), ('_', '/usr/bin/timeout'), ('ROS_VERSION', '2'), ('XDG_SESSION_CLASS', 'user'), ('ZCODE_BUILTIN_PROVIDER_CONFIG_FILE', '/home/yjy/.zcode/v2/runtime/provider/linux-x86_64/3.14.3/endpoint-78d7c3bef4024722642626fe3669a799/zcode-builtin.json'), ('USERNAME', 'yjy'), ('ZAI_BUSINESS_BASE_URL', 'https://api.z.ai'), ('TERM', 'dumb'), ('GNOME_DESKTOP_SESSION_ID', 'this-is-deprecated'), ('FC_FONTATIONS', '1'), ('ROS_LOCALHOST_ONLY', '0'), ('PATH', '/opt/ros/humble/bin:/usr/local/sbin:/usr/local/bin:/usr/sbin:/usr/bin:/sbin:/bin:/usr/games:/usr/local/games:/snap/bin:/opt/ZCode/resources/tools/bfs:/opt/ZCode/resources/tools/ripgrep:/opt/ZCode/resources/tools/ugrep'), ('SESSION_MANAGER', 'local/yjy-virtual-machine:@/tmp/.ICE-unix/1920,unix/yjy-virtual-machine:/tmp/.ICE-unix/1920'), ('INVOCATION_ID', 'f6bcf324dd4849019b26aa253dbf4e69'), ('XDG_MENU_PREFIX', 'gnome-'), ('ZCODE_BUILD_COMMIT_ID', 'ab4d5e6b'), ('GNOME_SETUP_DISPLAY', ':1'), ('XDG_RUNTIME_DIR', '/run/user/1000'), ('GDK_BACKEND', 'wayland'), ('DISPLAY', ':0'), ('ZCODE_BFS_BINARY', '/opt/ZCode/resources/tools/bfs/bfs'), ('LANG', 'en_US.UTF-8'), ('XDG_CURRENT_DESKTOP', 'ubuntu:GNOME'), ('XMODIFIERS', '@im=ibus'), ('XDG_SESSION_DESKTOP', 'ubuntu'), ('XAUTHORITY', '/run/user/1000/.mutter-Xwaylandauth.2021V3'), ('SSH_AGENT_LAUNCHER', 'gnome-keyring'), ('SSH_AUTH_SOCK', '/run/user/1000/keyring/ssh'), ('AMENT_PREFIX_PATH', '/home/yjy/ican_shoot/ican_shoot/install/navigation2:/opt/ican_shoot_sim:/home/yjy/ican_shoot/ican_shoot/install/ican_example_mission:/home/yjy/ican_shoot/ican_shoot/install/ican_referee_system:/home/yjy/ican_shoot/ican_shoot/install/ican_example_ring_aim:/home/yjy/ican_shoot/ican_shoot/install/ican_example_navigation:/opt/ros/humble'), ('SHELL', '/bin/bash'), ('QT_ACCESSIBILITY', '1'), ('GDMSESSION', 'ubuntu'), ('PYTHONUTF8', '1'), ('GJS_DEBUG_OUTPUT', 'stderr'), ('QT_IM_MODULE', 'ibus'), ('PWD', '/home/yjy/ican_shoot/ican_shoot/build/nav2_bringup'), ('LC_ALL', 'en_US.UTF-8'), ('ZCODE_BASE_URL', 'https://zcode.z.ai'), ('XDG_CONFIG_DIRS', '/etc/xdg/xdg-ubuntu:/etc/xdg'), ('XDG_DATA_DIRS', '/usr/share/ubuntu:/usr/local/share/:/usr/share/:/var/lib/snapd/desktop'), ('ZCODE_RG_BINARY', '/opt/ZCode/resources/tools/ripgrep/rg'), ('PYTHONPATH', '/opt/ican_shoot_sim/lib/python3.10/site-packages:/home/yjy/ican_shoot/ican_shoot/install/ican_example_mission/lib/python3.10/site-packages:/home/yjy/ican_shoot/ican_shoot/install/ican_referee_system/lib/python3.10/site-packages:/home/yjy/ican_shoot/ican_shoot/install/ican_example_ring_aim/lib/python3.10/site-packages:/home/yjy/ican_shoot/ican_shoot/install/ican_example_navigation/lib/python3.10/site-packages:/opt/ros/humble/lib/python3.10/site-packages:/opt/ros/humble/local/lib/python3.10/dist-packages'), ('ZCODE_UGREP_BINARY', '/opt/ZCode/resources/tools/ugrep/ugrep'), ('ZCODE_ENV', 'production'), ('COLCON', '1'), ('CMAKE_PREFIX_PATH', '/home/yjy/ican_shoot/ican_shoot/install/navigation2:/opt/ican_shoot_sim:/home/yjy/ican_shoot/ican_shoot/install/ican_example_mission:/home/yjy/ican_shoot/ican_shoot/install/ican_referee_system:/home/yjy/ican_shoot/ican_shoot/install/ican_example_ring_aim:/home/yjy/ican_shoot/ican_shoot/install/ican_example_navigation:/opt/ros/humble')]), 'shell': False}
[4.496760] (nav2_bringup) StdoutLine: {'line': b'-- Install configuration: "Release"\n'}
[4.497139] (nav2_bringup) StdoutLine: {'line': b'-- Installing: /home/yjy/ican_shoot/ican_shoot/install/nav2_bringup/share/nav2_bringup/launch\n'}
[4.497581] (nav2_bringup) StdoutLine: {'line': b'-- Installing: /home/yjy/ican_shoot/ican_shoot/install/nav2_bringup/share/nav2_bringup/launch/slam_launch.py\n'}
[4.498257] (nav2_bringup) StdoutLine: {'line': b'-- Installing: /home/yjy/ican_shoot/ican_shoot/install/nav2_bringup/share/nav2_bringup/launch/bringup_launch.py\n'}
[4.499041] (nav2_bringup) StdoutLine: {'line': b'-- Installing: /home/yjy/ican_shoot/ican_shoot/install/nav2_bringup/share/nav2_bringup/launch/localization_launch.py\n'}
[4.502456] (nav2_bringup) StdoutLine: {'line': b'-- Installing: /home/yjy/ican_shoot/ican_shoot/install/nav2_bringup/share/nav2_bringup/launch/navigation_launch.py\n'}
[4.502709] (nav2_bringup) StdoutLine: {'line': b'-- Installing: /home/yjy/ican_shoot/ican_shoot/install/nav2_bringup/share/nav2_bringup/launch/cloned_multi_tb3_simulation_launch.py\n'}
[4.502769] (nav2_bringup) StdoutLine: {'line': b'-- Installing: /home/yjy/ican_shoot/ican_shoot/install/nav2_bringup/share/nav2_bringup/launch/unique_multi_tb3_simulation_launch.py\n'}
[4.502816] (nav2_bringup) StdoutLine: {'line': b'-- Installing: /home/yjy/ican_shoot/ican_shoot/install/nav2_bringup/share/nav2_bringup/launch/tb3_simulation_launch.py\n'}
[4.502861] (nav2_bringup) StdoutLine: {'line': b'-- Installing: /home/yjy/ican_shoot/ican_shoot/install/nav2_bringup/share/nav2_bringup/launch/rviz_launch.py\n'}
[4.502902] (nav2_bringup) StdoutLine: {'line': b'-- Installing: /home/yjy/ican_shoot/ican_shoot/install/nav2_bringup/share/nav2_bringup/maps\n'}
[4.502940] (nav2_bringup) StdoutLine: {'line': b'-- Installing: /home/yjy/ican_shoot/ican_shoot/install/nav2_bringup/share/nav2_bringup/maps/turtlebot3_world.yaml\n'}
[4.502978] (nav2_bringup) StdoutLine: {'line': b'-- Installing: /home/yjy/ican_shoot/ican_shoot/install/nav2_bringup/share/nav2_bringup/maps/turtlebot3_world.pgm\n'}
[4.503251] (nav2_bringup) StdoutLine: {'line': b'-- Installing: /home/yjy/ican_shoot/ican_shoot/install/nav2_bringup/share/nav2_bringup/rviz\n'}
[4.503361] (nav2_bringup) StdoutLine: {'line': b'-- Installing: /home/yjy/ican_shoot/ican_shoot/install/nav2_bringup/share/nav2_bringup/rviz/nav2_default_view.rviz\n'}
[4.503810] (nav2_bringup) StdoutLine: {'line': b'-- Installing: /home/yjy/ican_shoot/ican_shoot/install/nav2_bringup/share/nav2_bringup/rviz/nav2_namespaced_view.rviz\n'}
[4.504169] (nav2_bringup) StdoutLine: {'line': b'-- Installing: /home/yjy/ican_shoot/ican_shoot/install/nav2_bringup/share/nav2_bringup/worlds\n'}
[4.504405] (nav2_bringup) StdoutLine: {'line': b'-- Installing: /home/yjy/ican_shoot/ican_shoot/install/nav2_bringup/share/nav2_bringup/worlds/world_only.model\n'}
[4.504663] (nav2_bringup) StdoutLine: {'line': b'-- Installing: /home/yjy/ican_shoot/ican_shoot/install/nav2_bringup/share/nav2_bringup/worlds/waffle.model\n'}
[4.505228] (nav2_bringup) StdoutLine: {'line': b'-- Installing: /home/yjy/ican_shoot/ican_shoot/install/nav2_bringup/share/nav2_bringup/params\n'}
[4.507657] (nav2_bringup) StdoutLine: {'line': b'-- Installing: /home/yjy/ican_shoot/ican_shoot/install/nav2_bringup/share/nav2_bringup/params/nav2_multirobot_params_all.yaml\n'}
[4.511982] (nav2_bringup) StdoutLine: {'line': b'-- Installing: /home/yjy/ican_shoot/ican_shoot/install/nav2_bringup/share/nav2_bringup/params/nav2_multirobot_params_1.yaml\n'}
[4.512492] (nav2_bringup) StdoutLine: {'line': b'-- Installing: /home/yjy/ican_shoot/ican_shoot/install/nav2_bringup/share/nav2_bringup/params/nav2_multirobot_params_2.yaml\n'}
[4.512538] (nav2_bringup) StdoutLine: {'line': b'-- Installing: /home/yjy/ican_shoot/ican_shoot/install/nav2_bringup/share/nav2_bringup/params/nav2_params.yaml\n'}
[4.512573] (nav2_bringup) StdoutLine: {'line': b'-- Installing: /home/yjy/ican_shoot/ican_shoot/install/nav2_bringup/share/nav2_bringup/urdf\n'}
[4.512622] (nav2_bringup) StdoutLine: {'line': b'-- Installing: /home/yjy/ican_shoot/ican_shoot/install/nav2_bringup/share/nav2_bringup/urdf/turtlebot3_waffle.urdf\n'}
[4.512651] (nav2_bringup) StdoutLine: {'line': b'-- Installing: /home/yjy/ican_shoot/ican_shoot/install/nav2_bringup/share/ament_index/resource_index/package_run_dependencies/nav2_bringup\n'}
[4.513329] (nav2_bringup) StdoutLine: {'line': b'-- Installing: /home/yjy/ican_shoot/ican_shoot/install/nav2_bringup/share/ament_index/resource_index/parent_prefix_path/nav2_bringup\n'}
[4.523677] (nav2_bringup) StdoutLine: {'line': b'-- Installing: /home/yjy/ican_shoot/ican_shoot/install/nav2_bringup/share/nav2_bringup/environment/ament_prefix_path.sh\n'}
[4.524024] (nav2_bringup) StdoutLine: {'line': b'-- Installing: /home/yjy/ican_shoot/ican_shoot/install/nav2_bringup/share/nav2_bringup/environment/ament_prefix_path.dsv\n'}
[4.524070] (nav2_bringup) StdoutLine: {'line': b'-- Installing: /home/yjy/ican_shoot/ican_shoot/install/nav2_bringup/share/nav2_bringup/environment/path.sh\n'}
[4.524102] (nav2_bringup) StdoutLine: {'line': b'-- Installing: /home/yjy/ican_shoot/ican_shoot/install/nav2_bringup/share/nav2_bringup/environment/path.dsv\n'}
[4.524131] (nav2_bringup) StdoutLine: {'line': b'-- Installing: /home/yjy/ican_shoot/ican_shoot/install/nav2_bringup/share/nav2_bringup/local_setup.bash\n'}
[4.524159] (nav2_bringup) StdoutLine: {'line': b'-- Installing: /home/yjy/ican_shoot/ican_shoot/install/nav2_bringup/share/nav2_bringup/local_setup.sh\n'}
[4.524186] (nav2_bringup) StdoutLine: {'line': b'-- Installing: /home/yjy/ican_shoot/ican_shoot/install/nav2_bringup/share/nav2_bringup/local_setup.zsh\n'}
[4.524211] (nav2_bringup) StdoutLine: {'line': b'-- Installing: /home/yjy/ican_shoot/ican_shoot/install/nav2_bringup/share/nav2_bringup/local_setup.dsv\n'}
[4.524235] (nav2_bringup) StdoutLine: {'line': b'-- Installing: /home/yjy/ican_shoot/ican_shoot/install/nav2_bringup/share/nav2_bringup/package.dsv\n'}
[4.524864] (nav2_bringup) StdoutLine: {'line': b'-- Installing: /home/yjy/ican_shoot/ican_shoot/install/nav2_bringup/share/ament_index/resource_index/packages/nav2_bringup\n'}
[4.525039] (nav2_bringup) StdoutLine: {'line': b'-- Installing: /home/yjy/ican_shoot/ican_shoot/install/nav2_bringup/share/nav2_bringup/cmake/nav2_bringupConfig.cmake\n'}
[4.527341] (nav2_bringup) StdoutLine: {'line': b'-- Installing: /home/yjy/ican_shoot/ican_shoot/install/nav2_bringup/share/nav2_bringup/cmake/nav2_bringupConfig-version.cmake\n'}
[4.527410] (nav2_bringup) StdoutLine: {'line': b'-- Installing: /home/yjy/ican_shoot/ican_shoot/install/nav2_bringup/share/nav2_bringup/package.xml\n'}
[4.527446] (nav2_bringup) CommandEnded: {'returncode': 0}
[4.551027] (nav2_bringup) JobEnded: {'identifier': 'nav2_bringup', 'rc': 0}
[4.551861] (-) TimerEvent: {}
[4.551916] (-) EventReactorShutdown: {}
