[0.012s] Invoking command in '/home/yjy/ican_shoot/ican_shoot/build/nav2_bringup': AMENT_PREFIX_PATH=/home/yjy/ican_shoot/ican_shoot/install/navigation2:${AMENT_PREFIX_PATH} CMAKE_PREFIX_PATH=/home/yjy/ican_shoot/ican_shoot/install/navigation2:/opt/ican_shoot_sim:/opt/ros/humble /usr/bin/cmake /home/yjy/ican_shoot/ican_shoot/src/nav2_bringup -DAMENT_CMAKE_SYMLINK_INSTALL=1 -DCMAKE_INSTALL_PREFIX=/home/yjy/ican_shoot/ican_shoot/install/nav2_bringup
[0.029s] -- Found ament_cmake: 1.3.14 (/opt/ros/humble/share/ament_cmake/cmake)
[0.153s] -- Override CMake install command with custom implementation using symlinks instead of copying resources
[0.162s] -- Found nav2_common: 1.1.20 (/opt/ros/humble/share/nav2_common/cmake)
[0.162s] -- Found navigation2: 1.1.20 (/home/yjy/ican_shoot/ican_shoot/install/navigation2/share/navigation2/cmake)
[0.164s] -- Found ament_lint_auto: 0.12.15 (/opt/ros/humble/share/ament_lint_auto/cmake)
[0.262s] -- Added test 'copyright' to check source files copyright and LICENSE
[0.269s] -- Added test 'flake8' to check Python code syntax and style conventions
[0.269s] -- Added test 'lint_cmake' to check CMake code style
[0.269s] -- Added test 'pep257' to check Python code against some of the docstring style conventions in PEP 257
[0.271s] -- Added test 'xmllint' to check XML markup files
[0.271s] -- Configuring done
[0.276s] -- Generating done
[0.280s] -- Build files have been written to: /home/yjy/ican_shoot/ican_shoot/build/nav2_bringup
[0.283s] Invoked command in '/home/yjy/ican_shoot/ican_shoot/build/nav2_bringup' returned '0': AMENT_PREFIX_PATH=/home/yjy/ican_shoot/ican_shoot/install/navigation2:${AMENT_PREFIX_PATH} CMAKE_PREFIX_PATH=/home/yjy/ican_shoot/ican_shoot/install/navigation2:/opt/ican_shoot_sim:/opt/ros/humble /usr/bin/cmake /home/yjy/ican_shoot/ican_shoot/src/nav2_bringup -DAMENT_CMAKE_SYMLINK_INSTALL=1 -DCMAKE_INSTALL_PREFIX=/home/yjy/ican_shoot/ican_shoot/install/nav2_bringup
[0.286s] Invoking command in '/home/yjy/ican_shoot/ican_shoot/build/nav2_bringup': AMENT_PREFIX_PATH=/home/yjy/ican_shoot/ican_shoot/install/navigation2:${AMENT_PREFIX_PATH} CMAKE_PREFIX_PATH=/home/yjy/ican_shoot/ican_shoot/install/navigation2:/opt/ican_shoot_sim:/opt/ros/humble /usr/bin/cmake --build /home/yjy/ican_shoot/ican_shoot/build/nav2_bringup -- -j4 -l4
[0.348s] Invoked command in '/home/yjy/ican_shoot/ican_shoot/build/nav2_bringup' returned '0': AMENT_PREFIX_PATH=/home/yjy/ican_shoot/ican_shoot/install/navigation2:${AMENT_PREFIX_PATH} CMAKE_PREFIX_PATH=/home/yjy/ican_shoot/ican_shoot/install/navigation2:/opt/ican_shoot_sim:/opt/ros/humble /usr/bin/cmake --build /home/yjy/ican_shoot/ican_shoot/build/nav2_bringup -- -j4 -l4
[0.348s] Invoking command in '/home/yjy/ican_shoot/ican_shoot/build/nav2_bringup': AMENT_PREFIX_PATH=/home/yjy/ican_shoot/ican_shoot/install/navigation2:${AMENT_PREFIX_PATH} CMAKE_PREFIX_PATH=/home/yjy/ican_shoot/ican_shoot/install/navigation2:/opt/ican_shoot_sim:/opt/ros/humble /usr/bin/cmake --install /home/yjy/ican_shoot/ican_shoot/build/nav2_bringup
[0.358s] -- Install configuration: "Release"
[0.358s] -- Execute custom install script
[0.359s] -- Up-to-date symlink: /home/yjy/ican_shoot/ican_shoot/install/nav2_bringup/share/nav2_bringup/launch/bringup_launch.py
[0.359s] -- Up-to-date symlink: /home/yjy/ican_shoot/ican_shoot/install/nav2_bringup/share/nav2_bringup/launch/cloned_multi_tb3_simulation_launch.py
[0.360s] -- Up-to-date symlink: /home/yjy/ican_shoot/ican_shoot/install/nav2_bringup/share/nav2_bringup/launch/localization_launch.py
[0.360s] -- Up-to-date symlink: /home/yjy/ican_shoot/ican_shoot/install/nav2_bringup/share/nav2_bringup/launch/navigation_launch.py
[0.360s] -- Up-to-date symlink: /home/yjy/ican_shoot/ican_shoot/install/nav2_bringup/share/nav2_bringup/launch/rviz_launch.py
[0.361s] -- Up-to-date symlink: /home/yjy/ican_shoot/ican_shoot/install/nav2_bringup/share/nav2_bringup/launch/slam_launch.py
[0.361s] -- Up-to-date symlink: /home/yjy/ican_shoot/ican_shoot/install/nav2_bringup/share/nav2_bringup/launch/tb3_simulation_launch.py
[0.363s] -- Up-to-date symlink: /home/yjy/ican_shoot/ican_shoot/install/nav2_bringup/share/nav2_bringup/launch/unique_multi_tb3_simulation_launch.py
[0.364s] -- Up-to-date symlink: /home/yjy/ican_shoot/ican_shoot/install/nav2_bringup/share/nav2_bringup/maps/turtlebot3_world.pgm
[0.364s] -- Up-to-date symlink: /home/yjy/ican_shoot/ican_shoot/install/nav2_bringup/share/nav2_bringup/maps/turtlebot3_world.yaml
[0.364s] -- Up-to-date symlink: /home/yjy/ican_shoot/ican_shoot/install/nav2_bringup/share/nav2_bringup/rviz/nav2_default_view.rviz
[0.364s] -- Up-to-date symlink: /home/yjy/ican_shoot/ican_shoot/install/nav2_bringup/share/nav2_bringup/rviz/nav2_namespaced_view.rviz
[0.364s] -- Up-to-date symlink: /home/yjy/ican_shoot/ican_shoot/install/nav2_bringup/share/nav2_bringup/worlds/waffle.model
[0.364s] -- Up-to-date symlink: /home/yjy/ican_shoot/ican_shoot/install/nav2_bringup/share/nav2_bringup/worlds/world_only.model
[0.364s] -- Up-to-date symlink: /home/yjy/ican_shoot/ican_shoot/install/nav2_bringup/share/nav2_bringup/params/nav2_multirobot_params_1.yaml
[0.364s] -- Up-to-date symlink: /home/yjy/ican_shoot/ican_shoot/install/nav2_bringup/share/nav2_bringup/params/nav2_multirobot_params_2.yaml
[0.364s] -- Up-to-date symlink: /home/yjy/ican_shoot/ican_shoot/install/nav2_bringup/share/nav2_bringup/params/nav2_multirobot_params_all.yaml
[0.364s] -- Up-to-date symlink: /home/yjy/ican_shoot/ican_shoot/install/nav2_bringup/share/nav2_bringup/params/nav2_params.yaml
[0.364s] -- Up-to-date symlink: /home/yjy/ican_shoot/ican_shoot/install/nav2_bringup/share/nav2_bringup/urdf/turtlebot3_waffle.urdf
[0.364s] -- Up-to-date symlink: /home/yjy/ican_shoot/ican_shoot/install/nav2_bringup/share/ament_index/resource_index/package_run_dependencies/nav2_bringup
[0.364s] -- Up-to-date symlink: /home/yjy/ican_shoot/ican_shoot/install/nav2_bringup/share/ament_index/resource_index/parent_prefix_path/nav2_bringup
[0.365s] -- Up-to-date symlink: /home/yjy/ican_shoot/ican_shoot/install/nav2_bringup/share/nav2_bringup/environment/ament_prefix_path.sh
[0.365s] -- Up-to-date symlink: /home/yjy/ican_shoot/ican_shoot/install/nav2_bringup/share/nav2_bringup/environment/ament_prefix_path.dsv
[0.365s] -- Up-to-date symlink: /home/yjy/ican_shoot/ican_shoot/install/nav2_bringup/share/nav2_bringup/environment/path.sh
[0.365s] -- Up-to-date symlink: /home/yjy/ican_shoot/ican_shoot/install/nav2_bringup/share/nav2_bringup/environment/path.dsv
[0.365s] -- Up-to-date symlink: /home/yjy/ican_shoot/ican_shoot/install/nav2_bringup/share/nav2_bringup/local_setup.bash
[0.365s] -- Up-to-date symlink: /home/yjy/ican_shoot/ican_shoot/install/nav2_bringup/share/nav2_bringup/local_setup.sh
[0.366s] -- Up-to-date symlink: /home/yjy/ican_shoot/ican_shoot/install/nav2_bringup/share/nav2_bringup/local_setup.zsh
[0.367s] -- Up-to-date symlink: /home/yjy/ican_shoot/ican_shoot/install/nav2_bringup/share/nav2_bringup/local_setup.dsv
[0.367s] -- Symlinking: /home/yjy/ican_shoot/ican_shoot/install/nav2_bringup/share/nav2_bringup/package.dsv
[0.381s] -- Up-to-date symlink: /home/yjy/ican_shoot/ican_shoot/install/nav2_bringup/share/ament_index/resource_index/packages/nav2_bringup
[0.381s] -- Up-to-date symlink: /home/yjy/ican_shoot/ican_shoot/install/nav2_bringup/share/nav2_bringup/cmake/nav2_bringupConfig.cmake
[0.381s] -- Up-to-date symlink: /home/yjy/ican_shoot/ican_shoot/install/nav2_bringup/share/nav2_bringup/cmake/nav2_bringupConfig-version.cmake
[0.381s] -- Up-to-date symlink: /home/yjy/ican_shoot/ican_shoot/install/nav2_bringup/share/nav2_bringup/package.xml
[0.384s] Invoked command in '/home/yjy/ican_shoot/ican_shoot/build/nav2_bringup' returned '0': AMENT_PREFIX_PATH=/home/yjy/ican_shoot/ican_shoot/install/navigation2:${AMENT_PREFIX_PATH} CMAKE_PREFIX_PATH=/home/yjy/ican_shoot/ican_shoot/install/navigation2:/opt/ican_shoot_sim:/opt/ros/humble /usr/bin/cmake --install /home/yjy/ican_shoot/ican_shoot/build/nav2_bringup
