[0.219s] DEBUG:colcon:Command line arguments: ['/usr/bin/colcon', 'build']
[0.220s] DEBUG:colcon:Parsed command line arguments: Namespace(log_base=None, log_level=None, verb_name='build', build_base='build', install_base='install', merge_install=False, symlink_install=False, test_result_base=None, continue_on_error=False, executor='parallel', parallel_workers=4, event_handlers=None, ignore_user_meta=False, metas=['./colcon.meta'], base_paths=['.'], packages_ignore=None, packages_ignore_regex=None, paths=None, packages_up_to=None, packages_up_to_regex=None, packages_above=None, packages_above_and_dependencies=None, packages_above_depth=None, packages_select_by_dep=None, packages_skip_by_dep=None, packages_skip_up_to=None, packages_select_build_failed=False, packages_skip_build_finished=False, packages_select_test_failures=False, packages_skip_test_passed=False, packages_select=None, packages_skip=None, packages_select_regex=None, packages_skip_regex=None, packages_start=None, packages_end=None, cmake_args=None, cmake_target=None, cmake_target_skip_unavailable=False, cmake_clean_cache=False, cmake_clean_first=False, cmake_force_configure=False, ament_cmake_args=None, catkin_cmake_args=None, catkin_skip_building_tests=False, mixin_files=None, mixin=None, verb_parser=<colcon_mixin.mixin.mixin_argument.MixinArgumentDecorator object at 0x7dbf1184eef0>, verb_extension=<colcon_core.verb.build.BuildVerb object at 0x7dbf11994190>, main=<bound method BuildVerb.main of <colcon_core.verb.build.BuildVerb object at 0x7dbf11994190>>, mixin_verb=('build',))
[0.545s] Level 1:colcon.colcon_core.package_discovery:discover_packages(colcon_meta) check parameters
[0.545s] Level 1:colcon.colcon_core.package_discovery:discover_packages(recursive) check parameters
[0.545s] Level 1:colcon.colcon_core.package_discovery:discover_packages(ignore) check parameters
[0.545s] Level 1:colcon.colcon_core.package_discovery:discover_packages(path) check parameters
[0.545s] Level 1:colcon.colcon_core.package_discovery:discover_packages(colcon_meta) discover
[0.546s] Level 1:colcon.colcon_core.package_discovery:discover_packages(recursive) discover
[0.546s] INFO:colcon.colcon_core.package_discovery:Crawling recursively for packages in '/home/yjy/ican_shoot/ican_shoot'
[0.546s] Level 1:colcon.colcon_core.package_identification:_identify(.) by extensions ['ignore', 'ignore_ament_install']
[0.546s] Level 1:colcon.colcon_core.package_identification:_identify(.) by extension 'ignore'
[0.546s] Level 1:colcon.colcon_core.package_identification:_identify(.) by extension 'ignore_ament_install'
[0.546s] Level 1:colcon.colcon_core.package_identification:_identify(.) by extensions ['colcon_pkg']
[0.546s] Level 1:colcon.colcon_core.package_identification:_identify(.) by extension 'colcon_pkg'
[0.546s] Level 1:colcon.colcon_core.package_identification:_identify(.) by extensions ['colcon_meta']
[0.546s] Level 1:colcon.colcon_core.package_identification:_identify(.) by extension 'colcon_meta'
[0.546s] Level 1:colcon.colcon_core.package_identification:_identify(.) by extensions ['ros']
[0.546s] Level 1:colcon.colcon_core.package_identification:_identify(.) by extension 'ros'
[0.569s] Level 1:colcon.colcon_core.package_identification:_identify(.) by extensions ['cmake', 'python']
[0.569s] Level 1:colcon.colcon_core.package_identification:_identify(.) by extension 'cmake'
[0.569s] Level 1:colcon.colcon_core.package_identification:_identify(.) by extension 'python'
[0.569s] Level 1:colcon.colcon_core.package_identification:_identify(.) by extensions ['python_setup_py']
[0.569s] Level 1:colcon.colcon_core.package_identification:_identify(.) by extension 'python_setup_py'
[0.570s] Level 1:colcon.colcon_core.package_identification:_identify(build) by extensions ['ignore', 'ignore_ament_install']
[0.570s] Level 1:colcon.colcon_core.package_identification:_identify(build) by extension 'ignore'
[0.570s] Level 1:colcon.colcon_core.package_identification:_identify(build) ignored
[0.570s] Level 1:colcon.colcon_core.package_identification:_identify(docs) by extensions ['ignore', 'ignore_ament_install']
[0.570s] Level 1:colcon.colcon_core.package_identification:_identify(docs) by extension 'ignore'
[0.570s] Level 1:colcon.colcon_core.package_identification:_identify(docs) by extension 'ignore_ament_install'
[0.570s] Level 1:colcon.colcon_core.package_identification:_identify(docs) by extensions ['colcon_pkg']
[0.570s] Level 1:colcon.colcon_core.package_identification:_identify(docs) by extension 'colcon_pkg'
[0.570s] Level 1:colcon.colcon_core.package_identification:_identify(docs) by extensions ['colcon_meta']
[0.570s] Level 1:colcon.colcon_core.package_identification:_identify(docs) by extension 'colcon_meta'
[0.571s] Level 1:colcon.colcon_core.package_identification:_identify(docs) by extensions ['ros']
[0.571s] Level 1:colcon.colcon_core.package_identification:_identify(docs) by extension 'ros'
[0.571s] Level 1:colcon.colcon_core.package_identification:_identify(docs) by extensions ['cmake', 'python']
[0.571s] Level 1:colcon.colcon_core.package_identification:_identify(docs) by extension 'cmake'
[0.571s] Level 1:colcon.colcon_core.package_identification:_identify(docs) by extension 'python'
[0.571s] Level 1:colcon.colcon_core.package_identification:_identify(docs) by extensions ['python_setup_py']
[0.571s] Level 1:colcon.colcon_core.package_identification:_identify(docs) by extension 'python_setup_py'
[0.571s] Level 1:colcon.colcon_core.package_identification:_identify(install) by extensions ['ignore', 'ignore_ament_install']
[0.571s] Level 1:colcon.colcon_core.package_identification:_identify(install) by extension 'ignore'
[0.571s] Level 1:colcon.colcon_core.package_identification:_identify(install) ignored
[0.571s] Level 1:colcon.colcon_core.package_identification:_identify(log) by extensions ['ignore', 'ignore_ament_install']
[0.571s] Level 1:colcon.colcon_core.package_identification:_identify(log) by extension 'ignore'
[0.571s] Level 1:colcon.colcon_core.package_identification:_identify(log) ignored
[0.571s] Level 1:colcon.colcon_core.package_identification:_identify(packages) by extensions ['ignore', 'ignore_ament_install']
[0.572s] Level 1:colcon.colcon_core.package_identification:_identify(packages) by extension 'ignore'
[0.572s] Level 1:colcon.colcon_core.package_identification:_identify(packages) by extension 'ignore_ament_install'
[0.572s] Level 1:colcon.colcon_core.package_identification:_identify(packages) by extensions ['colcon_pkg']
[0.572s] Level 1:colcon.colcon_core.package_identification:_identify(packages) by extension 'colcon_pkg'
[0.572s] Level 1:colcon.colcon_core.package_identification:_identify(packages) by extensions ['colcon_meta']
[0.572s] Level 1:colcon.colcon_core.package_identification:_identify(packages) by extension 'colcon_meta'
[0.572s] Level 1:colcon.colcon_core.package_identification:_identify(packages) by extensions ['ros']
[0.572s] Level 1:colcon.colcon_core.package_identification:_identify(packages) by extension 'ros'
[0.572s] Level 1:colcon.colcon_core.package_identification:_identify(packages) by extensions ['cmake', 'python']
[0.572s] Level 1:colcon.colcon_core.package_identification:_identify(packages) by extension 'cmake'
[0.572s] Level 1:colcon.colcon_core.package_identification:_identify(packages) by extension 'python'
[0.572s] Level 1:colcon.colcon_core.package_identification:_identify(packages) by extensions ['python_setup_py']
[0.572s] Level 1:colcon.colcon_core.package_identification:_identify(packages) by extension 'python_setup_py'
[0.572s] Level 1:colcon.colcon_core.package_identification:_identify(scripts) by extensions ['ignore', 'ignore_ament_install']
[0.573s] Level 1:colcon.colcon_core.package_identification:_identify(scripts) by extension 'ignore'
[0.573s] Level 1:colcon.colcon_core.package_identification:_identify(scripts) by extension 'ignore_ament_install'
[0.573s] Level 1:colcon.colcon_core.package_identification:_identify(scripts) by extensions ['colcon_pkg']
[0.574s] Level 1:colcon.colcon_core.package_identification:_identify(scripts) by extension 'colcon_pkg'
[0.574s] Level 1:colcon.colcon_core.package_identification:_identify(scripts) by extensions ['colcon_meta']
[0.574s] Level 1:colcon.colcon_core.package_identification:_identify(scripts) by extension 'colcon_meta'
[0.574s] Level 1:colcon.colcon_core.package_identification:_identify(scripts) by extensions ['ros']
[0.574s] Level 1:colcon.colcon_core.package_identification:_identify(scripts) by extension 'ros'
[0.574s] Level 1:colcon.colcon_core.package_identification:_identify(scripts) by extensions ['cmake', 'python']
[0.574s] Level 1:colcon.colcon_core.package_identification:_identify(scripts) by extension 'cmake'
[0.574s] Level 1:colcon.colcon_core.package_identification:_identify(scripts) by extension 'python'
[0.574s] Level 1:colcon.colcon_core.package_identification:_identify(scripts) by extensions ['python_setup_py']
[0.574s] Level 1:colcon.colcon_core.package_identification:_identify(scripts) by extension 'python_setup_py'
[0.574s] Level 1:colcon.colcon_core.package_identification:_identify(scripts/__pycache__) by extensions ['ignore', 'ignore_ament_install']
[0.574s] Level 1:colcon.colcon_core.package_identification:_identify(scripts/__pycache__) by extension 'ignore'
[0.574s] Level 1:colcon.colcon_core.package_identification:_identify(scripts/__pycache__) by extension 'ignore_ament_install'
[0.574s] Level 1:colcon.colcon_core.package_identification:_identify(scripts/__pycache__) by extensions ['colcon_pkg']
[0.575s] Level 1:colcon.colcon_core.package_identification:_identify(scripts/__pycache__) by extension 'colcon_pkg'
[0.575s] Level 1:colcon.colcon_core.package_identification:_identify(scripts/__pycache__) by extensions ['colcon_meta']
[0.575s] Level 1:colcon.colcon_core.package_identification:_identify(scripts/__pycache__) by extension 'colcon_meta'
[0.575s] Level 1:colcon.colcon_core.package_identification:_identify(scripts/__pycache__) by extensions ['ros']
[0.575s] Level 1:colcon.colcon_core.package_identification:_identify(scripts/__pycache__) by extension 'ros'
[0.575s] Level 1:colcon.colcon_core.package_identification:_identify(scripts/__pycache__) by extensions ['cmake', 'python']
[0.575s] Level 1:colcon.colcon_core.package_identification:_identify(scripts/__pycache__) by extension 'cmake'
[0.575s] Level 1:colcon.colcon_core.package_identification:_identify(scripts/__pycache__) by extension 'python'
[0.575s] Level 1:colcon.colcon_core.package_identification:_identify(scripts/__pycache__) by extensions ['python_setup_py']
[0.575s] Level 1:colcon.colcon_core.package_identification:_identify(scripts/__pycache__) by extension 'python_setup_py'
[0.575s] Level 1:colcon.colcon_core.package_identification:_identify(src) by extensions ['ignore', 'ignore_ament_install']
[0.575s] Level 1:colcon.colcon_core.package_identification:_identify(src) by extension 'ignore'
[0.575s] Level 1:colcon.colcon_core.package_identification:_identify(src) by extension 'ignore_ament_install'
[0.576s] Level 1:colcon.colcon_core.package_identification:_identify(src) by extensions ['colcon_pkg']
[0.576s] Level 1:colcon.colcon_core.package_identification:_identify(src) by extension 'colcon_pkg'
[0.576s] Level 1:colcon.colcon_core.package_identification:_identify(src) by extensions ['colcon_meta']
[0.576s] Level 1:colcon.colcon_core.package_identification:_identify(src) by extension 'colcon_meta'
[0.576s] Level 1:colcon.colcon_core.package_identification:_identify(src) by extensions ['ros']
[0.576s] Level 1:colcon.colcon_core.package_identification:_identify(src) by extension 'ros'
[0.576s] Level 1:colcon.colcon_core.package_identification:_identify(src) by extensions ['cmake', 'python']
[0.576s] Level 1:colcon.colcon_core.package_identification:_identify(src) by extension 'cmake'
[0.576s] Level 1:colcon.colcon_core.package_identification:_identify(src) by extension 'python'
[0.576s] Level 1:colcon.colcon_core.package_identification:_identify(src) by extensions ['python_setup_py']
[0.576s] Level 1:colcon.colcon_core.package_identification:_identify(src) by extension 'python_setup_py'
[0.576s] Level 1:colcon.colcon_core.package_identification:_identify(src/ican_example_mission) by extensions ['ignore', 'ignore_ament_install']
[0.576s] Level 1:colcon.colcon_core.package_identification:_identify(src/ican_example_mission) by extension 'ignore'
[0.576s] Level 1:colcon.colcon_core.package_identification:_identify(src/ican_example_mission) by extension 'ignore_ament_install'
[0.576s] Level 1:colcon.colcon_core.package_identification:_identify(src/ican_example_mission) by extensions ['colcon_pkg']
[0.577s] Level 1:colcon.colcon_core.package_identification:_identify(src/ican_example_mission) by extension 'colcon_pkg'
[0.577s] Level 1:colcon.colcon_core.package_identification:_identify(src/ican_example_mission) by extensions ['colcon_meta']
[0.577s] Level 1:colcon.colcon_core.package_identification:_identify(src/ican_example_mission) by extension 'colcon_meta'
[0.577s] Level 1:colcon.colcon_core.package_identification:_identify(src/ican_example_mission) by extensions ['ros']
[0.577s] Level 1:colcon.colcon_core.package_identification:_identify(src/ican_example_mission) by extension 'ros'
[0.581s] DEBUG:colcon.colcon_core.package_identification:Package 'src/ican_example_mission' with type 'ros.ament_python' and name 'ican_example_mission'
[0.581s] Level 1:colcon.colcon_core.package_identification:_identify(src/ican_example_navigation) by extensions ['ignore', 'ignore_ament_install']
[0.581s] Level 1:colcon.colcon_core.package_identification:_identify(src/ican_example_navigation) by extension 'ignore'
[0.581s] Level 1:colcon.colcon_core.package_identification:_identify(src/ican_example_navigation) by extension 'ignore_ament_install'
[0.581s] Level 1:colcon.colcon_core.package_identification:_identify(src/ican_example_navigation) by extensions ['colcon_pkg']
[0.581s] Level 1:colcon.colcon_core.package_identification:_identify(src/ican_example_navigation) by extension 'colcon_pkg'
[0.581s] Level 1:colcon.colcon_core.package_identification:_identify(src/ican_example_navigation) by extensions ['colcon_meta']
[0.581s] Level 1:colcon.colcon_core.package_identification:_identify(src/ican_example_navigation) by extension 'colcon_meta'
[0.581s] Level 1:colcon.colcon_core.package_identification:_identify(src/ican_example_navigation) by extensions ['ros']
[0.581s] Level 1:colcon.colcon_core.package_identification:_identify(src/ican_example_navigation) by extension 'ros'
[0.583s] DEBUG:colcon.colcon_core.package_identification:Package 'src/ican_example_navigation' with type 'ros.ament_python' and name 'ican_example_navigation'
[0.583s] Level 1:colcon.colcon_core.package_identification:_identify(src/ican_example_ring_aim) by extensions ['ignore', 'ignore_ament_install']
[0.583s] Level 1:colcon.colcon_core.package_identification:_identify(src/ican_example_ring_aim) by extension 'ignore'
[0.583s] Level 1:colcon.colcon_core.package_identification:_identify(src/ican_example_ring_aim) by extension 'ignore_ament_install'
[0.584s] Level 1:colcon.colcon_core.package_identification:_identify(src/ican_example_ring_aim) by extensions ['colcon_pkg']
[0.584s] Level 1:colcon.colcon_core.package_identification:_identify(src/ican_example_ring_aim) by extension 'colcon_pkg'
[0.584s] Level 1:colcon.colcon_core.package_identification:_identify(src/ican_example_ring_aim) by extensions ['colcon_meta']
[0.584s] Level 1:colcon.colcon_core.package_identification:_identify(src/ican_example_ring_aim) by extension 'colcon_meta'
[0.584s] Level 1:colcon.colcon_core.package_identification:_identify(src/ican_example_ring_aim) by extensions ['ros']
[0.584s] Level 1:colcon.colcon_core.package_identification:_identify(src/ican_example_ring_aim) by extension 'ros'
[0.584s] DEBUG:colcon.colcon_core.package_identification:Package 'src/ican_example_ring_aim' with type 'ros.ament_python' and name 'ican_example_ring_aim'
[0.584s] Level 1:colcon.colcon_core.package_identification:_identify(src/ican_referee_system) by extensions ['ignore', 'ignore_ament_install']
[0.585s] Level 1:colcon.colcon_core.package_identification:_identify(src/ican_referee_system) by extension 'ignore'
[0.585s] Level 1:colcon.colcon_core.package_identification:_identify(src/ican_referee_system) by extension 'ignore_ament_install'
[0.585s] Level 1:colcon.colcon_core.package_identification:_identify(src/ican_referee_system) by extensions ['colcon_pkg']
[0.585s] Level 1:colcon.colcon_core.package_identification:_identify(src/ican_referee_system) by extension 'colcon_pkg'
[0.585s] Level 1:colcon.colcon_core.package_identification:_identify(src/ican_referee_system) by extensions ['colcon_meta']
[0.585s] Level 1:colcon.colcon_core.package_identification:_identify(src/ican_referee_system) by extension 'colcon_meta'
[0.585s] Level 1:colcon.colcon_core.package_identification:_identify(src/ican_referee_system) by extensions ['ros']
[0.585s] Level 1:colcon.colcon_core.package_identification:_identify(src/ican_referee_system) by extension 'ros'
[0.586s] DEBUG:colcon.colcon_core.package_identification:Package 'src/ican_referee_system' with type 'ros.ament_python' and name 'ican_referee_system'
[0.586s] Level 1:colcon.colcon_core.package_discovery:discover_packages(recursive) using defaults
[0.586s] Level 1:colcon.colcon_core.package_discovery:discover_packages(ignore) discover
[0.586s] Level 1:colcon.colcon_core.package_discovery:discover_packages(ignore) using defaults
[0.586s] Level 1:colcon.colcon_core.package_discovery:discover_packages(path) discover
[0.586s] Level 1:colcon.colcon_core.package_discovery:discover_packages(path) using defaults
[0.664s] Level 5:colcon.colcon_core.verb:set package 'ican_example_navigation' build argument 'cmake_args' from command line to 'None'
[0.665s] Level 5:colcon.colcon_core.verb:set package 'ican_example_navigation' build argument 'cmake_target' from command line to 'None'
[0.665s] Level 5:colcon.colcon_core.verb:set package 'ican_example_navigation' build argument 'cmake_target_skip_unavailable' from command line to 'False'
[0.665s] Level 5:colcon.colcon_core.verb:set package 'ican_example_navigation' build argument 'cmake_clean_cache' from command line to 'False'
[0.665s] Level 5:colcon.colcon_core.verb:set package 'ican_example_navigation' build argument 'cmake_clean_first' from command line to 'False'
[0.665s] Level 5:colcon.colcon_core.verb:set package 'ican_example_navigation' build argument 'cmake_force_configure' from command line to 'False'
[0.665s] Level 5:colcon.colcon_core.verb:set package 'ican_example_navigation' build argument 'ament_cmake_args' from command line to 'None'
[0.665s] Level 5:colcon.colcon_core.verb:set package 'ican_example_navigation' build argument 'catkin_cmake_args' from command line to 'None'
[0.665s] Level 5:colcon.colcon_core.verb:set package 'ican_example_navigation' build argument 'catkin_skip_building_tests' from command line to 'False'
[0.665s] DEBUG:colcon.colcon_core.verb:Building package 'ican_example_navigation' with the following arguments: {'ament_cmake_args': None, 'build_base': '/home/yjy/ican_shoot/ican_shoot/build/ican_example_navigation', 'catkin_cmake_args': None, 'catkin_skip_building_tests': False, 'cmake_args': None, 'cmake_clean_cache': False, 'cmake_clean_first': False, 'cmake_force_configure': False, 'cmake_target': None, 'cmake_target_skip_unavailable': False, 'install_base': '/home/yjy/ican_shoot/ican_shoot/install/ican_example_navigation', 'merge_install': False, 'path': '/home/yjy/ican_shoot/ican_shoot/src/ican_example_navigation', 'symlink_install': False, 'test_result_base': None}
[0.666s] Level 5:colcon.colcon_core.verb:set package 'ican_example_ring_aim' build argument 'cmake_args' from command line to 'None'
[0.666s] Level 5:colcon.colcon_core.verb:set package 'ican_example_ring_aim' build argument 'cmake_target' from command line to 'None'
[0.666s] Level 5:colcon.colcon_core.verb:set package 'ican_example_ring_aim' build argument 'cmake_target_skip_unavailable' from command line to 'False'
[0.666s] Level 5:colcon.colcon_core.verb:set package 'ican_example_ring_aim' build argument 'cmake_clean_cache' from command line to 'False'
[0.666s] Level 5:colcon.colcon_core.verb:set package 'ican_example_ring_aim' build argument 'cmake_clean_first' from command line to 'False'
[0.666s] Level 5:colcon.colcon_core.verb:set package 'ican_example_ring_aim' build argument 'cmake_force_configure' from command line to 'False'
[0.666s] Level 5:colcon.colcon_core.verb:set package 'ican_example_ring_aim' build argument 'ament_cmake_args' from command line to 'None'
[0.666s] Level 5:colcon.colcon_core.verb:set package 'ican_example_ring_aim' build argument 'catkin_cmake_args' from command line to 'None'
[0.666s] Level 5:colcon.colcon_core.verb:set package 'ican_example_ring_aim' build argument 'catkin_skip_building_tests' from command line to 'False'
[0.666s] DEBUG:colcon.colcon_core.verb:Building package 'ican_example_ring_aim' with the following arguments: {'ament_cmake_args': None, 'build_base': '/home/yjy/ican_shoot/ican_shoot/build/ican_example_ring_aim', 'catkin_cmake_args': None, 'catkin_skip_building_tests': False, 'cmake_args': None, 'cmake_clean_cache': False, 'cmake_clean_first': False, 'cmake_force_configure': False, 'cmake_target': None, 'cmake_target_skip_unavailable': False, 'install_base': '/home/yjy/ican_shoot/ican_shoot/install/ican_example_ring_aim', 'merge_install': False, 'path': '/home/yjy/ican_shoot/ican_shoot/src/ican_example_ring_aim', 'symlink_install': False, 'test_result_base': None}
[0.666s] Level 5:colcon.colcon_core.verb:set package 'ican_referee_system' build argument 'cmake_args' from command line to 'None'
[0.667s] Level 5:colcon.colcon_core.verb:set package 'ican_referee_system' build argument 'cmake_target' from command line to 'None'
[0.667s] Level 5:colcon.colcon_core.verb:set package 'ican_referee_system' build argument 'cmake_target_skip_unavailable' from command line to 'False'
[0.667s] Level 5:colcon.colcon_core.verb:set package 'ican_referee_system' build argument 'cmake_clean_cache' from command line to 'False'
[0.667s] Level 5:colcon.colcon_core.verb:set package 'ican_referee_system' build argument 'cmake_clean_first' from command line to 'False'
[0.667s] Level 5:colcon.colcon_core.verb:set package 'ican_referee_system' build argument 'cmake_force_configure' from command line to 'False'
[0.667s] Level 5:colcon.colcon_core.verb:set package 'ican_referee_system' build argument 'ament_cmake_args' from command line to 'None'
[0.667s] Level 5:colcon.colcon_core.verb:set package 'ican_referee_system' build argument 'catkin_cmake_args' from command line to 'None'
[0.667s] Level 5:colcon.colcon_core.verb:set package 'ican_referee_system' build argument 'catkin_skip_building_tests' from command line to 'False'
[0.667s] DEBUG:colcon.colcon_core.verb:Building package 'ican_referee_system' with the following arguments: {'ament_cmake_args': None, 'build_base': '/home/yjy/ican_shoot/ican_shoot/build/ican_referee_system', 'catkin_cmake_args': None, 'catkin_skip_building_tests': False, 'cmake_args': None, 'cmake_clean_cache': False, 'cmake_clean_first': False, 'cmake_force_configure': False, 'cmake_target': None, 'cmake_target_skip_unavailable': False, 'install_base': '/home/yjy/ican_shoot/ican_shoot/install/ican_referee_system', 'merge_install': False, 'path': '/home/yjy/ican_shoot/ican_shoot/src/ican_referee_system', 'symlink_install': False, 'test_result_base': None}
[0.667s] Level 5:colcon.colcon_core.verb:set package 'ican_example_mission' build argument 'cmake_args' from command line to 'None'
[0.667s] Level 5:colcon.colcon_core.verb:set package 'ican_example_mission' build argument 'cmake_target' from command line to 'None'
[0.667s] Level 5:colcon.colcon_core.verb:set package 'ican_example_mission' build argument 'cmake_target_skip_unavailable' from command line to 'False'
[0.667s] Level 5:colcon.colcon_core.verb:set package 'ican_example_mission' build argument 'cmake_clean_cache' from command line to 'False'
[0.667s] Level 5:colcon.colcon_core.verb:set package 'ican_example_mission' build argument 'cmake_clean_first' from command line to 'False'
[0.667s] Level 5:colcon.colcon_core.verb:set package 'ican_example_mission' build argument 'cmake_force_configure' from command line to 'False'
[0.667s] Level 5:colcon.colcon_core.verb:set package 'ican_example_mission' build argument 'ament_cmake_args' from command line to 'None'
[0.668s] Level 5:colcon.colcon_core.verb:set package 'ican_example_mission' build argument 'catkin_cmake_args' from command line to 'None'
[0.668s] Level 5:colcon.colcon_core.verb:set package 'ican_example_mission' build argument 'catkin_skip_building_tests' from command line to 'False'
[0.668s] DEBUG:colcon.colcon_core.verb:Building package 'ican_example_mission' with the following arguments: {'ament_cmake_args': None, 'build_base': '/home/yjy/ican_shoot/ican_shoot/build/ican_example_mission', 'catkin_cmake_args': None, 'catkin_skip_building_tests': False, 'cmake_args': None, 'cmake_clean_cache': False, 'cmake_clean_first': False, 'cmake_force_configure': False, 'cmake_target': None, 'cmake_target_skip_unavailable': False, 'install_base': '/home/yjy/ican_shoot/ican_shoot/install/ican_example_mission', 'merge_install': False, 'path': '/home/yjy/ican_shoot/ican_shoot/src/ican_example_mission', 'symlink_install': False, 'test_result_base': None}
[0.668s] INFO:colcon.colcon_core.executor:Executing jobs using 'parallel' executor
[0.671s] DEBUG:colcon.colcon_parallel_executor.executor.parallel:run_until_complete
[0.672s] INFO:colcon.colcon_ros.task.ament_python.build:Building ROS package in '/home/yjy/ican_shoot/ican_shoot/src/ican_example_navigation' with build type 'ament_python'
[0.672s] Level 1:colcon.colcon_core.shell:create_environment_hook('ican_example_navigation', 'ament_prefix_path')
[0.677s] INFO:colcon.colcon_core.plugin_system:Skipping extension 'colcon_core.shell.bat': Not used on non-Windows systems
[0.678s] INFO:colcon.colcon_core.shell:Creating environment hook '/home/yjy/ican_shoot/ican_shoot/install/ican_example_navigation/share/ican_example_navigation/hook/ament_prefix_path.ps1'
[0.680s] INFO:colcon.colcon_core.shell:Creating environment descriptor '/home/yjy/ican_shoot/ican_shoot/install/ican_example_navigation/share/ican_example_navigation/hook/ament_prefix_path.dsv'
[0.680s] INFO:colcon.colcon_core.shell:Creating environment hook '/home/yjy/ican_shoot/ican_shoot/install/ican_example_navigation/share/ican_example_navigation/hook/ament_prefix_path.sh'
[0.682s] INFO:colcon.colcon_core.shell:Skip shell extension 'powershell' for command environment: Not usable outside of PowerShell
[0.682s] DEBUG:colcon.colcon_core.shell:Skip shell extension 'dsv' for command environment
[0.707s] INFO:colcon.colcon_ros.task.ament_python.build:Building ROS package in '/home/yjy/ican_shoot/ican_shoot/src/ican_example_ring_aim' with build type 'ament_python'
[0.707s] Level 1:colcon.colcon_core.shell:create_environment_hook('ican_example_ring_aim', 'ament_prefix_path')
[0.708s] INFO:colcon.colcon_core.shell:Creating environment hook '/home/yjy/ican_shoot/ican_shoot/install/ican_example_ring_aim/share/ican_example_ring_aim/hook/ament_prefix_path.ps1'
[0.712s] INFO:colcon.colcon_core.shell:Creating environment descriptor '/home/yjy/ican_shoot/ican_shoot/install/ican_example_ring_aim/share/ican_example_ring_aim/hook/ament_prefix_path.dsv'
[0.713s] INFO:colcon.colcon_core.shell:Creating environment hook '/home/yjy/ican_shoot/ican_shoot/install/ican_example_ring_aim/share/ican_example_ring_aim/hook/ament_prefix_path.sh'
[0.715s] INFO:colcon.colcon_core.shell:Skip shell extension 'powershell' for command environment: Not usable outside of PowerShell
[0.715s] DEBUG:colcon.colcon_core.shell:Skip shell extension 'dsv' for command environment
[0.726s] INFO:colcon.colcon_ros.task.ament_python.build:Building ROS package in '/home/yjy/ican_shoot/ican_shoot/src/ican_referee_system' with build type 'ament_python'
[0.726s] Level 1:colcon.colcon_core.shell:create_environment_hook('ican_referee_system', 'ament_prefix_path')
[0.727s] INFO:colcon.colcon_core.shell:Creating environment hook '/home/yjy/ican_shoot/ican_shoot/install/ican_referee_system/share/ican_referee_system/hook/ament_prefix_path.ps1'
[0.729s] INFO:colcon.colcon_core.shell:Creating environment descriptor '/home/yjy/ican_shoot/ican_shoot/install/ican_referee_system/share/ican_referee_system/hook/ament_prefix_path.dsv'
[0.730s] INFO:colcon.colcon_core.shell:Creating environment hook '/home/yjy/ican_shoot/ican_shoot/install/ican_referee_system/share/ican_referee_system/hook/ament_prefix_path.sh'
[0.732s] INFO:colcon.colcon_core.shell:Skip shell extension 'powershell' for command environment: Not usable outside of PowerShell
[0.732s] DEBUG:colcon.colcon_core.shell:Skip shell extension 'dsv' for command environment
[1.307s] INFO:colcon.colcon_core.task.python.build:Building Python package in '/home/yjy/ican_shoot/ican_shoot/src/ican_example_navigation'
[1.308s] INFO:colcon.colcon_core.shell:Skip shell extension 'powershell' for command environment: Not usable outside of PowerShell
[1.308s] DEBUG:colcon.colcon_core.shell:Skip shell extension 'dsv' for command environment
[1.814s] INFO:colcon.colcon_core.task.python.build:Building Python package in '/home/yjy/ican_shoot/ican_shoot/src/ican_example_ring_aim'
[1.814s] INFO:colcon.colcon_core.shell:Skip shell extension 'powershell' for command environment: Not usable outside of PowerShell
[1.814s] DEBUG:colcon.colcon_core.shell:Skip shell extension 'dsv' for command environment
[2.327s] INFO:colcon.colcon_core.task.python.build:Building Python package in '/home/yjy/ican_shoot/ican_shoot/src/ican_referee_system'
[2.328s] INFO:colcon.colcon_core.shell:Skip shell extension 'powershell' for command environment: Not usable outside of PowerShell
[2.329s] DEBUG:colcon.colcon_core.shell:Skip shell extension 'dsv' for command environment
[3.016s] DEBUG:colcon.colcon_core.task.python.build:Available setuptools commands: dist_info, sdist, egg_info, install_egg_info, rotate, clean, check, install_lib, alias, symlink_data, upload_docs, upload, saveopts, build, easy_install, build_clib, install_data, register, bdist, test, develop, bdist_wheel, build_scripts, install, install_headers, build_py, bdist_egg, build_ext, bdist_dumb, install_scripts, bdist_rpm, setopt
[3.019s] DEBUG:colcon.colcon_core.event_handler.log_command:Invoking command in '/home/yjy/ican_shoot/ican_shoot/src/ican_example_navigation': PYTHONPATH=/home/yjy/ican_shoot/ican_shoot/build/ican_example_navigation/prefix_override:/usr/lib/python3/dist-packages/colcon_core/task/python/colcon_distutils_commands:/home/yjy/ican_shoot/ican_shoot/install/ican_example_navigation/lib/python3.10/site-packages:${PYTHONPATH} /usr/bin/python3 -W ignore:setup.py install is deprecated -W ignore:easy_install command is deprecated setup.py egg_info --egg-base ../../build/ican_example_navigation build --build-base /home/yjy/ican_shoot/ican_shoot/build/ican_example_navigation/build install --record /home/yjy/ican_shoot/ican_shoot/build/ican_example_navigation/install.log --install-scripts $base/lib/ican_example_navigation --single-version-externally-managed install_data
[3.039s] DEBUG:colcon.colcon_core.task.python.build:Available setuptools commands: dist_info, sdist, egg_info, install_egg_info, rotate, clean, check, install_lib, alias, symlink_data, upload_docs, upload, saveopts, build, easy_install, build_clib, install_data, register, bdist, test, develop, bdist_wheel, build_scripts, install, install_headers, build_py, bdist_egg, build_ext, bdist_dumb, install_scripts, bdist_rpm, setopt
[3.048s] DEBUG:colcon.colcon_core.event_handler.log_command:Invoking command in '/home/yjy/ican_shoot/ican_shoot/src/ican_referee_system': PYTHONPATH=/home/yjy/ican_shoot/ican_shoot/build/ican_referee_system/prefix_override:/usr/lib/python3/dist-packages/colcon_core/task/python/colcon_distutils_commands:/home/yjy/ican_shoot/ican_shoot/install/ican_referee_system/lib/python3.10/site-packages:${PYTHONPATH} /usr/bin/python3 -W ignore:setup.py install is deprecated -W ignore:easy_install command is deprecated setup.py egg_info --egg-base ../../build/ican_referee_system build --build-base /home/yjy/ican_shoot/ican_shoot/build/ican_referee_system/build install --record /home/yjy/ican_shoot/ican_shoot/build/ican_referee_system/install.log --install-scripts $base/lib/ican_referee_system --single-version-externally-managed install_data
[3.120s] DEBUG:colcon.colcon_core.task.python.build:Available setuptools commands: dist_info, sdist, egg_info, install_egg_info, rotate, clean, check, install_lib, alias, symlink_data, upload_docs, upload, saveopts, build, easy_install, build_clib, install_data, register, bdist, test, develop, bdist_wheel, build_scripts, install, install_headers, build_py, bdist_egg, build_ext, bdist_dumb, install_scripts, bdist_rpm, setopt
[3.123s] DEBUG:colcon.colcon_core.event_handler.log_command:Invoking command in '/home/yjy/ican_shoot/ican_shoot/src/ican_example_ring_aim': PYTHONPATH=/home/yjy/ican_shoot/ican_shoot/build/ican_example_ring_aim/prefix_override:/usr/lib/python3/dist-packages/colcon_core/task/python/colcon_distutils_commands:/home/yjy/ican_shoot/ican_shoot/install/ican_example_ring_aim/lib/python3.10/site-packages:${PYTHONPATH} /usr/bin/python3 -W ignore:setup.py install is deprecated -W ignore:easy_install command is deprecated setup.py egg_info --egg-base ../../build/ican_example_ring_aim build --build-base /home/yjy/ican_shoot/ican_shoot/build/ican_example_ring_aim/build install --record /home/yjy/ican_shoot/ican_shoot/build/ican_example_ring_aim/install.log --install-scripts $base/lib/ican_example_ring_aim --single-version-externally-managed install_data
[3.619s] DEBUG:colcon.colcon_core.event_handler.log_command:Invoked command in '/home/yjy/ican_shoot/ican_shoot/src/ican_referee_system' returned '0': PYTHONPATH=/home/yjy/ican_shoot/ican_shoot/build/ican_referee_system/prefix_override:/usr/lib/python3/dist-packages/colcon_core/task/python/colcon_distutils_commands:/home/yjy/ican_shoot/ican_shoot/install/ican_referee_system/lib/python3.10/site-packages:${PYTHONPATH} /usr/bin/python3 -W ignore:setup.py install is deprecated -W ignore:easy_install command is deprecated setup.py egg_info --egg-base ../../build/ican_referee_system build --build-base /home/yjy/ican_shoot/ican_shoot/build/ican_referee_system/build install --record /home/yjy/ican_shoot/ican_shoot/build/ican_referee_system/install.log --install-scripts $base/lib/ican_referee_system --single-version-externally-managed install_data
[3.632s] Level 1:colcon.colcon_core.environment:checking '/home/yjy/ican_shoot/ican_shoot/install/ican_referee_system' for CMake module files
[3.633s] Level 1:colcon.colcon_core.environment:checking '/home/yjy/ican_shoot/ican_shoot/install/ican_referee_system' for CMake config files
[3.637s] Level 1:colcon.colcon_core.environment:checking '/home/yjy/ican_shoot/ican_shoot/install/ican_referee_system/lib'
[3.638s] Level 1:colcon.colcon_core.environment:checking '/home/yjy/ican_shoot/ican_shoot/install/ican_referee_system/bin'
[3.638s] Level 1:colcon.colcon_core.environment:checking '/home/yjy/ican_shoot/ican_shoot/install/ican_referee_system/lib/pkgconfig/ican_referee_system.pc'
[3.638s] Level 1:colcon.colcon_core.environment:checking '/home/yjy/ican_shoot/ican_shoot/install/ican_referee_system/lib/python3.10/site-packages'
[3.638s] Level 1:colcon.colcon_core.shell:create_environment_hook('ican_referee_system', 'pythonpath')
[3.639s] INFO:colcon.colcon_core.shell:Creating environment hook '/home/yjy/ican_shoot/ican_shoot/install/ican_referee_system/share/ican_referee_system/hook/pythonpath.ps1'
[3.640s] INFO:colcon.colcon_core.shell:Creating environment descriptor '/home/yjy/ican_shoot/ican_shoot/install/ican_referee_system/share/ican_referee_system/hook/pythonpath.dsv'
[3.641s] INFO:colcon.colcon_core.shell:Creating environment hook '/home/yjy/ican_shoot/ican_shoot/install/ican_referee_system/share/ican_referee_system/hook/pythonpath.sh'
[3.642s] Level 1:colcon.colcon_core.environment:checking '/home/yjy/ican_shoot/ican_shoot/install/ican_referee_system/bin'
[3.642s] Level 1:colcon.colcon_core.environment:create_environment_scripts_only(ican_referee_system)
[3.643s] INFO:colcon.colcon_core.shell:Creating package script '/home/yjy/ican_shoot/ican_shoot/install/ican_referee_system/share/ican_referee_system/package.ps1'
[3.646s] INFO:colcon.colcon_core.shell:Creating package descriptor '/home/yjy/ican_shoot/ican_shoot/install/ican_referee_system/share/ican_referee_system/package.dsv'
[3.648s] INFO:colcon.colcon_core.shell:Creating package script '/home/yjy/ican_shoot/ican_shoot/install/ican_referee_system/share/ican_referee_system/package.sh'
[3.651s] INFO:colcon.colcon_core.shell:Creating package script '/home/yjy/ican_shoot/ican_shoot/install/ican_referee_system/share/ican_referee_system/package.bash'
[3.654s] INFO:colcon.colcon_core.shell:Creating package script '/home/yjy/ican_shoot/ican_shoot/install/ican_referee_system/share/ican_referee_system/package.zsh'
[3.656s] Level 1:colcon.colcon_core.environment:create_file_with_runtime_dependencies(/home/yjy/ican_shoot/ican_shoot/install/ican_referee_system/share/colcon-core/packages/ican_referee_system)
[3.743s] Level 1:colcon.colcon_core.environment:checking '/home/yjy/ican_shoot/ican_shoot/install/ican_example_ring_aim' for CMake module files
[3.746s] DEBUG:colcon.colcon_core.event_handler.log_command:Invoked command in '/home/yjy/ican_shoot/ican_shoot/src/ican_example_ring_aim' returned '0': PYTHONPATH=/home/yjy/ican_shoot/ican_shoot/build/ican_example_ring_aim/prefix_override:/usr/lib/python3/dist-packages/colcon_core/task/python/colcon_distutils_commands:/home/yjy/ican_shoot/ican_shoot/install/ican_example_ring_aim/lib/python3.10/site-packages:${PYTHONPATH} /usr/bin/python3 -W ignore:setup.py install is deprecated -W ignore:easy_install command is deprecated setup.py egg_info --egg-base ../../build/ican_example_ring_aim build --build-base /home/yjy/ican_shoot/ican_shoot/build/ican_example_ring_aim/build install --record /home/yjy/ican_shoot/ican_shoot/build/ican_example_ring_aim/install.log --install-scripts $base/lib/ican_example_ring_aim --single-version-externally-managed install_data
[3.747s] Level 1:colcon.colcon_core.environment:checking '/home/yjy/ican_shoot/ican_shoot/install/ican_example_ring_aim' for CMake config files
[3.751s] Level 1:colcon.colcon_core.environment:checking '/home/yjy/ican_shoot/ican_shoot/install/ican_example_ring_aim/lib'
[3.751s] Level 1:colcon.colcon_core.environment:checking '/home/yjy/ican_shoot/ican_shoot/install/ican_example_ring_aim/bin'
[3.751s] Level 1:colcon.colcon_core.environment:checking '/home/yjy/ican_shoot/ican_shoot/install/ican_example_ring_aim/lib/pkgconfig/ican_example_ring_aim.pc'
[3.752s] Level 1:colcon.colcon_core.environment:checking '/home/yjy/ican_shoot/ican_shoot/install/ican_example_ring_aim/lib/python3.10/site-packages'
[3.752s] Level 1:colcon.colcon_core.shell:create_environment_hook('ican_example_ring_aim', 'pythonpath')
[3.753s] INFO:colcon.colcon_core.shell:Creating environment hook '/home/yjy/ican_shoot/ican_shoot/install/ican_example_ring_aim/share/ican_example_ring_aim/hook/pythonpath.ps1'
[3.754s] INFO:colcon.colcon_core.shell:Creating environment descriptor '/home/yjy/ican_shoot/ican_shoot/install/ican_example_ring_aim/share/ican_example_ring_aim/hook/pythonpath.dsv'
[3.755s] INFO:colcon.colcon_core.shell:Creating environment hook '/home/yjy/ican_shoot/ican_shoot/install/ican_example_ring_aim/share/ican_example_ring_aim/hook/pythonpath.sh'
[3.756s] Level 1:colcon.colcon_core.environment:checking '/home/yjy/ican_shoot/ican_shoot/install/ican_example_ring_aim/bin'
[3.756s] Level 1:colcon.colcon_core.environment:create_environment_scripts_only(ican_example_ring_aim)
[3.756s] INFO:colcon.colcon_core.shell:Creating package script '/home/yjy/ican_shoot/ican_shoot/install/ican_example_ring_aim/share/ican_example_ring_aim/package.ps1'
[3.758s] INFO:colcon.colcon_core.shell:Creating package descriptor '/home/yjy/ican_shoot/ican_shoot/install/ican_example_ring_aim/share/ican_example_ring_aim/package.dsv'
[3.758s] INFO:colcon.colcon_core.shell:Creating package script '/home/yjy/ican_shoot/ican_shoot/install/ican_example_ring_aim/share/ican_example_ring_aim/package.sh'
[3.759s] INFO:colcon.colcon_core.shell:Creating package script '/home/yjy/ican_shoot/ican_shoot/install/ican_example_ring_aim/share/ican_example_ring_aim/package.bash'
[3.760s] INFO:colcon.colcon_core.shell:Creating package script '/home/yjy/ican_shoot/ican_shoot/install/ican_example_ring_aim/share/ican_example_ring_aim/package.zsh'
[3.761s] Level 1:colcon.colcon_core.environment:create_file_with_runtime_dependencies(/home/yjy/ican_shoot/ican_shoot/install/ican_example_ring_aim/share/colcon-core/packages/ican_example_ring_aim)
[3.766s] Level 1:colcon.colcon_core.environment:checking '/home/yjy/ican_shoot/ican_shoot/install/ican_example_navigation' for CMake module files
[3.767s] DEBUG:colcon.colcon_core.event_handler.log_command:Invoked command in '/home/yjy/ican_shoot/ican_shoot/src/ican_example_navigation' returned '0': PYTHONPATH=/home/yjy/ican_shoot/ican_shoot/build/ican_example_navigation/prefix_override:/usr/lib/python3/dist-packages/colcon_core/task/python/colcon_distutils_commands:/home/yjy/ican_shoot/ican_shoot/install/ican_example_navigation/lib/python3.10/site-packages:${PYTHONPATH} /usr/bin/python3 -W ignore:setup.py install is deprecated -W ignore:easy_install command is deprecated setup.py egg_info --egg-base ../../build/ican_example_navigation build --build-base /home/yjy/ican_shoot/ican_shoot/build/ican_example_navigation/build install --record /home/yjy/ican_shoot/ican_shoot/build/ican_example_navigation/install.log --install-scripts $base/lib/ican_example_navigation --single-version-externally-managed install_data
[3.772s] Level 1:colcon.colcon_core.environment:checking '/home/yjy/ican_shoot/ican_shoot/install/ican_example_navigation' for CMake config files
[3.778s] Level 1:colcon.colcon_core.environment:checking '/home/yjy/ican_shoot/ican_shoot/install/ican_example_navigation/lib'
[3.778s] Level 1:colcon.colcon_core.environment:checking '/home/yjy/ican_shoot/ican_shoot/install/ican_example_navigation/bin'
[3.778s] Level 1:colcon.colcon_core.environment:checking '/home/yjy/ican_shoot/ican_shoot/install/ican_example_navigation/lib/pkgconfig/ican_example_navigation.pc'
[3.779s] Level 1:colcon.colcon_core.environment:checking '/home/yjy/ican_shoot/ican_shoot/install/ican_example_navigation/lib/python3.10/site-packages'
[3.779s] Level 1:colcon.colcon_core.shell:create_environment_hook('ican_example_navigation', 'pythonpath')
[3.779s] INFO:colcon.colcon_core.shell:Creating environment hook '/home/yjy/ican_shoot/ican_shoot/install/ican_example_navigation/share/ican_example_navigation/hook/pythonpath.ps1'
[3.781s] INFO:colcon.colcon_core.shell:Creating environment descriptor '/home/yjy/ican_shoot/ican_shoot/install/ican_example_navigation/share/ican_example_navigation/hook/pythonpath.dsv'
[3.782s] INFO:colcon.colcon_core.shell:Creating environment hook '/home/yjy/ican_shoot/ican_shoot/install/ican_example_navigation/share/ican_example_navigation/hook/pythonpath.sh'
[3.784s] Level 1:colcon.colcon_core.environment:checking '/home/yjy/ican_shoot/ican_shoot/install/ican_example_navigation/bin'
[3.784s] Level 1:colcon.colcon_core.environment:create_environment_scripts_only(ican_example_navigation)
[3.785s] INFO:colcon.colcon_core.shell:Creating package script '/home/yjy/ican_shoot/ican_shoot/install/ican_example_navigation/share/ican_example_navigation/package.ps1'
[3.786s] INFO:colcon.colcon_core.shell:Creating package descriptor '/home/yjy/ican_shoot/ican_shoot/install/ican_example_navigation/share/ican_example_navigation/package.dsv'
[3.787s] INFO:colcon.colcon_core.shell:Creating package script '/home/yjy/ican_shoot/ican_shoot/install/ican_example_navigation/share/ican_example_navigation/package.sh'
[3.789s] INFO:colcon.colcon_core.shell:Creating package script '/home/yjy/ican_shoot/ican_shoot/install/ican_example_navigation/share/ican_example_navigation/package.bash'
[3.790s] INFO:colcon.colcon_core.shell:Creating package script '/home/yjy/ican_shoot/ican_shoot/install/ican_example_navigation/share/ican_example_navigation/package.zsh'
[3.791s] Level 1:colcon.colcon_core.environment:create_file_with_runtime_dependencies(/home/yjy/ican_shoot/ican_shoot/install/ican_example_navigation/share/colcon-core/packages/ican_example_navigation)
[3.792s] INFO:colcon.colcon_ros.task.ament_python.build:Building ROS package in '/home/yjy/ican_shoot/ican_shoot/src/ican_example_mission' with build type 'ament_python'
[3.792s] Level 1:colcon.colcon_core.shell:create_environment_hook('ican_example_mission', 'ament_prefix_path')
[3.793s] INFO:colcon.colcon_core.shell:Creating environment hook '/home/yjy/ican_shoot/ican_shoot/install/ican_example_mission/share/ican_example_mission/hook/ament_prefix_path.ps1'
[3.795s] INFO:colcon.colcon_core.shell:Creating environment descriptor '/home/yjy/ican_shoot/ican_shoot/install/ican_example_mission/share/ican_example_mission/hook/ament_prefix_path.dsv'
[3.796s] INFO:colcon.colcon_core.shell:Creating environment hook '/home/yjy/ican_shoot/ican_shoot/install/ican_example_mission/share/ican_example_mission/hook/ament_prefix_path.sh'
[3.797s] INFO:colcon.colcon_core.shell:Skip shell extension 'powershell' for command environment: Not usable outside of PowerShell
[3.797s] DEBUG:colcon.colcon_core.shell:Skip shell extension 'dsv' for command environment
[4.305s] INFO:colcon.colcon_core.task.python.build:Building Python package in '/home/yjy/ican_shoot/ican_shoot/src/ican_example_mission'
[4.306s] INFO:colcon.colcon_core.shell:Skip shell extension 'powershell' for command environment: Not usable outside of PowerShell
[4.306s] DEBUG:colcon.colcon_core.shell:Skip shell extension 'dsv' for command environment
[4.992s] DEBUG:colcon.colcon_core.task.python.build:Available setuptools commands: dist_info, sdist, egg_info, install_egg_info, rotate, clean, check, install_lib, alias, symlink_data, upload_docs, upload, saveopts, build, easy_install, build_clib, install_data, register, bdist, test, develop, bdist_wheel, build_scripts, install, install_headers, build_py, bdist_egg, build_ext, bdist_dumb, install_scripts, bdist_rpm, setopt
[4.997s] DEBUG:colcon.colcon_core.event_handler.log_command:Invoking command in '/home/yjy/ican_shoot/ican_shoot/src/ican_example_mission': AMENT_PREFIX_PATH=/home/yjy/ican_shoot/ican_shoot/install/ican_referee_system:/home/yjy/ican_shoot/ican_shoot/install/ican_example_ring_aim:/home/yjy/ican_shoot/ican_shoot/install/ican_example_navigation:/home/yjy/ican_shoot/ican_shoot/install/ican_example_mission:/opt/ican_shoot_sim:/opt/ros/humble PYTHONPATH=/home/yjy/ican_shoot/ican_shoot/build/ican_example_mission/prefix_override:/usr/lib/python3/dist-packages/colcon_core/task/python/colcon_distutils_commands:/home/yjy/ican_shoot/ican_shoot/install/ican_example_mission/lib/python3.10/site-packages:/home/yjy/ican_shoot/ican_shoot/install/ican_referee_system/lib/python3.10/site-packages:/home/yjy/ican_shoot/ican_shoot/install/ican_example_ring_aim/lib/python3.10/site-packages:/home/yjy/ican_shoot/ican_shoot/install/ican_example_navigation/lib/python3.10/site-packages:/home/yjy/ican_shoot/ican_shoot/install/ican_example_mission/lib/python3.10/site-packages:/opt/ican_shoot_sim/lib/python3.10/site-packages:/opt/ros/humble/lib/python3.10/site-packages:/opt/ros/humble/local/lib/python3.10/dist-packages /usr/bin/python3 -W ignore:setup.py install is deprecated -W ignore:easy_install command is deprecated setup.py egg_info --egg-base ../../build/ican_example_mission build --build-base /home/yjy/ican_shoot/ican_shoot/build/ican_example_mission/build install --record /home/yjy/ican_shoot/ican_shoot/build/ican_example_mission/install.log --install-scripts $base/lib/ican_example_mission --single-version-externally-managed install_data
[5.618s] Level 1:colcon.colcon_core.environment:checking '/home/yjy/ican_shoot/ican_shoot/install/ican_example_mission' for CMake module files
[5.619s] DEBUG:colcon.colcon_core.event_handler.log_command:Invoked command in '/home/yjy/ican_shoot/ican_shoot/src/ican_example_mission' returned '0': AMENT_PREFIX_PATH=/home/yjy/ican_shoot/ican_shoot/install/ican_referee_system:/home/yjy/ican_shoot/ican_shoot/install/ican_example_ring_aim:/home/yjy/ican_shoot/ican_shoot/install/ican_example_navigation:/home/yjy/ican_shoot/ican_shoot/install/ican_example_mission:/opt/ican_shoot_sim:/opt/ros/humble PYTHONPATH=/home/yjy/ican_shoot/ican_shoot/build/ican_example_mission/prefix_override:/usr/lib/python3/dist-packages/colcon_core/task/python/colcon_distutils_commands:/home/yjy/ican_shoot/ican_shoot/install/ican_example_mission/lib/python3.10/site-packages:/home/yjy/ican_shoot/ican_shoot/install/ican_referee_system/lib/python3.10/site-packages:/home/yjy/ican_shoot/ican_shoot/install/ican_example_ring_aim/lib/python3.10/site-packages:/home/yjy/ican_shoot/ican_shoot/install/ican_example_navigation/lib/python3.10/site-packages:/home/yjy/ican_shoot/ican_shoot/install/ican_example_mission/lib/python3.10/site-packages:/opt/ican_shoot_sim/lib/python3.10/site-packages:/opt/ros/humble/lib/python3.10/site-packages:/opt/ros/humble/local/lib/python3.10/dist-packages /usr/bin/python3 -W ignore:setup.py install is deprecated -W ignore:easy_install command is deprecated setup.py egg_info --egg-base ../../build/ican_example_mission build --build-base /home/yjy/ican_shoot/ican_shoot/build/ican_example_mission/build install --record /home/yjy/ican_shoot/ican_shoot/build/ican_example_mission/install.log --install-scripts $base/lib/ican_example_mission --single-version-externally-managed install_data
[5.620s] Level 1:colcon.colcon_core.environment:checking '/home/yjy/ican_shoot/ican_shoot/install/ican_example_mission' for CMake config files
[5.623s] Level 1:colcon.colcon_core.environment:checking '/home/yjy/ican_shoot/ican_shoot/install/ican_example_mission/lib'
[5.623s] Level 1:colcon.colcon_core.environment:checking '/home/yjy/ican_shoot/ican_shoot/install/ican_example_mission/bin'
[5.623s] Level 1:colcon.colcon_core.environment:checking '/home/yjy/ican_shoot/ican_shoot/install/ican_example_mission/lib/pkgconfig/ican_example_mission.pc'
[5.624s] Level 1:colcon.colcon_core.environment:checking '/home/yjy/ican_shoot/ican_shoot/install/ican_example_mission/lib/python3.10/site-packages'
[5.624s] Level 1:colcon.colcon_core.shell:create_environment_hook('ican_example_mission', 'pythonpath')
[5.624s] INFO:colcon.colcon_core.shell:Creating environment hook '/home/yjy/ican_shoot/ican_shoot/install/ican_example_mission/share/ican_example_mission/hook/pythonpath.ps1'
[5.626s] INFO:colcon.colcon_core.shell:Creating environment descriptor '/home/yjy/ican_shoot/ican_shoot/install/ican_example_mission/share/ican_example_mission/hook/pythonpath.dsv'
[5.627s] INFO:colcon.colcon_core.shell:Creating environment hook '/home/yjy/ican_shoot/ican_shoot/install/ican_example_mission/share/ican_example_mission/hook/pythonpath.sh'
[5.628s] Level 1:colcon.colcon_core.environment:checking '/home/yjy/ican_shoot/ican_shoot/install/ican_example_mission/bin'
[5.628s] Level 1:colcon.colcon_core.environment:create_environment_scripts_only(ican_example_mission)
[5.628s] INFO:colcon.colcon_core.shell:Creating package script '/home/yjy/ican_shoot/ican_shoot/install/ican_example_mission/share/ican_example_mission/package.ps1'
[5.630s] INFO:colcon.colcon_core.shell:Creating package descriptor '/home/yjy/ican_shoot/ican_shoot/install/ican_example_mission/share/ican_example_mission/package.dsv'
[5.631s] INFO:colcon.colcon_core.shell:Creating package script '/home/yjy/ican_shoot/ican_shoot/install/ican_example_mission/share/ican_example_mission/package.sh'
[5.632s] INFO:colcon.colcon_core.shell:Creating package script '/home/yjy/ican_shoot/ican_shoot/install/ican_example_mission/share/ican_example_mission/package.bash'
[5.633s] INFO:colcon.colcon_core.shell:Creating package script '/home/yjy/ican_shoot/ican_shoot/install/ican_example_mission/share/ican_example_mission/package.zsh'
[5.634s] Level 1:colcon.colcon_core.environment:create_file_with_runtime_dependencies(/home/yjy/ican_shoot/ican_shoot/install/ican_example_mission/share/colcon-core/packages/ican_example_mission)
[5.635s] DEBUG:colcon.colcon_parallel_executor.executor.parallel:closing loop
[5.636s] DEBUG:colcon.colcon_parallel_executor.executor.parallel:loop closed
[5.636s] DEBUG:colcon.colcon_parallel_executor.executor.parallel:run_until_complete finished with '0'
[5.636s] DEBUG:colcon.colcon_core.event_reactor:joining thread
[5.651s] INFO:colcon.colcon_core.plugin_system:Skipping extension 'colcon_notification.desktop_notification.terminal_notifier': Not used on non-Darwin systems
[5.651s] INFO:colcon.colcon_core.plugin_system:Skipping extension 'colcon_notification.desktop_notification.win32': Not used on non-Windows systems
[5.651s] INFO:colcon.colcon_notification.desktop_notification:Sending desktop notification using 'notify2'
[5.691s] DEBUG:colcon.colcon_core.event_reactor:joined thread
[5.692s] INFO:colcon.colcon_core.shell:Creating prefix script '/home/yjy/ican_shoot/ican_shoot/install/local_setup.ps1'
[5.696s] INFO:colcon.colcon_core.shell:Creating prefix util module '/home/yjy/ican_shoot/ican_shoot/install/_local_setup_util_ps1.py'
[5.698s] INFO:colcon.colcon_core.shell:Creating prefix chain script '/home/yjy/ican_shoot/ican_shoot/install/setup.ps1'
[5.701s] INFO:colcon.colcon_core.shell:Creating prefix script '/home/yjy/ican_shoot/ican_shoot/install/local_setup.sh'
[5.702s] INFO:colcon.colcon_core.shell:Creating prefix util module '/home/yjy/ican_shoot/ican_shoot/install/_local_setup_util_sh.py'
[5.703s] INFO:colcon.colcon_core.shell:Creating prefix chain script '/home/yjy/ican_shoot/ican_shoot/install/setup.sh'
[5.706s] INFO:colcon.colcon_core.shell:Creating prefix script '/home/yjy/ican_shoot/ican_shoot/install/local_setup.bash'
[5.707s] INFO:colcon.colcon_core.shell:Creating prefix chain script '/home/yjy/ican_shoot/ican_shoot/install/setup.bash'
[5.710s] INFO:colcon.colcon_core.shell:Creating prefix script '/home/yjy/ican_shoot/ican_shoot/install/local_setup.zsh'
[5.711s] INFO:colcon.colcon_core.shell:Creating prefix chain script '/home/yjy/ican_shoot/ican_shoot/install/setup.zsh'
