[0.053s] Invoking command in '/home/yjy/ican_shoot/ican_shoot/build/navigation2': CMAKE_PREFIX_PATH=/opt/ros/humble /usr/bin/cmake /home/yjy/ican_shoot/ican_shoot/src/navigation2 -DCMAKE_INSTALL_PREFIX=/home/yjy/ican_shoot/ican_shoot/install/navigation2
[0.329s] -- Found ament_cmake: 1.3.14 (/opt/ros/humble/share/ament_cmake/cmake)
[0.329s] -- Override CMake install command with custom implementation using symlinks instead of copying resources
[0.451s] -- Configuring done
[0.468s] -- Generating done
[0.470s] -- Build files have been written to: /home/yjy/ican_shoot/ican_shoot/build/navigation2
[0.561s] Invoked command in '/home/yjy/ican_shoot/ican_shoot/build/navigation2' returned '0': CMAKE_PREFIX_PATH=/opt/ros/humble /usr/bin/cmake /home/yjy/ican_shoot/ican_shoot/src/navigation2 -DCMAKE_INSTALL_PREFIX=/home/yjy/ican_shoot/ican_shoot/install/navigation2
[0.563s] Invoking command in '/home/yjy/ican_shoot/ican_shoot/build/navigation2': CMAKE_PREFIX_PATH=/opt/ros/humble /usr/bin/cmake --build /home/yjy/ican_shoot/ican_shoot/build/navigation2 -- -j4 -l4
[0.627s] Invoked command in '/home/yjy/ican_shoot/ican_shoot/build/navigation2' returned '0': CMAKE_PREFIX_PATH=/opt/ros/humble /usr/bin/cmake --build /home/yjy/ican_shoot/ican_shoot/build/navigation2 -- -j4 -l4
[0.646s] Invoking command in '/home/yjy/ican_shoot/ican_shoot/build/navigation2': CMAKE_PREFIX_PATH=/opt/ros/humble /usr/bin/cmake --install /home/yjy/ican_shoot/ican_shoot/build/navigation2
[0.657s] -- Install configuration: ""
[0.657s] -- Execute custom install script
[0.660s] -- Up-to-date symlink: /home/yjy/ican_shoot/ican_shoot/install/navigation2/share/ament_index/resource_index/package_run_dependencies/navigation2
[0.662s] -- Up-to-date symlink: /home/yjy/ican_shoot/ican_shoot/install/navigation2/share/ament_index/resource_index/parent_prefix_path/navigation2
[0.663s] -- Up-to-date symlink: /home/yjy/ican_shoot/ican_shoot/install/navigation2/share/navigation2/environment/ament_prefix_path.sh
[0.663s] -- Up-to-date symlink: /home/yjy/ican_shoot/ican_shoot/install/navigation2/share/navigation2/environment/ament_prefix_path.dsv
[0.664s] -- Up-to-date symlink: /home/yjy/ican_shoot/ican_shoot/install/navigation2/share/navigation2/environment/path.sh
[0.664s] -- Up-to-date symlink: /home/yjy/ican_shoot/ican_shoot/install/navigation2/share/navigation2/environment/path.dsv
[0.664s] -- Up-to-date symlink: /home/yjy/ican_shoot/ican_shoot/install/navigation2/share/navigation2/local_setup.bash
[0.666s] -- Up-to-date symlink: /home/yjy/ican_shoot/ican_shoot/install/navigation2/share/navigation2/local_setup.sh
[0.666s] -- Up-to-date symlink: /home/yjy/ican_shoot/ican_shoot/install/navigation2/share/navigation2/local_setup.zsh
[0.667s] -- Up-to-date symlink: /home/yjy/ican_shoot/ican_shoot/install/navigation2/share/navigation2/local_setup.dsv
[0.667s] -- Symlinking: /home/yjy/ican_shoot/ican_shoot/install/navigation2/share/navigation2/package.dsv
[0.681s] -- Up-to-date symlink: /home/yjy/ican_shoot/ican_shoot/install/navigation2/share/ament_index/resource_index/packages/navigation2
[0.681s] -- Up-to-date symlink: /home/yjy/ican_shoot/ican_shoot/install/navigation2/share/navigation2/cmake/navigation2Config.cmake
[0.682s] -- Up-to-date symlink: /home/yjy/ican_shoot/ican_shoot/install/navigation2/share/navigation2/cmake/navigation2Config-version.cmake
[0.682s] -- Up-to-date symlink: /home/yjy/ican_shoot/ican_shoot/install/navigation2/share/navigation2/package.xml
[0.685s] Invoked command in '/home/yjy/ican_shoot/ican_shoot/build/navigation2' returned '0': CMAKE_PREFIX_PATH=/opt/ros/humble /usr/bin/cmake --install /home/yjy/ican_shoot/ican_shoot/build/navigation2
