[3.685s] Invoking command in '/home/yjy/ican_shoot/ican_shoot/build/ican_referee_system': PYTHONPATH=/home/yjy/ican_shoot/ican_shoot/build/ican_referee_system/prefix_override:/usr/lib/python3/dist-packages/colcon_core/task/python/colcon_distutils_commands:/home/yjy/ican_shoot/ican_shoot/install/ican_referee_system/lib/python3.10/site-packages:${PYTHONPATH} /usr/bin/python3 -W ignore:setup.py install is deprecated -W ignore:easy_install command is deprecated setup.py develop --editable --build-directory /home/yjy/ican_shoot/ican_shoot/build/ican_referee_system/build --no-deps symlink_data --force
[4.632s] running develop
[5.270s] running egg_info
[5.270s] writing ican_referee_system.egg-info/PKG-INFO
[5.276s] writing dependency_links to ican_referee_system.egg-info/dependency_links.txt
[5.276s] writing entry points to ican_referee_system.egg-info/entry_points.txt
[5.276s] writing requirements to ican_referee_system.egg-info/requires.txt
[5.276s] writing top-level names to ican_referee_system.egg-info/top_level.txt
[5.281s] reading manifest file 'ican_referee_system.egg-info/SOURCES.txt'
[5.285s] writing manifest file 'ican_referee_system.egg-info/SOURCES.txt'
[5.294s] running build_ext
[5.294s] Creating /home/yjy/ican_shoot/ican_shoot/install/ican_referee_system/lib/python3.10/site-packages/ican-referee-system.egg-link (link to .)
[5.295s] Installing referee_node script to /home/yjy/ican_shoot/ican_shoot/install/ican_referee_system/lib/ican_referee_system
[5.301s] 
[5.301s] Installed /home/yjy/ican_shoot/ican_shoot/build/ican_referee_system
[5.302s] running symlink_data
[5.304s] symbolically linking /home/yjy/ican_shoot/ican_shoot/build/ican_referee_system/resource/ican_referee_system -> /home/yjy/ican_shoot/ican_shoot/install/ican_referee_system/share/ament_index/resource_index/packages
[5.306s] symbolically linking /home/yjy/ican_shoot/ican_shoot/build/ican_referee_system/package.xml -> /home/yjy/ican_shoot/ican_shoot/install/ican_referee_system/share/ican_referee_system
[5.313s] symbolically linking /home/yjy/ican_shoot/ican_shoot/build/ican_referee_system/launch/referee.launch.py -> /home/yjy/ican_shoot/ican_shoot/install/ican_referee_system/share/ican_referee_system/launch
[5.440s] Invoked command in '/home/yjy/ican_shoot/ican_shoot/build/ican_referee_system' returned '0': PYTHONPATH=/home/yjy/ican_shoot/ican_shoot/build/ican_referee_system/prefix_override:/usr/lib/python3/dist-packages/colcon_core/task/python/colcon_distutils_commands:/home/yjy/ican_shoot/ican_shoot/install/ican_referee_system/lib/python3.10/site-packages:${PYTHONPATH} /usr/bin/python3 -W ignore:setup.py install is deprecated -W ignore:easy_install command is deprecated setup.py develop --editable --build-directory /home/yjy/ican_shoot/ican_shoot/build/ican_referee_system/build --no-deps symlink_data --force
