[0.096s] DEBUG:colcon:Command line arguments: ['/usr/bin/colcon', 'build', '--symlink-install']
[0.096s] DEBUG:colcon:Parsed command line arguments: Namespace(log_base=None, log_level=None, verb_name='build', build_base='build', install_base='install', merge_install=False, symlink_install=True, test_result_base=None, continue_on_error=False, executor='parallel', parallel_workers=12, event_handlers=None, ignore_user_meta=False, metas=['./colcon.meta'], base_paths=['.'], packages_ignore=None, packages_ignore_regex=None, paths=None, packages_up_to=None, packages_up_to_regex=None, packages_above=None, packages_above_and_dependencies=None, packages_above_depth=None, packages_select_by_dep=None, packages_skip_by_dep=None, packages_skip_up_to=None, packages_select_build_failed=False, packages_skip_build_finished=False, packages_select_test_failures=False, packages_skip_test_passed=False, packages_select=None, packages_skip=None, packages_select_regex=None, packages_skip_regex=None, packages_start=None, packages_end=None, cmake_args=None, cmake_target=None, cmake_target_skip_unavailable=False, cmake_clean_cache=False, cmake_clean_first=False, cmake_force_configure=False, ament_cmake_args=None, catkin_cmake_args=None, catkin_skip_building_tests=False, mixin_files=None, mixin=None, verb_parser=<colcon_mixin.mixin.mixin_argument.MixinArgumentDecorator object at 0x71fbb5c4e140>, verb_extension=<colcon_core.verb.build.BuildVerb object at 0x71fbb5d473d0>, main=<bound method BuildVerb.main of <colcon_core.verb.build.BuildVerb object at 0x71fbb5d473d0>>, mixin_verb=('build',))
[0.239s] Level 1:colcon.colcon_core.package_discovery:discover_packages(colcon_meta) check parameters
[0.239s] Level 1:colcon.colcon_core.package_discovery:discover_packages(recursive) check parameters
[0.239s] Level 1:colcon.colcon_core.package_discovery:discover_packages(ignore) check parameters
[0.239s] Level 1:colcon.colcon_core.package_discovery:discover_packages(path) check parameters
[0.239s] Level 1:colcon.colcon_core.package_discovery:discover_packages(colcon_meta) discover
[0.239s] Level 1:colcon.colcon_core.package_discovery:discover_packages(recursive) discover
[0.239s] INFO:colcon.colcon_core.package_discovery:Crawling recursively for packages in '/home/leea/Ican_sim/ican_shoot_user_workspace_example_only'
[0.239s] Level 1:colcon.colcon_core.package_identification:_identify(.) by extensions ['ignore', 'ignore_ament_install']
[0.240s] Level 1:colcon.colcon_core.package_identification:_identify(.) by extension 'ignore'
[0.240s] Level 1:colcon.colcon_core.package_identification:_identify(.) by extension 'ignore_ament_install'
[0.240s] Level 1:colcon.colcon_core.package_identification:_identify(.) by extensions ['colcon_pkg']
[0.240s] Level 1:colcon.colcon_core.package_identification:_identify(.) by extension 'colcon_pkg'
[0.240s] Level 1:colcon.colcon_core.package_identification:_identify(.) by extensions ['colcon_meta']
[0.240s] Level 1:colcon.colcon_core.package_identification:_identify(.) by extension 'colcon_meta'
[0.240s] Level 1:colcon.colcon_core.package_identification:_identify(.) by extensions ['ros']
[0.240s] Level 1:colcon.colcon_core.package_identification:_identify(.) by extension 'ros'
[0.251s] Level 1:colcon.colcon_core.package_identification:_identify(.) by extensions ['cmake', 'python']
[0.251s] Level 1:colcon.colcon_core.package_identification:_identify(.) by extension 'cmake'
[0.251s] Level 1:colcon.colcon_core.package_identification:_identify(.) by extension 'python'
[0.251s] Level 1:colcon.colcon_core.package_identification:_identify(.) by extensions ['python_setup_py']
[0.251s] Level 1:colcon.colcon_core.package_identification:_identify(.) by extension 'python_setup_py'
[0.252s] Level 1:colcon.colcon_core.package_identification:_identify(build) by extensions ['ignore', 'ignore_ament_install']
[0.252s] Level 1:colcon.colcon_core.package_identification:_identify(build) by extension 'ignore'
[0.252s] Level 1:colcon.colcon_core.package_identification:_identify(build) ignored
[0.252s] Level 1:colcon.colcon_core.package_identification:_identify(docs) by extensions ['ignore', 'ignore_ament_install']
[0.252s] Level 1:colcon.colcon_core.package_identification:_identify(docs) by extension 'ignore'
[0.252s] Level 1:colcon.colcon_core.package_identification:_identify(docs) by extension 'ignore_ament_install'
[0.252s] Level 1:colcon.colcon_core.package_identification:_identify(docs) by extensions ['colcon_pkg']
[0.252s] Level 1:colcon.colcon_core.package_identification:_identify(docs) by extension 'colcon_pkg'
[0.252s] Level 1:colcon.colcon_core.package_identification:_identify(docs) by extensions ['colcon_meta']
[0.252s] Level 1:colcon.colcon_core.package_identification:_identify(docs) by extension 'colcon_meta'
[0.252s] Level 1:colcon.colcon_core.package_identification:_identify(docs) by extensions ['ros']
[0.252s] Level 1:colcon.colcon_core.package_identification:_identify(docs) by extension 'ros'
[0.252s] Level 1:colcon.colcon_core.package_identification:_identify(docs) by extensions ['cmake', 'python']
[0.253s] Level 1:colcon.colcon_core.package_identification:_identify(docs) by extension 'cmake'
[0.253s] Level 1:colcon.colcon_core.package_identification:_identify(docs) by extension 'python'
[0.253s] Level 1:colcon.colcon_core.package_identification:_identify(docs) by extensions ['python_setup_py']
[0.253s] Level 1:colcon.colcon_core.package_identification:_identify(docs) by extension 'python_setup_py'
[0.253s] Level 1:colcon.colcon_core.package_identification:_identify(install) by extensions ['ignore', 'ignore_ament_install']
[0.253s] Level 1:colcon.colcon_core.package_identification:_identify(install) by extension 'ignore'
[0.253s] Level 1:colcon.colcon_core.package_identification:_identify(install) ignored
[0.253s] Level 1:colcon.colcon_core.package_identification:_identify(log) by extensions ['ignore', 'ignore_ament_install']
[0.253s] Level 1:colcon.colcon_core.package_identification:_identify(log) by extension 'ignore'
[0.253s] Level 1:colcon.colcon_core.package_identification:_identify(log) ignored
[0.253s] Level 1:colcon.colcon_core.package_identification:_identify(packages) by extensions ['ignore', 'ignore_ament_install']
[0.253s] Level 1:colcon.colcon_core.package_identification:_identify(packages) by extension 'ignore'
[0.253s] Level 1:colcon.colcon_core.package_identification:_identify(packages) by extension 'ignore_ament_install'
[0.253s] Level 1:colcon.colcon_core.package_identification:_identify(packages) by extensions ['colcon_pkg']
[0.254s] Level 1:colcon.colcon_core.package_identification:_identify(packages) by extension 'colcon_pkg'
[0.254s] Level 1:colcon.colcon_core.package_identification:_identify(packages) by extensions ['colcon_meta']
[0.254s] Level 1:colcon.colcon_core.package_identification:_identify(packages) by extension 'colcon_meta'
[0.254s] Level 1:colcon.colcon_core.package_identification:_identify(packages) by extensions ['ros']
[0.254s] Level 1:colcon.colcon_core.package_identification:_identify(packages) by extension 'ros'
[0.254s] Level 1:colcon.colcon_core.package_identification:_identify(packages) by extensions ['cmake', 'python']
[0.254s] Level 1:colcon.colcon_core.package_identification:_identify(packages) by extension 'cmake'
[0.254s] Level 1:colcon.colcon_core.package_identification:_identify(packages) by extension 'python'
[0.254s] Level 1:colcon.colcon_core.package_identification:_identify(packages) by extensions ['python_setup_py']
[0.254s] Level 1:colcon.colcon_core.package_identification:_identify(packages) by extension 'python_setup_py'
[0.254s] Level 1:colcon.colcon_core.package_identification:_identify(scripts) by extensions ['ignore', 'ignore_ament_install']
[0.254s] Level 1:colcon.colcon_core.package_identification:_identify(scripts) by extension 'ignore'
[0.254s] Level 1:colcon.colcon_core.package_identification:_identify(scripts) by extension 'ignore_ament_install'
[0.254s] Level 1:colcon.colcon_core.package_identification:_identify(scripts) by extensions ['colcon_pkg']
[0.254s] Level 1:colcon.colcon_core.package_identification:_identify(scripts) by extension 'colcon_pkg'
[0.254s] Level 1:colcon.colcon_core.package_identification:_identify(scripts) by extensions ['colcon_meta']
[0.254s] Level 1:colcon.colcon_core.package_identification:_identify(scripts) by extension 'colcon_meta'
[0.255s] Level 1:colcon.colcon_core.package_identification:_identify(scripts) by extensions ['ros']
[0.255s] Level 1:colcon.colcon_core.package_identification:_identify(scripts) by extension 'ros'
[0.255s] Level 1:colcon.colcon_core.package_identification:_identify(scripts) by extensions ['cmake', 'python']
[0.255s] Level 1:colcon.colcon_core.package_identification:_identify(scripts) by extension 'cmake'
[0.255s] Level 1:colcon.colcon_core.package_identification:_identify(scripts) by extension 'python'
[0.255s] Level 1:colcon.colcon_core.package_identification:_identify(scripts) by extensions ['python_setup_py']
[0.255s] Level 1:colcon.colcon_core.package_identification:_identify(scripts) by extension 'python_setup_py'
[0.255s] Level 1:colcon.colcon_core.package_identification:_identify(src) by extensions ['ignore', 'ignore_ament_install']
[0.255s] Level 1:colcon.colcon_core.package_identification:_identify(src) by extension 'ignore'
[0.255s] Level 1:colcon.colcon_core.package_identification:_identify(src) by extension 'ignore_ament_install'
[0.255s] Level 1:colcon.colcon_core.package_identification:_identify(src) by extensions ['colcon_pkg']
[0.255s] Level 1:colcon.colcon_core.package_identification:_identify(src) by extension 'colcon_pkg'
[0.255s] Level 1:colcon.colcon_core.package_identification:_identify(src) by extensions ['colcon_meta']
[0.255s] Level 1:colcon.colcon_core.package_identification:_identify(src) by extension 'colcon_meta'
[0.255s] Level 1:colcon.colcon_core.package_identification:_identify(src) by extensions ['ros']
[0.255s] Level 1:colcon.colcon_core.package_identification:_identify(src) by extension 'ros'
[0.255s] Level 1:colcon.colcon_core.package_identification:_identify(src) by extensions ['cmake', 'python']
[0.256s] Level 1:colcon.colcon_core.package_identification:_identify(src) by extension 'cmake'
[0.256s] Level 1:colcon.colcon_core.package_identification:_identify(src) by extension 'python'
[0.256s] Level 1:colcon.colcon_core.package_identification:_identify(src) by extensions ['python_setup_py']
[0.256s] Level 1:colcon.colcon_core.package_identification:_identify(src) by extension 'python_setup_py'
[0.256s] Level 1:colcon.colcon_core.package_identification:_identify(src/ican_example_mission) by extensions ['ignore', 'ignore_ament_install']
[0.256s] Level 1:colcon.colcon_core.package_identification:_identify(src/ican_example_mission) by extension 'ignore'
[0.256s] Level 1:colcon.colcon_core.package_identification:_identify(src/ican_example_mission) by extension 'ignore_ament_install'
[0.256s] Level 1:colcon.colcon_core.package_identification:_identify(src/ican_example_mission) by extensions ['colcon_pkg']
[0.256s] Level 1:colcon.colcon_core.package_identification:_identify(src/ican_example_mission) by extension 'colcon_pkg'
[0.256s] Level 1:colcon.colcon_core.package_identification:_identify(src/ican_example_mission) by extensions ['colcon_meta']
[0.256s] Level 1:colcon.colcon_core.package_identification:_identify(src/ican_example_mission) by extension 'colcon_meta'
[0.256s] Level 1:colcon.colcon_core.package_identification:_identify(src/ican_example_mission) by extensions ['ros']
[0.256s] Level 1:colcon.colcon_core.package_identification:_identify(src/ican_example_mission) by extension 'ros'
[0.259s] DEBUG:colcon.colcon_core.package_identification:Package 'src/ican_example_mission' with type 'ros.ament_python' and name 'ican_example_mission'
[0.260s] Level 1:colcon.colcon_core.package_identification:_identify(src/ican_example_navigation) by extensions ['ignore', 'ignore_ament_install']
[0.260s] Level 1:colcon.colcon_core.package_identification:_identify(src/ican_example_navigation) by extension 'ignore'
[0.260s] Level 1:colcon.colcon_core.package_identification:_identify(src/ican_example_navigation) by extension 'ignore_ament_install'
[0.260s] Level 1:colcon.colcon_core.package_identification:_identify(src/ican_example_navigation) by extensions ['colcon_pkg']
[0.260s] Level 1:colcon.colcon_core.package_identification:_identify(src/ican_example_navigation) by extension 'colcon_pkg'
[0.260s] Level 1:colcon.colcon_core.package_identification:_identify(src/ican_example_navigation) by extensions ['colcon_meta']
[0.260s] Level 1:colcon.colcon_core.package_identification:_identify(src/ican_example_navigation) by extension 'colcon_meta'
[0.260s] Level 1:colcon.colcon_core.package_identification:_identify(src/ican_example_navigation) by extensions ['ros']
[0.260s] Level 1:colcon.colcon_core.package_identification:_identify(src/ican_example_navigation) by extension 'ros'
[0.261s] DEBUG:colcon.colcon_core.package_identification:Package 'src/ican_example_navigation' with type 'ros.ament_python' and name 'ican_example_navigation'
[0.261s] Level 1:colcon.colcon_core.package_identification:_identify(src/ican_example_ring_aim) by extensions ['ignore', 'ignore_ament_install']
[0.261s] Level 1:colcon.colcon_core.package_identification:_identify(src/ican_example_ring_aim) by extension 'ignore'
[0.262s] Level 1:colcon.colcon_core.package_identification:_identify(src/ican_example_ring_aim) by extension 'ignore_ament_install'
[0.262s] Level 1:colcon.colcon_core.package_identification:_identify(src/ican_example_ring_aim) by extensions ['colcon_pkg']
[0.262s] Level 1:colcon.colcon_core.package_identification:_identify(src/ican_example_ring_aim) by extension 'colcon_pkg'
[0.262s] Level 1:colcon.colcon_core.package_identification:_identify(src/ican_example_ring_aim) by extensions ['colcon_meta']
[0.262s] Level 1:colcon.colcon_core.package_identification:_identify(src/ican_example_ring_aim) by extension 'colcon_meta'
[0.262s] Level 1:colcon.colcon_core.package_identification:_identify(src/ican_example_ring_aim) by extensions ['ros']
[0.262s] Level 1:colcon.colcon_core.package_identification:_identify(src/ican_example_ring_aim) by extension 'ros'
[0.263s] DEBUG:colcon.colcon_core.package_identification:Package 'src/ican_example_ring_aim' with type 'ros.ament_python' and name 'ican_example_ring_aim'
[0.263s] Level 1:colcon.colcon_core.package_discovery:discover_packages(recursive) using defaults
[0.263s] Level 1:colcon.colcon_core.package_discovery:discover_packages(ignore) discover
[0.263s] Level 1:colcon.colcon_core.package_discovery:discover_packages(ignore) using defaults
[0.263s] Level 1:colcon.colcon_core.package_discovery:discover_packages(path) discover
[0.263s] Level 1:colcon.colcon_core.package_discovery:discover_packages(path) using defaults
[0.297s] Level 5:colcon.colcon_core.verb:set package 'ican_example_navigation' build argument 'cmake_args' from command line to 'None'
[0.297s] Level 5:colcon.colcon_core.verb:set package 'ican_example_navigation' build argument 'cmake_target' from command line to 'None'
[0.297s] Level 5:colcon.colcon_core.verb:set package 'ican_example_navigation' build argument 'cmake_target_skip_unavailable' from command line to 'False'
[0.297s] Level 5:colcon.colcon_core.verb:set package 'ican_example_navigation' build argument 'cmake_clean_cache' from command line to 'False'
[0.297s] Level 5:colcon.colcon_core.verb:set package 'ican_example_navigation' build argument 'cmake_clean_first' from command line to 'False'
[0.297s] Level 5:colcon.colcon_core.verb:set package 'ican_example_navigation' build argument 'cmake_force_configure' from command line to 'False'
[0.297s] Level 5:colcon.colcon_core.verb:set package 'ican_example_navigation' build argument 'ament_cmake_args' from command line to 'None'
[0.297s] Level 5:colcon.colcon_core.verb:set package 'ican_example_navigation' build argument 'catkin_cmake_args' from command line to 'None'
[0.297s] Level 5:colcon.colcon_core.verb:set package 'ican_example_navigation' build argument 'catkin_skip_building_tests' from command line to 'False'
[0.298s] DEBUG:colcon.colcon_core.verb:Building package 'ican_example_navigation' with the following arguments: {'ament_cmake_args': None, 'build_base': '/home/leea/Ican_sim/ican_shoot_user_workspace_example_only/build/ican_example_navigation', 'catkin_cmake_args': None, 'catkin_skip_building_tests': False, 'cmake_args': None, 'cmake_clean_cache': False, 'cmake_clean_first': False, 'cmake_force_configure': False, 'cmake_target': None, 'cmake_target_skip_unavailable': False, 'install_base': '/home/leea/Ican_sim/ican_shoot_user_workspace_example_only/install/ican_example_navigation', 'merge_install': False, 'path': '/home/leea/Ican_sim/ican_shoot_user_workspace_example_only/src/ican_example_navigation', 'symlink_install': True, 'test_result_base': None}
[0.298s] Level 5:colcon.colcon_core.verb:set package 'ican_example_ring_aim' build argument 'cmake_args' from command line to 'None'
[0.298s] Level 5:colcon.colcon_core.verb:set package 'ican_example_ring_aim' build argument 'cmake_target' from command line to 'None'
[0.298s] Level 5:colcon.colcon_core.verb:set package 'ican_example_ring_aim' build argument 'cmake_target_skip_unavailable' from command line to 'False'
[0.298s] Level 5:colcon.colcon_core.verb:set package 'ican_example_ring_aim' build argument 'cmake_clean_cache' from command line to 'False'
[0.298s] Level 5:colcon.colcon_core.verb:set package 'ican_example_ring_aim' build argument 'cmake_clean_first' from command line to 'False'
[0.298s] Level 5:colcon.colcon_core.verb:set package 'ican_example_ring_aim' build argument 'cmake_force_configure' from command line to 'False'
[0.298s] Level 5:colcon.colcon_core.verb:set package 'ican_example_ring_aim' build argument 'ament_cmake_args' from command line to 'None'
[0.298s] Level 5:colcon.colcon_core.verb:set package 'ican_example_ring_aim' build argument 'catkin_cmake_args' from command line to 'None'
[0.298s] Level 5:colcon.colcon_core.verb:set package 'ican_example_ring_aim' build argument 'catkin_skip_building_tests' from command line to 'False'
[0.298s] DEBUG:colcon.colcon_core.verb:Building package 'ican_example_ring_aim' with the following arguments: {'ament_cmake_args': None, 'build_base': '/home/leea/Ican_sim/ican_shoot_user_workspace_example_only/build/ican_example_ring_aim', 'catkin_cmake_args': None, 'catkin_skip_building_tests': False, 'cmake_args': None, 'cmake_clean_cache': False, 'cmake_clean_first': False, 'cmake_force_configure': False, 'cmake_target': None, 'cmake_target_skip_unavailable': False, 'install_base': '/home/leea/Ican_sim/ican_shoot_user_workspace_example_only/install/ican_example_ring_aim', 'merge_install': False, 'path': '/home/leea/Ican_sim/ican_shoot_user_workspace_example_only/src/ican_example_ring_aim', 'symlink_install': True, 'test_result_base': None}
[0.299s] Level 5:colcon.colcon_core.verb:set package 'ican_example_mission' build argument 'cmake_args' from command line to 'None'
[0.299s] Level 5:colcon.colcon_core.verb:set package 'ican_example_mission' build argument 'cmake_target' from command line to 'None'
[0.299s] Level 5:colcon.colcon_core.verb:set package 'ican_example_mission' build argument 'cmake_target_skip_unavailable' from command line to 'False'
[0.299s] Level 5:colcon.colcon_core.verb:set package 'ican_example_mission' build argument 'cmake_clean_cache' from command line to 'False'
[0.299s] Level 5:colcon.colcon_core.verb:set package 'ican_example_mission' build argument 'cmake_clean_first' from command line to 'False'
[0.299s] Level 5:colcon.colcon_core.verb:set package 'ican_example_mission' build argument 'cmake_force_configure' from command line to 'False'
[0.299s] Level 5:colcon.colcon_core.verb:set package 'ican_example_mission' build argument 'ament_cmake_args' from command line to 'None'
[0.299s] Level 5:colcon.colcon_core.verb:set package 'ican_example_mission' build argument 'catkin_cmake_args' from command line to 'None'
[0.299s] Level 5:colcon.colcon_core.verb:set package 'ican_example_mission' build argument 'catkin_skip_building_tests' from command line to 'False'
[0.299s] DEBUG:colcon.colcon_core.verb:Building package 'ican_example_mission' with the following arguments: {'ament_cmake_args': None, 'build_base': '/home/leea/Ican_sim/ican_shoot_user_workspace_example_only/build/ican_example_mission', 'catkin_cmake_args': None, 'catkin_skip_building_tests': False, 'cmake_args': None, 'cmake_clean_cache': False, 'cmake_clean_first': False, 'cmake_force_configure': False, 'cmake_target': None, 'cmake_target_skip_unavailable': False, 'install_base': '/home/leea/Ican_sim/ican_shoot_user_workspace_example_only/install/ican_example_mission', 'merge_install': False, 'path': '/home/leea/Ican_sim/ican_shoot_user_workspace_example_only/src/ican_example_mission', 'symlink_install': True, 'test_result_base': None}
[0.300s] INFO:colcon.colcon_core.executor:Executing jobs using 'parallel' executor
[0.301s] DEBUG:colcon.colcon_parallel_executor.executor.parallel:run_until_complete
[0.302s] INFO:colcon.colcon_ros.task.ament_python.build:Building ROS package in '/home/leea/Ican_sim/ican_shoot_user_workspace_example_only/src/ican_example_navigation' with build type 'ament_python'
[0.302s] Level 1:colcon.colcon_core.shell:create_environment_hook('ican_example_navigation', 'ament_prefix_path')
[0.305s] INFO:colcon.colcon_core.plugin_system:Skipping extension 'colcon_core.shell.bat': Not used on non-Windows systems
[0.305s] INFO:colcon.colcon_core.shell:Creating environment hook '/home/leea/Ican_sim/ican_shoot_user_workspace_example_only/install/ican_example_navigation/share/ican_example_navigation/hook/ament_prefix_path.ps1'
[0.306s] INFO:colcon.colcon_core.shell:Creating environment descriptor '/home/leea/Ican_sim/ican_shoot_user_workspace_example_only/install/ican_example_navigation/share/ican_example_navigation/hook/ament_prefix_path.dsv'
[0.306s] INFO:colcon.colcon_core.shell:Creating environment hook '/home/leea/Ican_sim/ican_shoot_user_workspace_example_only/install/ican_example_navigation/share/ican_example_navigation/hook/ament_prefix_path.sh'
[0.308s] INFO:colcon.colcon_core.shell:Skip shell extension 'powershell' for command environment: Not usable outside of PowerShell
[0.308s] DEBUG:colcon.colcon_core.shell:Skip shell extension 'dsv' for command environment
[0.313s] INFO:colcon.colcon_ros.task.ament_python.build:Building ROS package in '/home/leea/Ican_sim/ican_shoot_user_workspace_example_only/src/ican_example_ring_aim' with build type 'ament_python'
[0.313s] Level 1:colcon.colcon_core.shell:create_environment_hook('ican_example_ring_aim', 'ament_prefix_path')
[0.314s] INFO:colcon.colcon_core.shell:Creating environment hook '/home/leea/Ican_sim/ican_shoot_user_workspace_example_only/install/ican_example_ring_aim/share/ican_example_ring_aim/hook/ament_prefix_path.ps1'
[0.315s] INFO:colcon.colcon_core.shell:Creating environment descriptor '/home/leea/Ican_sim/ican_shoot_user_workspace_example_only/install/ican_example_ring_aim/share/ican_example_ring_aim/hook/ament_prefix_path.dsv'
[0.316s] INFO:colcon.colcon_core.shell:Creating environment hook '/home/leea/Ican_sim/ican_shoot_user_workspace_example_only/install/ican_example_ring_aim/share/ican_example_ring_aim/hook/ament_prefix_path.sh'
[0.317s] INFO:colcon.colcon_core.shell:Skip shell extension 'powershell' for command environment: Not usable outside of PowerShell
[0.317s] DEBUG:colcon.colcon_core.shell:Skip shell extension 'dsv' for command environment
[0.550s] INFO:colcon.colcon_core.task.python.build:Building Python package in '/home/leea/Ican_sim/ican_shoot_user_workspace_example_only/src/ican_example_navigation'
[0.550s] INFO:colcon.colcon_core.shell:Skip shell extension 'powershell' for command environment: Not usable outside of PowerShell
[0.551s] DEBUG:colcon.colcon_core.shell:Skip shell extension 'dsv' for command environment
[0.805s] INFO:colcon.colcon_core.task.python.build:Building Python package in '/home/leea/Ican_sim/ican_shoot_user_workspace_example_only/src/ican_example_ring_aim'
[0.806s] INFO:colcon.colcon_core.shell:Skip shell extension 'powershell' for command environment: Not usable outside of PowerShell
[0.806s] DEBUG:colcon.colcon_core.shell:Skip shell extension 'dsv' for command environment
[1.127s] DEBUG:colcon.colcon_core.task.python.build:Available setuptools commands: build_scripts, bdist, bdist_rpm, egg_info, symlink_data, test, setopt, install_egg_info, install_headers, upload, install, check, upload_docs, easy_install, saveopts, build_clib, clean, develop, build_py, build_ext, register, alias, install_lib, bdist_wheel, bdist_egg, dist_info, bdist_dumb, build, install_data, install_scripts, sdist, rotate
[1.139s] DEBUG:colcon.colcon_core.task.python.build:Available setuptools commands: build_scripts, bdist, bdist_rpm, egg_info, symlink_data, test, setopt, install_egg_info, install_headers, upload, install, check, upload_docs, easy_install, saveopts, build_clib, clean, develop, build_py, build_ext, register, alias, install_lib, bdist_wheel, bdist_egg, dist_info, bdist_dumb, build, install_data, install_scripts, sdist, rotate
[1.399s] DEBUG:colcon.colcon_core.task.python.build:Available setuptools 'develop' options: --optimize, --help, --always-copy, --verbose, --zip-ok, --find-links, --version, --script-dir, --no-user-cfg, --install-layout, --egg-path, --no-find-links, --user, --exclude-scripts, --prefix, --always-unzip, --quiet, --local-snapshots-ok, --record, --site-dirs, --dry-run, --upgrade, --editable, --install-dir, --allow-hosts, --no-deps, --force-installation-into-system-dir, --index-url, --uninstall, --multi-version, --build-directory
[1.402s] DEBUG:colcon.colcon_core.event_handler.log_command:Invoking command in '/home/leea/Ican_sim/ican_shoot_user_workspace_example_only/build/ican_example_navigation': PYTHONPATH=/home/leea/Ican_sim/ican_shoot_user_workspace_example_only/build/ican_example_navigation/prefix_override:/usr/lib/python3/dist-packages/colcon_core/task/python/colcon_distutils_commands:/home/leea/Ican_sim/ican_shoot_user_workspace_example_only/install/ican_example_navigation/lib/python3.10/site-packages:${PYTHONPATH} /usr/bin/python3 -W ignore:setup.py install is deprecated -W ignore:easy_install command is deprecated setup.py develop --editable --build-directory /home/leea/Ican_sim/ican_shoot_user_workspace_example_only/build/ican_example_navigation/build --no-deps symlink_data
[1.414s] DEBUG:colcon.colcon_core.task.python.build:Available setuptools 'develop' options: --optimize, --help, --always-copy, --verbose, --zip-ok, --find-links, --version, --script-dir, --no-user-cfg, --install-layout, --egg-path, --no-find-links, --user, --exclude-scripts, --prefix, --always-unzip, --quiet, --local-snapshots-ok, --record, --site-dirs, --dry-run, --upgrade, --editable, --install-dir, --allow-hosts, --no-deps, --force-installation-into-system-dir, --index-url, --uninstall, --multi-version, --build-directory
[1.417s] DEBUG:colcon.colcon_core.event_handler.log_command:Invoking command in '/home/leea/Ican_sim/ican_shoot_user_workspace_example_only/build/ican_example_ring_aim': PYTHONPATH=/home/leea/Ican_sim/ican_shoot_user_workspace_example_only/build/ican_example_ring_aim/prefix_override:/usr/lib/python3/dist-packages/colcon_core/task/python/colcon_distutils_commands:/home/leea/Ican_sim/ican_shoot_user_workspace_example_only/install/ican_example_ring_aim/lib/python3.10/site-packages:${PYTHONPATH} /usr/bin/python3 -W ignore:setup.py install is deprecated -W ignore:easy_install command is deprecated setup.py develop --editable --build-directory /home/leea/Ican_sim/ican_shoot_user_workspace_example_only/build/ican_example_ring_aim/build --no-deps symlink_data
[1.827s] Level 1:colcon.colcon_core.shell:create_environment_hook('ican_example_ring_aim', 'pythonpath_develop')
[1.828s] INFO:colcon.colcon_core.shell:Creating environment hook '/home/leea/Ican_sim/ican_shoot_user_workspace_example_only/build/ican_example_ring_aim/share/ican_example_ring_aim/hook/pythonpath_develop.ps1'
[1.829s] DEBUG:colcon.colcon_core.event_handler.log_command:Invoked command in '/home/leea/Ican_sim/ican_shoot_user_workspace_example_only/build/ican_example_ring_aim' returned '0': PYTHONPATH=/home/leea/Ican_sim/ican_shoot_user_workspace_example_only/build/ican_example_ring_aim/prefix_override:/usr/lib/python3/dist-packages/colcon_core/task/python/colcon_distutils_commands:/home/leea/Ican_sim/ican_shoot_user_workspace_example_only/install/ican_example_ring_aim/lib/python3.10/site-packages:${PYTHONPATH} /usr/bin/python3 -W ignore:setup.py install is deprecated -W ignore:easy_install command is deprecated setup.py develop --editable --build-directory /home/leea/Ican_sim/ican_shoot_user_workspace_example_only/build/ican_example_ring_aim/build --no-deps symlink_data
[1.829s] INFO:colcon.colcon_core.shell:Creating environment descriptor '/home/leea/Ican_sim/ican_shoot_user_workspace_example_only/build/ican_example_ring_aim/share/ican_example_ring_aim/hook/pythonpath_develop.dsv'
[1.830s] INFO:colcon.colcon_core.shell:Creating environment hook '/home/leea/Ican_sim/ican_shoot_user_workspace_example_only/build/ican_example_ring_aim/share/ican_example_ring_aim/hook/pythonpath_develop.sh'
[1.832s] Level 1:colcon.colcon_core.environment:checking '/home/leea/Ican_sim/ican_shoot_user_workspace_example_only/install/ican_example_ring_aim' for CMake module files
[1.832s] Level 1:colcon.colcon_core.environment:checking '/home/leea/Ican_sim/ican_shoot_user_workspace_example_only/install/ican_example_ring_aim' for CMake config files
[1.833s] Level 1:colcon.colcon_core.environment:checking '/home/leea/Ican_sim/ican_shoot_user_workspace_example_only/install/ican_example_ring_aim/lib'
[1.833s] Level 1:colcon.colcon_core.environment:checking '/home/leea/Ican_sim/ican_shoot_user_workspace_example_only/install/ican_example_ring_aim/bin'
[1.833s] Level 1:colcon.colcon_core.environment:checking '/home/leea/Ican_sim/ican_shoot_user_workspace_example_only/install/ican_example_ring_aim/lib/pkgconfig/ican_example_ring_aim.pc'
[1.833s] Level 1:colcon.colcon_core.environment:checking '/home/leea/Ican_sim/ican_shoot_user_workspace_example_only/install/ican_example_ring_aim/lib/python3.10/site-packages'
[1.833s] Level 1:colcon.colcon_core.shell:create_environment_hook('ican_example_ring_aim', 'pythonpath')
[1.834s] INFO:colcon.colcon_core.shell:Creating environment hook '/home/leea/Ican_sim/ican_shoot_user_workspace_example_only/install/ican_example_ring_aim/share/ican_example_ring_aim/hook/pythonpath.ps1'
[1.834s] INFO:colcon.colcon_core.shell:Creating environment descriptor '/home/leea/Ican_sim/ican_shoot_user_workspace_example_only/install/ican_example_ring_aim/share/ican_example_ring_aim/hook/pythonpath.dsv'
[1.835s] INFO:colcon.colcon_core.shell:Creating environment hook '/home/leea/Ican_sim/ican_shoot_user_workspace_example_only/install/ican_example_ring_aim/share/ican_example_ring_aim/hook/pythonpath.sh'
[1.836s] Level 1:colcon.colcon_core.environment:checking '/home/leea/Ican_sim/ican_shoot_user_workspace_example_only/install/ican_example_ring_aim/bin'
[1.836s] Level 1:colcon.colcon_core.environment:create_environment_scripts_only(ican_example_ring_aim)
[1.836s] INFO:colcon.colcon_core.shell:Creating package script '/home/leea/Ican_sim/ican_shoot_user_workspace_example_only/install/ican_example_ring_aim/share/ican_example_ring_aim/package.ps1'
[1.838s] INFO:colcon.colcon_core.shell:Creating package descriptor '/home/leea/Ican_sim/ican_shoot_user_workspace_example_only/install/ican_example_ring_aim/share/ican_example_ring_aim/package.dsv'
[1.839s] INFO:colcon.colcon_core.shell:Creating package script '/home/leea/Ican_sim/ican_shoot_user_workspace_example_only/install/ican_example_ring_aim/share/ican_example_ring_aim/package.sh'
[1.840s] INFO:colcon.colcon_core.shell:Creating package script '/home/leea/Ican_sim/ican_shoot_user_workspace_example_only/install/ican_example_ring_aim/share/ican_example_ring_aim/package.bash'
[1.842s] INFO:colcon.colcon_core.shell:Creating package script '/home/leea/Ican_sim/ican_shoot_user_workspace_example_only/install/ican_example_ring_aim/share/ican_example_ring_aim/package.zsh'
[1.843s] Level 1:colcon.colcon_core.environment:create_file_with_runtime_dependencies(/home/leea/Ican_sim/ican_shoot_user_workspace_example_only/install/ican_example_ring_aim/share/colcon-core/packages/ican_example_ring_aim)
[1.844s] Level 1:colcon.colcon_core.shell:create_environment_hook('ican_example_navigation', 'pythonpath_develop')
[1.845s] INFO:colcon.colcon_core.shell:Creating environment hook '/home/leea/Ican_sim/ican_shoot_user_workspace_example_only/build/ican_example_navigation/share/ican_example_navigation/hook/pythonpath_develop.ps1'
[1.846s] DEBUG:colcon.colcon_core.event_handler.log_command:Invoked command in '/home/leea/Ican_sim/ican_shoot_user_workspace_example_only/build/ican_example_navigation' returned '0': PYTHONPATH=/home/leea/Ican_sim/ican_shoot_user_workspace_example_only/build/ican_example_navigation/prefix_override:/usr/lib/python3/dist-packages/colcon_core/task/python/colcon_distutils_commands:/home/leea/Ican_sim/ican_shoot_user_workspace_example_only/install/ican_example_navigation/lib/python3.10/site-packages:${PYTHONPATH} /usr/bin/python3 -W ignore:setup.py install is deprecated -W ignore:easy_install command is deprecated setup.py develop --editable --build-directory /home/leea/Ican_sim/ican_shoot_user_workspace_example_only/build/ican_example_navigation/build --no-deps symlink_data
[1.846s] INFO:colcon.colcon_core.shell:Creating environment descriptor '/home/leea/Ican_sim/ican_shoot_user_workspace_example_only/build/ican_example_navigation/share/ican_example_navigation/hook/pythonpath_develop.dsv'
[1.847s] INFO:colcon.colcon_core.shell:Creating environment hook '/home/leea/Ican_sim/ican_shoot_user_workspace_example_only/build/ican_example_navigation/share/ican_example_navigation/hook/pythonpath_develop.sh'
[1.848s] Level 1:colcon.colcon_core.environment:checking '/home/leea/Ican_sim/ican_shoot_user_workspace_example_only/install/ican_example_navigation' for CMake module files
[1.848s] Level 1:colcon.colcon_core.environment:checking '/home/leea/Ican_sim/ican_shoot_user_workspace_example_only/install/ican_example_navigation' for CMake config files
[1.849s] Level 1:colcon.colcon_core.environment:checking '/home/leea/Ican_sim/ican_shoot_user_workspace_example_only/install/ican_example_navigation/lib'
[1.849s] Level 1:colcon.colcon_core.environment:checking '/home/leea/Ican_sim/ican_shoot_user_workspace_example_only/install/ican_example_navigation/bin'
[1.849s] Level 1:colcon.colcon_core.environment:checking '/home/leea/Ican_sim/ican_shoot_user_workspace_example_only/install/ican_example_navigation/lib/pkgconfig/ican_example_navigation.pc'
[1.849s] Level 1:colcon.colcon_core.environment:checking '/home/leea/Ican_sim/ican_shoot_user_workspace_example_only/install/ican_example_navigation/lib/python3.10/site-packages'
[1.849s] Level 1:colcon.colcon_core.shell:create_environment_hook('ican_example_navigation', 'pythonpath')
[1.850s] INFO:colcon.colcon_core.shell:Creating environment hook '/home/leea/Ican_sim/ican_shoot_user_workspace_example_only/install/ican_example_navigation/share/ican_example_navigation/hook/pythonpath.ps1'
[1.850s] INFO:colcon.colcon_core.shell:Creating environment descriptor '/home/leea/Ican_sim/ican_shoot_user_workspace_example_only/install/ican_example_navigation/share/ican_example_navigation/hook/pythonpath.dsv'
[1.850s] INFO:colcon.colcon_core.shell:Creating environment hook '/home/leea/Ican_sim/ican_shoot_user_workspace_example_only/install/ican_example_navigation/share/ican_example_navigation/hook/pythonpath.sh'
[1.851s] Level 1:colcon.colcon_core.environment:checking '/home/leea/Ican_sim/ican_shoot_user_workspace_example_only/install/ican_example_navigation/bin'
[1.851s] Level 1:colcon.colcon_core.environment:create_environment_scripts_only(ican_example_navigation)
[1.851s] INFO:colcon.colcon_core.shell:Creating package script '/home/leea/Ican_sim/ican_shoot_user_workspace_example_only/install/ican_example_navigation/share/ican_example_navigation/package.ps1'
[1.852s] INFO:colcon.colcon_core.shell:Creating package descriptor '/home/leea/Ican_sim/ican_shoot_user_workspace_example_only/install/ican_example_navigation/share/ican_example_navigation/package.dsv'
[1.852s] INFO:colcon.colcon_core.shell:Creating package script '/home/leea/Ican_sim/ican_shoot_user_workspace_example_only/install/ican_example_navigation/share/ican_example_navigation/package.sh'
[1.853s] INFO:colcon.colcon_core.shell:Creating package script '/home/leea/Ican_sim/ican_shoot_user_workspace_example_only/install/ican_example_navigation/share/ican_example_navigation/package.bash'
[1.853s] INFO:colcon.colcon_core.shell:Creating package script '/home/leea/Ican_sim/ican_shoot_user_workspace_example_only/install/ican_example_navigation/share/ican_example_navigation/package.zsh'
[1.853s] Level 1:colcon.colcon_core.environment:create_file_with_runtime_dependencies(/home/leea/Ican_sim/ican_shoot_user_workspace_example_only/install/ican_example_navigation/share/colcon-core/packages/ican_example_navigation)
[1.854s] INFO:colcon.colcon_ros.task.ament_python.build:Building ROS package in '/home/leea/Ican_sim/ican_shoot_user_workspace_example_only/src/ican_example_mission' with build type 'ament_python'
[1.854s] Level 1:colcon.colcon_core.shell:create_environment_hook('ican_example_mission', 'ament_prefix_path')
[1.854s] INFO:colcon.colcon_core.shell:Creating environment hook '/home/leea/Ican_sim/ican_shoot_user_workspace_example_only/install/ican_example_mission/share/ican_example_mission/hook/ament_prefix_path.ps1'
[1.855s] INFO:colcon.colcon_core.shell:Creating environment descriptor '/home/leea/Ican_sim/ican_shoot_user_workspace_example_only/install/ican_example_mission/share/ican_example_mission/hook/ament_prefix_path.dsv'
[1.856s] INFO:colcon.colcon_core.shell:Creating environment hook '/home/leea/Ican_sim/ican_shoot_user_workspace_example_only/install/ican_example_mission/share/ican_example_mission/hook/ament_prefix_path.sh'
[1.856s] INFO:colcon.colcon_core.shell:Skip shell extension 'powershell' for command environment: Not usable outside of PowerShell
[1.856s] DEBUG:colcon.colcon_core.shell:Skip shell extension 'dsv' for command environment
[2.107s] INFO:colcon.colcon_core.task.python.build:Building Python package in '/home/leea/Ican_sim/ican_shoot_user_workspace_example_only/src/ican_example_mission'
[2.108s] INFO:colcon.colcon_core.shell:Skip shell extension 'powershell' for command environment: Not usable outside of PowerShell
[2.108s] DEBUG:colcon.colcon_core.shell:Skip shell extension 'dsv' for command environment
[2.423s] DEBUG:colcon.colcon_core.task.python.build:Available setuptools commands: build_scripts, bdist, bdist_rpm, egg_info, symlink_data, test, setopt, install_egg_info, install_headers, upload, install, check, upload_docs, easy_install, saveopts, build_clib, clean, develop, build_py, build_ext, register, alias, install_lib, bdist_wheel, bdist_egg, dist_info, bdist_dumb, build, install_data, install_scripts, sdist, rotate
[2.683s] DEBUG:colcon.colcon_core.task.python.build:Available setuptools 'develop' options: --optimize, --help, --always-copy, --verbose, --zip-ok, --find-links, --version, --script-dir, --no-user-cfg, --install-layout, --egg-path, --no-find-links, --user, --exclude-scripts, --prefix, --always-unzip, --quiet, --local-snapshots-ok, --record, --site-dirs, --dry-run, --upgrade, --editable, --install-dir, --allow-hosts, --no-deps, --force-installation-into-system-dir, --index-url, --uninstall, --multi-version, --build-directory
[2.686s] DEBUG:colcon.colcon_core.event_handler.log_command:Invoking command in '/home/leea/Ican_sim/ican_shoot_user_workspace_example_only/build/ican_example_mission': AMENT_PREFIX_PATH=/home/leea/Ican_sim/ican_shoot_user_workspace_example_only/install/ican_example_ring_aim:/home/leea/Ican_sim/ican_shoot_user_workspace_example_only/install/ican_example_navigation:${AMENT_PREFIX_PATH} PYTHONPATH=/home/leea/Ican_sim/ican_shoot_user_workspace_example_only/build/ican_example_mission/prefix_override:/usr/lib/python3/dist-packages/colcon_core/task/python/colcon_distutils_commands:/home/leea/Ican_sim/ican_shoot_user_workspace_example_only/install/ican_example_mission/lib/python3.10/site-packages:/home/leea/Ican_sim/ican_shoot_user_workspace_example_only/build/ican_example_ring_aim:/home/leea/Ican_sim/ican_shoot_user_workspace_example_only/install/ican_example_ring_aim/lib/python3.10/site-packages:/home/leea/Ican_sim/ican_shoot_user_workspace_example_only/build/ican_example_navigation:/home/leea/Ican_sim/ican_shoot_user_workspace_example_only/install/ican_example_navigation/lib/python3.10/site-packages:${PYTHONPATH} /usr/bin/python3 -W ignore:setup.py install is deprecated -W ignore:easy_install command is deprecated setup.py develop --editable --build-directory /home/leea/Ican_sim/ican_shoot_user_workspace_example_only/build/ican_example_mission/build --no-deps symlink_data
[3.100s] Level 1:colcon.colcon_core.shell:create_environment_hook('ican_example_mission', 'pythonpath_develop')
[3.101s] INFO:colcon.colcon_core.shell:Creating environment hook '/home/leea/Ican_sim/ican_shoot_user_workspace_example_only/build/ican_example_mission/share/ican_example_mission/hook/pythonpath_develop.ps1'
[3.101s] DEBUG:colcon.colcon_core.event_handler.log_command:Invoked command in '/home/leea/Ican_sim/ican_shoot_user_workspace_example_only/build/ican_example_mission' returned '0': AMENT_PREFIX_PATH=/home/leea/Ican_sim/ican_shoot_user_workspace_example_only/install/ican_example_ring_aim:/home/leea/Ican_sim/ican_shoot_user_workspace_example_only/install/ican_example_navigation:${AMENT_PREFIX_PATH} PYTHONPATH=/home/leea/Ican_sim/ican_shoot_user_workspace_example_only/build/ican_example_mission/prefix_override:/usr/lib/python3/dist-packages/colcon_core/task/python/colcon_distutils_commands:/home/leea/Ican_sim/ican_shoot_user_workspace_example_only/install/ican_example_mission/lib/python3.10/site-packages:/home/leea/Ican_sim/ican_shoot_user_workspace_example_only/build/ican_example_ring_aim:/home/leea/Ican_sim/ican_shoot_user_workspace_example_only/install/ican_example_ring_aim/lib/python3.10/site-packages:/home/leea/Ican_sim/ican_shoot_user_workspace_example_only/build/ican_example_navigation:/home/leea/Ican_sim/ican_shoot_user_workspace_example_only/install/ican_example_navigation/lib/python3.10/site-packages:${PYTHONPATH} /usr/bin/python3 -W ignore:setup.py install is deprecated -W ignore:easy_install command is deprecated setup.py develop --editable --build-directory /home/leea/Ican_sim/ican_shoot_user_workspace_example_only/build/ican_example_mission/build --no-deps symlink_data
[3.102s] INFO:colcon.colcon_core.shell:Creating environment descriptor '/home/leea/Ican_sim/ican_shoot_user_workspace_example_only/build/ican_example_mission/share/ican_example_mission/hook/pythonpath_develop.dsv'
[3.102s] INFO:colcon.colcon_core.shell:Creating environment hook '/home/leea/Ican_sim/ican_shoot_user_workspace_example_only/build/ican_example_mission/share/ican_example_mission/hook/pythonpath_develop.sh'
[3.103s] Level 1:colcon.colcon_core.environment:checking '/home/leea/Ican_sim/ican_shoot_user_workspace_example_only/install/ican_example_mission' for CMake module files
[3.103s] Level 1:colcon.colcon_core.environment:checking '/home/leea/Ican_sim/ican_shoot_user_workspace_example_only/install/ican_example_mission' for CMake config files
[3.103s] Level 1:colcon.colcon_core.environment:checking '/home/leea/Ican_sim/ican_shoot_user_workspace_example_only/install/ican_example_mission/lib'
[3.103s] Level 1:colcon.colcon_core.environment:checking '/home/leea/Ican_sim/ican_shoot_user_workspace_example_only/install/ican_example_mission/bin'
[3.103s] Level 1:colcon.colcon_core.environment:checking '/home/leea/Ican_sim/ican_shoot_user_workspace_example_only/install/ican_example_mission/lib/pkgconfig/ican_example_mission.pc'
[3.104s] Level 1:colcon.colcon_core.environment:checking '/home/leea/Ican_sim/ican_shoot_user_workspace_example_only/install/ican_example_mission/lib/python3.10/site-packages'
[3.104s] Level 1:colcon.colcon_core.shell:create_environment_hook('ican_example_mission', 'pythonpath')
[3.104s] INFO:colcon.colcon_core.shell:Creating environment hook '/home/leea/Ican_sim/ican_shoot_user_workspace_example_only/install/ican_example_mission/share/ican_example_mission/hook/pythonpath.ps1'
[3.104s] INFO:colcon.colcon_core.shell:Creating environment descriptor '/home/leea/Ican_sim/ican_shoot_user_workspace_example_only/install/ican_example_mission/share/ican_example_mission/hook/pythonpath.dsv'
[3.104s] INFO:colcon.colcon_core.shell:Creating environment hook '/home/leea/Ican_sim/ican_shoot_user_workspace_example_only/install/ican_example_mission/share/ican_example_mission/hook/pythonpath.sh'
[3.105s] Level 1:colcon.colcon_core.environment:checking '/home/leea/Ican_sim/ican_shoot_user_workspace_example_only/install/ican_example_mission/bin'
[3.105s] Level 1:colcon.colcon_core.environment:create_environment_scripts_only(ican_example_mission)
[3.105s] INFO:colcon.colcon_core.shell:Creating package script '/home/leea/Ican_sim/ican_shoot_user_workspace_example_only/install/ican_example_mission/share/ican_example_mission/package.ps1'
[3.106s] INFO:colcon.colcon_core.shell:Creating package descriptor '/home/leea/Ican_sim/ican_shoot_user_workspace_example_only/install/ican_example_mission/share/ican_example_mission/package.dsv'
[3.106s] INFO:colcon.colcon_core.shell:Creating package script '/home/leea/Ican_sim/ican_shoot_user_workspace_example_only/install/ican_example_mission/share/ican_example_mission/package.sh'
[3.107s] INFO:colcon.colcon_core.shell:Creating package script '/home/leea/Ican_sim/ican_shoot_user_workspace_example_only/install/ican_example_mission/share/ican_example_mission/package.bash'
[3.107s] INFO:colcon.colcon_core.shell:Creating package script '/home/leea/Ican_sim/ican_shoot_user_workspace_example_only/install/ican_example_mission/share/ican_example_mission/package.zsh'
[3.107s] Level 1:colcon.colcon_core.environment:create_file_with_runtime_dependencies(/home/leea/Ican_sim/ican_shoot_user_workspace_example_only/install/ican_example_mission/share/colcon-core/packages/ican_example_mission)
[3.108s] DEBUG:colcon.colcon_parallel_executor.executor.parallel:closing loop
[3.108s] DEBUG:colcon.colcon_parallel_executor.executor.parallel:loop closed
[3.108s] DEBUG:colcon.colcon_parallel_executor.executor.parallel:run_until_complete finished with '0'
[3.108s] DEBUG:colcon.colcon_core.event_reactor:joining thread
[3.114s] INFO:colcon.colcon_core.plugin_system:Skipping extension 'colcon_notification.desktop_notification.terminal_notifier': Not used on non-Darwin systems
[3.114s] INFO:colcon.colcon_core.plugin_system:Skipping extension 'colcon_notification.desktop_notification.win32': Not used on non-Windows systems
[3.114s] INFO:colcon.colcon_notification.desktop_notification:Sending desktop notification using 'notify2'
[3.126s] DEBUG:colcon.colcon_core.event_reactor:joined thread
[3.126s] INFO:colcon.colcon_core.shell:Creating prefix script '/home/leea/Ican_sim/ican_shoot_user_workspace_example_only/install/local_setup.ps1'
[3.128s] INFO:colcon.colcon_core.shell:Creating prefix util module '/home/leea/Ican_sim/ican_shoot_user_workspace_example_only/install/_local_setup_util_ps1.py'
[3.129s] INFO:colcon.colcon_core.shell:Creating prefix chain script '/home/leea/Ican_sim/ican_shoot_user_workspace_example_only/install/setup.ps1'
[3.130s] INFO:colcon.colcon_core.shell:Creating prefix script '/home/leea/Ican_sim/ican_shoot_user_workspace_example_only/install/local_setup.sh'
[3.130s] INFO:colcon.colcon_core.shell:Creating prefix util module '/home/leea/Ican_sim/ican_shoot_user_workspace_example_only/install/_local_setup_util_sh.py'
[3.131s] INFO:colcon.colcon_core.shell:Creating prefix chain script '/home/leea/Ican_sim/ican_shoot_user_workspace_example_only/install/setup.sh'
[3.132s] INFO:colcon.colcon_core.shell:Creating prefix script '/home/leea/Ican_sim/ican_shoot_user_workspace_example_only/install/local_setup.bash'
[3.132s] INFO:colcon.colcon_core.shell:Creating prefix chain script '/home/leea/Ican_sim/ican_shoot_user_workspace_example_only/install/setup.bash'
[3.133s] INFO:colcon.colcon_core.shell:Creating prefix script '/home/leea/Ican_sim/ican_shoot_user_workspace_example_only/install/local_setup.zsh'
[3.133s] INFO:colcon.colcon_core.shell:Creating prefix chain script '/home/leea/Ican_sim/ican_shoot_user_workspace_example_only/install/setup.zsh'
