[0.882s] Invoking command in '/home/houshengao/ican_shoot/build/ican_referee_system': PYTHONPATH=/home/houshengao/ican_shoot/build/ican_referee_system/prefix_override:/usr/lib/python3/dist-packages/colcon_core/task/python/colcon_distutils_commands:/home/houshengao/ican_shoot/install/ican_referee_system/lib/python3.10/site-packages:${PYTHONPATH} /usr/bin/python3 -W ignore:setup.py install is deprecated -W ignore:easy_install command is deprecated setup.py develop --editable --build-directory /home/houshengao/ican_shoot/build/ican_referee_system/build --no-deps symlink_data
[1.136s] running develop
[1.309s] running egg_info
[1.310s] writing ican_referee_system.egg-info/PKG-INFO
[1.312s] writing dependency_links to ican_referee_system.egg-info/dependency_links.txt
[1.313s] writing entry points to ican_referee_system.egg-info/entry_points.txt
[1.315s] writing requirements to ican_referee_system.egg-info/requires.txt
[1.316s] writing top-level names to ican_referee_system.egg-info/top_level.txt
[1.321s] reading manifest file 'ican_referee_system.egg-info/SOURCES.txt'
[1.322s] writing manifest file 'ican_referee_system.egg-info/SOURCES.txt'
[1.326s] running build_ext
[1.326s] Creating /home/houshengao/ican_shoot/install/ican_referee_system/lib/python3.10/site-packages/ican-referee-system.egg-link (link to .)
[1.326s] Installing referee_node script to /home/houshengao/ican_shoot/install/ican_referee_system/lib/ican_referee_system
[1.326s] 
[1.326s] Installed /home/houshengao/ican_shoot/build/ican_referee_system
[1.326s] running symlink_data
[1.326s] creating /home/houshengao/ican_shoot/install/ican_referee_system/share/ament_index
[1.330s] creating /home/houshengao/ican_shoot/install/ican_referee_system/share/ament_index/resource_index
[1.330s] creating /home/houshengao/ican_shoot/install/ican_referee_system/share/ament_index/resource_index/packages
[1.330s] symbolically linking /home/houshengao/ican_shoot/build/ican_referee_system/resource/ican_referee_system -> /home/houshengao/ican_shoot/install/ican_referee_system/share/ament_index/resource_index/packages
[1.330s] symbolically linking /home/houshengao/ican_shoot/build/ican_referee_system/package.xml -> /home/houshengao/ican_shoot/install/ican_referee_system/share/ican_referee_system
[1.330s] creating /home/houshengao/ican_shoot/install/ican_referee_system/share/ican_referee_system/launch
[1.330s] symbolically linking /home/houshengao/ican_shoot/build/ican_referee_system/launch/referee.launch.py -> /home/houshengao/ican_shoot/install/ican_referee_system/share/ican_referee_system/launch
[30.030s] Invoked command in '/home/houshengao/ican_shoot/build/ican_referee_system' returned '0': PYTHONPATH=/home/houshengao/ican_shoot/build/ican_referee_system/prefix_override:/usr/lib/python3/dist-packages/colcon_core/task/python/colcon_distutils_commands:/home/houshengao/ican_shoot/install/ican_referee_system/lib/python3.10/site-packages:${PYTHONPATH} /usr/bin/python3 -W ignore:setup.py install is deprecated -W ignore:easy_install command is deprecated setup.py develop --editable --build-directory /home/houshengao/ican_shoot/build/ican_referee_system/build --no-deps symlink_data
