[0.601s] Invoking command in '/home/yjy/ican_shoot/ican_shoot/build/ican_example_navigation': AMENT_PREFIX_PATH=/home/yjy/ican_shoot/ican_shoot/install/nav2_bringup:/home/yjy/ican_shoot/ican_shoot/install/navigation2:${AMENT_PREFIX_PATH} CMAKE_PREFIX_PATH=/home/yjy/ican_shoot/ican_shoot/install/nav2_bringup:/home/yjy/ican_shoot/ican_shoot/install/navigation2 PYTHONPATH=/home/yjy/ican_shoot/ican_shoot/build/ican_example_navigation/prefix_override:/usr/lib/python3/dist-packages/colcon_core/task/python/colcon_distutils_commands:/home/yjy/ican_shoot/ican_shoot/install/ican_example_navigation/lib/python3.10/site-packages:${PYTHONPATH} /usr/bin/python3 -W ignore:setup.py install is deprecated -W ignore:easy_install command is deprecated setup.py develop --uninstall --editable --build-directory /home/yjy/ican_shoot/ican_shoot/build/ican_example_navigation/build
[0.824s] running develop
[0.963s] Removing /home/yjy/ican_shoot/ican_shoot/install/ican_example_navigation/lib/python3.10/site-packages/ican-example-navigation.egg-link (link to .)
[1.016s] Invoked command in '/home/yjy/ican_shoot/ican_shoot/build/ican_example_navigation' returned '0': AMENT_PREFIX_PATH=/home/yjy/ican_shoot/ican_shoot/install/nav2_bringup:/home/yjy/ican_shoot/ican_shoot/install/navigation2:${AMENT_PREFIX_PATH} CMAKE_PREFIX_PATH=/home/yjy/ican_shoot/ican_shoot/install/nav2_bringup:/home/yjy/ican_shoot/ican_shoot/install/navigation2 PYTHONPATH=/home/yjy/ican_shoot/ican_shoot/build/ican_example_navigation/prefix_override:/usr/lib/python3/dist-packages/colcon_core/task/python/colcon_distutils_commands:/home/yjy/ican_shoot/ican_shoot/install/ican_example_navigation/lib/python3.10/site-packages:${PYTHONPATH} /usr/bin/python3 -W ignore:setup.py install is deprecated -W ignore:easy_install command is deprecated setup.py develop --uninstall --editable --build-directory /home/yjy/ican_shoot/ican_shoot/build/ican_example_navigation/build
[1.018s] Invoking command in '/home/yjy/ican_shoot/ican_shoot/src/ican_example_navigation': AMENT_PREFIX_PATH=/home/yjy/ican_shoot/ican_shoot/install/nav2_bringup:/home/yjy/ican_shoot/ican_shoot/install/navigation2:${AMENT_PREFIX_PATH} CMAKE_PREFIX_PATH=/home/yjy/ican_shoot/ican_shoot/install/nav2_bringup:/home/yjy/ican_shoot/ican_shoot/install/navigation2 PYTHONPATH=/home/yjy/ican_shoot/ican_shoot/build/ican_example_navigation/prefix_override:/usr/lib/python3/dist-packages/colcon_core/task/python/colcon_distutils_commands:/home/yjy/ican_shoot/ican_shoot/install/ican_example_navigation/lib/python3.10/site-packages:${PYTHONPATH} /usr/bin/python3 -W ignore:setup.py install is deprecated -W ignore:easy_install command is deprecated setup.py egg_info --egg-base ../../build/ican_example_navigation build --build-base /home/yjy/ican_shoot/ican_shoot/build/ican_example_navigation/build install --record /home/yjy/ican_shoot/ican_shoot/build/ican_example_navigation/install.log --install-scripts $base/lib/ican_example_navigation --single-version-externally-managed install_data --force
[1.221s] running egg_info
[1.222s] writing ../../build/ican_example_navigation/ican_example_navigation.egg-info/PKG-INFO
[1.224s] writing dependency_links to ../../build/ican_example_navigation/ican_example_navigation.egg-info/dependency_links.txt
[1.224s] writing entry points to ../../build/ican_example_navigation/ican_example_navigation.egg-info/entry_points.txt
[1.225s] writing requirements to ../../build/ican_example_navigation/ican_example_navigation.egg-info/requires.txt
[1.225s] writing top-level names to ../../build/ican_example_navigation/ican_example_navigation.egg-info/top_level.txt
[1.227s] reading manifest file '../../build/ican_example_navigation/ican_example_navigation.egg-info/SOURCES.txt'
[1.228s] writing manifest file '../../build/ican_example_navigation/ican_example_navigation.egg-info/SOURCES.txt'
[1.228s] running build
[1.228s] running build_py
[1.230s] running install
[1.231s] running install_lib
[1.232s] creating /home/yjy/ican_shoot/ican_shoot/install/ican_example_navigation/lib/python3.10/site-packages/ican_example_navigation
[1.232s] copying /home/yjy/ican_shoot/ican_shoot/build/ican_example_navigation/build/lib/ican_example_navigation/__init__.py -> /home/yjy/ican_shoot/ican_shoot/install/ican_example_navigation/lib/python3.10/site-packages/ican_example_navigation
[1.233s] copying /home/yjy/ican_shoot/ican_shoot/build/ican_example_navigation/build/lib/ican_example_navigation/initial_pose_publisher.py -> /home/yjy/ican_shoot/ican_shoot/install/ican_example_navigation/lib/python3.10/site-packages/ican_example_navigation
[1.234s] byte-compiling /home/yjy/ican_shoot/ican_shoot/install/ican_example_navigation/lib/python3.10/site-packages/ican_example_navigation/__init__.py to __init__.cpython-310.pyc
[1.235s] byte-compiling /home/yjy/ican_shoot/ican_shoot/install/ican_example_navigation/lib/python3.10/site-packages/ican_example_navigation/initial_pose_publisher.py to initial_pose_publisher.cpython-310.pyc
[1.235s] running install_data
[1.235s] copying resource/ican_example_navigation -> /home/yjy/ican_shoot/ican_shoot/install/ican_example_navigation/share/ament_index/resource_index/packages
[1.235s] copying package.xml -> /home/yjy/ican_shoot/ican_shoot/install/ican_example_navigation/share/ican_example_navigation
[1.237s] copying launch/navigation.launch.py -> /home/yjy/ican_shoot/ican_shoot/install/ican_example_navigation/share/ican_example_navigation/launch
[1.237s] copying maps/land_shoot_map.pgm -> /home/yjy/ican_shoot/ican_shoot/install/ican_example_navigation/share/ican_example_navigation/maps
[1.237s] copying maps/land_shoot_map.yaml -> /home/yjy/ican_shoot/ican_shoot/install/ican_example_navigation/share/ican_example_navigation/maps
[1.238s] copying config/nav2_params.yaml -> /home/yjy/ican_shoot/ican_shoot/install/ican_example_navigation/share/ican_example_navigation/config
[1.238s] copying rviz/example_nav.rviz -> /home/yjy/ican_shoot/ican_shoot/install/ican_example_navigation/share/ican_example_navigation/rviz
[1.238s] running install_egg_info
[1.244s] Copying ../../build/ican_example_navigation/ican_example_navigation.egg-info to /home/yjy/ican_shoot/ican_shoot/install/ican_example_navigation/lib/python3.10/site-packages/ican_example_navigation-0.1.0-py3.10.egg-info
[1.244s] running install_scripts
[1.266s] Installing initial_pose_publisher script to /home/yjy/ican_shoot/ican_shoot/install/ican_example_navigation/lib/ican_example_navigation
[1.266s] writing list of installed files to '/home/yjy/ican_shoot/ican_shoot/build/ican_example_navigation/install.log'
[1.312s] Invoked command in '/home/yjy/ican_shoot/ican_shoot/src/ican_example_navigation' returned '0': AMENT_PREFIX_PATH=/home/yjy/ican_shoot/ican_shoot/install/nav2_bringup:/home/yjy/ican_shoot/ican_shoot/install/navigation2:${AMENT_PREFIX_PATH} CMAKE_PREFIX_PATH=/home/yjy/ican_shoot/ican_shoot/install/nav2_bringup:/home/yjy/ican_shoot/ican_shoot/install/navigation2 PYTHONPATH=/home/yjy/ican_shoot/ican_shoot/build/ican_example_navigation/prefix_override:/usr/lib/python3/dist-packages/colcon_core/task/python/colcon_distutils_commands:/home/yjy/ican_shoot/ican_shoot/install/ican_example_navigation/lib/python3.10/site-packages:${PYTHONPATH} /usr/bin/python3 -W ignore:setup.py install is deprecated -W ignore:easy_install command is deprecated setup.py egg_info --egg-base ../../build/ican_example_navigation build --build-base /home/yjy/ican_shoot/ican_shoot/build/ican_example_navigation/build install --record /home/yjy/ican_shoot/ican_shoot/build/ican_example_navigation/install.log --install-scripts $base/lib/ican_example_navigation --single-version-externally-managed install_data --force
