[0.103s] DEBUG:colcon:Command line arguments: ['/usr/bin/colcon', 'build', '--symlink-install', '--packages-select', 'ican_referee_system', 'ican_example_mission', '--parallel-workers', '2']
[0.103s] DEBUG:colcon:Parsed command line arguments: Namespace(log_base=None, log_level=None, verb_name='build', build_base='build', install_base='install', merge_install=False, symlink_install=True, test_result_base=None, continue_on_error=False, executor='parallel', parallel_workers=2, event_handlers=None, ignore_user_meta=False, metas=['./colcon.meta'], base_paths=['.'], packages_ignore=None, packages_ignore_regex=None, paths=None, packages_up_to=None, packages_up_to_regex=None, packages_above=None, packages_above_and_dependencies=None, packages_above_depth=None, packages_select_by_dep=None, packages_skip_by_dep=None, packages_skip_up_to=None, packages_select_build_failed=False, packages_skip_build_finished=False, packages_select_test_failures=False, packages_skip_test_passed=False, packages_select=['ican_referee_system', 'ican_example_mission'], packages_skip=None, packages_select_regex=None, packages_skip_regex=None, packages_start=None, packages_end=None, cmake_args=None, cmake_target=None, cmake_target_skip_unavailable=False, cmake_clean_cache=False, cmake_clean_first=False, cmake_force_configure=False, ament_cmake_args=None, catkin_cmake_args=None, catkin_skip_building_tests=False, mixin_files=None, mixin=None, verb_parser=<colcon_mixin.mixin.mixin_argument.MixinArgumentDecorator object at 0x7c1465915c00>, verb_extension=<colcon_core.verb.build.BuildVerb object at 0x7c1465a56e90>, main=<bound method BuildVerb.main of <colcon_core.verb.build.BuildVerb object at 0x7c1465a56e90>>, mixin_verb=('build',))
[0.228s] Level 1:colcon.colcon_core.package_discovery:discover_packages(colcon_meta) check parameters
[0.228s] Level 1:colcon.colcon_core.package_discovery:discover_packages(recursive) check parameters
[0.228s] Level 1:colcon.colcon_core.package_discovery:discover_packages(ignore) check parameters
[0.228s] Level 1:colcon.colcon_core.package_discovery:discover_packages(path) check parameters
[0.228s] Level 1:colcon.colcon_core.package_discovery:discover_packages(colcon_meta) discover
[0.228s] Level 1:colcon.colcon_core.package_discovery:discover_packages(recursive) discover
[0.228s] INFO:colcon.colcon_core.package_discovery:Crawling recursively for packages in '/home/houshengao/ican_shoot'
[0.228s] Level 1:colcon.colcon_core.package_identification:_identify(.) by extensions ['ignore', 'ignore_ament_install']
[0.228s] Level 1:colcon.colcon_core.package_identification:_identify(.) by extension 'ignore'
[0.228s] Level 1:colcon.colcon_core.package_identification:_identify(.) by extension 'ignore_ament_install'
[0.228s] Level 1:colcon.colcon_core.package_identification:_identify(.) by extensions ['colcon_pkg']
[0.228s] Level 1:colcon.colcon_core.package_identification:_identify(.) by extension 'colcon_pkg'
[0.228s] Level 1:colcon.colcon_core.package_identification:_identify(.) by extensions ['colcon_meta']
[0.228s] Level 1:colcon.colcon_core.package_identification:_identify(.) by extension 'colcon_meta'
[0.228s] Level 1:colcon.colcon_core.package_identification:_identify(.) by extensions ['ros']
[0.228s] Level 1:colcon.colcon_core.package_identification:_identify(.) by extension 'ros'
[0.239s] Level 1:colcon.colcon_core.package_identification:_identify(.) by extensions ['cmake', 'python']
[0.239s] Level 1:colcon.colcon_core.package_identification:_identify(.) by extension 'cmake'
[0.239s] Level 1:colcon.colcon_core.package_identification:_identify(.) by extension 'python'
[0.239s] Level 1:colcon.colcon_core.package_identification:_identify(.) by extensions ['python_setup_py']
[0.239s] Level 1:colcon.colcon_core.package_identification:_identify(.) by extension 'python_setup_py'
[0.239s] Level 1:colcon.colcon_core.package_identification:_identify(build) by extensions ['ignore', 'ignore_ament_install']
[0.239s] Level 1:colcon.colcon_core.package_identification:_identify(build) by extension 'ignore'
[0.239s] Level 1:colcon.colcon_core.package_identification:_identify(build) ignored
[0.239s] Level 1:colcon.colcon_core.package_identification:_identify(docs) by extensions ['ignore', 'ignore_ament_install']
[0.239s] Level 1:colcon.colcon_core.package_identification:_identify(docs) by extension 'ignore'
[0.239s] Level 1:colcon.colcon_core.package_identification:_identify(docs) by extension 'ignore_ament_install'
[0.239s] Level 1:colcon.colcon_core.package_identification:_identify(docs) by extensions ['colcon_pkg']
[0.239s] Level 1:colcon.colcon_core.package_identification:_identify(docs) by extension 'colcon_pkg'
[0.239s] Level 1:colcon.colcon_core.package_identification:_identify(docs) by extensions ['colcon_meta']
[0.239s] Level 1:colcon.colcon_core.package_identification:_identify(docs) by extension 'colcon_meta'
[0.239s] Level 1:colcon.colcon_core.package_identification:_identify(docs) by extensions ['ros']
[0.239s] Level 1:colcon.colcon_core.package_identification:_identify(docs) by extension 'ros'
[0.239s] Level 1:colcon.colcon_core.package_identification:_identify(docs) by extensions ['cmake', 'python']
[0.239s] Level 1:colcon.colcon_core.package_identification:_identify(docs) by extension 'cmake'
[0.239s] Level 1:colcon.colcon_core.package_identification:_identify(docs) by extension 'python'
[0.239s] Level 1:colcon.colcon_core.package_identification:_identify(docs) by extensions ['python_setup_py']
[0.239s] Level 1:colcon.colcon_core.package_identification:_identify(docs) by extension 'python_setup_py'
[0.239s] Level 1:colcon.colcon_core.package_identification:_identify(install) by extensions ['ignore', 'ignore_ament_install']
[0.239s] Level 1:colcon.colcon_core.package_identification:_identify(install) by extension 'ignore'
[0.239s] Level 1:colcon.colcon_core.package_identification:_identify(install) ignored
[0.239s] Level 1:colcon.colcon_core.package_identification:_identify(log) by extensions ['ignore', 'ignore_ament_install']
[0.239s] Level 1:colcon.colcon_core.package_identification:_identify(log) by extension 'ignore'
[0.239s] Level 1:colcon.colcon_core.package_identification:_identify(log) ignored
[0.240s] Level 1:colcon.colcon_core.package_identification:_identify(packages) by extensions ['ignore', 'ignore_ament_install']
[0.240s] Level 1:colcon.colcon_core.package_identification:_identify(packages) by extension 'ignore'
[0.240s] Level 1:colcon.colcon_core.package_identification:_identify(packages) by extension 'ignore_ament_install'
[0.240s] Level 1:colcon.colcon_core.package_identification:_identify(packages) by extensions ['colcon_pkg']
[0.240s] Level 1:colcon.colcon_core.package_identification:_identify(packages) by extension 'colcon_pkg'
[0.240s] Level 1:colcon.colcon_core.package_identification:_identify(packages) by extensions ['colcon_meta']
[0.240s] Level 1:colcon.colcon_core.package_identification:_identify(packages) by extension 'colcon_meta'
[0.240s] Level 1:colcon.colcon_core.package_identification:_identify(packages) by extensions ['ros']
[0.240s] Level 1:colcon.colcon_core.package_identification:_identify(packages) by extension 'ros'
[0.240s] Level 1:colcon.colcon_core.package_identification:_identify(packages) by extensions ['cmake', 'python']
[0.240s] Level 1:colcon.colcon_core.package_identification:_identify(packages) by extension 'cmake'
[0.240s] Level 1:colcon.colcon_core.package_identification:_identify(packages) by extension 'python'
[0.240s] Level 1:colcon.colcon_core.package_identification:_identify(packages) by extensions ['python_setup_py']
[0.240s] Level 1:colcon.colcon_core.package_identification:_identify(packages) by extension 'python_setup_py'
[0.240s] Level 1:colcon.colcon_core.package_identification:_identify(scripts) by extensions ['ignore', 'ignore_ament_install']
[0.240s] Level 1:colcon.colcon_core.package_identification:_identify(scripts) by extension 'ignore'
[0.240s] Level 1:colcon.colcon_core.package_identification:_identify(scripts) by extension 'ignore_ament_install'
[0.240s] Level 1:colcon.colcon_core.package_identification:_identify(scripts) by extensions ['colcon_pkg']
[0.240s] Level 1:colcon.colcon_core.package_identification:_identify(scripts) by extension 'colcon_pkg'
[0.240s] Level 1:colcon.colcon_core.package_identification:_identify(scripts) by extensions ['colcon_meta']
[0.240s] Level 1:colcon.colcon_core.package_identification:_identify(scripts) by extension 'colcon_meta'
[0.240s] Level 1:colcon.colcon_core.package_identification:_identify(scripts) by extensions ['ros']
[0.240s] Level 1:colcon.colcon_core.package_identification:_identify(scripts) by extension 'ros'
[0.240s] Level 1:colcon.colcon_core.package_identification:_identify(scripts) by extensions ['cmake', 'python']
[0.240s] Level 1:colcon.colcon_core.package_identification:_identify(scripts) by extension 'cmake'
[0.240s] Level 1:colcon.colcon_core.package_identification:_identify(scripts) by extension 'python'
[0.240s] Level 1:colcon.colcon_core.package_identification:_identify(scripts) by extensions ['python_setup_py']
[0.240s] Level 1:colcon.colcon_core.package_identification:_identify(scripts) by extension 'python_setup_py'
[0.240s] Level 1:colcon.colcon_core.package_identification:_identify(scripts/__pycache__) by extensions ['ignore', 'ignore_ament_install']
[0.241s] Level 1:colcon.colcon_core.package_identification:_identify(scripts/__pycache__) by extension 'ignore'
[0.241s] Level 1:colcon.colcon_core.package_identification:_identify(scripts/__pycache__) by extension 'ignore_ament_install'
[0.241s] Level 1:colcon.colcon_core.package_identification:_identify(scripts/__pycache__) by extensions ['colcon_pkg']
[0.241s] Level 1:colcon.colcon_core.package_identification:_identify(scripts/__pycache__) by extension 'colcon_pkg'
[0.241s] Level 1:colcon.colcon_core.package_identification:_identify(scripts/__pycache__) by extensions ['colcon_meta']
[0.241s] Level 1:colcon.colcon_core.package_identification:_identify(scripts/__pycache__) by extension 'colcon_meta'
[0.241s] Level 1:colcon.colcon_core.package_identification:_identify(scripts/__pycache__) by extensions ['ros']
[0.241s] Level 1:colcon.colcon_core.package_identification:_identify(scripts/__pycache__) by extension 'ros'
[0.241s] Level 1:colcon.colcon_core.package_identification:_identify(scripts/__pycache__) by extensions ['cmake', 'python']
[0.241s] Level 1:colcon.colcon_core.package_identification:_identify(scripts/__pycache__) by extension 'cmake'
[0.241s] Level 1:colcon.colcon_core.package_identification:_identify(scripts/__pycache__) by extension 'python'
[0.242s] Level 1:colcon.colcon_core.package_identification:_identify(scripts/__pycache__) by extensions ['python_setup_py']
[0.242s] Level 1:colcon.colcon_core.package_identification:_identify(scripts/__pycache__) by extension 'python_setup_py'
[0.242s] Level 1:colcon.colcon_core.package_identification:_identify(src) by extensions ['ignore', 'ignore_ament_install']
[0.242s] Level 1:colcon.colcon_core.package_identification:_identify(src) by extension 'ignore'
[0.242s] Level 1:colcon.colcon_core.package_identification:_identify(src) by extension 'ignore_ament_install'
[0.243s] Level 1:colcon.colcon_core.package_identification:_identify(src) by extensions ['colcon_pkg']
[0.243s] Level 1:colcon.colcon_core.package_identification:_identify(src) by extension 'colcon_pkg'
[0.243s] Level 1:colcon.colcon_core.package_identification:_identify(src) by extensions ['colcon_meta']
[0.243s] Level 1:colcon.colcon_core.package_identification:_identify(src) by extension 'colcon_meta'
[0.243s] Level 1:colcon.colcon_core.package_identification:_identify(src) by extensions ['ros']
[0.243s] Level 1:colcon.colcon_core.package_identification:_identify(src) by extension 'ros'
[0.243s] Level 1:colcon.colcon_core.package_identification:_identify(src) by extensions ['cmake', 'python']
[0.243s] Level 1:colcon.colcon_core.package_identification:_identify(src) by extension 'cmake'
[0.243s] Level 1:colcon.colcon_core.package_identification:_identify(src) by extension 'python'
[0.243s] Level 1:colcon.colcon_core.package_identification:_identify(src) by extensions ['python_setup_py']
[0.243s] Level 1:colcon.colcon_core.package_identification:_identify(src) by extension 'python_setup_py'
[0.243s] Level 1:colcon.colcon_core.package_identification:_identify(src/ican_example_mission) by extensions ['ignore', 'ignore_ament_install']
[0.244s] Level 1:colcon.colcon_core.package_identification:_identify(src/ican_example_mission) by extension 'ignore'
[0.244s] Level 1:colcon.colcon_core.package_identification:_identify(src/ican_example_mission) by extension 'ignore_ament_install'
[0.244s] Level 1:colcon.colcon_core.package_identification:_identify(src/ican_example_mission) by extensions ['colcon_pkg']
[0.244s] Level 1:colcon.colcon_core.package_identification:_identify(src/ican_example_mission) by extension 'colcon_pkg'
[0.244s] Level 1:colcon.colcon_core.package_identification:_identify(src/ican_example_mission) by extensions ['colcon_meta']
[0.244s] Level 1:colcon.colcon_core.package_identification:_identify(src/ican_example_mission) by extension 'colcon_meta'
[0.244s] Level 1:colcon.colcon_core.package_identification:_identify(src/ican_example_mission) by extensions ['ros']
[0.244s] Level 1:colcon.colcon_core.package_identification:_identify(src/ican_example_mission) by extension 'ros'
[0.246s] DEBUG:colcon.colcon_core.package_identification:Package 'src/ican_example_mission' with type 'ros.ament_python' and name 'ican_example_mission'
[0.246s] Level 1:colcon.colcon_core.package_identification:_identify(src/ican_example_navigation) by extensions ['ignore', 'ignore_ament_install']
[0.246s] Level 1:colcon.colcon_core.package_identification:_identify(src/ican_example_navigation) by extension 'ignore'
[0.246s] Level 1:colcon.colcon_core.package_identification:_identify(src/ican_example_navigation) by extension 'ignore_ament_install'
[0.246s] Level 1:colcon.colcon_core.package_identification:_identify(src/ican_example_navigation) by extensions ['colcon_pkg']
[0.247s] Level 1:colcon.colcon_core.package_identification:_identify(src/ican_example_navigation) by extension 'colcon_pkg'
[0.247s] Level 1:colcon.colcon_core.package_identification:_identify(src/ican_example_navigation) by extensions ['colcon_meta']
[0.247s] Level 1:colcon.colcon_core.package_identification:_identify(src/ican_example_navigation) by extension 'colcon_meta'
[0.247s] Level 1:colcon.colcon_core.package_identification:_identify(src/ican_example_navigation) by extensions ['ros']
[0.247s] Level 1:colcon.colcon_core.package_identification:_identify(src/ican_example_navigation) by extension 'ros'
[0.247s] DEBUG:colcon.colcon_core.package_identification:Package 'src/ican_example_navigation' with type 'ros.ament_python' and name 'ican_example_navigation'
[0.247s] Level 1:colcon.colcon_core.package_identification:_identify(src/ican_example_ring_aim) by extensions ['ignore', 'ignore_ament_install']
[0.247s] Level 1:colcon.colcon_core.package_identification:_identify(src/ican_example_ring_aim) by extension 'ignore'
[0.247s] Level 1:colcon.colcon_core.package_identification:_identify(src/ican_example_ring_aim) by extension 'ignore_ament_install'
[0.247s] Level 1:colcon.colcon_core.package_identification:_identify(src/ican_example_ring_aim) by extensions ['colcon_pkg']
[0.247s] Level 1:colcon.colcon_core.package_identification:_identify(src/ican_example_ring_aim) by extension 'colcon_pkg'
[0.247s] Level 1:colcon.colcon_core.package_identification:_identify(src/ican_example_ring_aim) by extensions ['colcon_meta']
[0.247s] Level 1:colcon.colcon_core.package_identification:_identify(src/ican_example_ring_aim) by extension 'colcon_meta'
[0.247s] Level 1:colcon.colcon_core.package_identification:_identify(src/ican_example_ring_aim) by extensions ['ros']
[0.248s] Level 1:colcon.colcon_core.package_identification:_identify(src/ican_example_ring_aim) by extension 'ros'
[0.249s] DEBUG:colcon.colcon_core.package_identification:Package 'src/ican_example_ring_aim' with type 'ros.ament_python' and name 'ican_example_ring_aim'
[0.249s] Level 1:colcon.colcon_core.package_identification:_identify(src/ican_referee_system) by extensions ['ignore', 'ignore_ament_install']
[0.249s] Level 1:colcon.colcon_core.package_identification:_identify(src/ican_referee_system) by extension 'ignore'
[0.249s] Level 1:colcon.colcon_core.package_identification:_identify(src/ican_referee_system) by extension 'ignore_ament_install'
[0.249s] Level 1:colcon.colcon_core.package_identification:_identify(src/ican_referee_system) by extensions ['colcon_pkg']
[0.249s] Level 1:colcon.colcon_core.package_identification:_identify(src/ican_referee_system) by extension 'colcon_pkg'
[0.249s] Level 1:colcon.colcon_core.package_identification:_identify(src/ican_referee_system) by extensions ['colcon_meta']
[0.249s] Level 1:colcon.colcon_core.package_identification:_identify(src/ican_referee_system) by extension 'colcon_meta'
[0.249s] Level 1:colcon.colcon_core.package_identification:_identify(src/ican_referee_system) by extensions ['ros']
[0.249s] Level 1:colcon.colcon_core.package_identification:_identify(src/ican_referee_system) by extension 'ros'
[0.250s] DEBUG:colcon.colcon_core.package_identification:Package 'src/ican_referee_system' with type 'ros.ament_python' and name 'ican_referee_system'
[0.250s] Level 1:colcon.colcon_core.package_discovery:discover_packages(recursive) using defaults
[0.250s] Level 1:colcon.colcon_core.package_discovery:discover_packages(ignore) discover
[0.250s] Level 1:colcon.colcon_core.package_discovery:discover_packages(ignore) using defaults
[0.250s] Level 1:colcon.colcon_core.package_discovery:discover_packages(path) discover
[0.250s] Level 1:colcon.colcon_core.package_discovery:discover_packages(path) using defaults
[0.287s] INFO:colcon.colcon_core.package_selection:Skipping not selected package 'ican_example_navigation' in 'src/ican_example_navigation'
[0.287s] INFO:colcon.colcon_core.package_selection:Skipping not selected package 'ican_example_ring_aim' in 'src/ican_example_ring_aim'
[0.287s] Level 5:colcon.colcon_core.verb:set package 'ican_referee_system' build argument 'cmake_args' from command line to 'None'
[0.287s] Level 5:colcon.colcon_core.verb:set package 'ican_referee_system' build argument 'cmake_target' from command line to 'None'
[0.287s] Level 5:colcon.colcon_core.verb:set package 'ican_referee_system' build argument 'cmake_target_skip_unavailable' from command line to 'False'
[0.287s] Level 5:colcon.colcon_core.verb:set package 'ican_referee_system' build argument 'cmake_clean_cache' from command line to 'False'
[0.287s] Level 5:colcon.colcon_core.verb:set package 'ican_referee_system' build argument 'cmake_clean_first' from command line to 'False'
[0.287s] Level 5:colcon.colcon_core.verb:set package 'ican_referee_system' build argument 'cmake_force_configure' from command line to 'False'
[0.287s] Level 5:colcon.colcon_core.verb:set package 'ican_referee_system' build argument 'ament_cmake_args' from command line to 'None'
[0.287s] Level 5:colcon.colcon_core.verb:set package 'ican_referee_system' build argument 'catkin_cmake_args' from command line to 'None'
[0.287s] Level 5:colcon.colcon_core.verb:set package 'ican_referee_system' build argument 'catkin_skip_building_tests' from command line to 'False'
[0.287s] DEBUG:colcon.colcon_core.verb:Building package 'ican_referee_system' with the following arguments: {'ament_cmake_args': None, 'build_base': '/home/houshengao/ican_shoot/build/ican_referee_system', 'catkin_cmake_args': None, 'catkin_skip_building_tests': False, 'cmake_args': None, 'cmake_clean_cache': False, 'cmake_clean_first': False, 'cmake_force_configure': False, 'cmake_target': None, 'cmake_target_skip_unavailable': False, 'install_base': '/home/houshengao/ican_shoot/install/ican_referee_system', 'merge_install': False, 'path': '/home/houshengao/ican_shoot/src/ican_referee_system', 'symlink_install': True, 'test_result_base': None}
[0.288s] Level 5:colcon.colcon_core.verb:set package 'ican_example_mission' build argument 'cmake_args' from command line to 'None'
[0.288s] Level 5:colcon.colcon_core.verb:set package 'ican_example_mission' build argument 'cmake_target' from command line to 'None'
[0.288s] Level 5:colcon.colcon_core.verb:set package 'ican_example_mission' build argument 'cmake_target_skip_unavailable' from command line to 'False'
[0.288s] Level 5:colcon.colcon_core.verb:set package 'ican_example_mission' build argument 'cmake_clean_cache' from command line to 'False'
[0.288s] Level 5:colcon.colcon_core.verb:set package 'ican_example_mission' build argument 'cmake_clean_first' from command line to 'False'
[0.288s] Level 5:colcon.colcon_core.verb:set package 'ican_example_mission' build argument 'cmake_force_configure' from command line to 'False'
[0.288s] Level 5:colcon.colcon_core.verb:set package 'ican_example_mission' build argument 'ament_cmake_args' from command line to 'None'
[0.288s] Level 5:colcon.colcon_core.verb:set package 'ican_example_mission' build argument 'catkin_cmake_args' from command line to 'None'
[0.288s] Level 5:colcon.colcon_core.verb:set package 'ican_example_mission' build argument 'catkin_skip_building_tests' from command line to 'False'
[0.288s] DEBUG:colcon.colcon_core.verb:Building package 'ican_example_mission' with the following arguments: {'ament_cmake_args': None, 'build_base': '/home/houshengao/ican_shoot/build/ican_example_mission', 'catkin_cmake_args': None, 'catkin_skip_building_tests': False, 'cmake_args': None, 'cmake_clean_cache': False, 'cmake_clean_first': False, 'cmake_force_configure': False, 'cmake_target': None, 'cmake_target_skip_unavailable': False, 'install_base': '/home/houshengao/ican_shoot/install/ican_example_mission', 'merge_install': False, 'path': '/home/houshengao/ican_shoot/src/ican_example_mission', 'symlink_install': True, 'test_result_base': None}
[0.288s] INFO:colcon.colcon_core.executor:Executing jobs using 'parallel' executor
[0.289s] DEBUG:colcon.colcon_parallel_executor.executor.parallel:run_until_complete
[0.289s] INFO:colcon.colcon_ros.task.ament_python.build:Building ROS package in '/home/houshengao/ican_shoot/src/ican_referee_system' with build type 'ament_python'
[0.290s] Level 1:colcon.colcon_core.shell:create_environment_hook('ican_referee_system', 'ament_prefix_path')
[0.291s] INFO:colcon.colcon_core.plugin_system:Skipping extension 'colcon_core.shell.bat': Not used on non-Windows systems
[0.291s] INFO:colcon.colcon_core.shell:Creating environment hook '/home/houshengao/ican_shoot/install/ican_referee_system/share/ican_referee_system/hook/ament_prefix_path.ps1'
[0.292s] INFO:colcon.colcon_core.shell:Creating environment descriptor '/home/houshengao/ican_shoot/install/ican_referee_system/share/ican_referee_system/hook/ament_prefix_path.dsv'
[0.292s] INFO:colcon.colcon_core.shell:Creating environment hook '/home/houshengao/ican_shoot/install/ican_referee_system/share/ican_referee_system/hook/ament_prefix_path.sh'
[0.293s] INFO:colcon.colcon_core.shell:Skip shell extension 'powershell' for command environment: Not usable outside of PowerShell
[0.293s] DEBUG:colcon.colcon_core.shell:Skip shell extension 'dsv' for command environment
[0.520s] INFO:colcon.colcon_core.task.python.build:Building Python package in '/home/houshengao/ican_shoot/src/ican_referee_system'
[0.521s] INFO:colcon.colcon_core.shell:Skip shell extension 'powershell' for command environment: Not usable outside of PowerShell
[0.521s] DEBUG:colcon.colcon_core.shell:Skip shell extension 'dsv' for command environment
[0.884s] DEBUG:colcon.colcon_core.task.python.build:Available setuptools commands: check, alias, develop, install_data, saveopts, install_headers, sdist, bdist_dumb, dist_info, bdist, clean, rotate, register, install_egg_info, bdist_wheel, build_scripts, build_ext, install, egg_info, test, upload_docs, build_py, easy_install, symlink_data, build_clib, setopt, build, bdist_rpm, upload, bdist_egg, install_lib, install_scripts
[1.170s] DEBUG:colcon.colcon_core.task.python.build:Available setuptools 'develop' options: --uninstall, --always-copy, --version, --always-unzip, --site-dirs, --quiet, --zip-ok, --help, --editable, --allow-hosts, --script-dir, --no-find-links, --user, --no-user-cfg, --no-deps, --dry-run, --verbose, --index-url, --install-layout, --exclude-scripts, --build-directory, --install-dir, --egg-path, --record, --prefix, --optimize, --force-installation-into-system-dir, --multi-version, --local-snapshots-ok, --find-links, --upgrade
[1.172s] DEBUG:colcon.colcon_core.event_handler.log_command:Invoking command in '/home/houshengao/ican_shoot/build/ican_referee_system': PYTHONPATH=/home/houshengao/ican_shoot/build/ican_referee_system/prefix_override:/usr/lib/python3/dist-packages/colcon_core/task/python/colcon_distutils_commands:/home/houshengao/ican_shoot/install/ican_referee_system/lib/python3.10/site-packages:${PYTHONPATH} /usr/bin/python3 -W ignore:setup.py install is deprecated -W ignore:easy_install command is deprecated setup.py develop --editable --build-directory /home/houshengao/ican_shoot/build/ican_referee_system/build --no-deps symlink_data
[30.319s] Level 1:colcon.colcon_core.shell:create_environment_hook('ican_referee_system', 'pythonpath_develop')
[30.320s] INFO:colcon.colcon_core.shell:Creating environment hook '/home/houshengao/ican_shoot/build/ican_referee_system/share/ican_referee_system/hook/pythonpath_develop.ps1'
[30.320s] DEBUG:colcon.colcon_core.event_handler.log_command:Invoked command in '/home/houshengao/ican_shoot/build/ican_referee_system' returned '0': PYTHONPATH=/home/houshengao/ican_shoot/build/ican_referee_system/prefix_override:/usr/lib/python3/dist-packages/colcon_core/task/python/colcon_distutils_commands:/home/houshengao/ican_shoot/install/ican_referee_system/lib/python3.10/site-packages:${PYTHONPATH} /usr/bin/python3 -W ignore:setup.py install is deprecated -W ignore:easy_install command is deprecated setup.py develop --editable --build-directory /home/houshengao/ican_shoot/build/ican_referee_system/build --no-deps symlink_data
[30.321s] INFO:colcon.colcon_core.shell:Creating environment descriptor '/home/houshengao/ican_shoot/build/ican_referee_system/share/ican_referee_system/hook/pythonpath_develop.dsv'
[30.322s] INFO:colcon.colcon_core.shell:Creating environment hook '/home/houshengao/ican_shoot/build/ican_referee_system/share/ican_referee_system/hook/pythonpath_develop.sh'
[30.327s] Level 1:colcon.colcon_core.environment:checking '/home/houshengao/ican_shoot/install/ican_referee_system' for CMake module files
[30.328s] Level 1:colcon.colcon_core.environment:checking '/home/houshengao/ican_shoot/install/ican_referee_system' for CMake config files
[30.328s] Level 1:colcon.colcon_core.environment:checking '/home/houshengao/ican_shoot/install/ican_referee_system/lib'
[30.329s] Level 1:colcon.colcon_core.environment:checking '/home/houshengao/ican_shoot/install/ican_referee_system/bin'
[30.329s] Level 1:colcon.colcon_core.environment:checking '/home/houshengao/ican_shoot/install/ican_referee_system/lib/pkgconfig/ican_referee_system.pc'
[30.329s] Level 1:colcon.colcon_core.environment:checking '/home/houshengao/ican_shoot/install/ican_referee_system/lib/python3.10/site-packages'
[30.329s] Level 1:colcon.colcon_core.shell:create_environment_hook('ican_referee_system', 'pythonpath')
[30.329s] INFO:colcon.colcon_core.shell:Creating environment hook '/home/houshengao/ican_shoot/install/ican_referee_system/share/ican_referee_system/hook/pythonpath.ps1'
[30.329s] INFO:colcon.colcon_core.shell:Creating environment descriptor '/home/houshengao/ican_shoot/install/ican_referee_system/share/ican_referee_system/hook/pythonpath.dsv'
[30.329s] INFO:colcon.colcon_core.shell:Creating environment hook '/home/houshengao/ican_shoot/install/ican_referee_system/share/ican_referee_system/hook/pythonpath.sh'
[30.330s] Level 1:colcon.colcon_core.environment:checking '/home/houshengao/ican_shoot/install/ican_referee_system/bin'
[30.330s] Level 1:colcon.colcon_core.environment:create_environment_scripts_only(ican_referee_system)
[30.330s] INFO:colcon.colcon_core.shell:Creating package script '/home/houshengao/ican_shoot/install/ican_referee_system/share/ican_referee_system/package.ps1'
[30.331s] INFO:colcon.colcon_core.shell:Creating package descriptor '/home/houshengao/ican_shoot/install/ican_referee_system/share/ican_referee_system/package.dsv'
[30.332s] INFO:colcon.colcon_core.shell:Creating package script '/home/houshengao/ican_shoot/install/ican_referee_system/share/ican_referee_system/package.sh'
[30.334s] INFO:colcon.colcon_core.shell:Creating package script '/home/houshengao/ican_shoot/install/ican_referee_system/share/ican_referee_system/package.bash'
[30.334s] INFO:colcon.colcon_core.shell:Creating package script '/home/houshengao/ican_shoot/install/ican_referee_system/share/ican_referee_system/package.zsh'
[30.335s] Level 1:colcon.colcon_core.environment:create_file_with_runtime_dependencies(/home/houshengao/ican_shoot/install/ican_referee_system/share/colcon-core/packages/ican_referee_system)
[30.335s] INFO:colcon.colcon_ros.task.ament_python.build:Building ROS package in '/home/houshengao/ican_shoot/src/ican_example_mission' with build type 'ament_python'
[30.336s] Level 1:colcon.colcon_core.shell:create_environment_hook('ican_example_mission', 'ament_prefix_path')
[30.336s] INFO:colcon.colcon_core.shell:Creating environment hook '/home/houshengao/ican_shoot/install/ican_example_mission/share/ican_example_mission/hook/ament_prefix_path.ps1'
[30.336s] INFO:colcon.colcon_core.shell:Creating environment descriptor '/home/houshengao/ican_shoot/install/ican_example_mission/share/ican_example_mission/hook/ament_prefix_path.dsv'
[30.339s] INFO:colcon.colcon_core.shell:Creating environment hook '/home/houshengao/ican_shoot/install/ican_example_mission/share/ican_example_mission/hook/ament_prefix_path.sh'
[30.339s] INFO:colcon.colcon_core.shell:Skip shell extension 'powershell' for command environment: Not usable outside of PowerShell
[30.339s] DEBUG:colcon.colcon_core.shell:Skip shell extension 'dsv' for command environment
[60.623s] INFO:colcon.colcon_core.task.python.build:Building Python package in '/home/houshengao/ican_shoot/src/ican_example_mission'
[60.624s] INFO:colcon.colcon_core.shell:Skip shell extension 'powershell' for command environment: Not usable outside of PowerShell
[60.624s] DEBUG:colcon.colcon_core.shell:Skip shell extension 'dsv' for command environment
[90.710s] DEBUG:colcon.colcon_core.task.python.build:Available setuptools commands: check, alias, develop, install_data, saveopts, install_headers, sdist, bdist_dumb, dist_info, bdist, clean, rotate, register, install_egg_info, bdist_wheel, build_scripts, build_ext, install, egg_info, test, upload_docs, build_py, easy_install, symlink_data, build_clib, setopt, build, bdist_rpm, upload, bdist_egg, install_lib, install_scripts
[120.425s] DEBUG:colcon.colcon_core.task.python.build:Available setuptools 'develop' options: --uninstall, --always-copy, --version, --always-unzip, --site-dirs, --quiet, --zip-ok, --help, --editable, --allow-hosts, --script-dir, --no-find-links, --user, --no-user-cfg, --no-deps, --dry-run, --verbose, --index-url, --install-layout, --exclude-scripts, --build-directory, --install-dir, --egg-path, --record, --prefix, --optimize, --force-installation-into-system-dir, --multi-version, --local-snapshots-ok, --find-links, --upgrade
[120.431s] DEBUG:colcon.colcon_core.event_handler.log_command:Invoking command in '/home/houshengao/ican_shoot/build/ican_example_mission': AMENT_PREFIX_PATH=/home/houshengao/ican_shoot/install/ican_referee_system:/home/houshengao/ican_shoot/install/ican_example_ring_aim:/home/houshengao/ican_shoot/install/ican_example_navigation:${AMENT_PREFIX_PATH} PYTHONPATH=/home/houshengao/ican_shoot/build/ican_example_mission/prefix_override:/usr/lib/python3/dist-packages/colcon_core/task/python/colcon_distutils_commands:/home/houshengao/ican_shoot/install/ican_example_mission/lib/python3.10/site-packages:/home/houshengao/ican_shoot/build/ican_referee_system:/home/houshengao/ican_shoot/install/ican_referee_system/lib/python3.10/site-packages:/home/houshengao/ican_shoot/build/ican_example_ring_aim:/home/houshengao/ican_shoot/install/ican_example_ring_aim/lib/python3.10/site-packages:/home/houshengao/ican_shoot/build/ican_example_navigation:/home/houshengao/ican_shoot/install/ican_example_navigation/lib/python3.10/site-packages:${PYTHONPATH} /usr/bin/python3 -W ignore:setup.py install is deprecated -W ignore:easy_install command is deprecated setup.py develop --editable --build-directory /home/houshengao/ican_shoot/build/ican_example_mission/build --no-deps symlink_data
[120.832s] Level 1:colcon.colcon_core.shell:create_environment_hook('ican_example_mission', 'pythonpath_develop')
[120.833s] INFO:colcon.colcon_core.shell:Creating environment hook '/home/houshengao/ican_shoot/build/ican_example_mission/share/ican_example_mission/hook/pythonpath_develop.ps1'
[120.833s] DEBUG:colcon.colcon_core.event_handler.log_command:Invoked command in '/home/houshengao/ican_shoot/build/ican_example_mission' returned '0': AMENT_PREFIX_PATH=/home/houshengao/ican_shoot/install/ican_referee_system:/home/houshengao/ican_shoot/install/ican_example_ring_aim:/home/houshengao/ican_shoot/install/ican_example_navigation:${AMENT_PREFIX_PATH} PYTHONPATH=/home/houshengao/ican_shoot/build/ican_example_mission/prefix_override:/usr/lib/python3/dist-packages/colcon_core/task/python/colcon_distutils_commands:/home/houshengao/ican_shoot/install/ican_example_mission/lib/python3.10/site-packages:/home/houshengao/ican_shoot/build/ican_referee_system:/home/houshengao/ican_shoot/install/ican_referee_system/lib/python3.10/site-packages:/home/houshengao/ican_shoot/build/ican_example_ring_aim:/home/houshengao/ican_shoot/install/ican_example_ring_aim/lib/python3.10/site-packages:/home/houshengao/ican_shoot/build/ican_example_navigation:/home/houshengao/ican_shoot/install/ican_example_navigation/lib/python3.10/site-packages:${PYTHONPATH} /usr/bin/python3 -W ignore:setup.py install is deprecated -W ignore:easy_install command is deprecated setup.py develop --editable --build-directory /home/houshengao/ican_shoot/build/ican_example_mission/build --no-deps symlink_data
[120.836s] INFO:colcon.colcon_core.shell:Creating environment descriptor '/home/houshengao/ican_shoot/build/ican_example_mission/share/ican_example_mission/hook/pythonpath_develop.dsv'
[120.837s] INFO:colcon.colcon_core.shell:Creating environment hook '/home/houshengao/ican_shoot/build/ican_example_mission/share/ican_example_mission/hook/pythonpath_develop.sh'
[120.840s] Level 1:colcon.colcon_core.environment:checking '/home/houshengao/ican_shoot/install/ican_example_mission' for CMake module files
[120.841s] Level 1:colcon.colcon_core.environment:checking '/home/houshengao/ican_shoot/install/ican_example_mission' for CMake config files
[120.842s] Level 1:colcon.colcon_core.environment:checking '/home/houshengao/ican_shoot/install/ican_example_mission/lib'
[120.842s] Level 1:colcon.colcon_core.environment:checking '/home/houshengao/ican_shoot/install/ican_example_mission/bin'
[120.842s] Level 1:colcon.colcon_core.environment:checking '/home/houshengao/ican_shoot/install/ican_example_mission/lib/pkgconfig/ican_example_mission.pc'
[120.842s] Level 1:colcon.colcon_core.environment:checking '/home/houshengao/ican_shoot/install/ican_example_mission/lib/python3.10/site-packages'
[120.843s] Level 1:colcon.colcon_core.shell:create_environment_hook('ican_example_mission', 'pythonpath')
[120.843s] INFO:colcon.colcon_core.shell:Creating environment hook '/home/houshengao/ican_shoot/install/ican_example_mission/share/ican_example_mission/hook/pythonpath.ps1'
[120.844s] INFO:colcon.colcon_core.shell:Creating environment descriptor '/home/houshengao/ican_shoot/install/ican_example_mission/share/ican_example_mission/hook/pythonpath.dsv'
[120.844s] INFO:colcon.colcon_core.shell:Creating environment hook '/home/houshengao/ican_shoot/install/ican_example_mission/share/ican_example_mission/hook/pythonpath.sh'
[120.845s] Level 1:colcon.colcon_core.environment:checking '/home/houshengao/ican_shoot/install/ican_example_mission/bin'
[120.845s] Level 1:colcon.colcon_core.environment:create_environment_scripts_only(ican_example_mission)
[120.845s] INFO:colcon.colcon_core.shell:Creating package script '/home/houshengao/ican_shoot/install/ican_example_mission/share/ican_example_mission/package.ps1'
[120.845s] INFO:colcon.colcon_core.shell:Creating package descriptor '/home/houshengao/ican_shoot/install/ican_example_mission/share/ican_example_mission/package.dsv'
[120.846s] INFO:colcon.colcon_core.shell:Creating package script '/home/houshengao/ican_shoot/install/ican_example_mission/share/ican_example_mission/package.sh'
[120.846s] INFO:colcon.colcon_core.shell:Creating package script '/home/houshengao/ican_shoot/install/ican_example_mission/share/ican_example_mission/package.bash'
[120.848s] INFO:colcon.colcon_core.shell:Creating package script '/home/houshengao/ican_shoot/install/ican_example_mission/share/ican_example_mission/package.zsh'
[120.848s] Level 1:colcon.colcon_core.environment:create_file_with_runtime_dependencies(/home/houshengao/ican_shoot/install/ican_example_mission/share/colcon-core/packages/ican_example_mission)
[120.849s] DEBUG:colcon.colcon_parallel_executor.executor.parallel:closing loop
[120.849s] DEBUG:colcon.colcon_parallel_executor.executor.parallel:loop closed
[120.849s] DEBUG:colcon.colcon_parallel_executor.executor.parallel:run_until_complete finished with '0'
[120.849s] DEBUG:colcon.colcon_core.event_reactor:joining thread
[120.856s] INFO:colcon.colcon_core.plugin_system:Skipping extension 'colcon_notification.desktop_notification.terminal_notifier': Not used on non-Darwin systems
[120.856s] INFO:colcon.colcon_core.plugin_system:Skipping extension 'colcon_notification.desktop_notification.win32': Not used on non-Windows systems
[120.857s] INFO:colcon.colcon_notification.desktop_notification:Sending desktop notification using 'notify2'
[120.857s] DEBUG:colcon.colcon_notification.desktop_notification.notify2:Failed to initialize notify2: org.freedesktop.DBus.Error.AccessDenied: Failed to connect to socket /run/user/1000/bus: Operation not permitted
[120.857s] DEBUG:colcon.colcon_core.event_reactor:joined thread
[120.857s] INFO:colcon.colcon_core.shell:Creating prefix script '/home/houshengao/ican_shoot/install/local_setup.ps1'
[120.859s] INFO:colcon.colcon_core.shell:Creating prefix util module '/home/houshengao/ican_shoot/install/_local_setup_util_ps1.py'
[120.860s] INFO:colcon.colcon_core.shell:Creating prefix chain script '/home/houshengao/ican_shoot/install/setup.ps1'
[120.861s] INFO:colcon.colcon_core.shell:Creating prefix script '/home/houshengao/ican_shoot/install/local_setup.sh'
[120.862s] INFO:colcon.colcon_core.shell:Creating prefix util module '/home/houshengao/ican_shoot/install/_local_setup_util_sh.py'
[120.863s] INFO:colcon.colcon_core.shell:Creating prefix chain script '/home/houshengao/ican_shoot/install/setup.sh'
[120.864s] INFO:colcon.colcon_core.shell:Creating prefix script '/home/houshengao/ican_shoot/install/local_setup.bash'
[120.865s] INFO:colcon.colcon_core.shell:Creating prefix chain script '/home/houshengao/ican_shoot/install/setup.bash'
[120.867s] INFO:colcon.colcon_core.shell:Creating prefix script '/home/houshengao/ican_shoot/install/local_setup.zsh'
[120.867s] INFO:colcon.colcon_core.shell:Creating prefix chain script '/home/houshengao/ican_shoot/install/setup.zsh'
