[0.022s] Invoking command in '/home/yjy/ican_shoot/ican_shoot/build/nav2_bringup': AMENT_PREFIX_PATH=/home/yjy/ican_shoot/ican_shoot/install/navigation2:${AMENT_PREFIX_PATH} CMAKE_PREFIX_PATH=/home/yjy/ican_shoot/ican_shoot/install/navigation2:/opt/ican_shoot_sim:/opt/ros/humble /usr/bin/cmake --build /home/yjy/ican_shoot/ican_shoot/build/nav2_bringup -- -j4 -l4
[0.104s] Invoked command in '/home/yjy/ican_shoot/ican_shoot/build/nav2_bringup' returned '0': AMENT_PREFIX_PATH=/home/yjy/ican_shoot/ican_shoot/install/navigation2:${AMENT_PREFIX_PATH} CMAKE_PREFIX_PATH=/home/yjy/ican_shoot/ican_shoot/install/navigation2:/opt/ican_shoot_sim:/opt/ros/humble /usr/bin/cmake --build /home/yjy/ican_shoot/ican_shoot/build/nav2_bringup -- -j4 -l4
[0.105s] Invoking command in '/home/yjy/ican_shoot/ican_shoot/build/nav2_bringup': AMENT_PREFIX_PATH=/home/yjy/ican_shoot/ican_shoot/install/navigation2:${AMENT_PREFIX_PATH} CMAKE_PREFIX_PATH=/home/yjy/ican_shoot/ican_shoot/install/navigation2:/opt/ican_shoot_sim:/opt/ros/humble /usr/bin/cmake --install /home/yjy/ican_shoot/ican_shoot/build/nav2_bringup
[0.119s] -- Install configuration: "Release"
[0.121s] -- Execute custom install script
[0.121s] -- Up-to-date symlink: /home/yjy/ican_shoot/ican_shoot/install/nav2_bringup/share/nav2_bringup/launch/bringup_launch.py
[0.122s] -- Up-to-date symlink: /home/yjy/ican_shoot/ican_shoot/install/nav2_bringup/share/nav2_bringup/launch/cloned_multi_tb3_simulation_launch.py
[0.122s] -- Up-to-date symlink: /home/yjy/ican_shoot/ican_shoot/install/nav2_bringup/share/nav2_bringup/launch/localization_launch.py
[0.122s] -- Up-to-date symlink: /home/yjy/ican_shoot/ican_shoot/install/nav2_bringup/share/nav2_bringup/launch/navigation_launch.py
[0.122s] -- Up-to-date symlink: /home/yjy/ican_shoot/ican_shoot/install/nav2_bringup/share/nav2_bringup/launch/rviz_launch.py
[0.123s] -- Up-to-date symlink: /home/yjy/ican_shoot/ican_shoot/install/nav2_bringup/share/nav2_bringup/launch/slam_launch.py
[0.123s] -- Up-to-date symlink: /home/yjy/ican_shoot/ican_shoot/install/nav2_bringup/share/nav2_bringup/launch/tb3_simulation_launch.py
[0.124s] -- Up-to-date symlink: /home/yjy/ican_shoot/ican_shoot/install/nav2_bringup/share/nav2_bringup/launch/unique_multi_tb3_simulation_launch.py
[0.128s] -- Up-to-date symlink: /home/yjy/ican_shoot/ican_shoot/install/nav2_bringup/share/nav2_bringup/maps/turtlebot3_world.pgm
[0.129s] -- Up-to-date symlink: /home/yjy/ican_shoot/ican_shoot/install/nav2_bringup/share/nav2_bringup/maps/turtlebot3_world.yaml
[0.129s] -- Up-to-date symlink: /home/yjy/ican_shoot/ican_shoot/install/nav2_bringup/share/nav2_bringup/rviz/nav2_default_view.rviz
[0.129s] -- Up-to-date symlink: /home/yjy/ican_shoot/ican_shoot/install/nav2_bringup/share/nav2_bringup/rviz/nav2_namespaced_view.rviz
[0.129s] -- Up-to-date symlink: /home/yjy/ican_shoot/ican_shoot/install/nav2_bringup/share/nav2_bringup/worlds/waffle.model
[0.129s] -- Up-to-date symlink: /home/yjy/ican_shoot/ican_shoot/install/nav2_bringup/share/nav2_bringup/worlds/world_only.model
[0.130s] -- Up-to-date symlink: /home/yjy/ican_shoot/ican_shoot/install/nav2_bringup/share/nav2_bringup/params/nav2_multirobot_params_1.yaml
[0.130s] -- Up-to-date symlink: /home/yjy/ican_shoot/ican_shoot/install/nav2_bringup/share/nav2_bringup/params/nav2_multirobot_params_2.yaml
[0.130s] -- Up-to-date symlink: /home/yjy/ican_shoot/ican_shoot/install/nav2_bringup/share/nav2_bringup/params/nav2_multirobot_params_all.yaml
[0.130s] -- Up-to-date symlink: /home/yjy/ican_shoot/ican_shoot/install/nav2_bringup/share/nav2_bringup/params/nav2_params.yaml
[0.130s] -- Up-to-date symlink: /home/yjy/ican_shoot/ican_shoot/install/nav2_bringup/share/nav2_bringup/urdf/turtlebot3_waffle.urdf
[0.130s] -- Up-to-date symlink: /home/yjy/ican_shoot/ican_shoot/install/nav2_bringup/share/ament_index/resource_index/package_run_dependencies/nav2_bringup
[0.132s] -- Up-to-date symlink: /home/yjy/ican_shoot/ican_shoot/install/nav2_bringup/share/ament_index/resource_index/parent_prefix_path/nav2_bringup
[0.132s] -- Up-to-date symlink: /home/yjy/ican_shoot/ican_shoot/install/nav2_bringup/share/nav2_bringup/environment/ament_prefix_path.sh
[0.132s] -- Up-to-date symlink: /home/yjy/ican_shoot/ican_shoot/install/nav2_bringup/share/nav2_bringup/environment/ament_prefix_path.dsv
[0.132s] -- Up-to-date symlink: /home/yjy/ican_shoot/ican_shoot/install/nav2_bringup/share/nav2_bringup/environment/path.sh
[0.132s] -- Up-to-date symlink: /home/yjy/ican_shoot/ican_shoot/install/nav2_bringup/share/nav2_bringup/environment/path.dsv
[0.132s] -- Up-to-date symlink: /home/yjy/ican_shoot/ican_shoot/install/nav2_bringup/share/nav2_bringup/local_setup.bash
[0.132s] -- Up-to-date symlink: /home/yjy/ican_shoot/ican_shoot/install/nav2_bringup/share/nav2_bringup/local_setup.sh
[0.132s] -- Up-to-date symlink: /home/yjy/ican_shoot/ican_shoot/install/nav2_bringup/share/nav2_bringup/local_setup.zsh
[0.133s] -- Up-to-date symlink: /home/yjy/ican_shoot/ican_shoot/install/nav2_bringup/share/nav2_bringup/local_setup.dsv
[0.133s] -- Symlinking: /home/yjy/ican_shoot/ican_shoot/install/nav2_bringup/share/nav2_bringup/package.dsv
[0.158s] -- Up-to-date symlink: /home/yjy/ican_shoot/ican_shoot/install/nav2_bringup/share/ament_index/resource_index/packages/nav2_bringup
[0.161s] -- Up-to-date symlink: /home/yjy/ican_shoot/ican_shoot/install/nav2_bringup/share/nav2_bringup/cmake/nav2_bringupConfig.cmake
[0.161s] -- Up-to-date symlink: /home/yjy/ican_shoot/ican_shoot/install/nav2_bringup/share/nav2_bringup/cmake/nav2_bringupConfig-version.cmake
[0.161s] -- Up-to-date symlink: /home/yjy/ican_shoot/ican_shoot/install/nav2_bringup/share/nav2_bringup/package.xml
[0.167s] Invoked command in '/home/yjy/ican_shoot/ican_shoot/build/nav2_bringup' returned '0': AMENT_PREFIX_PATH=/home/yjy/ican_shoot/ican_shoot/install/navigation2:${AMENT_PREFIX_PATH} CMAKE_PREFIX_PATH=/home/yjy/ican_shoot/ican_shoot/install/navigation2:/opt/ican_shoot_sim:/opt/ros/humble /usr/bin/cmake --install /home/yjy/ican_shoot/ican_shoot/build/nav2_bringup
