[2.000s] Invoking command in '/home/yjy/ican_shoot/ican_shoot/build/ican_referee_system': PYTHONPATH=/home/yjy/ican_shoot/ican_shoot/build/ican_referee_system/prefix_override:/usr/lib/python3/dist-packages/colcon_core/task/python/colcon_distutils_commands:/home/yjy/ican_shoot/ican_shoot/install/ican_referee_system/lib/python3.10/site-packages:${PYTHONPATH} /usr/bin/python3 -W ignore:setup.py install is deprecated -W ignore:easy_install command is deprecated setup.py develop --uninstall --editable --build-directory /home/yjy/ican_shoot/ican_shoot/build/ican_referee_system/build
[2.430s] running develop
[2.698s] Removing /home/yjy/ican_shoot/ican_shoot/install/ican_referee_system/lib/python3.10/site-packages/ican-referee-system.egg-link (link to .)
[2.769s] Invoked command in '/home/yjy/ican_shoot/ican_shoot/build/ican_referee_system' returned '0': PYTHONPATH=/home/yjy/ican_shoot/ican_shoot/build/ican_referee_system/prefix_override:/usr/lib/python3/dist-packages/colcon_core/task/python/colcon_distutils_commands:/home/yjy/ican_shoot/ican_shoot/install/ican_referee_system/lib/python3.10/site-packages:${PYTHONPATH} /usr/bin/python3 -W ignore:setup.py install is deprecated -W ignore:easy_install command is deprecated setup.py develop --uninstall --editable --build-directory /home/yjy/ican_shoot/ican_shoot/build/ican_referee_system/build
[2.773s] Invoking command in '/home/yjy/ican_shoot/ican_shoot/src/ican_referee_system': PYTHONPATH=/home/yjy/ican_shoot/ican_shoot/build/ican_referee_system/prefix_override:/usr/lib/python3/dist-packages/colcon_core/task/python/colcon_distutils_commands:/home/yjy/ican_shoot/ican_shoot/install/ican_referee_system/lib/python3.10/site-packages:${PYTHONPATH} /usr/bin/python3 -W ignore:setup.py install is deprecated -W ignore:easy_install command is deprecated setup.py egg_info --egg-base ../../build/ican_referee_system build --build-base /home/yjy/ican_shoot/ican_shoot/build/ican_referee_system/build install --record /home/yjy/ican_shoot/ican_shoot/build/ican_referee_system/install.log --install-scripts $base/lib/ican_referee_system --single-version-externally-managed install_data --force
[3.156s] running egg_info
[3.159s] writing ../../build/ican_referee_system/ican_referee_system.egg-info/PKG-INFO
[3.159s] writing dependency_links to ../../build/ican_referee_system/ican_referee_system.egg-info/dependency_links.txt
[3.159s] writing entry points to ../../build/ican_referee_system/ican_referee_system.egg-info/entry_points.txt
[3.160s] writing requirements to ../../build/ican_referee_system/ican_referee_system.egg-info/requires.txt
[3.160s] writing top-level names to ../../build/ican_referee_system/ican_referee_system.egg-info/top_level.txt
[3.162s] reading manifest file '../../build/ican_referee_system/ican_referee_system.egg-info/SOURCES.txt'
[3.164s] writing manifest file '../../build/ican_referee_system/ican_referee_system.egg-info/SOURCES.txt'
[3.165s] running build
[3.165s] running build_py
[3.167s] copying ican_referee_system/referee_node.py -> /home/yjy/ican_shoot/ican_shoot/build/ican_referee_system/build/lib/ican_referee_system
[3.167s] running install
[3.168s] running install_lib
[3.169s] creating /home/yjy/ican_shoot/ican_shoot/install/ican_referee_system/lib/python3.10/site-packages/ican_referee_system
[3.169s] copying /home/yjy/ican_shoot/ican_shoot/build/ican_referee_system/build/lib/ican_referee_system/__init__.py -> /home/yjy/ican_shoot/ican_shoot/install/ican_referee_system/lib/python3.10/site-packages/ican_referee_system
[3.170s] copying /home/yjy/ican_shoot/ican_shoot/build/ican_referee_system/build/lib/ican_referee_system/referee_node.py -> /home/yjy/ican_shoot/ican_shoot/install/ican_referee_system/lib/python3.10/site-packages/ican_referee_system
[3.171s] byte-compiling /home/yjy/ican_shoot/ican_shoot/install/ican_referee_system/lib/python3.10/site-packages/ican_referee_system/__init__.py to __init__.cpython-310.pyc
[3.172s] byte-compiling /home/yjy/ican_shoot/ican_shoot/install/ican_referee_system/lib/python3.10/site-packages/ican_referee_system/referee_node.py to referee_node.cpython-310.pyc
[3.178s] running install_data
[3.178s] copying resource/ican_referee_system -> /home/yjy/ican_shoot/ican_shoot/install/ican_referee_system/share/ament_index/resource_index/packages
[3.180s] copying package.xml -> /home/yjy/ican_shoot/ican_shoot/install/ican_referee_system/share/ican_referee_system
[3.180s] copying launch/referee.launch.py -> /home/yjy/ican_shoot/ican_shoot/install/ican_referee_system/share/ican_referee_system/launch
[3.180s] running install_egg_info
[3.183s] Copying ../../build/ican_referee_system/ican_referee_system.egg-info to /home/yjy/ican_shoot/ican_shoot/install/ican_referee_system/lib/python3.10/site-packages/ican_referee_system-0.2.0-py3.10.egg-info
[3.185s] running install_scripts
[3.222s] Installing referee_node script to /home/yjy/ican_shoot/ican_shoot/install/ican_referee_system/lib/ican_referee_system
[3.223s] writing list of installed files to '/home/yjy/ican_shoot/ican_shoot/build/ican_referee_system/install.log'
[3.273s] Invoked command in '/home/yjy/ican_shoot/ican_shoot/src/ican_referee_system' returned '0': PYTHONPATH=/home/yjy/ican_shoot/ican_shoot/build/ican_referee_system/prefix_override:/usr/lib/python3/dist-packages/colcon_core/task/python/colcon_distutils_commands:/home/yjy/ican_shoot/ican_shoot/install/ican_referee_system/lib/python3.10/site-packages:${PYTHONPATH} /usr/bin/python3 -W ignore:setup.py install is deprecated -W ignore:easy_install command is deprecated setup.py egg_info --egg-base ../../build/ican_referee_system build --build-base /home/yjy/ican_shoot/ican_shoot/build/ican_referee_system/build install --record /home/yjy/ican_shoot/ican_shoot/build/ican_referee_system/install.log --install-scripts $base/lib/ican_referee_system --single-version-externally-managed install_data --force
