[0.959s] Invoking command in '/home/yjy/ican_shoot/ican_shoot/build/ican_referee_system': PYTHONPATH=/home/yjy/ican_shoot/ican_shoot/build/ican_referee_system/prefix_override:/usr/lib/python3/dist-packages/colcon_core/task/python/colcon_distutils_commands:/home/yjy/ican_shoot/ican_shoot/install/ican_referee_system/lib/python3.10/site-packages:${PYTHONPATH} /usr/bin/python3 -W ignore:setup.py install is deprecated -W ignore:easy_install command is deprecated setup.py develop --uninstall --editable --build-directory /home/yjy/ican_shoot/ican_shoot/build/ican_referee_system/build
[1.210s] running develop
[1.335s] Removing /home/yjy/ican_shoot/ican_shoot/install/ican_referee_system/lib/python3.10/site-packages/ican-referee-system.egg-link (link to .)
[1.421s] Invoked command in '/home/yjy/ican_shoot/ican_shoot/build/ican_referee_system' returned '0': PYTHONPATH=/home/yjy/ican_shoot/ican_shoot/build/ican_referee_system/prefix_override:/usr/lib/python3/dist-packages/colcon_core/task/python/colcon_distutils_commands:/home/yjy/ican_shoot/ican_shoot/install/ican_referee_system/lib/python3.10/site-packages:${PYTHONPATH} /usr/bin/python3 -W ignore:setup.py install is deprecated -W ignore:easy_install command is deprecated setup.py develop --uninstall --editable --build-directory /home/yjy/ican_shoot/ican_shoot/build/ican_referee_system/build
[1.421s] Invoking command in '/home/yjy/ican_shoot/ican_shoot/src/ican_referee_system': PYTHONPATH=/home/yjy/ican_shoot/ican_shoot/build/ican_referee_system/prefix_override:/usr/lib/python3/dist-packages/colcon_core/task/python/colcon_distutils_commands:/home/yjy/ican_shoot/ican_shoot/install/ican_referee_system/lib/python3.10/site-packages:${PYTHONPATH} /usr/bin/python3 -W ignore:setup.py install is deprecated -W ignore:easy_install command is deprecated setup.py egg_info --egg-base ../../build/ican_referee_system build --build-base /home/yjy/ican_shoot/ican_shoot/build/ican_referee_system/build install --record /home/yjy/ican_shoot/ican_shoot/build/ican_referee_system/install.log --install-scripts $base/lib/ican_referee_system --single-version-externally-managed install_data --force
[1.655s] running egg_info
[1.655s] writing ../../build/ican_referee_system/ican_referee_system.egg-info/PKG-INFO
[1.656s] writing dependency_links to ../../build/ican_referee_system/ican_referee_system.egg-info/dependency_links.txt
[1.656s] writing entry points to ../../build/ican_referee_system/ican_referee_system.egg-info/entry_points.txt
[1.656s] writing requirements to ../../build/ican_referee_system/ican_referee_system.egg-info/requires.txt
[1.656s] writing top-level names to ../../build/ican_referee_system/ican_referee_system.egg-info/top_level.txt
[1.658s] reading manifest file '../../build/ican_referee_system/ican_referee_system.egg-info/SOURCES.txt'
[1.661s] writing manifest file '../../build/ican_referee_system/ican_referee_system.egg-info/SOURCES.txt'
[1.661s] running build
[1.661s] running build_py
[1.661s] running install
[1.661s] running install_lib
[1.662s] creating /home/yjy/ican_shoot/ican_shoot/install/ican_referee_system/lib/python3.10/site-packages/ican_referee_system
[1.662s] copying /home/yjy/ican_shoot/ican_shoot/build/ican_referee_system/build/lib/ican_referee_system/__init__.py -> /home/yjy/ican_shoot/ican_shoot/install/ican_referee_system/lib/python3.10/site-packages/ican_referee_system
[1.662s] copying /home/yjy/ican_shoot/ican_shoot/build/ican_referee_system/build/lib/ican_referee_system/referee_node.py -> /home/yjy/ican_shoot/ican_shoot/install/ican_referee_system/lib/python3.10/site-packages/ican_referee_system
[1.665s] byte-compiling /home/yjy/ican_shoot/ican_shoot/install/ican_referee_system/lib/python3.10/site-packages/ican_referee_system/__init__.py to __init__.cpython-310.pyc
[1.665s] byte-compiling /home/yjy/ican_shoot/ican_shoot/install/ican_referee_system/lib/python3.10/site-packages/ican_referee_system/referee_node.py to referee_node.cpython-310.pyc
[1.671s] running install_data
[1.671s] copying resource/ican_referee_system -> /home/yjy/ican_shoot/ican_shoot/install/ican_referee_system/share/ament_index/resource_index/packages
[1.671s] copying package.xml -> /home/yjy/ican_shoot/ican_shoot/install/ican_referee_system/share/ican_referee_system
[1.672s] copying launch/referee.launch.py -> /home/yjy/ican_shoot/ican_shoot/install/ican_referee_system/share/ican_referee_system/launch
[1.673s] running install_egg_info
[1.675s] Copying ../../build/ican_referee_system/ican_referee_system.egg-info to /home/yjy/ican_shoot/ican_shoot/install/ican_referee_system/lib/python3.10/site-packages/ican_referee_system-0.2.0-py3.10.egg-info
[1.677s] running install_scripts
[1.702s] Installing referee_node script to /home/yjy/ican_shoot/ican_shoot/install/ican_referee_system/lib/ican_referee_system
[1.702s] writing list of installed files to '/home/yjy/ican_shoot/ican_shoot/build/ican_referee_system/install.log'
[1.772s] Invoked command in '/home/yjy/ican_shoot/ican_shoot/src/ican_referee_system' returned '0': PYTHONPATH=/home/yjy/ican_shoot/ican_shoot/build/ican_referee_system/prefix_override:/usr/lib/python3/dist-packages/colcon_core/task/python/colcon_distutils_commands:/home/yjy/ican_shoot/ican_shoot/install/ican_referee_system/lib/python3.10/site-packages:${PYTHONPATH} /usr/bin/python3 -W ignore:setup.py install is deprecated -W ignore:easy_install command is deprecated setup.py egg_info --egg-base ../../build/ican_referee_system build --build-base /home/yjy/ican_shoot/ican_shoot/build/ican_referee_system/build install --record /home/yjy/ican_shoot/ican_shoot/build/ican_referee_system/install.log --install-scripts $base/lib/ican_referee_system --single-version-externally-managed install_data --force
