running egg_info
writing ../../build/ican_example_mission/ican_example_mission.egg-info/PKG-INFO
writing dependency_links to ../../build/ican_example_mission/ican_example_mission.egg-info/dependency_links.txt
writing entry points to ../../build/ican_example_mission/ican_example_mission.egg-info/entry_points.txt
writing requirements to ../../build/ican_example_mission/ican_example_mission.egg-info/requires.txt
writing top-level names to ../../build/ican_example_mission/ican_example_mission.egg-info/top_level.txt
reading manifest file '../../build/ican_example_mission/ican_example_mission.egg-info/SOURCES.txt'
writing manifest file '../../build/ican_example_mission/ican_example_mission.egg-info/SOURCES.txt'
running build
running build_py
copying ican_example_mission/full_mission_node.py -> /home/yjy/ican_shoot/ican_shoot/build/ican_example_mission/build/lib/ican_example_mission
running install
running install_lib
copying /home/yjy/ican_shoot/ican_shoot/build/ican_example_mission/build/lib/ican_example_mission/full_mission_node.py -> /home/yjy/ican_shoot/ican_shoot/install/ican_example_mission/lib/python3.10/site-packages/ican_example_mission
byte-compiling /home/yjy/ican_shoot/ican_shoot/install/ican_example_mission/lib/python3.10/site-packages/ican_example_mission/full_mission_node.py to full_mission_node.cpython-310.pyc
running install_data
copying launch/full_mission.launch.py -> /home/yjy/ican_shoot/ican_shoot/install/ican_example_mission/share/ican_example_mission/launch
running install_egg_info
removing '/home/yjy/ican_shoot/ican_shoot/install/ican_example_mission/lib/python3.10/site-packages/ican_example_mission-0.1.0-py3.10.egg-info' (and everything under it)
Copying ../../build/ican_example_mission/ican_example_mission.egg-info to /home/yjy/ican_shoot/ican_shoot/install/ican_example_mission/lib/python3.10/site-packages/ican_example_mission-0.1.0-py3.10.egg-info
running install_scripts
Installing full_mission_node script to /home/yjy/ican_shoot/ican_shoot/install/ican_example_mission/lib/ican_example_mission
Installing one_target_mission_node script to /home/yjy/ican_shoot/ican_shoot/install/ican_example_mission/lib/ican_example_mission
writing list of installed files to '/home/yjy/ican_shoot/ican_shoot/build/ican_example_mission/install.log'
