[0.000000] (-) TimerEvent: {}
[0.002094] (-) JobUnselected: {'identifier': 'ican_example_navigation'}
[0.002168] (-) JobUnselected: {'identifier': 'ican_example_ring_aim'}
[0.002194] (-) JobUnselected: {'identifier': 'ican_referee_system'}
[0.002221] (ican_example_mission) JobQueued: {'identifier': 'ican_example_mission', 'dependencies': OrderedDict([('ican_example_navigation', '/home/yjy/ican_shoot/ican_shoot/install/ican_example_navigation'), ('ican_example_ring_aim', '/home/yjy/ican_shoot/ican_shoot/install/ican_example_ring_aim'), ('ican_referee_system', '/home/yjy/ican_shoot/ican_shoot/install/ican_referee_system')])}
[0.002259] (ican_example_mission) JobStarted: {'identifier': 'ican_example_mission'}
[0.100570] (-) TimerEvent: {}
[0.201427] (-) TimerEvent: {}
[0.302847] (-) TimerEvent: {}
[0.403433] (-) TimerEvent: {}
[0.504078] (-) TimerEvent: {}
[0.605760] (-) TimerEvent: {}
[0.708783] (-) TimerEvent: {}
[0.812059] (-) TimerEvent: {}
[0.915079] (-) TimerEvent: {}
[1.016126] (-) TimerEvent: {}
[1.117789] (-) TimerEvent: {}
[1.219074] (-) TimerEvent: {}
[1.326469] (-) TimerEvent: {}
[1.427324] (-) TimerEvent: {}
[1.528106] (-) TimerEvent: {}
[1.628907] (-) TimerEvent: {}
[1.729655] (-) TimerEvent: {}
[1.830511] (-) TimerEvent: {}
[1.931397] (-) TimerEvent: {}
[1.970415] (ican_example_mission) Command: {'cmd': ['/usr/bin/python3', '-W', 'ignore:setup.py install is deprecated', '-W', 'ignore:easy_install command is deprecated', 'setup.py', 'develop', '--editable', '--build-directory', '/home/yjy/ican_shoot/ican_shoot/build/ican_example_mission/build', '--no-deps', 'symlink_data', '--force'], 'cwd': '/home/yjy/ican_shoot/ican_shoot/build/ican_example_mission', 'env': {'GJS_DEBUG_TOPICS': 'JS ERROR;JS LOG', 'PYTHONIOENCODING': 'utf-8', 'ZAI_OAUTH_CLIENT_ID': 'client_P8X5CMWmlaRO9gyO-KSqtg', 'ZCODE_DESKTOP_CONTEXT_PROMPT_ENABLED': '1', 'USER': 'yjy', 'GIT_EDITOR': 'true', 'XDG_SESSION_TYPE': 'wayland', 'SHLVL': '0', 'LD_LIBRARY_PATH': '/usr/lib/x86_64-linux-gnu/gazebo-11/plugins:/opt/ros/humble/opt/rviz_ogre_vendor/lib:/opt/ros/humble/lib/x86_64-linux-gnu:/opt/ros/humble/lib', 'HOME': '/home/yjy', 'CHROME_DESKTOP': 'zcode.desktop', 'OLDPWD': '/home/yjy/ican_shoot/ican_shoot', 'DESKTOP_SESSION': 'ubuntu', 'ZAI_OAUTH_ORIGIN': 'https://chat.z.ai', 'GIO_LAUNCHED_DESKTOP_FILE': '/usr/share/applications/zcode.desktop', 'ZCODE_APP_VERSION': '3.11.2', 'ROS_PYTHON_VERSION': '3', 'GNOME_SHELL_SESSION_MODE': 'ubuntu', 'GTK_MODULES': 'gail:atk-bridge', 'MANAGERPID': '1542', 'LC_CTYPE': 'en_US.UTF-8', 'SYSTEMD_EXEC_PID': '1714', 'DBUS_SESSION_BUS_ADDRESS': 'unix:path=/run/user/1000/bus', 'ZCODE_PROCESS_LABEL': 'local-1', 'GIO_LAUNCHED_DESKTOP_FILE_PID': '3130', 'NVM_DIR': '/home/yjy/.nvm', 'IM_CONFIG_PHASE': '1', 'WAYLAND_DISPLAY': 'wayland-0', 'ROS_DISTRO': 'humble', 'LOGNAME': 'yjy', 'ZCODE_RUNTIME_ENV': 'production', 'JOURNAL_STREAM': '8:23703', '_': '/usr/bin/colcon', 'ROS_VERSION': '2', 'XDG_SESSION_CLASS': 'user', 'USERNAME': 'yjy', 'ZAI_BUSINESS_BASE_URL': 'https://api.z.ai', 'TERM': 'dumb', 'GNOME_DESKTOP_SESSION_ID': 'this-is-deprecated', 'FC_FONTATIONS': '1', 'ROS_LOCALHOST_ONLY': '0', 'PATH': '/home/yjy/.local/bin:/home/yjy/.nvm/versions/node/v20.20.2/bin:/opt/ros/humble/bin:/usr/local/sbin:/usr/local/bin:/usr/sbin:/usr/bin:/sbin:/bin:/usr/games:/usr/local/games:/snap/bin:/opt/ZCode/resources/tools/bfs:/opt/ZCode/resources/tools/ripgrep:/opt/ZCode/resources/tools/ugrep', 'SESSION_MANAGER': 'local/yjy-virtual-machine:@/tmp/.ICE-unix/1679,unix/yjy-virtual-machine:/tmp/.ICE-unix/1679', 'INVOCATION_ID': '596fa7d9982c4f65bb8d0b3540000003', 'XDG_MENU_PREFIX': 'gnome-', 'ZCODE_BUILD_COMMIT_ID': '89817f5b', 'GNOME_SETUP_DISPLAY': ':1', 'XDG_RUNTIME_DIR': '/run/user/1000', 'GDK_BACKEND': 'wayland', 'DISPLAY': ':0', 'ZCODE_BFS_BINARY': '/opt/ZCode/resources/tools/bfs/bfs', 'LANG': 'en_US.UTF-8', 'XDG_CURRENT_DESKTOP': 'ubuntu:GNOME', 'XMODIFIERS': '@im=ibus', 'XDG_SESSION_DESKTOP': 'ubuntu', 'XAUTHORITY': '/run/user/1000/.mutter-Xwaylandauth.96RUV3', 'SSH_AGENT_LAUNCHER': 'gnome-keyring', 'SSH_AUTH_SOCK': '/run/user/1000/keyring/ssh', 'AMENT_PREFIX_PATH': '/home/yjy/ican_shoot/ican_shoot/install/ican_referee_system:/home/yjy/ican_shoot/ican_shoot/install/ican_example_ring_aim:/home/yjy/ican_shoot/ican_shoot/install/ican_example_navigation:/opt/ros/humble', 'SHELL': '/bin/bash', 'QT_ACCESSIBILITY': '1', 'GDMSESSION': 'ubuntu', 'PYTHONUTF8': '1', 'GJS_DEBUG_OUTPUT': 'stderr', 'ZCODE_CUA_GRAY_ENABLED': '0', 'QT_IM_MODULE': 'ibus', 'PWD': '/home/yjy/ican_shoot/ican_shoot/build/ican_example_mission', 'LC_ALL': 'en_US.UTF-8', 'ZCODE_BASE_URL': 'https://zcode.z.ai', 'XDG_CONFIG_DIRS': '/etc/xdg/xdg-ubuntu:/etc/xdg', 'NVM_CD_FLAGS': '', 'XDG_DATA_DIRS': '/usr/share/ubuntu:/usr/local/share/:/usr/share/:/var/lib/snapd/desktop', 'ZCODE_RG_BINARY': '/opt/ZCode/resources/tools/ripgrep/rg', 'PYTHONPATH': '/home/yjy/ican_shoot/ican_shoot/build/ican_example_mission/prefix_override:/usr/lib/python3/dist-packages/colcon_core/task/python/colcon_distutils_commands:/home/yjy/ican_shoot/ican_shoot/install/ican_example_mission/lib/python3.10/site-packages:/home/yjy/ican_shoot/ican_shoot/build/ican_referee_system:/home/yjy/ican_shoot/ican_shoot/install/ican_referee_system/lib/python3.10/site-packages:/home/yjy/ican_shoot/ican_shoot/install/ican_example_ring_aim/lib/python3.10/site-packages:/home/yjy/ican_shoot/ican_shoot/install/ican_example_navigation/lib/python3.10/site-packages:/opt/ros/humble/lib/python3.10/site-packages:/opt/ros/humble/local/lib/python3.10/dist-packages', 'ZCODE_UGREP_BINARY': '/opt/ZCode/resources/tools/ugrep/ugrep', 'ZCODE_ENV': 'production', 'COLCON': '1'}, 'shell': False}
[2.036471] (-) TimerEvent: {}
[2.137563] (-) TimerEvent: {}
[2.238742] (-) TimerEvent: {}
[2.339748] (-) TimerEvent: {}
[2.443365] (-) TimerEvent: {}
[2.544142] (-) TimerEvent: {}
[2.568317] (ican_example_mission) StdoutLine: {'line': b'running develop\n'}
[2.644428] (-) TimerEvent: {}
[2.744938] (-) TimerEvent: {}
[2.845576] (-) TimerEvent: {}
[2.900779] (ican_example_mission) StdoutLine: {'line': b'running egg_info\n'}
[2.902450] (ican_example_mission) StdoutLine: {'line': b'writing ican_example_mission.egg-info/PKG-INFO\n'}
[2.905405] (ican_example_mission) StdoutLine: {'line': b'writing dependency_links to ican_example_mission.egg-info/dependency_links.txt\n'}
[2.905611] (ican_example_mission) StdoutLine: {'line': b'writing entry points to ican_example_mission.egg-info/entry_points.txt\n'}
[2.906494] (ican_example_mission) StdoutLine: {'line': b'writing requirements to ican_example_mission.egg-info/requires.txt\n'}
[2.907369] (ican_example_mission) StdoutLine: {'line': b'writing top-level names to ican_example_mission.egg-info/top_level.txt\n'}
[2.913324] (ican_example_mission) StdoutLine: {'line': b"reading manifest file 'ican_example_mission.egg-info/SOURCES.txt'\n"}
[2.916859] (ican_example_mission) StdoutLine: {'line': b"writing manifest file 'ican_example_mission.egg-info/SOURCES.txt'\n"}
[2.923698] (ican_example_mission) StdoutLine: {'line': b'running build_ext\n'}
[2.923945] (ican_example_mission) StdoutLine: {'line': b'Creating /home/yjy/ican_shoot/ican_shoot/install/ican_example_mission/lib/python3.10/site-packages/ican-example-mission.egg-link (link to .)\n'}
[2.925579] (ican_example_mission) StdoutLine: {'line': b'Installing full_mission_node script to /home/yjy/ican_shoot/ican_shoot/install/ican_example_mission/lib/ican_example_mission\n'}
[2.927295] (ican_example_mission) StdoutLine: {'line': b'Installing one_target_mission_node script to /home/yjy/ican_shoot/ican_shoot/install/ican_example_mission/lib/ican_example_mission\n'}
[2.929130] (ican_example_mission) StdoutLine: {'line': b'\n'}
[2.929559] (ican_example_mission) StdoutLine: {'line': b'Installed /home/yjy/ican_shoot/ican_shoot/build/ican_example_mission\n'}
[2.929666] (ican_example_mission) StdoutLine: {'line': b'running symlink_data\n'}
[2.929731] (ican_example_mission) StdoutLine: {'line': b'symbolically linking /home/yjy/ican_shoot/ican_shoot/build/ican_example_mission/resource/ican_example_mission -> /home/yjy/ican_shoot/ican_shoot/install/ican_example_mission/share/ament_index/resource_index/packages\n'}
[2.929821] (ican_example_mission) StdoutLine: {'line': b'symbolically linking /home/yjy/ican_shoot/ican_shoot/build/ican_example_mission/package.xml -> /home/yjy/ican_shoot/ican_shoot/install/ican_example_mission/share/ican_example_mission\n'}
[2.929877] (ican_example_mission) StdoutLine: {'line': b'symbolically linking /home/yjy/ican_shoot/ican_shoot/build/ican_example_mission/launch/one_target_demo.launch.py -> /home/yjy/ican_shoot/ican_shoot/install/ican_example_mission/share/ican_example_mission/launch\n'}
[2.929947] (ican_example_mission) StdoutLine: {'line': b'symbolically linking /home/yjy/ican_shoot/ican_shoot/build/ican_example_mission/launch/full_mission.launch.py -> /home/yjy/ican_shoot/ican_shoot/install/ican_example_mission/share/ican_example_mission/launch\n'}
[2.950226] (-) TimerEvent: {}
[3.013767] (ican_example_mission) CommandEnded: {'returncode': 0}
[3.050951] (-) TimerEvent: {}
[3.067348] (ican_example_mission) JobEnded: {'identifier': 'ican_example_mission', 'rc': 0}
[3.070694] (-) EventReactorShutdown: {}
