[0.245s] DEBUG:colcon:Command line arguments: ['/usr/bin/colcon', 'build', '--symlink-install', '--packages-select', 'ican_example_mission']
[0.245s] DEBUG:colcon:Parsed command line arguments: Namespace(log_base=None, log_level=None, verb_name='build', build_base='build', install_base='install', merge_install=False, symlink_install=True, test_result_base=None, continue_on_error=False, executor='parallel', parallel_workers=4, event_handlers=None, ignore_user_meta=False, metas=['./colcon.meta'], base_paths=['.'], packages_ignore=None, packages_ignore_regex=None, paths=None, packages_up_to=None, packages_up_to_regex=None, packages_above=None, packages_above_and_dependencies=None, packages_above_depth=None, packages_select_by_dep=None, packages_skip_by_dep=None, packages_skip_up_to=None, packages_select_build_failed=False, packages_skip_build_finished=False, packages_select_test_failures=False, packages_skip_test_passed=False, packages_select=['ican_example_mission'], packages_skip=None, packages_select_regex=None, packages_skip_regex=None, packages_start=None, packages_end=None, cmake_args=None, cmake_target=None, cmake_target_skip_unavailable=False, cmake_clean_cache=False, cmake_clean_first=False, cmake_force_configure=False, ament_cmake_args=None, catkin_cmake_args=None, catkin_skip_building_tests=False, mixin_files=None, mixin=None, verb_parser=<colcon_mixin.mixin.mixin_argument.MixinArgumentDecorator object at 0x7709ea669de0>, verb_extension=<colcon_core.verb.build.BuildVerb object at 0x7709ea76f040>, main=<bound method BuildVerb.main of <colcon_core.verb.build.BuildVerb object at 0x7709ea76f040>>, mixin_verb=('build',))
[0.577s] Level 1:colcon.colcon_core.package_discovery:discover_packages(colcon_meta) check parameters
[0.577s] Level 1:colcon.colcon_core.package_discovery:discover_packages(recursive) check parameters
[0.578s] Level 1:colcon.colcon_core.package_discovery:discover_packages(ignore) check parameters
[0.578s] Level 1:colcon.colcon_core.package_discovery:discover_packages(path) check parameters
[0.578s] Level 1:colcon.colcon_core.package_discovery:discover_packages(colcon_meta) discover
[0.578s] Level 1:colcon.colcon_core.package_discovery:discover_packages(recursive) discover
[0.578s] INFO:colcon.colcon_core.package_discovery:Crawling recursively for packages in '/home/yjy/ican_shoot/ican_shoot'
[0.578s] Level 1:colcon.colcon_core.package_identification:_identify(.) by extensions ['ignore', 'ignore_ament_install']
[0.578s] Level 1:colcon.colcon_core.package_identification:_identify(.) by extension 'ignore'
[0.579s] Level 1:colcon.colcon_core.package_identification:_identify(.) by extension 'ignore_ament_install'
[0.579s] Level 1:colcon.colcon_core.package_identification:_identify(.) by extensions ['colcon_pkg']
[0.579s] Level 1:colcon.colcon_core.package_identification:_identify(.) by extension 'colcon_pkg'
[0.579s] Level 1:colcon.colcon_core.package_identification:_identify(.) by extensions ['colcon_meta']
[0.579s] Level 1:colcon.colcon_core.package_identification:_identify(.) by extension 'colcon_meta'
[0.579s] Level 1:colcon.colcon_core.package_identification:_identify(.) by extensions ['ros']
[0.579s] Level 1:colcon.colcon_core.package_identification:_identify(.) by extension 'ros'
[0.604s] Level 1:colcon.colcon_core.package_identification:_identify(.) by extensions ['cmake', 'python']
[0.604s] Level 1:colcon.colcon_core.package_identification:_identify(.) by extension 'cmake'
[0.604s] Level 1:colcon.colcon_core.package_identification:_identify(.) by extension 'python'
[0.604s] Level 1:colcon.colcon_core.package_identification:_identify(.) by extensions ['python_setup_py']
[0.605s] Level 1:colcon.colcon_core.package_identification:_identify(.) by extension 'python_setup_py'
[0.605s] Level 1:colcon.colcon_core.package_identification:_identify(build) by extensions ['ignore', 'ignore_ament_install']
[0.605s] Level 1:colcon.colcon_core.package_identification:_identify(build) by extension 'ignore'
[0.605s] Level 1:colcon.colcon_core.package_identification:_identify(build) ignored
[0.605s] Level 1:colcon.colcon_core.package_identification:_identify(docs) by extensions ['ignore', 'ignore_ament_install']
[0.606s] Level 1:colcon.colcon_core.package_identification:_identify(docs) by extension 'ignore'
[0.606s] Level 1:colcon.colcon_core.package_identification:_identify(docs) by extension 'ignore_ament_install'
[0.606s] Level 1:colcon.colcon_core.package_identification:_identify(docs) by extensions ['colcon_pkg']
[0.606s] Level 1:colcon.colcon_core.package_identification:_identify(docs) by extension 'colcon_pkg'
[0.606s] Level 1:colcon.colcon_core.package_identification:_identify(docs) by extensions ['colcon_meta']
[0.606s] Level 1:colcon.colcon_core.package_identification:_identify(docs) by extension 'colcon_meta'
[0.606s] Level 1:colcon.colcon_core.package_identification:_identify(docs) by extensions ['ros']
[0.606s] Level 1:colcon.colcon_core.package_identification:_identify(docs) by extension 'ros'
[0.607s] Level 1:colcon.colcon_core.package_identification:_identify(docs) by extensions ['cmake', 'python']
[0.607s] Level 1:colcon.colcon_core.package_identification:_identify(docs) by extension 'cmake'
[0.607s] Level 1:colcon.colcon_core.package_identification:_identify(docs) by extension 'python'
[0.607s] Level 1:colcon.colcon_core.package_identification:_identify(docs) by extensions ['python_setup_py']
[0.607s] Level 1:colcon.colcon_core.package_identification:_identify(docs) by extension 'python_setup_py'
[0.607s] Level 1:colcon.colcon_core.package_identification:_identify(install) by extensions ['ignore', 'ignore_ament_install']
[0.607s] Level 1:colcon.colcon_core.package_identification:_identify(install) by extension 'ignore'
[0.607s] Level 1:colcon.colcon_core.package_identification:_identify(install) ignored
[0.608s] Level 1:colcon.colcon_core.package_identification:_identify(log) by extensions ['ignore', 'ignore_ament_install']
[0.608s] Level 1:colcon.colcon_core.package_identification:_identify(log) by extension 'ignore'
[0.608s] Level 1:colcon.colcon_core.package_identification:_identify(log) ignored
[0.608s] Level 1:colcon.colcon_core.package_identification:_identify(packages) by extensions ['ignore', 'ignore_ament_install']
[0.608s] Level 1:colcon.colcon_core.package_identification:_identify(packages) by extension 'ignore'
[0.609s] Level 1:colcon.colcon_core.package_identification:_identify(packages) by extension 'ignore_ament_install'
[0.609s] Level 1:colcon.colcon_core.package_identification:_identify(packages) by extensions ['colcon_pkg']
[0.609s] Level 1:colcon.colcon_core.package_identification:_identify(packages) by extension 'colcon_pkg'
[0.609s] Level 1:colcon.colcon_core.package_identification:_identify(packages) by extensions ['colcon_meta']
[0.609s] Level 1:colcon.colcon_core.package_identification:_identify(packages) by extension 'colcon_meta'
[0.609s] Level 1:colcon.colcon_core.package_identification:_identify(packages) by extensions ['ros']
[0.609s] Level 1:colcon.colcon_core.package_identification:_identify(packages) by extension 'ros'
[0.609s] Level 1:colcon.colcon_core.package_identification:_identify(packages) by extensions ['cmake', 'python']
[0.609s] Level 1:colcon.colcon_core.package_identification:_identify(packages) by extension 'cmake'
[0.609s] Level 1:colcon.colcon_core.package_identification:_identify(packages) by extension 'python'
[0.609s] Level 1:colcon.colcon_core.package_identification:_identify(packages) by extensions ['python_setup_py']
[0.609s] Level 1:colcon.colcon_core.package_identification:_identify(packages) by extension 'python_setup_py'
[0.610s] Level 1:colcon.colcon_core.package_identification:_identify(scripts) by extensions ['ignore', 'ignore_ament_install']
[0.610s] Level 1:colcon.colcon_core.package_identification:_identify(scripts) by extension 'ignore'
[0.610s] Level 1:colcon.colcon_core.package_identification:_identify(scripts) by extension 'ignore_ament_install'
[0.610s] Level 1:colcon.colcon_core.package_identification:_identify(scripts) by extensions ['colcon_pkg']
[0.610s] Level 1:colcon.colcon_core.package_identification:_identify(scripts) by extension 'colcon_pkg'
[0.610s] Level 1:colcon.colcon_core.package_identification:_identify(scripts) by extensions ['colcon_meta']
[0.610s] Level 1:colcon.colcon_core.package_identification:_identify(scripts) by extension 'colcon_meta'
[0.610s] Level 1:colcon.colcon_core.package_identification:_identify(scripts) by extensions ['ros']
[0.610s] Level 1:colcon.colcon_core.package_identification:_identify(scripts) by extension 'ros'
[0.610s] Level 1:colcon.colcon_core.package_identification:_identify(scripts) by extensions ['cmake', 'python']
[0.610s] Level 1:colcon.colcon_core.package_identification:_identify(scripts) by extension 'cmake'
[0.610s] Level 1:colcon.colcon_core.package_identification:_identify(scripts) by extension 'python'
[0.610s] Level 1:colcon.colcon_core.package_identification:_identify(scripts) by extensions ['python_setup_py']
[0.610s] Level 1:colcon.colcon_core.package_identification:_identify(scripts) by extension 'python_setup_py'
[0.611s] Level 1:colcon.colcon_core.package_identification:_identify(scripts/__pycache__) by extensions ['ignore', 'ignore_ament_install']
[0.611s] Level 1:colcon.colcon_core.package_identification:_identify(scripts/__pycache__) by extension 'ignore'
[0.611s] Level 1:colcon.colcon_core.package_identification:_identify(scripts/__pycache__) by extension 'ignore_ament_install'
[0.611s] Level 1:colcon.colcon_core.package_identification:_identify(scripts/__pycache__) by extensions ['colcon_pkg']
[0.611s] Level 1:colcon.colcon_core.package_identification:_identify(scripts/__pycache__) by extension 'colcon_pkg'
[0.611s] Level 1:colcon.colcon_core.package_identification:_identify(scripts/__pycache__) by extensions ['colcon_meta']
[0.611s] Level 1:colcon.colcon_core.package_identification:_identify(scripts/__pycache__) by extension 'colcon_meta'
[0.611s] Level 1:colcon.colcon_core.package_identification:_identify(scripts/__pycache__) by extensions ['ros']
[0.611s] Level 1:colcon.colcon_core.package_identification:_identify(scripts/__pycache__) by extension 'ros'
[0.611s] Level 1:colcon.colcon_core.package_identification:_identify(scripts/__pycache__) by extensions ['cmake', 'python']
[0.611s] Level 1:colcon.colcon_core.package_identification:_identify(scripts/__pycache__) by extension 'cmake'
[0.611s] Level 1:colcon.colcon_core.package_identification:_identify(scripts/__pycache__) by extension 'python'
[0.612s] Level 1:colcon.colcon_core.package_identification:_identify(scripts/__pycache__) by extensions ['python_setup_py']
[0.612s] Level 1:colcon.colcon_core.package_identification:_identify(scripts/__pycache__) by extension 'python_setup_py'
[0.612s] Level 1:colcon.colcon_core.package_identification:_identify(src) by extensions ['ignore', 'ignore_ament_install']
[0.612s] Level 1:colcon.colcon_core.package_identification:_identify(src) by extension 'ignore'
[0.612s] Level 1:colcon.colcon_core.package_identification:_identify(src) by extension 'ignore_ament_install'
[0.612s] Level 1:colcon.colcon_core.package_identification:_identify(src) by extensions ['colcon_pkg']
[0.612s] Level 1:colcon.colcon_core.package_identification:_identify(src) by extension 'colcon_pkg'
[0.612s] Level 1:colcon.colcon_core.package_identification:_identify(src) by extensions ['colcon_meta']
[0.612s] Level 1:colcon.colcon_core.package_identification:_identify(src) by extension 'colcon_meta'
[0.612s] Level 1:colcon.colcon_core.package_identification:_identify(src) by extensions ['ros']
[0.612s] Level 1:colcon.colcon_core.package_identification:_identify(src) by extension 'ros'
[0.612s] Level 1:colcon.colcon_core.package_identification:_identify(src) by extensions ['cmake', 'python']
[0.612s] Level 1:colcon.colcon_core.package_identification:_identify(src) by extension 'cmake'
[0.612s] Level 1:colcon.colcon_core.package_identification:_identify(src) by extension 'python'
[0.613s] Level 1:colcon.colcon_core.package_identification:_identify(src) by extensions ['python_setup_py']
[0.613s] Level 1:colcon.colcon_core.package_identification:_identify(src) by extension 'python_setup_py'
[0.613s] Level 1:colcon.colcon_core.package_identification:_identify(src/ican_example_mission) by extensions ['ignore', 'ignore_ament_install']
[0.613s] Level 1:colcon.colcon_core.package_identification:_identify(src/ican_example_mission) by extension 'ignore'
[0.613s] Level 1:colcon.colcon_core.package_identification:_identify(src/ican_example_mission) by extension 'ignore_ament_install'
[0.613s] Level 1:colcon.colcon_core.package_identification:_identify(src/ican_example_mission) by extensions ['colcon_pkg']
[0.613s] Level 1:colcon.colcon_core.package_identification:_identify(src/ican_example_mission) by extension 'colcon_pkg'
[0.613s] Level 1:colcon.colcon_core.package_identification:_identify(src/ican_example_mission) by extensions ['colcon_meta']
[0.613s] Level 1:colcon.colcon_core.package_identification:_identify(src/ican_example_mission) by extension 'colcon_meta'
[0.613s] Level 1:colcon.colcon_core.package_identification:_identify(src/ican_example_mission) by extensions ['ros']
[0.613s] Level 1:colcon.colcon_core.package_identification:_identify(src/ican_example_mission) by extension 'ros'
[0.619s] DEBUG:colcon.colcon_core.package_identification:Package 'src/ican_example_mission' with type 'ros.ament_python' and name 'ican_example_mission'
[0.620s] Level 1:colcon.colcon_core.package_identification:_identify(src/ican_example_navigation) by extensions ['ignore', 'ignore_ament_install']
[0.620s] Level 1:colcon.colcon_core.package_identification:_identify(src/ican_example_navigation) by extension 'ignore'
[0.620s] Level 1:colcon.colcon_core.package_identification:_identify(src/ican_example_navigation) by extension 'ignore_ament_install'
[0.620s] Level 1:colcon.colcon_core.package_identification:_identify(src/ican_example_navigation) by extensions ['colcon_pkg']
[0.620s] Level 1:colcon.colcon_core.package_identification:_identify(src/ican_example_navigation) by extension 'colcon_pkg'
[0.621s] Level 1:colcon.colcon_core.package_identification:_identify(src/ican_example_navigation) by extensions ['colcon_meta']
[0.621s] Level 1:colcon.colcon_core.package_identification:_identify(src/ican_example_navigation) by extension 'colcon_meta'
[0.621s] Level 1:colcon.colcon_core.package_identification:_identify(src/ican_example_navigation) by extensions ['ros']
[0.621s] Level 1:colcon.colcon_core.package_identification:_identify(src/ican_example_navigation) by extension 'ros'
[0.622s] DEBUG:colcon.colcon_core.package_identification:Package 'src/ican_example_navigation' with type 'ros.ament_python' and name 'ican_example_navigation'
[0.622s] Level 1:colcon.colcon_core.package_identification:_identify(src/ican_example_ring_aim) by extensions ['ignore', 'ignore_ament_install']
[0.622s] Level 1:colcon.colcon_core.package_identification:_identify(src/ican_example_ring_aim) by extension 'ignore'
[0.622s] Level 1:colcon.colcon_core.package_identification:_identify(src/ican_example_ring_aim) by extension 'ignore_ament_install'
[0.623s] Level 1:colcon.colcon_core.package_identification:_identify(src/ican_example_ring_aim) by extensions ['colcon_pkg']
[0.623s] Level 1:colcon.colcon_core.package_identification:_identify(src/ican_example_ring_aim) by extension 'colcon_pkg'
[0.623s] Level 1:colcon.colcon_core.package_identification:_identify(src/ican_example_ring_aim) by extensions ['colcon_meta']
[0.623s] Level 1:colcon.colcon_core.package_identification:_identify(src/ican_example_ring_aim) by extension 'colcon_meta'
[0.623s] Level 1:colcon.colcon_core.package_identification:_identify(src/ican_example_ring_aim) by extensions ['ros']
[0.623s] Level 1:colcon.colcon_core.package_identification:_identify(src/ican_example_ring_aim) by extension 'ros'
[0.624s] DEBUG:colcon.colcon_core.package_identification:Package 'src/ican_example_ring_aim' with type 'ros.ament_python' and name 'ican_example_ring_aim'
[0.624s] Level 1:colcon.colcon_core.package_identification:_identify(src/ican_referee_system) by extensions ['ignore', 'ignore_ament_install']
[0.625s] Level 1:colcon.colcon_core.package_identification:_identify(src/ican_referee_system) by extension 'ignore'
[0.625s] Level 1:colcon.colcon_core.package_identification:_identify(src/ican_referee_system) by extension 'ignore_ament_install'
[0.625s] Level 1:colcon.colcon_core.package_identification:_identify(src/ican_referee_system) by extensions ['colcon_pkg']
[0.625s] Level 1:colcon.colcon_core.package_identification:_identify(src/ican_referee_system) by extension 'colcon_pkg'
[0.625s] Level 1:colcon.colcon_core.package_identification:_identify(src/ican_referee_system) by extensions ['colcon_meta']
[0.625s] Level 1:colcon.colcon_core.package_identification:_identify(src/ican_referee_system) by extension 'colcon_meta'
[0.625s] Level 1:colcon.colcon_core.package_identification:_identify(src/ican_referee_system) by extensions ['ros']
[0.625s] Level 1:colcon.colcon_core.package_identification:_identify(src/ican_referee_system) by extension 'ros'
[0.626s] DEBUG:colcon.colcon_core.package_identification:Package 'src/ican_referee_system' with type 'ros.ament_python' and name 'ican_referee_system'
[0.626s] Level 1:colcon.colcon_core.package_discovery:discover_packages(recursive) using defaults
[0.627s] Level 1:colcon.colcon_core.package_discovery:discover_packages(ignore) discover
[0.627s] Level 1:colcon.colcon_core.package_discovery:discover_packages(ignore) using defaults
[0.627s] Level 1:colcon.colcon_core.package_discovery:discover_packages(path) discover
[0.627s] Level 1:colcon.colcon_core.package_discovery:discover_packages(path) using defaults
[0.706s] INFO:colcon.colcon_core.package_selection:Skipping not selected package 'ican_example_navigation' in 'src/ican_example_navigation'
[0.706s] INFO:colcon.colcon_core.package_selection:Skipping not selected package 'ican_example_ring_aim' in 'src/ican_example_ring_aim'
[0.706s] INFO:colcon.colcon_core.package_selection:Skipping not selected package 'ican_referee_system' in 'src/ican_referee_system'
[0.707s] Level 5:colcon.colcon_core.verb:set package 'ican_example_mission' build argument 'cmake_args' from command line to 'None'
[0.707s] Level 5:colcon.colcon_core.verb:set package 'ican_example_mission' build argument 'cmake_target' from command line to 'None'
[0.707s] Level 5:colcon.colcon_core.verb:set package 'ican_example_mission' build argument 'cmake_target_skip_unavailable' from command line to 'False'
[0.707s] Level 5:colcon.colcon_core.verb:set package 'ican_example_mission' build argument 'cmake_clean_cache' from command line to 'False'
[0.707s] Level 5:colcon.colcon_core.verb:set package 'ican_example_mission' build argument 'cmake_clean_first' from command line to 'False'
[0.707s] Level 5:colcon.colcon_core.verb:set package 'ican_example_mission' build argument 'cmake_force_configure' from command line to 'False'
[0.707s] Level 5:colcon.colcon_core.verb:set package 'ican_example_mission' build argument 'ament_cmake_args' from command line to 'None'
[0.707s] Level 5:colcon.colcon_core.verb:set package 'ican_example_mission' build argument 'catkin_cmake_args' from command line to 'None'
[0.707s] Level 5:colcon.colcon_core.verb:set package 'ican_example_mission' build argument 'catkin_skip_building_tests' from command line to 'False'
[0.707s] DEBUG:colcon.colcon_core.verb:Building package 'ican_example_mission' with the following arguments: {'ament_cmake_args': None, 'build_base': '/home/yjy/ican_shoot/ican_shoot/build/ican_example_mission', 'catkin_cmake_args': None, 'catkin_skip_building_tests': False, 'cmake_args': None, 'cmake_clean_cache': False, 'cmake_clean_first': False, 'cmake_force_configure': False, 'cmake_target': None, 'cmake_target_skip_unavailable': False, 'install_base': '/home/yjy/ican_shoot/ican_shoot/install/ican_example_mission', 'merge_install': False, 'path': '/home/yjy/ican_shoot/ican_shoot/src/ican_example_mission', 'symlink_install': True, 'test_result_base': None}
[0.707s] INFO:colcon.colcon_core.executor:Executing jobs using 'parallel' executor
[0.710s] DEBUG:colcon.colcon_parallel_executor.executor.parallel:run_until_complete
[0.710s] INFO:colcon.colcon_ros.task.ament_python.build:Building ROS package in '/home/yjy/ican_shoot/ican_shoot/src/ican_example_mission' with build type 'ament_python'
[0.710s] Level 1:colcon.colcon_core.shell:create_environment_hook('ican_example_mission', 'ament_prefix_path')
[0.716s] INFO:colcon.colcon_core.plugin_system:Skipping extension 'colcon_core.shell.bat': Not used on non-Windows systems
[0.716s] INFO:colcon.colcon_core.shell:Creating environment hook '/home/yjy/ican_shoot/ican_shoot/install/ican_example_mission/share/ican_example_mission/hook/ament_prefix_path.ps1'
[0.719s] INFO:colcon.colcon_core.shell:Creating environment descriptor '/home/yjy/ican_shoot/ican_shoot/install/ican_example_mission/share/ican_example_mission/hook/ament_prefix_path.dsv'
[0.721s] INFO:colcon.colcon_core.shell:Creating environment hook '/home/yjy/ican_shoot/ican_shoot/install/ican_example_mission/share/ican_example_mission/hook/ament_prefix_path.sh'
[0.723s] INFO:colcon.colcon_core.shell:Skip shell extension 'powershell' for command environment: Not usable outside of PowerShell
[0.724s] DEBUG:colcon.colcon_core.shell:Skip shell extension 'dsv' for command environment
[1.298s] INFO:colcon.colcon_core.task.python.build:Building Python package in '/home/yjy/ican_shoot/ican_shoot/src/ican_example_mission'
[1.298s] INFO:colcon.colcon_core.shell:Skip shell extension 'powershell' for command environment: Not usable outside of PowerShell
[1.298s] DEBUG:colcon.colcon_core.shell:Skip shell extension 'dsv' for command environment
[2.040s] DEBUG:colcon.colcon_core.task.python.build:Available setuptools commands: bdist_rpm, upload, test, install_lib, bdist_dumb, saveopts, bdist_egg, build_ext, build, build_clib, install_egg_info, bdist, build_py, sdist, egg_info, develop, register, symlink_data, setopt, build_scripts, upload_docs, check, install_data, easy_install, alias, rotate, install_headers, install_scripts, clean, dist_info, bdist_wheel, install
[2.661s] DEBUG:colcon.colcon_core.task.python.build:Available setuptools 'develop' options: --build-directory, --site-dirs, --record, --user, --dry-run, --install-layout, --no-find-links, --exclude-scripts, --optimize, --script-dir, --index-url, --always-unzip, --quiet, --allow-hosts, --uninstall, --egg-path, --force-installation-into-system-dir, --install-dir, --local-snapshots-ok, --zip-ok, --verbose, --multi-version, --find-links, --help, --always-copy, --version, --prefix, --editable, --no-deps, --upgrade, --no-user-cfg
[2.665s] DEBUG:colcon.colcon_core.task.python.build:While undoing a previous installation files outside the Python library path are being ignored: /home/yjy/ican_shoot/ican_shoot/install/ican_example_mission/share/ament_index/resource_index/packages/ican_example_mission
[2.665s] DEBUG:colcon.colcon_core.task.python.build:While undoing a previous installation files outside the Python library path are being ignored: /home/yjy/ican_shoot/ican_shoot/install/ican_example_mission/share/ican_example_mission/package.xml
[2.666s] DEBUG:colcon.colcon_core.task.python.build:While undoing a previous installation files outside the Python library path are being ignored: /home/yjy/ican_shoot/ican_shoot/install/ican_example_mission/share/ican_example_mission/launch/one_target_demo.launch.py
[2.666s] DEBUG:colcon.colcon_core.task.python.build:While undoing a previous installation files outside the Python library path are being ignored: /home/yjy/ican_shoot/ican_shoot/install/ican_example_mission/share/ican_example_mission/launch/full_mission.launch.py
[2.666s] DEBUG:colcon.colcon_core.task.python.build:While undoing a previous installation files outside the Python library path are being ignored: /home/yjy/ican_shoot/ican_shoot/install/ican_example_mission/lib/ican_example_mission/full_mission_node
[2.666s] DEBUG:colcon.colcon_core.task.python.build:While undoing a previous installation files outside the Python library path are being ignored: /home/yjy/ican_shoot/ican_shoot/install/ican_example_mission/lib/ican_example_mission/one_target_mission_node
[2.680s] DEBUG:colcon.colcon_core.event_handler.log_command:Invoking command in '/home/yjy/ican_shoot/ican_shoot/build/ican_example_mission': AMENT_PREFIX_PATH=/home/yjy/ican_shoot/ican_shoot/install/ican_referee_system:/home/yjy/ican_shoot/ican_shoot/install/ican_example_ring_aim:/home/yjy/ican_shoot/ican_shoot/install/ican_example_navigation:${AMENT_PREFIX_PATH} PYTHONPATH=/home/yjy/ican_shoot/ican_shoot/build/ican_example_mission/prefix_override:/usr/lib/python3/dist-packages/colcon_core/task/python/colcon_distutils_commands:/home/yjy/ican_shoot/ican_shoot/install/ican_example_mission/lib/python3.10/site-packages:/home/yjy/ican_shoot/ican_shoot/build/ican_referee_system:/home/yjy/ican_shoot/ican_shoot/install/ican_referee_system/lib/python3.10/site-packages:/home/yjy/ican_shoot/ican_shoot/install/ican_example_ring_aim/lib/python3.10/site-packages:/home/yjy/ican_shoot/ican_shoot/install/ican_example_navigation/lib/python3.10/site-packages:${PYTHONPATH} /usr/bin/python3 -W ignore:setup.py install is deprecated -W ignore:easy_install command is deprecated setup.py develop --editable --build-directory /home/yjy/ican_shoot/ican_shoot/build/ican_example_mission/build --no-deps symlink_data --force
[3.720s] Level 1:colcon.colcon_core.shell:create_environment_hook('ican_example_mission', 'pythonpath_develop')
[3.721s] INFO:colcon.colcon_core.shell:Creating environment hook '/home/yjy/ican_shoot/ican_shoot/build/ican_example_mission/share/ican_example_mission/hook/pythonpath_develop.ps1'
[3.723s] DEBUG:colcon.colcon_core.event_handler.log_command:Invoked command in '/home/yjy/ican_shoot/ican_shoot/build/ican_example_mission' returned '0': AMENT_PREFIX_PATH=/home/yjy/ican_shoot/ican_shoot/install/ican_referee_system:/home/yjy/ican_shoot/ican_shoot/install/ican_example_ring_aim:/home/yjy/ican_shoot/ican_shoot/install/ican_example_navigation:${AMENT_PREFIX_PATH} PYTHONPATH=/home/yjy/ican_shoot/ican_shoot/build/ican_example_mission/prefix_override:/usr/lib/python3/dist-packages/colcon_core/task/python/colcon_distutils_commands:/home/yjy/ican_shoot/ican_shoot/install/ican_example_mission/lib/python3.10/site-packages:/home/yjy/ican_shoot/ican_shoot/build/ican_referee_system:/home/yjy/ican_shoot/ican_shoot/install/ican_referee_system/lib/python3.10/site-packages:/home/yjy/ican_shoot/ican_shoot/install/ican_example_ring_aim/lib/python3.10/site-packages:/home/yjy/ican_shoot/ican_shoot/install/ican_example_navigation/lib/python3.10/site-packages:${PYTHONPATH} /usr/bin/python3 -W ignore:setup.py install is deprecated -W ignore:easy_install command is deprecated setup.py develop --editable --build-directory /home/yjy/ican_shoot/ican_shoot/build/ican_example_mission/build --no-deps symlink_data --force
[3.725s] INFO:colcon.colcon_core.shell:Creating environment descriptor '/home/yjy/ican_shoot/ican_shoot/build/ican_example_mission/share/ican_example_mission/hook/pythonpath_develop.dsv'
[3.727s] INFO:colcon.colcon_core.shell:Creating environment hook '/home/yjy/ican_shoot/ican_shoot/build/ican_example_mission/share/ican_example_mission/hook/pythonpath_develop.sh'
[3.737s] Level 1:colcon.colcon_core.environment:checking '/home/yjy/ican_shoot/ican_shoot/install/ican_example_mission' for CMake module files
[3.744s] Level 1:colcon.colcon_core.environment:checking '/home/yjy/ican_shoot/ican_shoot/install/ican_example_mission' for CMake config files
[3.753s] Level 1:colcon.colcon_core.environment:checking '/home/yjy/ican_shoot/ican_shoot/install/ican_example_mission/lib'
[3.753s] Level 1:colcon.colcon_core.environment:checking '/home/yjy/ican_shoot/ican_shoot/install/ican_example_mission/bin'
[3.754s] Level 1:colcon.colcon_core.environment:checking '/home/yjy/ican_shoot/ican_shoot/install/ican_example_mission/lib/pkgconfig/ican_example_mission.pc'
[3.754s] Level 1:colcon.colcon_core.environment:checking '/home/yjy/ican_shoot/ican_shoot/install/ican_example_mission/lib/python3.10/site-packages'
[3.754s] Level 1:colcon.colcon_core.shell:create_environment_hook('ican_example_mission', 'pythonpath')
[3.755s] INFO:colcon.colcon_core.shell:Creating environment hook '/home/yjy/ican_shoot/ican_shoot/install/ican_example_mission/share/ican_example_mission/hook/pythonpath.ps1'
[3.760s] INFO:colcon.colcon_core.shell:Creating environment descriptor '/home/yjy/ican_shoot/ican_shoot/install/ican_example_mission/share/ican_example_mission/hook/pythonpath.dsv'
[3.762s] INFO:colcon.colcon_core.shell:Creating environment hook '/home/yjy/ican_shoot/ican_shoot/install/ican_example_mission/share/ican_example_mission/hook/pythonpath.sh'
[3.764s] Level 1:colcon.colcon_core.environment:checking '/home/yjy/ican_shoot/ican_shoot/install/ican_example_mission/bin'
[3.764s] Level 1:colcon.colcon_core.environment:create_environment_scripts_only(ican_example_mission)
[3.766s] INFO:colcon.colcon_core.shell:Creating package script '/home/yjy/ican_shoot/ican_shoot/install/ican_example_mission/share/ican_example_mission/package.ps1'
[3.769s] INFO:colcon.colcon_core.shell:Creating package descriptor '/home/yjy/ican_shoot/ican_shoot/install/ican_example_mission/share/ican_example_mission/package.dsv'
[3.769s] INFO:colcon.colcon_core.shell:Creating package script '/home/yjy/ican_shoot/ican_shoot/install/ican_example_mission/share/ican_example_mission/package.sh'
[3.771s] INFO:colcon.colcon_core.shell:Creating package script '/home/yjy/ican_shoot/ican_shoot/install/ican_example_mission/share/ican_example_mission/package.bash'
[3.773s] INFO:colcon.colcon_core.shell:Creating package script '/home/yjy/ican_shoot/ican_shoot/install/ican_example_mission/share/ican_example_mission/package.zsh'
[3.774s] Level 1:colcon.colcon_core.environment:create_file_with_runtime_dependencies(/home/yjy/ican_shoot/ican_shoot/install/ican_example_mission/share/colcon-core/packages/ican_example_mission)
[3.776s] DEBUG:colcon.colcon_parallel_executor.executor.parallel:closing loop
[3.777s] DEBUG:colcon.colcon_parallel_executor.executor.parallel:loop closed
[3.777s] DEBUG:colcon.colcon_parallel_executor.executor.parallel:run_until_complete finished with '0'
[3.777s] DEBUG:colcon.colcon_core.event_reactor:joining thread
[3.795s] INFO:colcon.colcon_core.plugin_system:Skipping extension 'colcon_notification.desktop_notification.terminal_notifier': Not used on non-Darwin systems
[3.796s] INFO:colcon.colcon_core.plugin_system:Skipping extension 'colcon_notification.desktop_notification.win32': Not used on non-Windows systems
[3.796s] INFO:colcon.colcon_notification.desktop_notification:Sending desktop notification using 'notify2'
[3.862s] DEBUG:colcon.colcon_core.event_reactor:joined thread
[3.863s] INFO:colcon.colcon_core.shell:Creating prefix script '/home/yjy/ican_shoot/ican_shoot/install/local_setup.ps1'
[3.867s] INFO:colcon.colcon_core.shell:Creating prefix util module '/home/yjy/ican_shoot/ican_shoot/install/_local_setup_util_ps1.py'
[3.873s] INFO:colcon.colcon_core.shell:Creating prefix chain script '/home/yjy/ican_shoot/ican_shoot/install/setup.ps1'
[3.876s] INFO:colcon.colcon_core.shell:Creating prefix script '/home/yjy/ican_shoot/ican_shoot/install/local_setup.sh'
[3.878s] INFO:colcon.colcon_core.shell:Creating prefix util module '/home/yjy/ican_shoot/ican_shoot/install/_local_setup_util_sh.py'
[3.879s] INFO:colcon.colcon_core.shell:Creating prefix chain script '/home/yjy/ican_shoot/ican_shoot/install/setup.sh'
[3.881s] INFO:colcon.colcon_core.shell:Creating prefix script '/home/yjy/ican_shoot/ican_shoot/install/local_setup.bash'
[3.882s] INFO:colcon.colcon_core.shell:Creating prefix chain script '/home/yjy/ican_shoot/ican_shoot/install/setup.bash'
[3.887s] INFO:colcon.colcon_core.shell:Creating prefix script '/home/yjy/ican_shoot/ican_shoot/install/local_setup.zsh'
[3.890s] INFO:colcon.colcon_core.shell:Creating prefix chain script '/home/yjy/ican_shoot/ican_shoot/install/setup.zsh'
