[3.009s] Invoking command in '/home/yjy/ican_shoot/ican_shoot/src/ican_example_navigation': PYTHONPATH=/home/yjy/ican_shoot/ican_shoot/build/ican_example_navigation/prefix_override:/usr/lib/python3/dist-packages/colcon_core/task/python/colcon_distutils_commands:/home/yjy/ican_shoot/ican_shoot/install/ican_example_navigation/lib/python3.10/site-packages:${PYTHONPATH} /usr/bin/python3 -W ignore:setup.py install is deprecated -W ignore:easy_install command is deprecated setup.py egg_info --egg-base ../../build/ican_example_navigation build --build-base /home/yjy/ican_shoot/ican_shoot/build/ican_example_navigation/build install --record /home/yjy/ican_shoot/ican_shoot/build/ican_example_navigation/install.log --install-scripts $base/lib/ican_example_navigation --single-version-externally-managed install_data
[3.440s] running egg_info
[3.442s] writing ../../build/ican_example_navigation/ican_example_navigation.egg-info/PKG-INFO
[3.443s] writing dependency_links to ../../build/ican_example_navigation/ican_example_navigation.egg-info/dependency_links.txt
[3.443s] writing entry points to ../../build/ican_example_navigation/ican_example_navigation.egg-info/entry_points.txt
[3.443s] writing requirements to ../../build/ican_example_navigation/ican_example_navigation.egg-info/requires.txt
[3.444s] writing top-level names to ../../build/ican_example_navigation/ican_example_navigation.egg-info/top_level.txt
[3.453s] reading manifest file '../../build/ican_example_navigation/ican_example_navigation.egg-info/SOURCES.txt'
[3.460s] writing manifest file '../../build/ican_example_navigation/ican_example_navigation.egg-info/SOURCES.txt'
[3.460s] running build
[3.462s] running build_py
[3.469s] running install
[3.469s] running install_lib
[3.473s] running install_data
[3.487s] running install_egg_info
[3.495s] removing '/home/yjy/ican_shoot/ican_shoot/install/ican_example_navigation/lib/python3.10/site-packages/ican_example_navigation-0.1.0-py3.10.egg-info' (and everything under it)
[3.495s] Copying ../../build/ican_example_navigation/ican_example_navigation.egg-info to /home/yjy/ican_shoot/ican_shoot/install/ican_example_navigation/lib/python3.10/site-packages/ican_example_navigation-0.1.0-py3.10.egg-info
[3.500s] running install_scripts
[3.549s] Installing initial_pose_publisher script to /home/yjy/ican_shoot/ican_shoot/install/ican_example_navigation/lib/ican_example_navigation
[3.549s] writing list of installed files to '/home/yjy/ican_shoot/ican_shoot/build/ican_example_navigation/install.log'
[3.693s] Invoked command in '/home/yjy/ican_shoot/ican_shoot/src/ican_example_navigation' returned '0': PYTHONPATH=/home/yjy/ican_shoot/ican_shoot/build/ican_example_navigation/prefix_override:/usr/lib/python3/dist-packages/colcon_core/task/python/colcon_distutils_commands:/home/yjy/ican_shoot/ican_shoot/install/ican_example_navigation/lib/python3.10/site-packages:${PYTHONPATH} /usr/bin/python3 -W ignore:setup.py install is deprecated -W ignore:easy_install command is deprecated setup.py egg_info --egg-base ../../build/ican_example_navigation build --build-base /home/yjy/ican_shoot/ican_shoot/build/ican_example_navigation/build install --record /home/yjy/ican_shoot/ican_shoot/build/ican_example_navigation/install.log --install-scripts $base/lib/ican_example_navigation --single-version-externally-managed install_data
