[2.044s] Invoking command in '/home/yjy/ican_shoot/ican_shoot/build/ican_referee_system': PYTHONPATH=/home/yjy/ican_shoot/ican_shoot/build/ican_referee_system/prefix_override:/usr/lib/python3/dist-packages/colcon_core/task/python/colcon_distutils_commands:/home/yjy/ican_shoot/ican_shoot/install/ican_referee_system/lib/python3.10/site-packages:${PYTHONPATH} /usr/bin/python3 -W ignore:setup.py install is deprecated -W ignore:easy_install command is deprecated setup.py develop --editable --build-directory /home/yjy/ican_shoot/ican_shoot/build/ican_referee_system/build --no-deps symlink_data --force
[2.547s] running develop
[2.847s] running egg_info
[2.848s] writing ican_referee_system.egg-info/PKG-INFO
[2.850s] writing dependency_links to ican_referee_system.egg-info/dependency_links.txt
[2.852s] writing entry points to ican_referee_system.egg-info/entry_points.txt
[2.854s] writing requirements to ican_referee_system.egg-info/requires.txt
[2.854s] writing top-level names to ican_referee_system.egg-info/top_level.txt
[2.860s] reading manifest file 'ican_referee_system.egg-info/SOURCES.txt'
[2.867s] writing manifest file 'ican_referee_system.egg-info/SOURCES.txt'
[2.868s] running build_ext
[2.868s] Creating /home/yjy/ican_shoot/ican_shoot/install/ican_referee_system/lib/python3.10/site-packages/ican-referee-system.egg-link (link to .)
[2.869s] Installing referee_node script to /home/yjy/ican_shoot/ican_shoot/install/ican_referee_system/lib/ican_referee_system
[2.869s] 
[2.869s] Installed /home/yjy/ican_shoot/ican_shoot/build/ican_referee_system
[2.870s] running symlink_data
[2.874s] symbolically linking /home/yjy/ican_shoot/ican_shoot/build/ican_referee_system/resource/ican_referee_system -> /home/yjy/ican_shoot/ican_shoot/install/ican_referee_system/share/ament_index/resource_index/packages
[2.877s] symbolically linking /home/yjy/ican_shoot/ican_shoot/build/ican_referee_system/package.xml -> /home/yjy/ican_shoot/ican_shoot/install/ican_referee_system/share/ican_referee_system
[2.880s] symbolically linking /home/yjy/ican_shoot/ican_shoot/build/ican_referee_system/launch/referee.launch.py -> /home/yjy/ican_shoot/ican_shoot/install/ican_referee_system/share/ican_referee_system/launch
[2.978s] Invoked command in '/home/yjy/ican_shoot/ican_shoot/build/ican_referee_system' returned '0': PYTHONPATH=/home/yjy/ican_shoot/ican_shoot/build/ican_referee_system/prefix_override:/usr/lib/python3/dist-packages/colcon_core/task/python/colcon_distutils_commands:/home/yjy/ican_shoot/ican_shoot/install/ican_referee_system/lib/python3.10/site-packages:${PYTHONPATH} /usr/bin/python3 -W ignore:setup.py install is deprecated -W ignore:easy_install command is deprecated setup.py develop --editable --build-directory /home/yjy/ican_shoot/ican_shoot/build/ican_referee_system/build --no-deps symlink_data --force
