[1.283s] Invoking command in '/home/yjy/ican_shoot/ican_shoot/build/ican_referee_system': PYTHONPATH=/home/yjy/ican_shoot/ican_shoot/build/ican_referee_system/prefix_override:/usr/lib/python3/dist-packages/colcon_core/task/python/colcon_distutils_commands:/home/yjy/ican_shoot/ican_shoot/install/ican_referee_system/lib/python3.10/site-packages:${PYTHONPATH} /usr/bin/python3 -W ignore:setup.py install is deprecated -W ignore:easy_install command is deprecated setup.py develop --editable --build-directory /home/yjy/ican_shoot/ican_shoot/build/ican_referee_system/build --no-deps symlink_data --force
[1.555s] running develop
[1.681s] running egg_info
[1.681s] writing ican_referee_system.egg-info/PKG-INFO
[1.682s] writing dependency_links to ican_referee_system.egg-info/dependency_links.txt
[1.685s] writing entry points to ican_referee_system.egg-info/entry_points.txt
[1.685s] writing requirements to ican_referee_system.egg-info/requires.txt
[1.685s] writing top-level names to ican_referee_system.egg-info/top_level.txt
[1.686s] reading manifest file 'ican_referee_system.egg-info/SOURCES.txt'
[1.688s] writing manifest file 'ican_referee_system.egg-info/SOURCES.txt'
[1.691s] running build_ext
[1.691s] Creating /home/yjy/ican_shoot/ican_shoot/install/ican_referee_system/lib/python3.10/site-packages/ican-referee-system.egg-link (link to .)
[1.694s] Installing referee_node script to /home/yjy/ican_shoot/ican_shoot/install/ican_referee_system/lib/ican_referee_system
[1.694s] 
[1.694s] Installed /home/yjy/ican_shoot/ican_shoot/build/ican_referee_system
[1.694s] running symlink_data
[1.695s] symbolically linking /home/yjy/ican_shoot/ican_shoot/build/ican_referee_system/resource/ican_referee_system -> /home/yjy/ican_shoot/ican_shoot/install/ican_referee_system/share/ament_index/resource_index/packages
[1.695s] symbolically linking /home/yjy/ican_shoot/ican_shoot/build/ican_referee_system/package.xml -> /home/yjy/ican_shoot/ican_shoot/install/ican_referee_system/share/ican_referee_system
[1.695s] symbolically linking /home/yjy/ican_shoot/ican_shoot/build/ican_referee_system/launch/referee.launch.py -> /home/yjy/ican_shoot/ican_shoot/install/ican_referee_system/share/ican_referee_system/launch
[1.752s] Invoked command in '/home/yjy/ican_shoot/ican_shoot/build/ican_referee_system' returned '0': PYTHONPATH=/home/yjy/ican_shoot/ican_shoot/build/ican_referee_system/prefix_override:/usr/lib/python3/dist-packages/colcon_core/task/python/colcon_distutils_commands:/home/yjy/ican_shoot/ican_shoot/install/ican_referee_system/lib/python3.10/site-packages:${PYTHONPATH} /usr/bin/python3 -W ignore:setup.py install is deprecated -W ignore:easy_install command is deprecated setup.py develop --editable --build-directory /home/yjy/ican_shoot/ican_shoot/build/ican_referee_system/build --no-deps symlink_data --force
