[1.347s] Invoking command in '/home/yjy/ican_shoot/ican_shoot/build/ican_example_mission': AMENT_PREFIX_PATH=/home/yjy/ican_shoot/ican_shoot/install/ican_referee_system:/home/yjy/ican_shoot/ican_shoot/install/ican_example_ring_aim:/home/yjy/ican_shoot/ican_shoot/install/ican_example_navigation:${AMENT_PREFIX_PATH} PYTHONPATH=/home/yjy/ican_shoot/ican_shoot/build/ican_example_mission/prefix_override:/usr/lib/python3/dist-packages/colcon_core/task/python/colcon_distutils_commands:/home/yjy/ican_shoot/ican_shoot/install/ican_example_mission/lib/python3.10/site-packages:/home/yjy/ican_shoot/ican_shoot/install/ican_referee_system/lib/python3.10/site-packages:/home/yjy/ican_shoot/ican_shoot/install/ican_example_ring_aim/lib/python3.10/site-packages:/home/yjy/ican_shoot/ican_shoot/install/ican_example_navigation/lib/python3.10/site-packages:${PYTHONPATH} /usr/bin/python3 -W ignore:setup.py install is deprecated -W ignore:easy_install command is deprecated setup.py develop --uninstall --editable --build-directory /home/yjy/ican_shoot/ican_shoot/build/ican_example_mission/build
[1.925s] running develop
[2.257s] Removing /home/yjy/ican_shoot/ican_shoot/install/ican_example_mission/lib/python3.10/site-packages/ican-example-mission.egg-link (link to .)
[2.347s] Invoked command in '/home/yjy/ican_shoot/ican_shoot/build/ican_example_mission' returned '0': AMENT_PREFIX_PATH=/home/yjy/ican_shoot/ican_shoot/install/ican_referee_system:/home/yjy/ican_shoot/ican_shoot/install/ican_example_ring_aim:/home/yjy/ican_shoot/ican_shoot/install/ican_example_navigation:${AMENT_PREFIX_PATH} PYTHONPATH=/home/yjy/ican_shoot/ican_shoot/build/ican_example_mission/prefix_override:/usr/lib/python3/dist-packages/colcon_core/task/python/colcon_distutils_commands:/home/yjy/ican_shoot/ican_shoot/install/ican_example_mission/lib/python3.10/site-packages:/home/yjy/ican_shoot/ican_shoot/install/ican_referee_system/lib/python3.10/site-packages:/home/yjy/ican_shoot/ican_shoot/install/ican_example_ring_aim/lib/python3.10/site-packages:/home/yjy/ican_shoot/ican_shoot/install/ican_example_navigation/lib/python3.10/site-packages:${PYTHONPATH} /usr/bin/python3 -W ignore:setup.py install is deprecated -W ignore:easy_install command is deprecated setup.py develop --uninstall --editable --build-directory /home/yjy/ican_shoot/ican_shoot/build/ican_example_mission/build
[2.348s] Invoking command in '/home/yjy/ican_shoot/ican_shoot/src/ican_example_mission': AMENT_PREFIX_PATH=/home/yjy/ican_shoot/ican_shoot/install/ican_referee_system:/home/yjy/ican_shoot/ican_shoot/install/ican_example_ring_aim:/home/yjy/ican_shoot/ican_shoot/install/ican_example_navigation:${AMENT_PREFIX_PATH} PYTHONPATH=/home/yjy/ican_shoot/ican_shoot/build/ican_example_mission/prefix_override:/usr/lib/python3/dist-packages/colcon_core/task/python/colcon_distutils_commands:/home/yjy/ican_shoot/ican_shoot/install/ican_example_mission/lib/python3.10/site-packages:/home/yjy/ican_shoot/ican_shoot/install/ican_referee_system/lib/python3.10/site-packages:/home/yjy/ican_shoot/ican_shoot/install/ican_example_ring_aim/lib/python3.10/site-packages:/home/yjy/ican_shoot/ican_shoot/install/ican_example_navigation/lib/python3.10/site-packages:${PYTHONPATH} /usr/bin/python3 -W ignore:setup.py install is deprecated -W ignore:easy_install command is deprecated setup.py egg_info --egg-base ../../build/ican_example_mission build --build-base /home/yjy/ican_shoot/ican_shoot/build/ican_example_mission/build install --record /home/yjy/ican_shoot/ican_shoot/build/ican_example_mission/install.log --install-scripts $base/lib/ican_example_mission --single-version-externally-managed install_data --force
[3.064s] running egg_info
[3.065s] writing ../../build/ican_example_mission/ican_example_mission.egg-info/PKG-INFO
[3.067s] writing dependency_links to ../../build/ican_example_mission/ican_example_mission.egg-info/dependency_links.txt
[3.067s] writing entry points to ../../build/ican_example_mission/ican_example_mission.egg-info/entry_points.txt
[3.069s] writing requirements to ../../build/ican_example_mission/ican_example_mission.egg-info/requires.txt
[3.069s] writing top-level names to ../../build/ican_example_mission/ican_example_mission.egg-info/top_level.txt
[3.072s] reading manifest file '../../build/ican_example_mission/ican_example_mission.egg-info/SOURCES.txt'
[3.074s] writing manifest file '../../build/ican_example_mission/ican_example_mission.egg-info/SOURCES.txt'
[3.076s] running build
[3.076s] running build_py
[3.080s] copying ican_example_mission/full_mission_node.py -> /home/yjy/ican_shoot/ican_shoot/build/ican_example_mission/build/lib/ican_example_mission
[3.080s] running install
[3.080s] running install_lib
[3.080s] creating /home/yjy/ican_shoot/ican_shoot/install/ican_example_mission/lib/python3.10/site-packages/ican_example_mission
[3.081s] copying /home/yjy/ican_shoot/ican_shoot/build/ican_example_mission/build/lib/ican_example_mission/__init__.py -> /home/yjy/ican_shoot/ican_shoot/install/ican_example_mission/lib/python3.10/site-packages/ican_example_mission
[3.081s] copying /home/yjy/ican_shoot/ican_shoot/build/ican_example_mission/build/lib/ican_example_mission/full_mission_node.py -> /home/yjy/ican_shoot/ican_shoot/install/ican_example_mission/lib/python3.10/site-packages/ican_example_mission
[3.082s] copying /home/yjy/ican_shoot/ican_shoot/build/ican_example_mission/build/lib/ican_example_mission/one_target_mission_node.py -> /home/yjy/ican_shoot/ican_shoot/install/ican_example_mission/lib/python3.10/site-packages/ican_example_mission
[3.085s] byte-compiling /home/yjy/ican_shoot/ican_shoot/install/ican_example_mission/lib/python3.10/site-packages/ican_example_mission/__init__.py to __init__.cpython-310.pyc
[3.085s] byte-compiling /home/yjy/ican_shoot/ican_shoot/install/ican_example_mission/lib/python3.10/site-packages/ican_example_mission/full_mission_node.py to full_mission_node.cpython-310.pyc
[3.095s] byte-compiling /home/yjy/ican_shoot/ican_shoot/install/ican_example_mission/lib/python3.10/site-packages/ican_example_mission/one_target_mission_node.py to one_target_mission_node.cpython-310.pyc
[3.100s] running install_data
[3.101s] copying resource/ican_example_mission -> /home/yjy/ican_shoot/ican_shoot/install/ican_example_mission/share/ament_index/resource_index/packages
[3.101s] copying package.xml -> /home/yjy/ican_shoot/ican_shoot/install/ican_example_mission/share/ican_example_mission
[3.101s] copying launch/one_target_demo.launch.py -> /home/yjy/ican_shoot/ican_shoot/install/ican_example_mission/share/ican_example_mission/launch
[3.101s] copying launch/full_mission.launch.py -> /home/yjy/ican_shoot/ican_shoot/install/ican_example_mission/share/ican_example_mission/launch
[3.102s] running install_egg_info
[3.106s] Copying ../../build/ican_example_mission/ican_example_mission.egg-info to /home/yjy/ican_shoot/ican_shoot/install/ican_example_mission/lib/python3.10/site-packages/ican_example_mission-0.1.0-py3.10.egg-info
[3.108s] running install_scripts
[3.148s] Installing full_mission_node script to /home/yjy/ican_shoot/ican_shoot/install/ican_example_mission/lib/ican_example_mission
[3.150s] Installing one_target_mission_node script to /home/yjy/ican_shoot/ican_shoot/install/ican_example_mission/lib/ican_example_mission
[3.150s] writing list of installed files to '/home/yjy/ican_shoot/ican_shoot/build/ican_example_mission/install.log'
[3.217s] Invoked command in '/home/yjy/ican_shoot/ican_shoot/src/ican_example_mission' returned '0': AMENT_PREFIX_PATH=/home/yjy/ican_shoot/ican_shoot/install/ican_referee_system:/home/yjy/ican_shoot/ican_shoot/install/ican_example_ring_aim:/home/yjy/ican_shoot/ican_shoot/install/ican_example_navigation:${AMENT_PREFIX_PATH} PYTHONPATH=/home/yjy/ican_shoot/ican_shoot/build/ican_example_mission/prefix_override:/usr/lib/python3/dist-packages/colcon_core/task/python/colcon_distutils_commands:/home/yjy/ican_shoot/ican_shoot/install/ican_example_mission/lib/python3.10/site-packages:/home/yjy/ican_shoot/ican_shoot/install/ican_referee_system/lib/python3.10/site-packages:/home/yjy/ican_shoot/ican_shoot/install/ican_example_ring_aim/lib/python3.10/site-packages:/home/yjy/ican_shoot/ican_shoot/install/ican_example_navigation/lib/python3.10/site-packages:${PYTHONPATH} /usr/bin/python3 -W ignore:setup.py install is deprecated -W ignore:easy_install command is deprecated setup.py egg_info --egg-base ../../build/ican_example_mission build --build-base /home/yjy/ican_shoot/ican_shoot/build/ican_example_mission/build install --record /home/yjy/ican_shoot/ican_shoot/build/ican_example_mission/install.log --install-scripts $base/lib/ican_example_mission --single-version-externally-managed install_data --force
