[0.000000] (-) TimerEvent: {}
[0.003410] (-) JobUnselected: {'identifier': 'ican_example_navigation'}
[0.003512] (-) JobUnselected: {'identifier': 'ican_example_ring_aim'}
[0.003540] (-) JobUnselected: {'identifier': 'ican_referee_system'}
[0.003561] (ican_example_mission) JobQueued: {'identifier': 'ican_example_mission', 'dependencies': OrderedDict([('ican_example_navigation', '/home/yjy/ican_shoot/ican_shoot/install/ican_example_navigation'), ('ican_example_ring_aim', '/home/yjy/ican_shoot/ican_shoot/install/ican_example_ring_aim'), ('ican_referee_system', '/home/yjy/ican_shoot/ican_shoot/install/ican_referee_system')])}
[0.003593] (ican_example_mission) JobStarted: {'identifier': 'ican_example_mission'}
[0.100033] (-) TimerEvent: {}
[0.200971] (-) TimerEvent: {}
[0.302122] (-) TimerEvent: {}
[0.402593] (-) TimerEvent: {}
[0.503038] (-) TimerEvent: {}
[0.606077] (-) TimerEvent: {}
[0.707757] (-) TimerEvent: {}
[0.808428] (-) TimerEvent: {}
[0.908924] (-) TimerEvent: {}
[1.009677] (-) TimerEvent: {}
[1.110638] (-) TimerEvent: {}
[1.211525] (-) TimerEvent: {}
[1.297788] (ican_example_mission) Command: {'cmd': ['/usr/bin/python3', '-W', 'ignore:setup.py install is deprecated', '-W', 'ignore:easy_install command is deprecated', 'setup.py', 'egg_info', '--egg-base', '../../build/ican_example_mission', 'build', '--build-base', '/home/yjy/ican_shoot/ican_shoot/build/ican_example_mission/build', 'install', '--record', '/home/yjy/ican_shoot/ican_shoot/build/ican_example_mission/install.log', '--install-scripts', '$base/lib/ican_example_mission', '--single-version-externally-managed', 'install_data'], 'cwd': '/home/yjy/ican_shoot/ican_shoot/src/ican_example_mission', 'env': {'GJS_DEBUG_TOPICS': 'JS ERROR;JS LOG', 'PYTHONIOENCODING': 'utf-8', 'ZAI_OAUTH_CLIENT_ID': 'client_P8X5CMWmlaRO9gyO-KSqtg', 'ZCODE_DESKTOP_CONTEXT_PROMPT_ENABLED': '1', 'USER': 'yjy', 'GIT_EDITOR': 'true', 'XDG_SESSION_TYPE': 'wayland', 'SHLVL': '0', 'LD_LIBRARY_PATH': '/usr/lib/x86_64-linux-gnu/gazebo-11/plugins:/opt/ros/humble/opt/rviz_ogre_vendor/lib:/opt/ros/humble/lib/x86_64-linux-gnu:/opt/ros/humble/lib', 'HOME': '/home/yjy', 'CHROME_DESKTOP': 'zcode.desktop', 'OLDPWD': '/home/yjy/ican_shoot/ican_shoot', 'DESKTOP_SESSION': 'ubuntu', 'ZAI_OAUTH_ORIGIN': 'https://chat.z.ai', 'GIO_LAUNCHED_DESKTOP_FILE': '/usr/share/applications/zcode.desktop', 'ZCODE_APP_VERSION': '3.11.2', 'ROS_PYTHON_VERSION': '3', 'GNOME_SHELL_SESSION_MODE': 'ubuntu', 'GTK_MODULES': 'gail:atk-bridge', 'MANAGERPID': '1519', 'LC_CTYPE': 'en_US.UTF-8', 'SYSTEMD_EXEC_PID': '1694', 'DBUS_SESSION_BUS_ADDRESS': 'unix:path=/run/user/1000/bus', 'ZCODE_PROCESS_LABEL': 'local-1', 'GIO_LAUNCHED_DESKTOP_FILE_PID': '13354', 'NVM_DIR': '/home/yjy/.nvm', 'IM_CONFIG_PHASE': '1', 'WAYLAND_DISPLAY': 'wayland-0', 'ROS_DISTRO': 'humble', 'LOGNAME': 'yjy', 'ZCODE_RUNTIME_ENV': 'production', 'JOURNAL_STREAM': '8:22386', '_': '/usr/bin/colcon', 'ROS_VERSION': '2', 'XDG_SESSION_CLASS': 'user', 'USERNAME': 'yjy', 'ZAI_BUSINESS_BASE_URL': 'https://api.z.ai', 'TERM': 'dumb', 'GNOME_DESKTOP_SESSION_ID': 'this-is-deprecated', 'FC_FONTATIONS': '1', 'ROS_LOCALHOST_ONLY': '0', 'PATH': '/home/yjy/.local/bin:/home/yjy/.nvm/versions/node/v20.20.2/bin:/opt/ros/humble/bin:/usr/local/sbin:/usr/local/bin:/usr/sbin:/usr/bin:/sbin:/bin:/usr/games:/usr/local/games:/snap/bin:/opt/ZCode/resources/tools/bfs:/opt/ZCode/resources/tools/ripgrep:/opt/ZCode/resources/tools/ugrep', 'SESSION_MANAGER': 'local/yjy-virtual-machine:@/tmp/.ICE-unix/1656,unix/yjy-virtual-machine:/tmp/.ICE-unix/1656', 'INVOCATION_ID': '66ba0846038e4254abbf0b6d67ec5a4b', 'XDG_MENU_PREFIX': 'gnome-', 'ZCODE_BUILD_COMMIT_ID': '89817f5b', 'GNOME_SETUP_DISPLAY': ':1', 'XDG_RUNTIME_DIR': '/run/user/1000', 'GDK_BACKEND': 'wayland', 'DISPLAY': ':0', 'ZCODE_BFS_BINARY': '/opt/ZCode/resources/tools/bfs/bfs', 'LANG': 'en_US.UTF-8', 'XDG_CURRENT_DESKTOP': 'ubuntu:GNOME', 'XMODIFIERS': '@im=ibus', 'XDG_SESSION_DESKTOP': 'ubuntu', 'XAUTHORITY': '/run/user/1000/.mutter-Xwaylandauth.UYYVV3', 'SSH_AGENT_LAUNCHER': 'gnome-keyring', 'SSH_AUTH_SOCK': '/run/user/1000/keyring/ssh', 'AMENT_PREFIX_PATH': '/home/yjy/ican_shoot/ican_shoot/install/ican_referee_system:/home/yjy/ican_shoot/ican_shoot/install/ican_example_ring_aim:/home/yjy/ican_shoot/ican_shoot/install/ican_example_navigation:/opt/ros/humble', 'SHELL': '/bin/bash', 'QT_ACCESSIBILITY': '1', 'GDMSESSION': 'ubuntu', 'PYTHONUTF8': '1', 'GJS_DEBUG_OUTPUT': 'stderr', 'ZCODE_CUA_GRAY_ENABLED': '0', 'QT_IM_MODULE': 'ibus', 'PWD': '/home/yjy/ican_shoot/ican_shoot/build/ican_example_mission', 'LC_ALL': 'en_US.UTF-8', 'ZCODE_BASE_URL': 'https://zcode.z.ai', 'XDG_CONFIG_DIRS': '/etc/xdg/xdg-ubuntu:/etc/xdg', 'NVM_CD_FLAGS': '', 'XDG_DATA_DIRS': '/usr/share/ubuntu:/usr/local/share/:/usr/share/:/var/lib/snapd/desktop', 'ZCODE_RG_BINARY': '/opt/ZCode/resources/tools/ripgrep/rg', 'PYTHONPATH': '/home/yjy/ican_shoot/ican_shoot/build/ican_example_mission/prefix_override:/usr/lib/python3/dist-packages/colcon_core/task/python/colcon_distutils_commands:/home/yjy/ican_shoot/ican_shoot/install/ican_example_mission/lib/python3.10/site-packages:/home/yjy/ican_shoot/ican_shoot/install/ican_referee_system/lib/python3.10/site-packages:/home/yjy/ican_shoot/ican_shoot/install/ican_example_ring_aim/lib/python3.10/site-packages:/home/yjy/ican_shoot/ican_shoot/install/ican_example_navigation/lib/python3.10/site-packages:/opt/ros/humble/lib/python3.10/site-packages:/opt/ros/humble/local/lib/python3.10/dist-packages', 'ZCODE_UGREP_BINARY': '/opt/ZCode/resources/tools/ugrep/ugrep', 'ZCODE_ENV': 'production', 'COLCON': '1'}, 'shell': False}
[1.312094] (-) TimerEvent: {}
[1.412978] (-) TimerEvent: {}
[1.514076] (-) TimerEvent: {}
[1.614633] (-) TimerEvent: {}
[1.715434] (-) TimerEvent: {}
[1.751792] (ican_example_mission) StdoutLine: {'line': b'running egg_info\n'}
[1.754600] (ican_example_mission) StdoutLine: {'line': b'writing ../../build/ican_example_mission/ican_example_mission.egg-info/PKG-INFO\n'}
[1.754826] (ican_example_mission) StdoutLine: {'line': b'writing dependency_links to ../../build/ican_example_mission/ican_example_mission.egg-info/dependency_links.txt\n'}
[1.754927] (ican_example_mission) StdoutLine: {'line': b'writing entry points to ../../build/ican_example_mission/ican_example_mission.egg-info/entry_points.txt\n'}
[1.758411] (ican_example_mission) StdoutLine: {'line': b'writing requirements to ../../build/ican_example_mission/ican_example_mission.egg-info/requires.txt\n'}
[1.758700] (ican_example_mission) StdoutLine: {'line': b'writing top-level names to ../../build/ican_example_mission/ican_example_mission.egg-info/top_level.txt\n'}
[1.759703] (ican_example_mission) StdoutLine: {'line': b"reading manifest file '../../build/ican_example_mission/ican_example_mission.egg-info/SOURCES.txt'\n"}
[1.761775] (ican_example_mission) StdoutLine: {'line': b"writing manifest file '../../build/ican_example_mission/ican_example_mission.egg-info/SOURCES.txt'\n"}
[1.762230] (ican_example_mission) StdoutLine: {'line': b'running build\n'}
[1.762405] (ican_example_mission) StdoutLine: {'line': b'running build_py\n'}
[1.763927] (ican_example_mission) StdoutLine: {'line': b'running install\n'}
[1.764879] (ican_example_mission) StdoutLine: {'line': b'running install_lib\n'}
[1.768656] (ican_example_mission) StdoutLine: {'line': b'running install_data\n'}
[1.771160] (ican_example_mission) StdoutLine: {'line': b'running install_egg_info\n'}
[1.774520] (ican_example_mission) StdoutLine: {'line': b"removing '/home/yjy/ican_shoot/ican_shoot/install/ican_example_mission/lib/python3.10/site-packages/ican_example_mission-0.1.0-py3.10.egg-info' (and everything under it)\n"}
[1.775996] (ican_example_mission) StdoutLine: {'line': b'Copying ../../build/ican_example_mission/ican_example_mission.egg-info to /home/yjy/ican_shoot/ican_shoot/install/ican_example_mission/lib/python3.10/site-packages/ican_example_mission-0.1.0-py3.10.egg-info\n'}
[1.779121] (ican_example_mission) StdoutLine: {'line': b'running install_scripts\n'}
[1.815862] (-) TimerEvent: {}
[1.823919] (ican_example_mission) StdoutLine: {'line': b'Installing full_mission_node script to /home/yjy/ican_shoot/ican_shoot/install/ican_example_mission/lib/ican_example_mission\n'}
[1.825441] (ican_example_mission) StdoutLine: {'line': b'Installing one_target_mission_node script to /home/yjy/ican_shoot/ican_shoot/install/ican_example_mission/lib/ican_example_mission\n'}
[1.825636] (ican_example_mission) StdoutLine: {'line': b"writing list of installed files to '/home/yjy/ican_shoot/ican_shoot/build/ican_example_mission/install.log'\n"}
[1.896713] (ican_example_mission) CommandEnded: {'returncode': 0}
[1.916204] (ican_example_mission) JobEnded: {'identifier': 'ican_example_mission', 'rc': 0}
[1.917291] (-) TimerEvent: {}
[1.917351] (-) EventReactorShutdown: {}
