[30.032s] Invoking command in '/home/houshengao/ican_shoot/build/ican_example_mission': AMENT_PREFIX_PATH=/home/houshengao/ican_shoot/install/ican_example_ring_aim:/home/houshengao/ican_shoot/install/ican_example_navigation:${AMENT_PREFIX_PATH} PYTHONPATH=/home/houshengao/ican_shoot/build/ican_example_mission/prefix_override:/usr/lib/python3/dist-packages/colcon_core/task/python/colcon_distutils_commands:/home/houshengao/ican_shoot/install/ican_example_mission/lib/python3.10/site-packages:/home/houshengao/ican_shoot/build/ican_example_ring_aim:/home/houshengao/ican_shoot/install/ican_example_ring_aim/lib/python3.10/site-packages:/home/houshengao/ican_shoot/build/ican_example_navigation:/home/houshengao/ican_shoot/install/ican_example_navigation/lib/python3.10/site-packages:${PYTHONPATH} /usr/bin/python3 -W ignore:setup.py install is deprecated -W ignore:easy_install command is deprecated setup.py develop --editable --build-directory /home/houshengao/ican_shoot/build/ican_example_mission/build --no-deps symlink_data
[30.217s] running develop
[30.325s] running egg_info
[30.325s] creating ican_example_mission.egg-info
[30.325s] writing ican_example_mission.egg-info/PKG-INFO
[30.325s] writing dependency_links to ican_example_mission.egg-info/dependency_links.txt
[30.325s] writing entry points to ican_example_mission.egg-info/entry_points.txt
[30.325s] writing requirements to ican_example_mission.egg-info/requires.txt
[30.325s] writing top-level names to ican_example_mission.egg-info/top_level.txt
[30.325s] writing manifest file 'ican_example_mission.egg-info/SOURCES.txt'
[30.328s] reading manifest file 'ican_example_mission.egg-info/SOURCES.txt'
[30.329s] writing manifest file 'ican_example_mission.egg-info/SOURCES.txt'
[30.330s] running build_ext
[30.331s] Creating /home/houshengao/ican_shoot/install/ican_example_mission/lib/python3.10/site-packages/ican-example-mission.egg-link (link to .)
[30.331s] Installing one_target_mission_node script to /home/houshengao/ican_shoot/install/ican_example_mission/lib/ican_example_mission
[30.332s] 
[30.332s] Installed /home/houshengao/ican_shoot/build/ican_example_mission
[30.332s] running symlink_data
[30.333s] creating /home/houshengao/ican_shoot/install/ican_example_mission/share/ament_index
[30.333s] creating /home/houshengao/ican_shoot/install/ican_example_mission/share/ament_index/resource_index
[30.333s] creating /home/houshengao/ican_shoot/install/ican_example_mission/share/ament_index/resource_index/packages
[30.333s] symbolically linking /home/houshengao/ican_shoot/build/ican_example_mission/resource/ican_example_mission -> /home/houshengao/ican_shoot/install/ican_example_mission/share/ament_index/resource_index/packages
[30.333s] symbolically linking /home/houshengao/ican_shoot/build/ican_example_mission/package.xml -> /home/houshengao/ican_shoot/install/ican_example_mission/share/ican_example_mission
[30.333s] creating /home/houshengao/ican_shoot/install/ican_example_mission/share/ican_example_mission/launch
[30.333s] symbolically linking /home/houshengao/ican_shoot/build/ican_example_mission/launch/one_target_demo.launch.py -> /home/houshengao/ican_shoot/install/ican_example_mission/share/ican_example_mission/launch
[60.060s] Invoked command in '/home/houshengao/ican_shoot/build/ican_example_mission' returned '0': AMENT_PREFIX_PATH=/home/houshengao/ican_shoot/install/ican_example_ring_aim:/home/houshengao/ican_shoot/install/ican_example_navigation:${AMENT_PREFIX_PATH} PYTHONPATH=/home/houshengao/ican_shoot/build/ican_example_mission/prefix_override:/usr/lib/python3/dist-packages/colcon_core/task/python/colcon_distutils_commands:/home/houshengao/ican_shoot/install/ican_example_mission/lib/python3.10/site-packages:/home/houshengao/ican_shoot/build/ican_example_ring_aim:/home/houshengao/ican_shoot/install/ican_example_ring_aim/lib/python3.10/site-packages:/home/houshengao/ican_shoot/build/ican_example_navigation:/home/houshengao/ican_shoot/install/ican_example_navigation/lib/python3.10/site-packages:${PYTHONPATH} /usr/bin/python3 -W ignore:setup.py install is deprecated -W ignore:easy_install command is deprecated setup.py develop --editable --build-directory /home/houshengao/ican_shoot/build/ican_example_mission/build --no-deps symlink_data
