[0.632s] Invoking command in '/home/yjy/ican_shoot/ican_shoot/build/ican_example_mission': AMENT_PREFIX_PATH=/home/yjy/ican_shoot/ican_shoot/install/ican_example_navigation:/home/yjy/ican_shoot/ican_shoot/install/nav2_bringup:/home/yjy/ican_shoot/ican_shoot/install/navigation2:/home/yjy/ican_shoot/ican_shoot/install/ican_referee_system:/home/yjy/ican_shoot/ican_shoot/install/ican_example_ring_aim:${AMENT_PREFIX_PATH} CMAKE_PREFIX_PATH=/home/yjy/ican_shoot/ican_shoot/install/nav2_bringup:/home/yjy/ican_shoot/ican_shoot/install/navigation2 PYTHONPATH=/home/yjy/ican_shoot/ican_shoot/build/ican_example_mission/prefix_override:/usr/lib/python3/dist-packages/colcon_core/task/python/colcon_distutils_commands:/home/yjy/ican_shoot/ican_shoot/install/ican_example_mission/lib/python3.10/site-packages:/home/yjy/ican_shoot/ican_shoot/install/ican_example_navigation/lib/python3.10/site-packages:/home/yjy/ican_shoot/ican_shoot/install/ican_referee_system/lib/python3.10/site-packages:/home/yjy/ican_shoot/ican_shoot/install/ican_example_ring_aim/lib/python3.10/site-packages:${PYTHONPATH} /usr/bin/python3 -W ignore:setup.py install is deprecated -W ignore:easy_install command is deprecated setup.py develop --uninstall --editable --build-directory /home/yjy/ican_shoot/ican_shoot/build/ican_example_mission/build
[0.863s] running develop
[0.999s] Removing /home/yjy/ican_shoot/ican_shoot/install/ican_example_mission/lib/python3.10/site-packages/ican-example-mission.egg-link (link to .)
[1.061s] Invoked command in '/home/yjy/ican_shoot/ican_shoot/build/ican_example_mission' returned '0': AMENT_PREFIX_PATH=/home/yjy/ican_shoot/ican_shoot/install/ican_example_navigation:/home/yjy/ican_shoot/ican_shoot/install/nav2_bringup:/home/yjy/ican_shoot/ican_shoot/install/navigation2:/home/yjy/ican_shoot/ican_shoot/install/ican_referee_system:/home/yjy/ican_shoot/ican_shoot/install/ican_example_ring_aim:${AMENT_PREFIX_PATH} CMAKE_PREFIX_PATH=/home/yjy/ican_shoot/ican_shoot/install/nav2_bringup:/home/yjy/ican_shoot/ican_shoot/install/navigation2 PYTHONPATH=/home/yjy/ican_shoot/ican_shoot/build/ican_example_mission/prefix_override:/usr/lib/python3/dist-packages/colcon_core/task/python/colcon_distutils_commands:/home/yjy/ican_shoot/ican_shoot/install/ican_example_mission/lib/python3.10/site-packages:/home/yjy/ican_shoot/ican_shoot/install/ican_example_navigation/lib/python3.10/site-packages:/home/yjy/ican_shoot/ican_shoot/install/ican_referee_system/lib/python3.10/site-packages:/home/yjy/ican_shoot/ican_shoot/install/ican_example_ring_aim/lib/python3.10/site-packages:${PYTHONPATH} /usr/bin/python3 -W ignore:setup.py install is deprecated -W ignore:easy_install command is deprecated setup.py develop --uninstall --editable --build-directory /home/yjy/ican_shoot/ican_shoot/build/ican_example_mission/build
[1.066s] Invoking command in '/home/yjy/ican_shoot/ican_shoot/src/ican_example_mission': AMENT_PREFIX_PATH=/home/yjy/ican_shoot/ican_shoot/install/ican_example_navigation:/home/yjy/ican_shoot/ican_shoot/install/nav2_bringup:/home/yjy/ican_shoot/ican_shoot/install/navigation2:/home/yjy/ican_shoot/ican_shoot/install/ican_referee_system:/home/yjy/ican_shoot/ican_shoot/install/ican_example_ring_aim:${AMENT_PREFIX_PATH} CMAKE_PREFIX_PATH=/home/yjy/ican_shoot/ican_shoot/install/nav2_bringup:/home/yjy/ican_shoot/ican_shoot/install/navigation2 PYTHONPATH=/home/yjy/ican_shoot/ican_shoot/build/ican_example_mission/prefix_override:/usr/lib/python3/dist-packages/colcon_core/task/python/colcon_distutils_commands:/home/yjy/ican_shoot/ican_shoot/install/ican_example_mission/lib/python3.10/site-packages:/home/yjy/ican_shoot/ican_shoot/install/ican_example_navigation/lib/python3.10/site-packages:/home/yjy/ican_shoot/ican_shoot/install/ican_referee_system/lib/python3.10/site-packages:/home/yjy/ican_shoot/ican_shoot/install/ican_example_ring_aim/lib/python3.10/site-packages:${PYTHONPATH} /usr/bin/python3 -W ignore:setup.py install is deprecated -W ignore:easy_install command is deprecated setup.py egg_info --egg-base ../../build/ican_example_mission build --build-base /home/yjy/ican_shoot/ican_shoot/build/ican_example_mission/build install --record /home/yjy/ican_shoot/ican_shoot/build/ican_example_mission/install.log --install-scripts $base/lib/ican_example_mission --single-version-externally-managed install_data --force
[1.293s] running egg_info
[1.295s] writing ../../build/ican_example_mission/ican_example_mission.egg-info/PKG-INFO
[1.296s] writing dependency_links to ../../build/ican_example_mission/ican_example_mission.egg-info/dependency_links.txt
[1.296s] writing entry points to ../../build/ican_example_mission/ican_example_mission.egg-info/entry_points.txt
[1.296s] writing requirements to ../../build/ican_example_mission/ican_example_mission.egg-info/requires.txt
[1.296s] writing top-level names to ../../build/ican_example_mission/ican_example_mission.egg-info/top_level.txt
[1.299s] reading manifest file '../../build/ican_example_mission/ican_example_mission.egg-info/SOURCES.txt'
[1.302s] writing manifest file '../../build/ican_example_mission/ican_example_mission.egg-info/SOURCES.txt'
[1.303s] running build
[1.303s] running build_py
[1.305s] copying ican_example_mission/full_mission_node.py -> /home/yjy/ican_shoot/ican_shoot/build/ican_example_mission/build/lib/ican_example_mission
[1.305s] running install
[1.306s] running install_lib
[1.307s] creating /home/yjy/ican_shoot/ican_shoot/install/ican_example_mission/lib/python3.10/site-packages/ican_example_mission
[1.307s] copying /home/yjy/ican_shoot/ican_shoot/build/ican_example_mission/build/lib/ican_example_mission/__init__.py -> /home/yjy/ican_shoot/ican_shoot/install/ican_example_mission/lib/python3.10/site-packages/ican_example_mission
[1.307s] copying /home/yjy/ican_shoot/ican_shoot/build/ican_example_mission/build/lib/ican_example_mission/full_mission_node.py -> /home/yjy/ican_shoot/ican_shoot/install/ican_example_mission/lib/python3.10/site-packages/ican_example_mission
[1.308s] copying /home/yjy/ican_shoot/ican_shoot/build/ican_example_mission/build/lib/ican_example_mission/one_target_mission_node.py -> /home/yjy/ican_shoot/ican_shoot/install/ican_example_mission/lib/python3.10/site-packages/ican_example_mission
[1.312s] byte-compiling /home/yjy/ican_shoot/ican_shoot/install/ican_example_mission/lib/python3.10/site-packages/ican_example_mission/__init__.py to __init__.cpython-310.pyc
[1.312s] byte-compiling /home/yjy/ican_shoot/ican_shoot/install/ican_example_mission/lib/python3.10/site-packages/ican_example_mission/full_mission_node.py to full_mission_node.cpython-310.pyc
[1.318s] byte-compiling /home/yjy/ican_shoot/ican_shoot/install/ican_example_mission/lib/python3.10/site-packages/ican_example_mission/one_target_mission_node.py to one_target_mission_node.cpython-310.pyc
[1.320s] running install_data
[1.320s] copying resource/ican_example_mission -> /home/yjy/ican_shoot/ican_shoot/install/ican_example_mission/share/ament_index/resource_index/packages
[1.320s] copying package.xml -> /home/yjy/ican_shoot/ican_shoot/install/ican_example_mission/share/ican_example_mission
[1.320s] copying launch/one_target_demo.launch.py -> /home/yjy/ican_shoot/ican_shoot/install/ican_example_mission/share/ican_example_mission/launch
[1.321s] copying launch/full_mission.launch.py -> /home/yjy/ican_shoot/ican_shoot/install/ican_example_mission/share/ican_example_mission/launch
[1.322s] running install_egg_info
[1.323s] Copying ../../build/ican_example_mission/ican_example_mission.egg-info to /home/yjy/ican_shoot/ican_shoot/install/ican_example_mission/lib/python3.10/site-packages/ican_example_mission-0.1.0-py3.10.egg-info
[1.327s] running install_scripts
[1.346s] Installing full_mission_node script to /home/yjy/ican_shoot/ican_shoot/install/ican_example_mission/lib/ican_example_mission
[1.346s] Installing one_target_mission_node script to /home/yjy/ican_shoot/ican_shoot/install/ican_example_mission/lib/ican_example_mission
[1.347s] writing list of installed files to '/home/yjy/ican_shoot/ican_shoot/build/ican_example_mission/install.log'
[1.389s] Invoked command in '/home/yjy/ican_shoot/ican_shoot/src/ican_example_mission' returned '0': AMENT_PREFIX_PATH=/home/yjy/ican_shoot/ican_shoot/install/ican_example_navigation:/home/yjy/ican_shoot/ican_shoot/install/nav2_bringup:/home/yjy/ican_shoot/ican_shoot/install/navigation2:/home/yjy/ican_shoot/ican_shoot/install/ican_referee_system:/home/yjy/ican_shoot/ican_shoot/install/ican_example_ring_aim:${AMENT_PREFIX_PATH} CMAKE_PREFIX_PATH=/home/yjy/ican_shoot/ican_shoot/install/nav2_bringup:/home/yjy/ican_shoot/ican_shoot/install/navigation2 PYTHONPATH=/home/yjy/ican_shoot/ican_shoot/build/ican_example_mission/prefix_override:/usr/lib/python3/dist-packages/colcon_core/task/python/colcon_distutils_commands:/home/yjy/ican_shoot/ican_shoot/install/ican_example_mission/lib/python3.10/site-packages:/home/yjy/ican_shoot/ican_shoot/install/ican_example_navigation/lib/python3.10/site-packages:/home/yjy/ican_shoot/ican_shoot/install/ican_referee_system/lib/python3.10/site-packages:/home/yjy/ican_shoot/ican_shoot/install/ican_example_ring_aim/lib/python3.10/site-packages:${PYTHONPATH} /usr/bin/python3 -W ignore:setup.py install is deprecated -W ignore:easy_install command is deprecated setup.py egg_info --egg-base ../../build/ican_example_mission build --build-base /home/yjy/ican_shoot/ican_shoot/build/ican_example_mission/build install --record /home/yjy/ican_shoot/ican_shoot/build/ican_example_mission/install.log --install-scripts $base/lib/ican_example_mission --single-version-externally-managed install_data --force
