[0.847s] DEBUG:colcon:Command line arguments: ['/usr/bin/colcon', 'build', '--symlink-install', '--packages-select', 'ican_example_mission']
[0.847s] DEBUG:colcon:Parsed command line arguments: Namespace(log_base=None, log_level=None, verb_name='build', build_base='build', install_base='install', merge_install=False, symlink_install=True, test_result_base=None, continue_on_error=False, executor='parallel', parallel_workers=4, event_handlers=None, ignore_user_meta=False, metas=['./colcon.meta'], base_paths=['.'], packages_ignore=None, packages_ignore_regex=None, paths=None, packages_up_to=None, packages_up_to_regex=None, packages_above=None, packages_above_and_dependencies=None, packages_above_depth=None, packages_select_by_dep=None, packages_skip_by_dep=None, packages_skip_up_to=None, packages_select_build_failed=False, packages_skip_build_finished=False, packages_select_test_failures=False, packages_skip_test_passed=False, packages_select=['ican_example_mission'], packages_skip=None, packages_select_regex=None, packages_skip_regex=None, packages_start=None, packages_end=None, cmake_args=None, cmake_target=None, cmake_target_skip_unavailable=False, cmake_clean_cache=False, cmake_clean_first=False, cmake_force_configure=False, ament_cmake_args=None, catkin_cmake_args=None, catkin_skip_building_tests=False, mixin_files=None, mixin=None, verb_parser=<colcon_mixin.mixin.mixin_argument.MixinArgumentDecorator object at 0x71c85b559de0>, verb_extension=<colcon_core.verb.build.BuildVerb object at 0x71c85b663040>, main=<bound method BuildVerb.main of <colcon_core.verb.build.BuildVerb object at 0x71c85b663040>>, mixin_verb=('build',))
[1.773s] Level 1:colcon.colcon_core.package_discovery:discover_packages(colcon_meta) check parameters
[1.773s] Level 1:colcon.colcon_core.package_discovery:discover_packages(recursive) check parameters
[1.773s] Level 1:colcon.colcon_core.package_discovery:discover_packages(ignore) check parameters
[1.773s] Level 1:colcon.colcon_core.package_discovery:discover_packages(path) check parameters
[1.773s] Level 1:colcon.colcon_core.package_discovery:discover_packages(colcon_meta) discover
[1.774s] Level 1:colcon.colcon_core.package_discovery:discover_packages(recursive) discover
[1.774s] INFO:colcon.colcon_core.package_discovery:Crawling recursively for packages in '/home/yjy/ican_shoot/ican_shoot'
[1.774s] Level 1:colcon.colcon_core.package_identification:_identify(.) by extensions ['ignore', 'ignore_ament_install']
[1.774s] Level 1:colcon.colcon_core.package_identification:_identify(.) by extension 'ignore'
[1.774s] Level 1:colcon.colcon_core.package_identification:_identify(.) by extension 'ignore_ament_install'
[1.774s] Level 1:colcon.colcon_core.package_identification:_identify(.) by extensions ['colcon_pkg']
[1.774s] Level 1:colcon.colcon_core.package_identification:_identify(.) by extension 'colcon_pkg'
[1.774s] Level 1:colcon.colcon_core.package_identification:_identify(.) by extensions ['colcon_meta']
[1.774s] Level 1:colcon.colcon_core.package_identification:_identify(.) by extension 'colcon_meta'
[1.774s] Level 1:colcon.colcon_core.package_identification:_identify(.) by extensions ['ros']
[1.775s] Level 1:colcon.colcon_core.package_identification:_identify(.) by extension 'ros'
[1.808s] Level 1:colcon.colcon_core.package_identification:_identify(.) by extensions ['cmake', 'python']
[1.808s] Level 1:colcon.colcon_core.package_identification:_identify(.) by extension 'cmake'
[1.808s] Level 1:colcon.colcon_core.package_identification:_identify(.) by extension 'python'
[1.808s] Level 1:colcon.colcon_core.package_identification:_identify(.) by extensions ['python_setup_py']
[1.809s] Level 1:colcon.colcon_core.package_identification:_identify(.) by extension 'python_setup_py'
[1.809s] Level 1:colcon.colcon_core.package_identification:_identify(build) by extensions ['ignore', 'ignore_ament_install']
[1.809s] Level 1:colcon.colcon_core.package_identification:_identify(build) by extension 'ignore'
[1.809s] Level 1:colcon.colcon_core.package_identification:_identify(build) ignored
[1.810s] Level 1:colcon.colcon_core.package_identification:_identify(docs) by extensions ['ignore', 'ignore_ament_install']
[1.810s] Level 1:colcon.colcon_core.package_identification:_identify(docs) by extension 'ignore'
[1.811s] Level 1:colcon.colcon_core.package_identification:_identify(docs) by extension 'ignore_ament_install'
[1.811s] Level 1:colcon.colcon_core.package_identification:_identify(docs) by extensions ['colcon_pkg']
[1.811s] Level 1:colcon.colcon_core.package_identification:_identify(docs) by extension 'colcon_pkg'
[1.811s] Level 1:colcon.colcon_core.package_identification:_identify(docs) by extensions ['colcon_meta']
[1.811s] Level 1:colcon.colcon_core.package_identification:_identify(docs) by extension 'colcon_meta'
[1.811s] Level 1:colcon.colcon_core.package_identification:_identify(docs) by extensions ['ros']
[1.811s] Level 1:colcon.colcon_core.package_identification:_identify(docs) by extension 'ros'
[1.811s] Level 1:colcon.colcon_core.package_identification:_identify(docs) by extensions ['cmake', 'python']
[1.811s] Level 1:colcon.colcon_core.package_identification:_identify(docs) by extension 'cmake'
[1.811s] Level 1:colcon.colcon_core.package_identification:_identify(docs) by extension 'python'
[1.811s] Level 1:colcon.colcon_core.package_identification:_identify(docs) by extensions ['python_setup_py']
[1.811s] Level 1:colcon.colcon_core.package_identification:_identify(docs) by extension 'python_setup_py'
[1.812s] Level 1:colcon.colcon_core.package_identification:_identify(install) by extensions ['ignore', 'ignore_ament_install']
[1.813s] Level 1:colcon.colcon_core.package_identification:_identify(install) by extension 'ignore'
[1.813s] Level 1:colcon.colcon_core.package_identification:_identify(install) ignored
[1.813s] Level 1:colcon.colcon_core.package_identification:_identify(log) by extensions ['ignore', 'ignore_ament_install']
[1.813s] Level 1:colcon.colcon_core.package_identification:_identify(log) by extension 'ignore'
[1.813s] Level 1:colcon.colcon_core.package_identification:_identify(log) ignored
[1.815s] Level 1:colcon.colcon_core.package_identification:_identify(packages) by extensions ['ignore', 'ignore_ament_install']
[1.815s] Level 1:colcon.colcon_core.package_identification:_identify(packages) by extension 'ignore'
[1.815s] Level 1:colcon.colcon_core.package_identification:_identify(packages) by extension 'ignore_ament_install'
[1.815s] Level 1:colcon.colcon_core.package_identification:_identify(packages) by extensions ['colcon_pkg']
[1.815s] Level 1:colcon.colcon_core.package_identification:_identify(packages) by extension 'colcon_pkg'
[1.816s] Level 1:colcon.colcon_core.package_identification:_identify(packages) by extensions ['colcon_meta']
[1.816s] Level 1:colcon.colcon_core.package_identification:_identify(packages) by extension 'colcon_meta'
[1.816s] Level 1:colcon.colcon_core.package_identification:_identify(packages) by extensions ['ros']
[1.816s] Level 1:colcon.colcon_core.package_identification:_identify(packages) by extension 'ros'
[1.816s] Level 1:colcon.colcon_core.package_identification:_identify(packages) by extensions ['cmake', 'python']
[1.816s] Level 1:colcon.colcon_core.package_identification:_identify(packages) by extension 'cmake'
[1.816s] Level 1:colcon.colcon_core.package_identification:_identify(packages) by extension 'python'
[1.816s] Level 1:colcon.colcon_core.package_identification:_identify(packages) by extensions ['python_setup_py']
[1.816s] Level 1:colcon.colcon_core.package_identification:_identify(packages) by extension 'python_setup_py'
[1.817s] Level 1:colcon.colcon_core.package_identification:_identify(scripts) by extensions ['ignore', 'ignore_ament_install']
[1.817s] Level 1:colcon.colcon_core.package_identification:_identify(scripts) by extension 'ignore'
[1.817s] Level 1:colcon.colcon_core.package_identification:_identify(scripts) by extension 'ignore_ament_install'
[1.817s] Level 1:colcon.colcon_core.package_identification:_identify(scripts) by extensions ['colcon_pkg']
[1.817s] Level 1:colcon.colcon_core.package_identification:_identify(scripts) by extension 'colcon_pkg'
[1.817s] Level 1:colcon.colcon_core.package_identification:_identify(scripts) by extensions ['colcon_meta']
[1.818s] Level 1:colcon.colcon_core.package_identification:_identify(scripts) by extension 'colcon_meta'
[1.818s] Level 1:colcon.colcon_core.package_identification:_identify(scripts) by extensions ['ros']
[1.818s] Level 1:colcon.colcon_core.package_identification:_identify(scripts) by extension 'ros'
[1.818s] Level 1:colcon.colcon_core.package_identification:_identify(scripts) by extensions ['cmake', 'python']
[1.818s] Level 1:colcon.colcon_core.package_identification:_identify(scripts) by extension 'cmake'
[1.818s] Level 1:colcon.colcon_core.package_identification:_identify(scripts) by extension 'python'
[1.818s] Level 1:colcon.colcon_core.package_identification:_identify(scripts) by extensions ['python_setup_py']
[1.818s] Level 1:colcon.colcon_core.package_identification:_identify(scripts) by extension 'python_setup_py'
[1.820s] Level 1:colcon.colcon_core.package_identification:_identify(scripts/__pycache__) by extensions ['ignore', 'ignore_ament_install']
[1.820s] Level 1:colcon.colcon_core.package_identification:_identify(scripts/__pycache__) by extension 'ignore'
[1.820s] Level 1:colcon.colcon_core.package_identification:_identify(scripts/__pycache__) by extension 'ignore_ament_install'
[1.820s] Level 1:colcon.colcon_core.package_identification:_identify(scripts/__pycache__) by extensions ['colcon_pkg']
[1.820s] Level 1:colcon.colcon_core.package_identification:_identify(scripts/__pycache__) by extension 'colcon_pkg'
[1.820s] Level 1:colcon.colcon_core.package_identification:_identify(scripts/__pycache__) by extensions ['colcon_meta']
[1.820s] Level 1:colcon.colcon_core.package_identification:_identify(scripts/__pycache__) by extension 'colcon_meta'
[1.821s] Level 1:colcon.colcon_core.package_identification:_identify(scripts/__pycache__) by extensions ['ros']
[1.821s] Level 1:colcon.colcon_core.package_identification:_identify(scripts/__pycache__) by extension 'ros'
[1.821s] Level 1:colcon.colcon_core.package_identification:_identify(scripts/__pycache__) by extensions ['cmake', 'python']
[1.821s] Level 1:colcon.colcon_core.package_identification:_identify(scripts/__pycache__) by extension 'cmake'
[1.821s] Level 1:colcon.colcon_core.package_identification:_identify(scripts/__pycache__) by extension 'python'
[1.821s] Level 1:colcon.colcon_core.package_identification:_identify(scripts/__pycache__) by extensions ['python_setup_py']
[1.821s] Level 1:colcon.colcon_core.package_identification:_identify(scripts/__pycache__) by extension 'python_setup_py'
[1.823s] Level 1:colcon.colcon_core.package_identification:_identify(src) by extensions ['ignore', 'ignore_ament_install']
[1.824s] Level 1:colcon.colcon_core.package_identification:_identify(src) by extension 'ignore'
[1.824s] Level 1:colcon.colcon_core.package_identification:_identify(src) by extension 'ignore_ament_install'
[1.824s] Level 1:colcon.colcon_core.package_identification:_identify(src) by extensions ['colcon_pkg']
[1.824s] Level 1:colcon.colcon_core.package_identification:_identify(src) by extension 'colcon_pkg'
[1.824s] Level 1:colcon.colcon_core.package_identification:_identify(src) by extensions ['colcon_meta']
[1.824s] Level 1:colcon.colcon_core.package_identification:_identify(src) by extension 'colcon_meta'
[1.824s] Level 1:colcon.colcon_core.package_identification:_identify(src) by extensions ['ros']
[1.824s] Level 1:colcon.colcon_core.package_identification:_identify(src) by extension 'ros'
[1.824s] Level 1:colcon.colcon_core.package_identification:_identify(src) by extensions ['cmake', 'python']
[1.824s] Level 1:colcon.colcon_core.package_identification:_identify(src) by extension 'cmake'
[1.824s] Level 1:colcon.colcon_core.package_identification:_identify(src) by extension 'python'
[1.824s] Level 1:colcon.colcon_core.package_identification:_identify(src) by extensions ['python_setup_py']
[1.824s] Level 1:colcon.colcon_core.package_identification:_identify(src) by extension 'python_setup_py'
[1.827s] Level 1:colcon.colcon_core.package_identification:_identify(src/ican_example_mission) by extensions ['ignore', 'ignore_ament_install']
[1.827s] Level 1:colcon.colcon_core.package_identification:_identify(src/ican_example_mission) by extension 'ignore'
[1.827s] Level 1:colcon.colcon_core.package_identification:_identify(src/ican_example_mission) by extension 'ignore_ament_install'
[1.827s] Level 1:colcon.colcon_core.package_identification:_identify(src/ican_example_mission) by extensions ['colcon_pkg']
[1.827s] Level 1:colcon.colcon_core.package_identification:_identify(src/ican_example_mission) by extension 'colcon_pkg'
[1.827s] Level 1:colcon.colcon_core.package_identification:_identify(src/ican_example_mission) by extensions ['colcon_meta']
[1.827s] Level 1:colcon.colcon_core.package_identification:_identify(src/ican_example_mission) by extension 'colcon_meta'
[1.827s] Level 1:colcon.colcon_core.package_identification:_identify(src/ican_example_mission) by extensions ['ros']
[1.827s] Level 1:colcon.colcon_core.package_identification:_identify(src/ican_example_mission) by extension 'ros'
[1.845s] DEBUG:colcon.colcon_core.package_identification:Package 'src/ican_example_mission' with type 'ros.ament_python' and name 'ican_example_mission'
[1.849s] Level 1:colcon.colcon_core.package_identification:_identify(src/ican_example_navigation) by extensions ['ignore', 'ignore_ament_install']
[1.849s] Level 1:colcon.colcon_core.package_identification:_identify(src/ican_example_navigation) by extension 'ignore'
[1.849s] Level 1:colcon.colcon_core.package_identification:_identify(src/ican_example_navigation) by extension 'ignore_ament_install'
[1.850s] Level 1:colcon.colcon_core.package_identification:_identify(src/ican_example_navigation) by extensions ['colcon_pkg']
[1.850s] Level 1:colcon.colcon_core.package_identification:_identify(src/ican_example_navigation) by extension 'colcon_pkg'
[1.850s] Level 1:colcon.colcon_core.package_identification:_identify(src/ican_example_navigation) by extensions ['colcon_meta']
[1.850s] Level 1:colcon.colcon_core.package_identification:_identify(src/ican_example_navigation) by extension 'colcon_meta'
[1.850s] Level 1:colcon.colcon_core.package_identification:_identify(src/ican_example_navigation) by extensions ['ros']
[1.850s] Level 1:colcon.colcon_core.package_identification:_identify(src/ican_example_navigation) by extension 'ros'
[1.851s] DEBUG:colcon.colcon_core.package_identification:Package 'src/ican_example_navigation' with type 'ros.ament_python' and name 'ican_example_navigation'
[1.854s] Level 1:colcon.colcon_core.package_identification:_identify(src/ican_example_ring_aim) by extensions ['ignore', 'ignore_ament_install']
[1.854s] Level 1:colcon.colcon_core.package_identification:_identify(src/ican_example_ring_aim) by extension 'ignore'
[1.854s] Level 1:colcon.colcon_core.package_identification:_identify(src/ican_example_ring_aim) by extension 'ignore_ament_install'
[1.855s] Level 1:colcon.colcon_core.package_identification:_identify(src/ican_example_ring_aim) by extensions ['colcon_pkg']
[1.855s] Level 1:colcon.colcon_core.package_identification:_identify(src/ican_example_ring_aim) by extension 'colcon_pkg'
[1.855s] Level 1:colcon.colcon_core.package_identification:_identify(src/ican_example_ring_aim) by extensions ['colcon_meta']
[1.855s] Level 1:colcon.colcon_core.package_identification:_identify(src/ican_example_ring_aim) by extension 'colcon_meta'
[1.855s] Level 1:colcon.colcon_core.package_identification:_identify(src/ican_example_ring_aim) by extensions ['ros']
[1.855s] Level 1:colcon.colcon_core.package_identification:_identify(src/ican_example_ring_aim) by extension 'ros'
[1.857s] DEBUG:colcon.colcon_core.package_identification:Package 'src/ican_example_ring_aim' with type 'ros.ament_python' and name 'ican_example_ring_aim'
[1.859s] Level 1:colcon.colcon_core.package_identification:_identify(src/ican_referee_system) by extensions ['ignore', 'ignore_ament_install']
[1.859s] Level 1:colcon.colcon_core.package_identification:_identify(src/ican_referee_system) by extension 'ignore'
[1.859s] Level 1:colcon.colcon_core.package_identification:_identify(src/ican_referee_system) by extension 'ignore_ament_install'
[1.859s] Level 1:colcon.colcon_core.package_identification:_identify(src/ican_referee_system) by extensions ['colcon_pkg']
[1.859s] Level 1:colcon.colcon_core.package_identification:_identify(src/ican_referee_system) by extension 'colcon_pkg'
[1.859s] Level 1:colcon.colcon_core.package_identification:_identify(src/ican_referee_system) by extensions ['colcon_meta']
[1.859s] Level 1:colcon.colcon_core.package_identification:_identify(src/ican_referee_system) by extension 'colcon_meta'
[1.859s] Level 1:colcon.colcon_core.package_identification:_identify(src/ican_referee_system) by extensions ['ros']
[1.860s] Level 1:colcon.colcon_core.package_identification:_identify(src/ican_referee_system) by extension 'ros'
[1.861s] DEBUG:colcon.colcon_core.package_identification:Package 'src/ican_referee_system' with type 'ros.ament_python' and name 'ican_referee_system'
[1.861s] Level 1:colcon.colcon_core.package_discovery:discover_packages(recursive) using defaults
[1.861s] Level 1:colcon.colcon_core.package_discovery:discover_packages(ignore) discover
[1.861s] Level 1:colcon.colcon_core.package_discovery:discover_packages(ignore) using defaults
[1.861s] Level 1:colcon.colcon_core.package_discovery:discover_packages(path) discover
[1.861s] Level 1:colcon.colcon_core.package_discovery:discover_packages(path) using defaults
[2.024s] INFO:colcon.colcon_core.package_selection:Skipping not selected package 'ican_example_navigation' in 'src/ican_example_navigation'
[2.024s] INFO:colcon.colcon_core.package_selection:Skipping not selected package 'ican_example_ring_aim' in 'src/ican_example_ring_aim'
[2.024s] INFO:colcon.colcon_core.package_selection:Skipping not selected package 'ican_referee_system' in 'src/ican_referee_system'
[2.025s] Level 5:colcon.colcon_core.verb:set package 'ican_example_mission' build argument 'cmake_args' from command line to 'None'
[2.026s] Level 5:colcon.colcon_core.verb:set package 'ican_example_mission' build argument 'cmake_target' from command line to 'None'
[2.026s] Level 5:colcon.colcon_core.verb:set package 'ican_example_mission' build argument 'cmake_target_skip_unavailable' from command line to 'False'
[2.026s] Level 5:colcon.colcon_core.verb:set package 'ican_example_mission' build argument 'cmake_clean_cache' from command line to 'False'
[2.026s] Level 5:colcon.colcon_core.verb:set package 'ican_example_mission' build argument 'cmake_clean_first' from command line to 'False'
[2.026s] Level 5:colcon.colcon_core.verb:set package 'ican_example_mission' build argument 'cmake_force_configure' from command line to 'False'
[2.026s] Level 5:colcon.colcon_core.verb:set package 'ican_example_mission' build argument 'ament_cmake_args' from command line to 'None'
[2.026s] Level 5:colcon.colcon_core.verb:set package 'ican_example_mission' build argument 'catkin_cmake_args' from command line to 'None'
[2.026s] Level 5:colcon.colcon_core.verb:set package 'ican_example_mission' build argument 'catkin_skip_building_tests' from command line to 'False'
[2.026s] DEBUG:colcon.colcon_core.verb:Building package 'ican_example_mission' with the following arguments: {'ament_cmake_args': None, 'build_base': '/home/yjy/ican_shoot/ican_shoot/build/ican_example_mission', 'catkin_cmake_args': None, 'catkin_skip_building_tests': False, 'cmake_args': None, 'cmake_clean_cache': False, 'cmake_clean_first': False, 'cmake_force_configure': False, 'cmake_target': None, 'cmake_target_skip_unavailable': False, 'install_base': '/home/yjy/ican_shoot/ican_shoot/install/ican_example_mission', 'merge_install': False, 'path': '/home/yjy/ican_shoot/ican_shoot/src/ican_example_mission', 'symlink_install': True, 'test_result_base': None}
[2.027s] INFO:colcon.colcon_core.executor:Executing jobs using 'parallel' executor
[2.030s] DEBUG:colcon.colcon_parallel_executor.executor.parallel:run_until_complete
[2.031s] INFO:colcon.colcon_ros.task.ament_python.build:Building ROS package in '/home/yjy/ican_shoot/ican_shoot/src/ican_example_mission' with build type 'ament_python'
[2.031s] Level 1:colcon.colcon_core.shell:create_environment_hook('ican_example_mission', 'ament_prefix_path')
[2.052s] INFO:colcon.colcon_core.plugin_system:Skipping extension 'colcon_core.shell.bat': Not used on non-Windows systems
[2.052s] INFO:colcon.colcon_core.shell:Creating environment hook '/home/yjy/ican_shoot/ican_shoot/install/ican_example_mission/share/ican_example_mission/hook/ament_prefix_path.ps1'
[2.056s] INFO:colcon.colcon_core.shell:Creating environment descriptor '/home/yjy/ican_shoot/ican_shoot/install/ican_example_mission/share/ican_example_mission/hook/ament_prefix_path.dsv'
[2.060s] INFO:colcon.colcon_core.shell:Creating environment hook '/home/yjy/ican_shoot/ican_shoot/install/ican_example_mission/share/ican_example_mission/hook/ament_prefix_path.sh'
[2.063s] INFO:colcon.colcon_core.shell:Skip shell extension 'powershell' for command environment: Not usable outside of PowerShell
[2.064s] DEBUG:colcon.colcon_core.shell:Skip shell extension 'dsv' for command environment
[2.651s] INFO:colcon.colcon_core.task.python.build:Building Python package in '/home/yjy/ican_shoot/ican_shoot/src/ican_example_mission'
[2.653s] INFO:colcon.colcon_core.shell:Skip shell extension 'powershell' for command environment: Not usable outside of PowerShell
[2.654s] DEBUG:colcon.colcon_core.shell:Skip shell extension 'dsv' for command environment
[3.619s] DEBUG:colcon.colcon_core.task.python.build:Available setuptools commands: build_clib, egg_info, build_ext, saveopts, sdist, install_lib, rotate, setopt, install, install_egg_info, register, bdist_egg, bdist, bdist_wheel, clean, bdist_dumb, upload_docs, test, build_py, easy_install, build, alias, install_headers, dist_info, check, bdist_rpm, develop, install_scripts, upload, symlink_data, build_scripts, install_data
[4.226s] DEBUG:colcon.colcon_core.task.python.build:Available setuptools 'develop' options: --optimize, --no-deps, --force-installation-into-system-dir, --upgrade, --dry-run, --allow-hosts, --multi-version, --version, --user, --install-dir, --exclude-scripts, --verbose, --help, --install-layout, --quiet, --editable, --local-snapshots-ok, --always-copy, --prefix, --script-dir, --no-find-links, --egg-path, --site-dirs, --record, --uninstall, --no-user-cfg, --index-url, --find-links, --build-directory, --always-unzip, --zip-ok
[4.229s] DEBUG:colcon.colcon_core.task.python.build:While undoing a previous installation files outside the Python library path are being ignored: /home/yjy/ican_shoot/ican_shoot/install/ican_example_mission/share/ament_index/resource_index/packages/ican_example_mission
[4.229s] DEBUG:colcon.colcon_core.task.python.build:While undoing a previous installation files outside the Python library path are being ignored: /home/yjy/ican_shoot/ican_shoot/install/ican_example_mission/share/ican_example_mission/package.xml
[4.229s] DEBUG:colcon.colcon_core.task.python.build:While undoing a previous installation files outside the Python library path are being ignored: /home/yjy/ican_shoot/ican_shoot/install/ican_example_mission/share/ican_example_mission/launch/one_target_demo.launch.py
[4.229s] DEBUG:colcon.colcon_core.task.python.build:While undoing a previous installation files outside the Python library path are being ignored: /home/yjy/ican_shoot/ican_shoot/install/ican_example_mission/share/ican_example_mission/launch/full_mission.launch.py
[4.230s] DEBUG:colcon.colcon_core.task.python.build:While undoing a previous installation files outside the Python library path are being ignored: /home/yjy/ican_shoot/ican_shoot/install/ican_example_mission/lib/ican_example_mission/full_mission_node
[4.232s] DEBUG:colcon.colcon_core.task.python.build:While undoing a previous installation files outside the Python library path are being ignored: /home/yjy/ican_shoot/ican_shoot/install/ican_example_mission/lib/ican_example_mission/one_target_mission_node
[4.245s] DEBUG:colcon.colcon_core.event_handler.log_command:Invoking command in '/home/yjy/ican_shoot/ican_shoot/build/ican_example_mission': AMENT_PREFIX_PATH=/home/yjy/ican_shoot/ican_shoot/install/ican_referee_system:/home/yjy/ican_shoot/ican_shoot/install/ican_example_ring_aim:/home/yjy/ican_shoot/ican_shoot/install/ican_example_navigation:${AMENT_PREFIX_PATH} PYTHONPATH=/home/yjy/ican_shoot/ican_shoot/build/ican_example_mission/prefix_override:/usr/lib/python3/dist-packages/colcon_core/task/python/colcon_distutils_commands:/home/yjy/ican_shoot/ican_shoot/install/ican_example_mission/lib/python3.10/site-packages:/home/yjy/ican_shoot/ican_shoot/install/ican_referee_system/lib/python3.10/site-packages:/home/yjy/ican_shoot/ican_shoot/install/ican_example_ring_aim/lib/python3.10/site-packages:/home/yjy/ican_shoot/ican_shoot/install/ican_example_navigation/lib/python3.10/site-packages:${PYTHONPATH} /usr/bin/python3 -W ignore:setup.py install is deprecated -W ignore:easy_install command is deprecated setup.py develop --editable --build-directory /home/yjy/ican_shoot/ican_shoot/build/ican_example_mission/build --no-deps symlink_data --force
[5.164s] Level 1:colcon.colcon_core.shell:create_environment_hook('ican_example_mission', 'pythonpath_develop')
[5.167s] DEBUG:colcon.colcon_core.event_handler.log_command:Invoked command in '/home/yjy/ican_shoot/ican_shoot/build/ican_example_mission' returned '0': AMENT_PREFIX_PATH=/home/yjy/ican_shoot/ican_shoot/install/ican_referee_system:/home/yjy/ican_shoot/ican_shoot/install/ican_example_ring_aim:/home/yjy/ican_shoot/ican_shoot/install/ican_example_navigation:${AMENT_PREFIX_PATH} PYTHONPATH=/home/yjy/ican_shoot/ican_shoot/build/ican_example_mission/prefix_override:/usr/lib/python3/dist-packages/colcon_core/task/python/colcon_distutils_commands:/home/yjy/ican_shoot/ican_shoot/install/ican_example_mission/lib/python3.10/site-packages:/home/yjy/ican_shoot/ican_shoot/install/ican_referee_system/lib/python3.10/site-packages:/home/yjy/ican_shoot/ican_shoot/install/ican_example_ring_aim/lib/python3.10/site-packages:/home/yjy/ican_shoot/ican_shoot/install/ican_example_navigation/lib/python3.10/site-packages:${PYTHONPATH} /usr/bin/python3 -W ignore:setup.py install is deprecated -W ignore:easy_install command is deprecated setup.py develop --editable --build-directory /home/yjy/ican_shoot/ican_shoot/build/ican_example_mission/build --no-deps symlink_data --force
[5.168s] INFO:colcon.colcon_core.shell:Creating environment hook '/home/yjy/ican_shoot/ican_shoot/build/ican_example_mission/share/ican_example_mission/hook/pythonpath_develop.ps1'
[5.172s] INFO:colcon.colcon_core.shell:Creating environment descriptor '/home/yjy/ican_shoot/ican_shoot/build/ican_example_mission/share/ican_example_mission/hook/pythonpath_develop.dsv'
[5.173s] INFO:colcon.colcon_core.shell:Creating environment hook '/home/yjy/ican_shoot/ican_shoot/build/ican_example_mission/share/ican_example_mission/hook/pythonpath_develop.sh'
[5.201s] Level 1:colcon.colcon_core.environment:checking '/home/yjy/ican_shoot/ican_shoot/install/ican_example_mission' for CMake module files
[5.203s] Level 1:colcon.colcon_core.environment:checking '/home/yjy/ican_shoot/ican_shoot/install/ican_example_mission' for CMake config files
[5.210s] Level 1:colcon.colcon_core.environment:checking '/home/yjy/ican_shoot/ican_shoot/install/ican_example_mission/lib'
[5.211s] Level 1:colcon.colcon_core.environment:checking '/home/yjy/ican_shoot/ican_shoot/install/ican_example_mission/bin'
[5.211s] Level 1:colcon.colcon_core.environment:checking '/home/yjy/ican_shoot/ican_shoot/install/ican_example_mission/lib/pkgconfig/ican_example_mission.pc'
[5.212s] Level 1:colcon.colcon_core.environment:checking '/home/yjy/ican_shoot/ican_shoot/install/ican_example_mission/lib/python3.10/site-packages'
[5.212s] Level 1:colcon.colcon_core.shell:create_environment_hook('ican_example_mission', 'pythonpath')
[5.213s] INFO:colcon.colcon_core.shell:Creating environment hook '/home/yjy/ican_shoot/ican_shoot/install/ican_example_mission/share/ican_example_mission/hook/pythonpath.ps1'
[5.215s] INFO:colcon.colcon_core.shell:Creating environment descriptor '/home/yjy/ican_shoot/ican_shoot/install/ican_example_mission/share/ican_example_mission/hook/pythonpath.dsv'
[5.216s] INFO:colcon.colcon_core.shell:Creating environment hook '/home/yjy/ican_shoot/ican_shoot/install/ican_example_mission/share/ican_example_mission/hook/pythonpath.sh'
[5.223s] Level 1:colcon.colcon_core.environment:checking '/home/yjy/ican_shoot/ican_shoot/install/ican_example_mission/bin'
[5.223s] Level 1:colcon.colcon_core.environment:create_environment_scripts_only(ican_example_mission)
[5.227s] INFO:colcon.colcon_core.shell:Creating package script '/home/yjy/ican_shoot/ican_shoot/install/ican_example_mission/share/ican_example_mission/package.ps1'
[5.236s] INFO:colcon.colcon_core.shell:Creating package descriptor '/home/yjy/ican_shoot/ican_shoot/install/ican_example_mission/share/ican_example_mission/package.dsv'
[5.243s] INFO:colcon.colcon_core.shell:Creating package script '/home/yjy/ican_shoot/ican_shoot/install/ican_example_mission/share/ican_example_mission/package.sh'
[5.246s] INFO:colcon.colcon_core.shell:Creating package script '/home/yjy/ican_shoot/ican_shoot/install/ican_example_mission/share/ican_example_mission/package.bash'
[5.251s] INFO:colcon.colcon_core.shell:Creating package script '/home/yjy/ican_shoot/ican_shoot/install/ican_example_mission/share/ican_example_mission/package.zsh'
[5.257s] Level 1:colcon.colcon_core.environment:create_file_with_runtime_dependencies(/home/yjy/ican_shoot/ican_shoot/install/ican_example_mission/share/colcon-core/packages/ican_example_mission)
[5.263s] DEBUG:colcon.colcon_parallel_executor.executor.parallel:closing loop
[5.263s] DEBUG:colcon.colcon_parallel_executor.executor.parallel:loop closed
[5.263s] DEBUG:colcon.colcon_parallel_executor.executor.parallel:run_until_complete finished with '0'
[5.263s] DEBUG:colcon.colcon_core.event_reactor:joining thread
[5.299s] INFO:colcon.colcon_core.plugin_system:Skipping extension 'colcon_notification.desktop_notification.terminal_notifier': Not used on non-Darwin systems
[5.300s] INFO:colcon.colcon_core.plugin_system:Skipping extension 'colcon_notification.desktop_notification.win32': Not used on non-Windows systems
[5.300s] INFO:colcon.colcon_notification.desktop_notification:Sending desktop notification using 'notify2'
[5.564s] DEBUG:colcon.colcon_core.event_reactor:joined thread
[5.565s] INFO:colcon.colcon_core.shell:Creating prefix script '/home/yjy/ican_shoot/ican_shoot/install/local_setup.ps1'
[5.572s] INFO:colcon.colcon_core.shell:Creating prefix util module '/home/yjy/ican_shoot/ican_shoot/install/_local_setup_util_ps1.py'
[5.576s] INFO:colcon.colcon_core.shell:Creating prefix chain script '/home/yjy/ican_shoot/ican_shoot/install/setup.ps1'
[5.579s] INFO:colcon.colcon_core.shell:Creating prefix script '/home/yjy/ican_shoot/ican_shoot/install/local_setup.sh'
[5.582s] INFO:colcon.colcon_core.shell:Creating prefix util module '/home/yjy/ican_shoot/ican_shoot/install/_local_setup_util_sh.py'
[5.584s] INFO:colcon.colcon_core.shell:Creating prefix chain script '/home/yjy/ican_shoot/ican_shoot/install/setup.sh'
[5.588s] INFO:colcon.colcon_core.shell:Creating prefix script '/home/yjy/ican_shoot/ican_shoot/install/local_setup.bash'
[5.591s] INFO:colcon.colcon_core.shell:Creating prefix chain script '/home/yjy/ican_shoot/ican_shoot/install/setup.bash'
[5.594s] INFO:colcon.colcon_core.shell:Creating prefix script '/home/yjy/ican_shoot/ican_shoot/install/local_setup.zsh'
[5.596s] INFO:colcon.colcon_core.shell:Creating prefix chain script '/home/yjy/ican_shoot/ican_shoot/install/setup.zsh'
