[1.100s] Invoking command in '/home/leea/Ican_sim/ican_shoot_user_workspace_example_only/build/ican_example_navigation': PYTHONPATH=/home/leea/Ican_sim/ican_shoot_user_workspace_example_only/build/ican_example_navigation/prefix_override:/usr/lib/python3/dist-packages/colcon_core/task/python/colcon_distutils_commands:/home/leea/Ican_sim/ican_shoot_user_workspace_example_only/install/ican_example_navigation/lib/python3.10/site-packages:${PYTHONPATH} /usr/bin/python3 -W ignore:setup.py install is deprecated -W ignore:easy_install command is deprecated setup.py develop --editable --build-directory /home/leea/Ican_sim/ican_shoot_user_workspace_example_only/build/ican_example_navigation/build --no-deps symlink_data
[1.332s] running develop
[1.476s] running egg_info
[1.477s] creating ican_example_navigation.egg-info
[1.477s] writing ican_example_navigation.egg-info/PKG-INFO
[1.477s] writing dependency_links to ican_example_navigation.egg-info/dependency_links.txt
[1.477s] writing entry points to ican_example_navigation.egg-info/entry_points.txt
[1.477s] writing requirements to ican_example_navigation.egg-info/requires.txt
[1.477s] writing top-level names to ican_example_navigation.egg-info/top_level.txt
[1.478s] writing manifest file 'ican_example_navigation.egg-info/SOURCES.txt'
[1.479s] reading manifest file 'ican_example_navigation.egg-info/SOURCES.txt'
[1.480s] writing manifest file 'ican_example_navigation.egg-info/SOURCES.txt'
[1.482s] running build_ext
[1.482s] Creating /home/leea/Ican_sim/ican_shoot_user_workspace_example_only/install/ican_example_navigation/lib/python3.10/site-packages/ican-example-navigation.egg-link (link to .)
[1.483s] Installing initial_pose_publisher script to /home/leea/Ican_sim/ican_shoot_user_workspace_example_only/install/ican_example_navigation/lib/ican_example_navigation
[1.484s] 
[1.484s] Installed /home/leea/Ican_sim/ican_shoot_user_workspace_example_only/build/ican_example_navigation
[1.484s] running symlink_data
[1.484s] creating /home/leea/Ican_sim/ican_shoot_user_workspace_example_only/install/ican_example_navigation/share/ament_index
[1.485s] creating /home/leea/Ican_sim/ican_shoot_user_workspace_example_only/install/ican_example_navigation/share/ament_index/resource_index
[1.485s] creating /home/leea/Ican_sim/ican_shoot_user_workspace_example_only/install/ican_example_navigation/share/ament_index/resource_index/packages
[1.485s] symbolically linking /home/leea/Ican_sim/ican_shoot_user_workspace_example_only/build/ican_example_navigation/resource/ican_example_navigation -> /home/leea/Ican_sim/ican_shoot_user_workspace_example_only/install/ican_example_navigation/share/ament_index/resource_index/packages
[1.485s] symbolically linking /home/leea/Ican_sim/ican_shoot_user_workspace_example_only/build/ican_example_navigation/package.xml -> /home/leea/Ican_sim/ican_shoot_user_workspace_example_only/install/ican_example_navigation/share/ican_example_navigation
[1.485s] creating /home/leea/Ican_sim/ican_shoot_user_workspace_example_only/install/ican_example_navigation/share/ican_example_navigation/launch
[1.485s] symbolically linking /home/leea/Ican_sim/ican_shoot_user_workspace_example_only/build/ican_example_navigation/launch/navigation.launch.py -> /home/leea/Ican_sim/ican_shoot_user_workspace_example_only/install/ican_example_navigation/share/ican_example_navigation/launch
[1.485s] creating /home/leea/Ican_sim/ican_shoot_user_workspace_example_only/install/ican_example_navigation/share/ican_example_navigation/maps
[1.485s] symbolically linking /home/leea/Ican_sim/ican_shoot_user_workspace_example_only/build/ican_example_navigation/maps/land_shoot_map.pgm -> /home/leea/Ican_sim/ican_shoot_user_workspace_example_only/install/ican_example_navigation/share/ican_example_navigation/maps
[1.485s] symbolically linking /home/leea/Ican_sim/ican_shoot_user_workspace_example_only/build/ican_example_navigation/maps/land_shoot_map.yaml -> /home/leea/Ican_sim/ican_shoot_user_workspace_example_only/install/ican_example_navigation/share/ican_example_navigation/maps
[1.485s] creating /home/leea/Ican_sim/ican_shoot_user_workspace_example_only/install/ican_example_navigation/share/ican_example_navigation/config
[1.485s] symbolically linking /home/leea/Ican_sim/ican_shoot_user_workspace_example_only/build/ican_example_navigation/config/nav2_params.yaml -> /home/leea/Ican_sim/ican_shoot_user_workspace_example_only/install/ican_example_navigation/share/ican_example_navigation/config
[1.485s] creating /home/leea/Ican_sim/ican_shoot_user_workspace_example_only/install/ican_example_navigation/share/ican_example_navigation/rviz
[1.485s] symbolically linking /home/leea/Ican_sim/ican_shoot_user_workspace_example_only/build/ican_example_navigation/rviz/example_nav.rviz -> /home/leea/Ican_sim/ican_shoot_user_workspace_example_only/install/ican_example_navigation/share/ican_example_navigation/rviz
[1.544s] Invoked command in '/home/leea/Ican_sim/ican_shoot_user_workspace_example_only/build/ican_example_navigation' returned '0': PYTHONPATH=/home/leea/Ican_sim/ican_shoot_user_workspace_example_only/build/ican_example_navigation/prefix_override:/usr/lib/python3/dist-packages/colcon_core/task/python/colcon_distutils_commands:/home/leea/Ican_sim/ican_shoot_user_workspace_example_only/install/ican_example_navigation/lib/python3.10/site-packages:${PYTHONPATH} /usr/bin/python3 -W ignore:setup.py install is deprecated -W ignore:easy_install command is deprecated setup.py develop --editable --build-directory /home/leea/Ican_sim/ican_shoot_user_workspace_example_only/build/ican_example_navigation/build --no-deps symlink_data
