[0.067s] DEBUG:colcon:Command line arguments: ['/usr/bin/colcon', 'build', '--symlink-install', '--packages-select', 'ican_example_mission']
[0.067s] DEBUG:colcon:Parsed command line arguments: Namespace(log_base=None, log_level=None, verb_name='build', build_base='build', install_base='install', merge_install=False, symlink_install=True, test_result_base=None, continue_on_error=False, executor='parallel', parallel_workers=2, event_handlers=None, ignore_user_meta=False, metas=['./colcon.meta'], base_paths=['.'], packages_ignore=None, packages_ignore_regex=None, paths=None, packages_up_to=None, packages_up_to_regex=None, packages_above=None, packages_above_and_dependencies=None, packages_above_depth=None, packages_select_by_dep=None, packages_skip_by_dep=None, packages_skip_up_to=None, packages_select_build_failed=False, packages_skip_build_finished=False, packages_select_test_failures=False, packages_skip_test_passed=False, packages_select=['ican_example_mission'], packages_skip=None, packages_select_regex=None, packages_skip_regex=None, packages_start=None, packages_end=None, cmake_args=None, cmake_target=None, cmake_target_skip_unavailable=False, cmake_clean_cache=False, cmake_clean_first=False, cmake_force_configure=False, ament_cmake_args=None, catkin_cmake_args=None, catkin_skip_building_tests=False, mixin_files=None, mixin=None, verb_parser=<colcon_mixin.mixin.mixin_argument.MixinArgumentDecorator object at 0x7b686044dc60>, verb_extension=<colcon_core.verb.build.BuildVerb object at 0x7b686054aef0>, main=<bound method BuildVerb.main of <colcon_core.verb.build.BuildVerb object at 0x7b686054aef0>>, mixin_verb=('build',))
[0.163s] Level 1:colcon.colcon_core.package_discovery:discover_packages(colcon_meta) check parameters
[0.163s] Level 1:colcon.colcon_core.package_discovery:discover_packages(recursive) check parameters
[0.163s] Level 1:colcon.colcon_core.package_discovery:discover_packages(ignore) check parameters
[0.163s] Level 1:colcon.colcon_core.package_discovery:discover_packages(path) check parameters
[0.163s] Level 1:colcon.colcon_core.package_discovery:discover_packages(colcon_meta) discover
[0.163s] Level 1:colcon.colcon_core.package_discovery:discover_packages(recursive) discover
[0.163s] INFO:colcon.colcon_core.package_discovery:Crawling recursively for packages in '/home/houshengao/ican_shoot'
[0.163s] Level 1:colcon.colcon_core.package_identification:_identify(.) by extensions ['ignore', 'ignore_ament_install']
[0.163s] Level 1:colcon.colcon_core.package_identification:_identify(.) by extension 'ignore'
[0.163s] Level 1:colcon.colcon_core.package_identification:_identify(.) by extension 'ignore_ament_install'
[0.163s] Level 1:colcon.colcon_core.package_identification:_identify(.) by extensions ['colcon_pkg']
[0.163s] Level 1:colcon.colcon_core.package_identification:_identify(.) by extension 'colcon_pkg'
[0.164s] Level 1:colcon.colcon_core.package_identification:_identify(.) by extensions ['colcon_meta']
[0.164s] Level 1:colcon.colcon_core.package_identification:_identify(.) by extension 'colcon_meta'
[0.164s] Level 1:colcon.colcon_core.package_identification:_identify(.) by extensions ['ros']
[0.164s] Level 1:colcon.colcon_core.package_identification:_identify(.) by extension 'ros'
[0.171s] Level 1:colcon.colcon_core.package_identification:_identify(.) by extensions ['cmake', 'python']
[0.171s] Level 1:colcon.colcon_core.package_identification:_identify(.) by extension 'cmake'
[0.171s] Level 1:colcon.colcon_core.package_identification:_identify(.) by extension 'python'
[0.171s] Level 1:colcon.colcon_core.package_identification:_identify(.) by extensions ['python_setup_py']
[0.171s] Level 1:colcon.colcon_core.package_identification:_identify(.) by extension 'python_setup_py'
[0.171s] Level 1:colcon.colcon_core.package_identification:_identify(build) by extensions ['ignore', 'ignore_ament_install']
[0.171s] Level 1:colcon.colcon_core.package_identification:_identify(build) by extension 'ignore'
[0.171s] Level 1:colcon.colcon_core.package_identification:_identify(build) ignored
[0.171s] Level 1:colcon.colcon_core.package_identification:_identify(docs) by extensions ['ignore', 'ignore_ament_install']
[0.171s] Level 1:colcon.colcon_core.package_identification:_identify(docs) by extension 'ignore'
[0.171s] Level 1:colcon.colcon_core.package_identification:_identify(docs) by extension 'ignore_ament_install'
[0.171s] Level 1:colcon.colcon_core.package_identification:_identify(docs) by extensions ['colcon_pkg']
[0.171s] Level 1:colcon.colcon_core.package_identification:_identify(docs) by extension 'colcon_pkg'
[0.171s] Level 1:colcon.colcon_core.package_identification:_identify(docs) by extensions ['colcon_meta']
[0.171s] Level 1:colcon.colcon_core.package_identification:_identify(docs) by extension 'colcon_meta'
[0.171s] Level 1:colcon.colcon_core.package_identification:_identify(docs) by extensions ['ros']
[0.171s] Level 1:colcon.colcon_core.package_identification:_identify(docs) by extension 'ros'
[0.171s] Level 1:colcon.colcon_core.package_identification:_identify(docs) by extensions ['cmake', 'python']
[0.171s] Level 1:colcon.colcon_core.package_identification:_identify(docs) by extension 'cmake'
[0.171s] Level 1:colcon.colcon_core.package_identification:_identify(docs) by extension 'python'
[0.172s] Level 1:colcon.colcon_core.package_identification:_identify(docs) by extensions ['python_setup_py']
[0.172s] Level 1:colcon.colcon_core.package_identification:_identify(docs) by extension 'python_setup_py'
[0.172s] Level 1:colcon.colcon_core.package_identification:_identify(install) by extensions ['ignore', 'ignore_ament_install']
[0.172s] Level 1:colcon.colcon_core.package_identification:_identify(install) by extension 'ignore'
[0.172s] Level 1:colcon.colcon_core.package_identification:_identify(install) ignored
[0.172s] Level 1:colcon.colcon_core.package_identification:_identify(log) by extensions ['ignore', 'ignore_ament_install']
[0.172s] Level 1:colcon.colcon_core.package_identification:_identify(log) by extension 'ignore'
[0.172s] Level 1:colcon.colcon_core.package_identification:_identify(log) ignored
[0.172s] Level 1:colcon.colcon_core.package_identification:_identify(packages) by extensions ['ignore', 'ignore_ament_install']
[0.172s] Level 1:colcon.colcon_core.package_identification:_identify(packages) by extension 'ignore'
[0.172s] Level 1:colcon.colcon_core.package_identification:_identify(packages) by extension 'ignore_ament_install'
[0.172s] Level 1:colcon.colcon_core.package_identification:_identify(packages) by extensions ['colcon_pkg']
[0.172s] Level 1:colcon.colcon_core.package_identification:_identify(packages) by extension 'colcon_pkg'
[0.172s] Level 1:colcon.colcon_core.package_identification:_identify(packages) by extensions ['colcon_meta']
[0.172s] Level 1:colcon.colcon_core.package_identification:_identify(packages) by extension 'colcon_meta'
[0.172s] Level 1:colcon.colcon_core.package_identification:_identify(packages) by extensions ['ros']
[0.172s] Level 1:colcon.colcon_core.package_identification:_identify(packages) by extension 'ros'
[0.172s] Level 1:colcon.colcon_core.package_identification:_identify(packages) by extensions ['cmake', 'python']
[0.172s] Level 1:colcon.colcon_core.package_identification:_identify(packages) by extension 'cmake'
[0.172s] Level 1:colcon.colcon_core.package_identification:_identify(packages) by extension 'python'
[0.172s] Level 1:colcon.colcon_core.package_identification:_identify(packages) by extensions ['python_setup_py']
[0.172s] Level 1:colcon.colcon_core.package_identification:_identify(packages) by extension 'python_setup_py'
[0.172s] Level 1:colcon.colcon_core.package_identification:_identify(scripts) by extensions ['ignore', 'ignore_ament_install']
[0.172s] Level 1:colcon.colcon_core.package_identification:_identify(scripts) by extension 'ignore'
[0.172s] Level 1:colcon.colcon_core.package_identification:_identify(scripts) by extension 'ignore_ament_install'
[0.172s] Level 1:colcon.colcon_core.package_identification:_identify(scripts) by extensions ['colcon_pkg']
[0.172s] Level 1:colcon.colcon_core.package_identification:_identify(scripts) by extension 'colcon_pkg'
[0.172s] Level 1:colcon.colcon_core.package_identification:_identify(scripts) by extensions ['colcon_meta']
[0.172s] Level 1:colcon.colcon_core.package_identification:_identify(scripts) by extension 'colcon_meta'
[0.172s] Level 1:colcon.colcon_core.package_identification:_identify(scripts) by extensions ['ros']
[0.173s] Level 1:colcon.colcon_core.package_identification:_identify(scripts) by extension 'ros'
[0.173s] Level 1:colcon.colcon_core.package_identification:_identify(scripts) by extensions ['cmake', 'python']
[0.173s] Level 1:colcon.colcon_core.package_identification:_identify(scripts) by extension 'cmake'
[0.173s] Level 1:colcon.colcon_core.package_identification:_identify(scripts) by extension 'python'
[0.173s] Level 1:colcon.colcon_core.package_identification:_identify(scripts) by extensions ['python_setup_py']
[0.173s] Level 1:colcon.colcon_core.package_identification:_identify(scripts) by extension 'python_setup_py'
[0.173s] Level 1:colcon.colcon_core.package_identification:_identify(src) by extensions ['ignore', 'ignore_ament_install']
[0.173s] Level 1:colcon.colcon_core.package_identification:_identify(src) by extension 'ignore'
[0.173s] Level 1:colcon.colcon_core.package_identification:_identify(src) by extension 'ignore_ament_install'
[0.173s] Level 1:colcon.colcon_core.package_identification:_identify(src) by extensions ['colcon_pkg']
[0.173s] Level 1:colcon.colcon_core.package_identification:_identify(src) by extension 'colcon_pkg'
[0.173s] Level 1:colcon.colcon_core.package_identification:_identify(src) by extensions ['colcon_meta']
[0.173s] Level 1:colcon.colcon_core.package_identification:_identify(src) by extension 'colcon_meta'
[0.173s] Level 1:colcon.colcon_core.package_identification:_identify(src) by extensions ['ros']
[0.173s] Level 1:colcon.colcon_core.package_identification:_identify(src) by extension 'ros'
[0.173s] Level 1:colcon.colcon_core.package_identification:_identify(src) by extensions ['cmake', 'python']
[0.173s] Level 1:colcon.colcon_core.package_identification:_identify(src) by extension 'cmake'
[0.173s] Level 1:colcon.colcon_core.package_identification:_identify(src) by extension 'python'
[0.173s] Level 1:colcon.colcon_core.package_identification:_identify(src) by extensions ['python_setup_py']
[0.173s] Level 1:colcon.colcon_core.package_identification:_identify(src) by extension 'python_setup_py'
[0.173s] Level 1:colcon.colcon_core.package_identification:_identify(src/ican_example_mission) by extensions ['ignore', 'ignore_ament_install']
[0.173s] Level 1:colcon.colcon_core.package_identification:_identify(src/ican_example_mission) by extension 'ignore'
[0.173s] Level 1:colcon.colcon_core.package_identification:_identify(src/ican_example_mission) by extension 'ignore_ament_install'
[0.173s] Level 1:colcon.colcon_core.package_identification:_identify(src/ican_example_mission) by extensions ['colcon_pkg']
[0.173s] Level 1:colcon.colcon_core.package_identification:_identify(src/ican_example_mission) by extension 'colcon_pkg'
[0.173s] Level 1:colcon.colcon_core.package_identification:_identify(src/ican_example_mission) by extensions ['colcon_meta']
[0.173s] Level 1:colcon.colcon_core.package_identification:_identify(src/ican_example_mission) by extension 'colcon_meta'
[0.173s] Level 1:colcon.colcon_core.package_identification:_identify(src/ican_example_mission) by extensions ['ros']
[0.173s] Level 1:colcon.colcon_core.package_identification:_identify(src/ican_example_mission) by extension 'ros'
[0.175s] DEBUG:colcon.colcon_core.package_identification:Package 'src/ican_example_mission' with type 'ros.ament_python' and name 'ican_example_mission'
[0.175s] Level 1:colcon.colcon_core.package_identification:_identify(src/ican_example_navigation) by extensions ['ignore', 'ignore_ament_install']
[0.175s] Level 1:colcon.colcon_core.package_identification:_identify(src/ican_example_navigation) by extension 'ignore'
[0.175s] Level 1:colcon.colcon_core.package_identification:_identify(src/ican_example_navigation) by extension 'ignore_ament_install'
[0.175s] Level 1:colcon.colcon_core.package_identification:_identify(src/ican_example_navigation) by extensions ['colcon_pkg']
[0.175s] Level 1:colcon.colcon_core.package_identification:_identify(src/ican_example_navigation) by extension 'colcon_pkg'
[0.175s] Level 1:colcon.colcon_core.package_identification:_identify(src/ican_example_navigation) by extensions ['colcon_meta']
[0.175s] Level 1:colcon.colcon_core.package_identification:_identify(src/ican_example_navigation) by extension 'colcon_meta'
[0.175s] Level 1:colcon.colcon_core.package_identification:_identify(src/ican_example_navigation) by extensions ['ros']
[0.175s] Level 1:colcon.colcon_core.package_identification:_identify(src/ican_example_navigation) by extension 'ros'
[0.176s] DEBUG:colcon.colcon_core.package_identification:Package 'src/ican_example_navigation' with type 'ros.ament_python' and name 'ican_example_navigation'
[0.176s] Level 1:colcon.colcon_core.package_identification:_identify(src/ican_example_ring_aim) by extensions ['ignore', 'ignore_ament_install']
[0.176s] Level 1:colcon.colcon_core.package_identification:_identify(src/ican_example_ring_aim) by extension 'ignore'
[0.176s] Level 1:colcon.colcon_core.package_identification:_identify(src/ican_example_ring_aim) by extension 'ignore_ament_install'
[0.176s] Level 1:colcon.colcon_core.package_identification:_identify(src/ican_example_ring_aim) by extensions ['colcon_pkg']
[0.176s] Level 1:colcon.colcon_core.package_identification:_identify(src/ican_example_ring_aim) by extension 'colcon_pkg'
[0.176s] Level 1:colcon.colcon_core.package_identification:_identify(src/ican_example_ring_aim) by extensions ['colcon_meta']
[0.176s] Level 1:colcon.colcon_core.package_identification:_identify(src/ican_example_ring_aim) by extension 'colcon_meta'
[0.176s] Level 1:colcon.colcon_core.package_identification:_identify(src/ican_example_ring_aim) by extensions ['ros']
[0.176s] Level 1:colcon.colcon_core.package_identification:_identify(src/ican_example_ring_aim) by extension 'ros'
[0.176s] DEBUG:colcon.colcon_core.package_identification:Package 'src/ican_example_ring_aim' with type 'ros.ament_python' and name 'ican_example_ring_aim'
[0.176s] Level 1:colcon.colcon_core.package_discovery:discover_packages(recursive) using defaults
[0.176s] Level 1:colcon.colcon_core.package_discovery:discover_packages(ignore) discover
[0.176s] Level 1:colcon.colcon_core.package_discovery:discover_packages(ignore) using defaults
[0.176s] Level 1:colcon.colcon_core.package_discovery:discover_packages(path) discover
[0.176s] Level 1:colcon.colcon_core.package_discovery:discover_packages(path) using defaults
[0.196s] INFO:colcon.colcon_core.package_selection:Skipping not selected package 'ican_example_navigation' in 'src/ican_example_navigation'
[0.196s] INFO:colcon.colcon_core.package_selection:Skipping not selected package 'ican_example_ring_aim' in 'src/ican_example_ring_aim'
[0.196s] Level 5:colcon.colcon_core.verb:set package 'ican_example_mission' build argument 'cmake_args' from command line to 'None'
[0.196s] Level 5:colcon.colcon_core.verb:set package 'ican_example_mission' build argument 'cmake_target' from command line to 'None'
[0.196s] Level 5:colcon.colcon_core.verb:set package 'ican_example_mission' build argument 'cmake_target_skip_unavailable' from command line to 'False'
[0.196s] Level 5:colcon.colcon_core.verb:set package 'ican_example_mission' build argument 'cmake_clean_cache' from command line to 'False'
[0.196s] Level 5:colcon.colcon_core.verb:set package 'ican_example_mission' build argument 'cmake_clean_first' from command line to 'False'
[0.196s] Level 5:colcon.colcon_core.verb:set package 'ican_example_mission' build argument 'cmake_force_configure' from command line to 'False'
[0.196s] Level 5:colcon.colcon_core.verb:set package 'ican_example_mission' build argument 'ament_cmake_args' from command line to 'None'
[0.196s] Level 5:colcon.colcon_core.verb:set package 'ican_example_mission' build argument 'catkin_cmake_args' from command line to 'None'
[0.196s] Level 5:colcon.colcon_core.verb:set package 'ican_example_mission' build argument 'catkin_skip_building_tests' from command line to 'False'
[0.196s] DEBUG:colcon.colcon_core.verb:Building package 'ican_example_mission' with the following arguments: {'ament_cmake_args': None, 'build_base': '/home/houshengao/ican_shoot/build/ican_example_mission', 'catkin_cmake_args': None, 'catkin_skip_building_tests': False, 'cmake_args': None, 'cmake_clean_cache': False, 'cmake_clean_first': False, 'cmake_force_configure': False, 'cmake_target': None, 'cmake_target_skip_unavailable': False, 'install_base': '/home/houshengao/ican_shoot/install/ican_example_mission', 'merge_install': False, 'path': '/home/houshengao/ican_shoot/src/ican_example_mission', 'symlink_install': True, 'test_result_base': None}
[0.197s] INFO:colcon.colcon_core.executor:Executing jobs using 'parallel' executor
[0.197s] DEBUG:colcon.colcon_parallel_executor.executor.parallel:run_until_complete
[0.197s] INFO:colcon.colcon_ros.task.ament_python.build:Building ROS package in '/home/houshengao/ican_shoot/src/ican_example_mission' with build type 'ament_python'
[0.197s] Level 1:colcon.colcon_core.shell:create_environment_hook('ican_example_mission', 'ament_prefix_path')
[0.199s] INFO:colcon.colcon_core.plugin_system:Skipping extension 'colcon_core.shell.bat': Not used on non-Windows systems
[0.199s] INFO:colcon.colcon_core.shell:Creating environment hook '/home/houshengao/ican_shoot/install/ican_example_mission/share/ican_example_mission/hook/ament_prefix_path.ps1'
[0.200s] INFO:colcon.colcon_core.shell:Creating environment descriptor '/home/houshengao/ican_shoot/install/ican_example_mission/share/ican_example_mission/hook/ament_prefix_path.dsv'
[0.200s] INFO:colcon.colcon_core.shell:Creating environment hook '/home/houshengao/ican_shoot/install/ican_example_mission/share/ican_example_mission/hook/ament_prefix_path.sh'
[0.201s] INFO:colcon.colcon_core.shell:Skip shell extension 'powershell' for command environment: Not usable outside of PowerShell
[0.201s] DEBUG:colcon.colcon_core.shell:Skip shell extension 'dsv' for command environment
[30.371s] INFO:colcon.colcon_core.task.python.build:Building Python package in '/home/houshengao/ican_shoot/src/ican_example_mission'
[30.371s] INFO:colcon.colcon_core.shell:Skip shell extension 'powershell' for command environment: Not usable outside of PowerShell
[30.371s] DEBUG:colcon.colcon_core.shell:Skip shell extension 'dsv' for command environment
[60.463s] DEBUG:colcon.colcon_core.task.python.build:Available setuptools commands: install_data, register, build, install_scripts, check, bdist_egg, dist_info, easy_install, bdist, setopt, build_clib, clean, bdist_dumb, egg_info, saveopts, rotate, bdist_wheel, symlink_data, develop, upload_docs, install, build_ext, install_headers, build_scripts, bdist_rpm, install_egg_info, install_lib, sdist, build_py, alias, upload, test
[60.627s] DEBUG:colcon.colcon_core.task.python.build:Available setuptools 'develop' options: --install-dir, --multi-version, --always-copy, --index-url, --zip-ok, --dry-run, --force-installation-into-system-dir, --build-directory, --record, --editable, --help, --exclude-scripts, --prefix, --version, --no-deps, --site-dirs, --no-user-cfg, --find-links, --no-find-links, --always-unzip, --allow-hosts, --install-layout, --quiet, --optimize, --local-snapshots-ok, --verbose, --egg-path, --uninstall, --script-dir, --upgrade, --user
[60.628s] DEBUG:colcon.colcon_core.event_handler.log_command:Invoking command in '/home/houshengao/ican_shoot/build/ican_example_mission': AMENT_PREFIX_PATH=/home/houshengao/ican_shoot/install/ican_example_ring_aim:/home/houshengao/ican_shoot/install/ican_example_navigation:${AMENT_PREFIX_PATH} PYTHONPATH=/home/houshengao/ican_shoot/build/ican_example_mission/prefix_override:/usr/lib/python3/dist-packages/colcon_core/task/python/colcon_distutils_commands:/home/houshengao/ican_shoot/install/ican_example_mission/lib/python3.10/site-packages:/home/houshengao/ican_shoot/build/ican_example_ring_aim:/home/houshengao/ican_shoot/install/ican_example_ring_aim/lib/python3.10/site-packages:/home/houshengao/ican_shoot/build/ican_example_navigation:/home/houshengao/ican_shoot/install/ican_example_navigation/lib/python3.10/site-packages:${PYTHONPATH} /usr/bin/python3 -W ignore:setup.py install is deprecated -W ignore:easy_install command is deprecated setup.py develop --editable --build-directory /home/houshengao/ican_shoot/build/ican_example_mission/build --no-deps symlink_data
[60.886s] Level 1:colcon.colcon_core.shell:create_environment_hook('ican_example_mission', 'pythonpath_develop')
[60.886s] INFO:colcon.colcon_core.shell:Creating environment hook '/home/houshengao/ican_shoot/build/ican_example_mission/share/ican_example_mission/hook/pythonpath_develop.ps1'
[60.886s] DEBUG:colcon.colcon_core.event_handler.log_command:Invoked command in '/home/houshengao/ican_shoot/build/ican_example_mission' returned '0': AMENT_PREFIX_PATH=/home/houshengao/ican_shoot/install/ican_example_ring_aim:/home/houshengao/ican_shoot/install/ican_example_navigation:${AMENT_PREFIX_PATH} PYTHONPATH=/home/houshengao/ican_shoot/build/ican_example_mission/prefix_override:/usr/lib/python3/dist-packages/colcon_core/task/python/colcon_distutils_commands:/home/houshengao/ican_shoot/install/ican_example_mission/lib/python3.10/site-packages:/home/houshengao/ican_shoot/build/ican_example_ring_aim:/home/houshengao/ican_shoot/install/ican_example_ring_aim/lib/python3.10/site-packages:/home/houshengao/ican_shoot/build/ican_example_navigation:/home/houshengao/ican_shoot/install/ican_example_navigation/lib/python3.10/site-packages:${PYTHONPATH} /usr/bin/python3 -W ignore:setup.py install is deprecated -W ignore:easy_install command is deprecated setup.py develop --editable --build-directory /home/houshengao/ican_shoot/build/ican_example_mission/build --no-deps symlink_data
[60.887s] INFO:colcon.colcon_core.shell:Creating environment descriptor '/home/houshengao/ican_shoot/build/ican_example_mission/share/ican_example_mission/hook/pythonpath_develop.dsv'
[60.887s] INFO:colcon.colcon_core.shell:Creating environment hook '/home/houshengao/ican_shoot/build/ican_example_mission/share/ican_example_mission/hook/pythonpath_develop.sh'
[60.889s] Level 1:colcon.colcon_core.environment:checking '/home/houshengao/ican_shoot/install/ican_example_mission' for CMake module files
[60.889s] Level 1:colcon.colcon_core.environment:checking '/home/houshengao/ican_shoot/install/ican_example_mission' for CMake config files
[60.889s] Level 1:colcon.colcon_core.environment:checking '/home/houshengao/ican_shoot/install/ican_example_mission/lib'
[60.890s] Level 1:colcon.colcon_core.environment:checking '/home/houshengao/ican_shoot/install/ican_example_mission/bin'
[60.890s] Level 1:colcon.colcon_core.environment:checking '/home/houshengao/ican_shoot/install/ican_example_mission/lib/pkgconfig/ican_example_mission.pc'
[60.890s] Level 1:colcon.colcon_core.environment:checking '/home/houshengao/ican_shoot/install/ican_example_mission/lib/python3.10/site-packages'
[60.890s] Level 1:colcon.colcon_core.shell:create_environment_hook('ican_example_mission', 'pythonpath')
[60.890s] INFO:colcon.colcon_core.shell:Creating environment hook '/home/houshengao/ican_shoot/install/ican_example_mission/share/ican_example_mission/hook/pythonpath.ps1'
[60.890s] INFO:colcon.colcon_core.shell:Creating environment descriptor '/home/houshengao/ican_shoot/install/ican_example_mission/share/ican_example_mission/hook/pythonpath.dsv'
[60.891s] INFO:colcon.colcon_core.shell:Creating environment hook '/home/houshengao/ican_shoot/install/ican_example_mission/share/ican_example_mission/hook/pythonpath.sh'
[60.891s] Level 1:colcon.colcon_core.environment:checking '/home/houshengao/ican_shoot/install/ican_example_mission/bin'
[60.891s] Level 1:colcon.colcon_core.environment:create_environment_scripts_only(ican_example_mission)
[60.891s] INFO:colcon.colcon_core.shell:Creating package script '/home/houshengao/ican_shoot/install/ican_example_mission/share/ican_example_mission/package.ps1'
[60.892s] INFO:colcon.colcon_core.shell:Creating package descriptor '/home/houshengao/ican_shoot/install/ican_example_mission/share/ican_example_mission/package.dsv'
[60.893s] INFO:colcon.colcon_core.shell:Creating package script '/home/houshengao/ican_shoot/install/ican_example_mission/share/ican_example_mission/package.sh'
[60.893s] INFO:colcon.colcon_core.shell:Creating package script '/home/houshengao/ican_shoot/install/ican_example_mission/share/ican_example_mission/package.bash'
[60.894s] INFO:colcon.colcon_core.shell:Creating package script '/home/houshengao/ican_shoot/install/ican_example_mission/share/ican_example_mission/package.zsh'
[60.894s] Level 1:colcon.colcon_core.environment:create_file_with_runtime_dependencies(/home/houshengao/ican_shoot/install/ican_example_mission/share/colcon-core/packages/ican_example_mission)
[60.895s] DEBUG:colcon.colcon_parallel_executor.executor.parallel:closing loop
[60.895s] DEBUG:colcon.colcon_parallel_executor.executor.parallel:loop closed
[60.895s] DEBUG:colcon.colcon_parallel_executor.executor.parallel:run_until_complete finished with '0'
[60.895s] DEBUG:colcon.colcon_core.event_reactor:joining thread
[60.898s] INFO:colcon.colcon_core.plugin_system:Skipping extension 'colcon_notification.desktop_notification.terminal_notifier': Not used on non-Darwin systems
[60.898s] INFO:colcon.colcon_core.plugin_system:Skipping extension 'colcon_notification.desktop_notification.win32': Not used on non-Windows systems
[60.898s] INFO:colcon.colcon_notification.desktop_notification:Sending desktop notification using 'notify2'
[60.898s] DEBUG:colcon.colcon_notification.desktop_notification.notify2:Failed to initialize notify2: org.freedesktop.DBus.Error.AccessDenied: Failed to connect to socket /run/user/1000/bus: Operation not permitted
[60.898s] DEBUG:colcon.colcon_core.event_reactor:joined thread
[60.899s] INFO:colcon.colcon_core.shell:Creating prefix script '/home/houshengao/ican_shoot/install/local_setup.ps1'
[60.899s] INFO:colcon.colcon_core.shell:Creating prefix util module '/home/houshengao/ican_shoot/install/_local_setup_util_ps1.py'
[60.900s] INFO:colcon.colcon_core.shell:Creating prefix chain script '/home/houshengao/ican_shoot/install/setup.ps1'
[60.900s] INFO:colcon.colcon_core.shell:Creating prefix script '/home/houshengao/ican_shoot/install/local_setup.sh'
[60.901s] INFO:colcon.colcon_core.shell:Creating prefix util module '/home/houshengao/ican_shoot/install/_local_setup_util_sh.py'
[60.901s] INFO:colcon.colcon_core.shell:Creating prefix chain script '/home/houshengao/ican_shoot/install/setup.sh'
[60.902s] INFO:colcon.colcon_core.shell:Creating prefix script '/home/houshengao/ican_shoot/install/local_setup.bash'
[60.902s] INFO:colcon.colcon_core.shell:Creating prefix chain script '/home/houshengao/ican_shoot/install/setup.bash'
[60.903s] INFO:colcon.colcon_core.shell:Creating prefix script '/home/houshengao/ican_shoot/install/local_setup.zsh'
[60.903s] INFO:colcon.colcon_core.shell:Creating prefix chain script '/home/houshengao/ican_shoot/install/setup.zsh'
